
> dojopool@1.0.0 build
> next build

   Γû▓ Next.js 15.3.5
   - Environments: .env.production, .env

   Skipping validation of types
   Skipping linting
   Creating an optimized production build ...
 Γ£ô Compiled successfully in 2000ms
   Collecting page data ...
   Generating static pages (0/10) ...
   Generating static pages (2/10) 
   Generating static pages (4/10) 
   Generating static pages (7/10) 
 Γ£ô Generating static pages (10/10)
   Finalizing page optimization ...
   Collecting build traces ...

Route (pages)                                 Size  First Load JS
Γöî Γùï / (553 ms)                             3.13 kB         168 kB
Γö£   Γöö css/088926bff243183a.css               164 B
Γö£   /_app                                      0 B         165 kB
Γö£ Γùï /404                                   2.47 kB         168 kB
Γö£ ╞Æ /api/friendships/status                    0 B         165 kB
Γö£ Γùï /challenges (552 ms)                   19.7 kB         191 kB
Γö£ Γùï /login (553 ms)                        22.9 kB         188 kB
Γö£ Γùï /players/[playerId] (551 ms)           4.38 kB         175 kB
Γö£ Γùï /signup (553 ms)                         419 B         166 kB
Γö£ Γùï /simple (555 ms)                         324 B         165 kB
Γö£ Γùï /test (553 ms)                         1.92 kB         167 kB
Γöö Γùï /test-friendship (553 ms)              2.55 kB         168 kB
+ First Load JS shared by all               165 kB
  Γö£ chunks/framework-b2016deefb08990a.js   44.9 kB
  Γö£ chunks/main-5ce3d08f6f2b8589.js        35.7 kB
  Γö£ chunks/pages/_app-890ae9b1fd3e4067.js  82.8 kB
  Γöö other shared chunks (total)            1.79 kB

Γùï  (Static)   prerendered as static content
╞Æ  (Dynamic)  server-rendered on demand

