Installing test dependencies...
Requirement already satisfied: pytest in c:\users\malli\appdata\local\programs\python\python311\lib\site-packages (from -r test-requirements.txt (line 1)) (8.3.5)
Requirement already satisfied: pytest-cov in c:\users\malli\appdata\local\programs\python\python311\lib\site-packages (from -r test-requirements.txt (line 2)) (6.0.0)
Requirement already satisfied: Flask in c:\users\malli\appdata\local\programs\python\python311\lib\site-packages (from -r test-requirements.txt (line 3)) (3.1.0)
Requirement already satisfied: Flask-SQLAlchemy in c:\users\malli\appdata\local\programs\python\python311\lib\site-packages (from -r test-requirements.txt (line 4)) (3.1.1)
Requirement already satisfied: Flask-Caching in c:\users\malli\appdata\local\programs\python\python311\lib\site-packages (from -r test-requirements.txt (line 5)) (2.3.1)
Requirement already satisfied: Flask-Cors in c:\users\malli\appdata\local\programs\python\python311\lib\site-packages (from -r test-requirements.txt (line 6)) (5.0.1)
Requirement already satisfied: Flask-Login in c:\users\malli\appdata\local\programs\python\python311\lib\site-packages (from -r test-requirements.txt (line 7)) (0.6.3)
Requirement already satisfied: Flask-Mail in c:\users\malli\appdata\local\programs\python\python311\lib\site-packages (from -r test-requirements.txt (line 8)) (0.10.0)
Requirement already satisfied: Flask-Marshmallow in c:\users\malli\appdata\local\programs\python\python311\lib\site-packages (from -r test-requirements.txt (line 9)) (1.3.0)
Requirement already satisfied: Flask-Migrate in c:\users\malli\appdata\local\programs\python\python311\lib\site-packages (from -r test-requirements.txt (line 10)) (4.1.0)
Requirement already satisfied: Flask-SocketIO in c:\users\malli\appdata\local\programs\python\python311\lib\site-packages (from -r test-requirements.txt (line 11)) (5.5.1)
Requirement already satisfied: Django in c:\users\malli\appdata\local\programs\python\python311\lib\site-packages (from -r test-requirements.txt (line 12)) (5.1.7)
Requirement already satisfied: colorama in c:\users\malli\appdata\local\programs\python\python311\lib\site-packages (from pytest->-r test-requirements.txt (line 1)) (0.4.6)
Requirement already satisfied: iniconfig in c:\users\malli\appdata\local\programs\python\python311\lib\site-packages (from pytest->-r test-requirements.txt (line 1)) (2.1.0)
Requirement already satisfied: packaging in c:\users\malli\appdata\local\programs\python\python311\lib\site-packages (from pytest->-r test-requirements.txt (line 1)) (24.2)
Requirement already satisfied: pluggy<2,>=1.5 in c:\users\malli\appdata\local\programs\python\python311\lib\site-packages (from pytest->-r test-requirements.txt (line 1)) (1.5.0)
Requirement already satisfied: coverage>=7.5 in c:\users\malli\appdata\local\programs\python\python311\lib\site-packages (from coverage[toml]>=7.5->pytest-cov->-r test-requirements.txt (line 2)) (7.7.1)
Requirement already satisfied: Werkzeug>=3.1 in c:\users\malli\appdata\local\programs\python\python311\lib\site-packages (from Flask->-r test-requirements.txt (line 3)) (3.1.3)
Requirement already satisfied: Jinja2>=3.1.2 in c:\users\malli\appdata\local\programs\python\python311\lib\site-packages (from Flask->-r test-requirements.txt (line 3)) (3.1.6)
Requirement already satisfied: itsdangerous>=2.2 in c:\users\malli\appdata\local\programs\python\python311\lib\site-packages (from Flask->-r test-requirements.txt (line 3)) (2.2.0)
Requirement already satisfied: click>=8.1.3 in c:\users\malli\appdata\local\programs\python\python311\lib\site-packages (from Flask->-r test-requirements.txt (line 3)) (8.1.8)
Requirement already satisfied: blinker>=1.9 in c:\users\malli\appdata\local\programs\python\python311\lib\site-packages (from Flask->-r test-requirements.txt (line 3)) (1.9.0)
Requirement already satisfied: sqlalchemy>=2.0.16 in c:\users\malli\appdata\local\programs\python\python311\lib\site-packages (from Flask-SQLAlchemy->-r test-requirements.txt (line 4)) (2.0.39)
Requirement already satisfied: cachelib>=0.9.0 in c:\users\malli\appdata\local\programs\python\python311\lib\site-packages (from Flask-Caching->-r test-requirements.txt (line 5)) (0.13.0)
Requirement already satisfied: marshmallow>=3.0.0 in c:\users\malli\appdata\local\programs\python\python311\lib\site-packages (from Flask-Marshmallow->-r test-requirements.txt (line 9)) (3.26.1)
Requirement already satisfied: alembic>=1.9.0 in c:\users\malli\appdata\local\programs\python\python311\lib\site-packages (from Flask-Migrate->-r test-requirements.txt (line 10)) (1.15.1)
Requirement already satisfied: python-socketio>=5.12.0 in c:\users\malli\appdata\local\programs\python\python311\lib\site-packages (from Flask-SocketIO->-r test-requirements.txt (line 11)) (5.12.1)
Requirement already satisfied: asgiref<4,>=3.8.1 in c:\users\malli\appdata\local\programs\python\python311\lib\site-packages (from Django->-r test-requirements.txt (line 12)) (3.8.1)
Requirement already satisfied: sqlparse>=0.3.1 in c:\users\malli\appdata\local\programs\python\python311\lib\site-packages (from Django->-r test-requirements.txt (line 12)) (0.5.3)
Requirement already satisfied: tzdata in c:\users\malli\appdata\local\programs\python\python311\lib\site-packages (from Django->-r test-requirements.txt (line 12)) (2025.1)
Requirement already satisfied: Mako in c:\users\malli\appdata\local\programs\python\python311\lib\site-packages (from alembic>=1.9.0->Flask-Migrate->-r test-requirements.txt (line 10)) (1.3.9)
Requirement already satisfied: typing-extensions>=4.12 in c:\users\malli\appdata\local\programs\python\python311\lib\site-packages (from alembic>=1.9.0->Flask-Migrate->-r test-requirements.txt (line 10)) (4.12.2)
Requirement already satisfied: MarkupSafe>=2.0 in c:\users\malli\appdata\local\programs\python\python311\lib\site-packages (from Jinja2>=3.1.2->Flask->-r test-requirements.txt (line 3)) (3.0.2)
Requirement already satisfied: bidict>=0.21.0 in c:\users\malli\appdata\local\programs\python\python311\lib\site-packages (from python-socketio>=5.12.0->Flask-SocketIO->-r test-requirements.txt (line 11)) (0.23.1)
Requirement already satisfied: python-engineio>=4.11.0 in c:\users\malli\appdata\local\programs\python\python311\lib\site-packages (from python-socketio>=5.12.0->Flask-SocketIO->-r test-requirements.txt (line 11)) (4.11.2)
Requirement already satisfied: greenlet!=0.4.17 in c:\users\malli\appdata\local\programs\python\python311\lib\site-packages (from sqlalchemy>=2.0.16->Flask-SQLAlchemy->-r test-requirements.txt (line 4)) (3.1.1)
Requirement already satisfied: simple-websocket>=0.10.0 in c:\users\malli\appdata\local\programs\python\python311\lib\site-packages (from python-engineio>=4.11.0->python-socketio>=5.12.0->Flask-SocketIO->-r test-requirements.txt (line 11)) (1.1.0)
Requirement already satisfied: wsproto in c:\users\malli\appdata\local\programs\python\python311\lib\site-packages (from simple-websocket>=0.10.0->python-engineio>=4.11.0->python-socketio>=5.12.0->Flask-SocketIO->-r test-requirements.txt (line 11)) (1.2.0)
Requirement already satisfied: h11<1,>=0.9.0 in c:\users\malli\appdata\local\programs\python\python311\lib\site-packages (from wsproto->simple-websocket>=0.10.0->python-engineio>=4.11.0->python-socketio>=5.12.0->Flask-SocketIO->-r test-requirements.txt (line 11)) (0.14.0)

Running tests with coverage...

Some tests failed!
