src/__tests__/components/Auth/ForgotPassword.test.tsx(5,34): error TS2307: Cannot find module 'test-utils' or its corresponding type declarations.
src/__tests__/components/Auth/ForgotPassword.test.tsx(96,8): error TS2741: Property 'children' is missing in type '{ value: SystemContext; }' but required in type 'ChakraProviderProps'.
src/__tests__/components/Game/GameHistory.test.tsx(43,25): error TS2322: Type '({ id: string; timestamp: string; player: string; action: string; details: { ball: string; pocket: string; power: string; type?: undefined; penalty?: undefined; score?: undefined; duration?: undefined; }; } | { ...; } | { ...; })[]' is not assignable to type 'GameHistory[]'.
  Type '{ id: string; timestamp: string; player: string; action: string; details: { ball: string; pocket: string; power: string; type?: undefined; penalty?: undefined; score?: undefined; duration?: undefined; }; } | { ...; } | { ...; }' is not assignable to type 'GameHistory'.
    Type '{ id: string; timestamp: string; player: string; action: string; details: { ball: string; pocket: string; power: string; type?: undefined; penalty?: undefined; score?: undefined; duration?: undefined; }; }' is not assignable to type 'GameHistory'.
      Types of property 'timestamp' are incompatible.
        Type 'string' is not assignable to type 'Date'.
src/__tests__/components/Game/GameHistory.test.tsx(53,25): error TS2322: Type '({ id: string; timestamp: string; player: string; action: string; details: { ball: string; pocket: string; power: string; type?: undefined; penalty?: undefined; score?: undefined; duration?: undefined; }; } | { ...; } | { ...; })[]' is not assignable to type 'GameHistory[]'.
  Type '{ id: string; timestamp: string; player: string; action: string; details: { ball: string; pocket: string; power: string; type?: undefined; penalty?: undefined; score?: undefined; duration?: undefined; }; } | { ...; } | { ...; }' is not assignable to type 'GameHistory'.
    Type '{ id: string; timestamp: string; player: string; action: string; details: { ball: string; pocket: string; power: string; type?: undefined; penalty?: undefined; score?: undefined; duration?: undefined; }; }' is not assignable to type 'GameHistory'.
      Types of property 'timestamp' are incompatible.
        Type 'string' is not assignable to type 'Date'.
src/__tests__/components/Game/GameHistory.test.tsx(94,25): error TS2322: Type '{ id: string; timestamp: string; player: string; action: string; details: { ball: string; pocket: string; }; }[]' is not assignable to type 'GameHistory[]'.
  Type '{ id: string; timestamp: string; player: string; action: string; details: { ball: string; pocket: string; }; }' is not assignable to type 'GameHistory'.
    Types of property 'timestamp' are incompatible.
      Type 'string' is not assignable to type 'Date'.
src/__tests__/components/Game/GameHistory.test.tsx(132,25): error TS2322: Type '({ id: string; timestamp: string; player: string; action: string; details: { ball: string; pocket: string; type?: undefined; duration?: undefined; reason?: undefined; }; } | { id: string; timestamp: string; player: string; action: string; details: { ...; }; } | { ...; } | { ...; })[]' is not assignable to type 'GameHistory[]'.
  Type '{ id: string; timestamp: string; player: string; action: string; details: { ball: string; pocket: string; type?: undefined; duration?: undefined; reason?: undefined; }; } | { id: string; timestamp: string; player: string; action: string; details: { ...; }; } | { ...; } | { ...; }' is not assignable to type 'GameHistory'.
    Type '{ id: string; timestamp: string; player: string; action: string; details: { ball: string; pocket: string; type?: undefined; duration?: undefined; reason?: undefined; }; }' is not assignable to type 'GameHistory'.
      Types of property 'timestamp' are incompatible.
        Type 'string' is not assignable to type 'Date'.
src/__tests__/components/Game/GameHistory.test.tsx(151,25): error TS2322: Type '{ id: string; timestamp: string; player: string; action: string; details: {}; }[]' is not assignable to type 'GameHistory[]'.
  Type '{ id: string; timestamp: string; player: string; action: string; details: {}; }' is not assignable to type 'GameHistory'.
    Types of property 'timestamp' are incompatible.
      Type 'string' is not assignable to type 'Date'.
src/__tests__/components/Game/GameHistory.test.tsx(172,25): error TS2322: Type '{ id: string; timestamp: string; player: string; action: string; details: { ball: null; pocket: undefined; power: string; }; }[]' is not assignable to type 'GameHistory[]'.
  Type '{ id: string; timestamp: string; player: string; action: string; details: { ball: null; pocket: undefined; power: string; }; }' is not assignable to type 'GameHistory'.
    Types of property 'timestamp' are incompatible.
      Type 'string' is not assignable to type 'Date'.
src/__tests__/components/Game/GameStats.test.tsx(16,23): error TS2741: Property 'averagePositioning' is missing in type '{ totalShots: number; successfulShots: number; fouls: number; longestStreak: number; gameLength: number; }' but required in type 'GameStats'.
src/__tests__/components/Game/GameStats.test.tsx(22,23): error TS2741: Property 'averagePositioning' is missing in type '{ totalShots: number; successfulShots: number; fouls: number; longestStreak: number; gameLength: number; }' but required in type 'GameStats'.
src/__tests__/components/Game/GameStats.test.tsx(29,23): error TS2741: Property 'averagePositioning' is missing in type '{ totalShots: number; successfulShots: number; fouls: number; longestStreak: number; gameLength: number; }' but required in type 'GameStats'.
src/__tests__/components/Game/GameStats.test.tsx(54,23): error TS2741: Property 'averagePositioning' is missing in type '{ totalShots: number; successfulShots: number; fouls: number; longestStreak: number; gameLength: number; }' but required in type 'GameStats'.
src/__tests__/components/Game/GameStats.test.tsx(66,23): error TS2741: Property 'averagePositioning' is missing in type '{ totalShots: number; successfulShots: number; fouls: number; longestStreak: number; gameLength: number; }' but required in type 'GameStats'.
src/__tests__/components/Game/GameStats.test.tsx(75,23): error TS2741: Property 'averagePositioning' is missing in type '{ totalShots: number; successfulShots: number; fouls: number; longestStreak: number; gameLength: number; }' but required in type 'GameStats'.
src/__tests__/components/Game/GameStats.test.tsx(91,23): error TS2741: Property 'averagePositioning' is missing in type '{ totalShots: number; successfulShots: number; fouls: number; longestStreak: number; gameLength: number; }' but required in type 'GameStats'.
src/__tests__/components/Game/GameStats.test.tsx(110,23): error TS2741: Property 'averagePositioning' is missing in type '{ totalShots: number; successfulShots: number; fouls: number; longestStreak: number; gameLength: number; }' but required in type 'GameStats'.
src/__tests__/components/Game/GameStats.test.tsx(123,23): error TS2741: Property 'averagePositioning' is missing in type '{ gameLength: number; totalShots: number; successfulShots: number; fouls: number; longestStreak: number; }' but required in type 'GameStats'.
src/__tests__/components/Map/GameMap.test.tsx(68,5): error TS2740: Type '{ Map: Mock<any, any, any>; Marker: Mock<any, any, any>; Circle: Mock<any, any, any>; LatLngBounds: Mock<any, any, any>; LatLng: Mock<any, any, any>; SymbolPath: { ...; }; }' is missing the following properties from type 'typeof maps': importLibrary, Animation, BicyclingLayer, CollisionBehavior, and 75 more.
src/__tests__/components/social/SocialFeed.test.tsx(4,24): error TS2307: Cannot find module 'test-utils' or its corresponding type declarations.
src/__tests__/components/venue/VenueDashboard.test.tsx(7,13): error TS2741: Property 'venueId' is missing in type '{}' but required in type 'VenueDashboardProps'.
src/__tests__/components/venue/VenueDashboard.test.tsx(13,13): error TS2741: Property 'venueId' is missing in type '{}' but required in type 'VenueDashboardProps'.
src/__tests__/components/WalletDashboard.test.tsx(66,21): error TS2352: Conversion of type '() => AuthContextType' to type 'MockedFunction<() => { signIn: (email: string, password: string) => Promise<{ success: boolean; user: User; error?: undefined; } | { success: boolean; error: any; user?: undefined; }>; signUp: (email: string, password: string, displayName: string) => Promise<...>; ... 18 more ...; error: string | null; }>' may be a mistake because neither type sufficiently overlaps with the other. If this was intentional, convert the expression to 'unknown' first.
  Type '() => AuthContextType' is not comparable to type 'MockInstance<{ signIn: (email: string, password: string) => Promise<{ success: boolean; user: User; error?: undefined; } | { success: boolean; error: any; user?: undefined; }>; signUp: (email: string, password: string, displayName: string) => Promise<...>; ... 18 more ...; error: string | null; }, [], unknown>'.
src/__tests__/components/WalletDashboard.test.tsx(99,5): error TS2322: Type 'number' is not assignable to type 'string'.
src/__tests__/components/WalletDashboard.test.tsx(100,5): error TS2322: Type 'number' is not assignable to type 'string'.
src/__tests__/components/WalletTransactionList.test.tsx(32,5): error TS2322: Type 'number' is not assignable to type 'string'.
src/__tests__/components/WalletTransactionList.test.tsx(47,5): error TS2322: Type 'number' is not assignable to type 'string'.
src/__tests__/components/WalletTransactionList.test.tsx(62,5): error TS2322: Type 'number' is not assignable to type 'string'.
src/__tests__/components/WalletTransactionList.test.tsx(102,83): error TS2339: Property 'created_at' does not exist on type 'Transaction'.
src/__tests__/components/WalletTransactionList.test.tsx(112,83): error TS2339: Property 'created_at' does not exist on type 'Transaction'.
src/__tests__/components/WalletTransactionList.test.tsx(122,84): error TS2339: Property 'created_at' does not exist on type 'Transaction'.
src/__tests__/hooks/useGameState.test.ts(6,41): error TS2554: Expected 1 arguments, but got 0.
src/__tests__/hooks/useGameState.test.ts(8,27): error TS2339: Property 'score' does not exist on type '{ gameState: GameState | null; loading: boolean; error: string | null; takeShot: (shot: Shot) => Promise<any>; reportFoul: (foul: Foul) => Promise<any>; pauseGame: () => Promise<...>; resumeGame: () => Promise<...>; cancelGame: () => Promise<...>; isMyTurn: boolean; canTakeShot: boolean; }'.
src/__tests__/hooks/useGameState.test.ts(12,27): error TS2339: Property 'currentPlayer' does not exist on type '{ gameState: GameState | null; loading: boolean; error: string | null; takeShot: (shot: Shot) => Promise<any>; reportFoul: (foul: Foul) => Promise<any>; pauseGame: () => Promise<...>; resumeGame: () => Promise<...>; cancelGame: () => Promise<...>; isMyTurn: boolean; canTakeShot: boolean; }'.
src/__tests__/hooks/useGameState.test.ts(13,27): error TS2339: Property 'isGameOver' does not exist on type '{ gameState: GameState | null; loading: boolean; error: string | null; takeShot: (shot: Shot) => Promise<any>; reportFoul: (foul: Foul) => Promise<any>; pauseGame: () => Promise<...>; resumeGame: () => Promise<...>; cancelGame: () => Promise<...>; isMyTurn: boolean; canTakeShot: boolean; }'.
src/__tests__/hooks/useGameState.test.ts(17,41): error TS2554: Expected 1 arguments, but got 0.
src/__tests__/hooks/useGameState.test.ts(20,22): error TS2339: Property 'addPoints' does not exist on type '{ gameState: GameState | null; loading: boolean; error: string | null; takeShot: (shot: Shot) => Promise<any>; reportFoul: (foul: Foul) => Promise<any>; pauseGame: () => Promise<...>; resumeGame: () => Promise<...>; cancelGame: () => Promise<...>; isMyTurn: boolean; canTakeShot: boolean; }'.
src/__tests__/hooks/useGameState.test.ts(23,27): error TS2339: Property 'score' does not exist on type '{ gameState: GameState | null; loading: boolean; error: string | null; takeShot: (shot: Shot) => Promise<any>; reportFoul: (foul: Foul) => Promise<any>; pauseGame: () => Promise<...>; resumeGame: () => Promise<...>; cancelGame: () => Promise<...>; isMyTurn: boolean; canTakeShot: boolean; }'.
src/__tests__/hooks/useGameState.test.ts(24,27): error TS2339: Property 'currentPlayer' does not exist on type '{ gameState: GameState | null; loading: boolean; error: string | null; takeShot: (shot: Shot) => Promise<any>; reportFoul: (foul: Foul) => Promise<any>; pauseGame: () => Promise<...>; resumeGame: () => Promise<...>; cancelGame: () => Promise<...>; isMyTurn: boolean; canTakeShot: boolean; }'.
src/__tests__/hooks/useGameState.test.ts(28,41): error TS2554: Expected 1 arguments, but got 0.
src/__tests__/hooks/useGameState.test.ts(31,22): error TS2339: Property 'addPoints' does not exist on type '{ gameState: GameState | null; loading: boolean; error: string | null; takeShot: (shot: Shot) => Promise<any>; reportFoul: (foul: Foul) => Promise<any>; pauseGame: () => Promise<...>; resumeGame: () => Promise<...>; cancelGame: () => Promise<...>; isMyTurn: boolean; canTakeShot: boolean; }'.
src/__tests__/hooks/useGameState.test.ts(34,27): error TS2339: Property 'isGameOver' does not exist on type '{ gameState: GameState | null; loading: boolean; error: string | null; takeShot: (shot: Shot) => Promise<any>; reportFoul: (foul: Foul) => Promise<any>; pauseGame: () => Promise<...>; resumeGame: () => Promise<...>; cancelGame: () => Promise<...>; isMyTurn: boolean; canTakeShot: boolean; }'.
src/__tests__/hooks/useGameState.test.ts(35,27): error TS2339: Property 'winner' does not exist on type '{ gameState: GameState | null; loading: boolean; error: string | null; takeShot: (shot: Shot) => Promise<any>; reportFoul: (foul: Foul) => Promise<any>; pauseGame: () => Promise<...>; resumeGame: () => Promise<...>; cancelGame: () => Promise<...>; isMyTurn: boolean; canTakeShot: boolean; }'.
src/__tests__/hooks/useGameState.test.ts(39,41): error TS2554: Expected 1 arguments, but got 0.
src/__tests__/hooks/useGameState.test.ts(42,22): error TS2339: Property 'addPoints' does not exist on type '{ gameState: GameState | null; loading: boolean; error: string | null; takeShot: (shot: Shot) => Promise<any>; reportFoul: (foul: Foul) => Promise<any>; pauseGame: () => Promise<...>; resumeGame: () => Promise<...>; cancelGame: () => Promise<...>; isMyTurn: boolean; canTakeShot: boolean; }'.
src/__tests__/hooks/useGameState.test.ts(43,22): error TS2551: Property 'resetGame' does not exist on type '{ gameState: GameState | null; loading: boolean; error: string | null; takeShot: (shot: Shot) => Promise<any>; reportFoul: (foul: Foul) => Promise<any>; pauseGame: () => Promise<...>; resumeGame: () => Promise<...>; cancelGame: () => Promise<...>; isMyTurn: boolean; canTakeShot: boolean; }'. Did you mean 'resumeGame'?
src/__tests__/hooks/useGameState.test.ts(46,27): error TS2339: Property 'score' does not exist on type '{ gameState: GameState | null; loading: boolean; error: string | null; takeShot: (shot: Shot) => Promise<any>; reportFoul: (foul: Foul) => Promise<any>; pauseGame: () => Promise<...>; resumeGame: () => Promise<...>; cancelGame: () => Promise<...>; isMyTurn: boolean; canTakeShot: boolean; }'.
src/__tests__/hooks/useGameState.test.ts(50,27): error TS2339: Property 'currentPlayer' does not exist on type '{ gameState: GameState | null; loading: boolean; error: string | null; takeShot: (shot: Shot) => Promise<any>; reportFoul: (foul: Foul) => Promise<any>; pauseGame: () => Promise<...>; resumeGame: () => Promise<...>; cancelGame: () => Promise<...>; isMyTurn: boolean; canTakeShot: boolean; }'.
src/__tests__/hooks/useGameState.test.ts(51,27): error TS2339: Property 'isGameOver' does not exist on type '{ gameState: GameState | null; loading: boolean; error: string | null; takeShot: (shot: Shot) => Promise<any>; reportFoul: (foul: Foul) => Promise<any>; pauseGame: () => Promise<...>; resumeGame: () => Promise<...>; cancelGame: () => Promise<...>; isMyTurn: boolean; canTakeShot: boolean; }'.
src/__tests__/mocks/handlers.ts(7,24): error TS2339: Property 'default' does not exist on type 'typeof import("C:/Users/Lenovo ThinkCentre/OneDrive/Documents/GitHub/dojopool/node_modules/msw/lib/core/index")'.
src/__tests__/mocks/handlers.ts(7,50): error TS2339: Property 'default' does not exist on type 'typeof import("C:/Users/Lenovo ThinkCentre/OneDrive/Documents/GitHub/dojopool/node_modules/msw/lib/core/index")'.
src/__tests__/mocks/handlers.ts(10,19): error TS2339: Property 'rest' does not exist on type 'typeof import("C:/Users/Lenovo ThinkCentre/OneDrive/Documents/GitHub/dojopool/node_modules/msw/lib/core/index")'.
src/__tests__/mocks/handlers.ts(10,32): error TS2339: Property 'default' does not exist on type 'typeof import("C:/Users/Lenovo ThinkCentre/OneDrive/Documents/GitHub/dojopool/node_modules/msw/lib/core/index")'.
src/__tests__/mocks/handlers.ts(16,36): error TS7006: Parameter 'req' implicitly has an 'any' type.
src/__tests__/mocks/handlers.ts(16,41): error TS7006: Parameter 'res' implicitly has an 'any' type.
src/__tests__/mocks/handlers.ts(16,46): error TS7006: Parameter 'ctx' implicitly has an 'any' type.
src/__tests__/mocks/handlers.ts(32,30): error TS7006: Parameter 'req' implicitly has an 'any' type.
src/__tests__/mocks/handlers.ts(32,35): error TS7006: Parameter 'res' implicitly has an 'any' type.
src/__tests__/mocks/handlers.ts(32,40): error TS7006: Parameter 'ctx' implicitly has an 'any' type.
src/__tests__/mocks/handlers.ts(49,31): error TS7006: Parameter 'req' implicitly has an 'any' type.
src/__tests__/mocks/handlers.ts(49,36): error TS7006: Parameter 'res' implicitly has an 'any' type.
src/__tests__/mocks/handlers.ts(49,41): error TS7006: Parameter 'ctx' implicitly has an 'any' type.
src/__tests__/mocks/handlers.ts(66,32): error TS7006: Parameter 'req' implicitly has an 'any' type.
src/__tests__/mocks/handlers.ts(66,37): error TS7006: Parameter 'res' implicitly has an 'any' type.
src/__tests__/mocks/handlers.ts(66,42): error TS7006: Parameter 'ctx' implicitly has an 'any' type.
src/__tests__/performance/gamePerformance.test.ts(2,3): error TS2305: Module '"../../utils/physics"' has no exported member 'calculateTrajectory'.
src/__tests__/performance/gamePerformance.test.ts(3,3): error TS2305: Module '"../../utils/physics"' has no exported member 'applyFriction'.
src/__tests__/performance/gamePerformance.test.ts(4,3): error TS2305: Module '"../../utils/physics"' has no exported member 'detectCollision'.
src/__tests__/security/apiSecurity.test.ts(4,33): error TS2307: Cannot find module '../../middleware/validation' or its corresponding type declarations.
src/ai/shot-analysis/__tests__/ShotAnalysisModel.test.ts(3,26): error TS2307: Cannot find module '../../../types/shot' or its corresponding type declarations.
src/ai/shot-analysis/__tests__/TrainingService.test.ts(118,15): error TS2339: Property 'nextExercise' does not exist on type 'TrainingService'.
src/ai/shot-analysis/__tests__/TrainingService.test.ts(129,15): error TS2339: Property 'nextExercise' does not exist on type 'TrainingService'.
src/ai/shot-analysis/__tests__/TrainingService.test.ts(130,15): error TS2339: Property 'nextExercise' does not exist on type 'TrainingService'.
src/ai/shot-analysis/__tests__/TrainingService.test.ts(146,31): error TS2339: Property 'getCurrentSession' does not exist on type 'TrainingService'.
src/ai/shot-analysis/__tests__/TrainingService.test.ts(207,15): error TS2339: Property 'nextExercise' does not exist on type 'TrainingService'.
src/ai/shot-analysis/__tests__/TrainingService.test.ts(208,15): error TS2339: Property 'nextExercise' does not exist on type 'TrainingService'.
src/ai/shot-analysis/ShotAnalysisModel.ts(266,52): error TS2339: Property 'cueBall' does not exist on type 'ShotData'.
src/ai/shot-analysis/ShotAnalysisModel.ts(266,66): error TS2339: Property 'targetBall' does not exist on type 'ShotData'.
src/ai/shot-analysis/ShotAnalysisModel.ts(267,46): error TS2339: Property 'cueBall' does not exist on type 'ShotData'.
src/ai/shot-analysis/ShotAnalysisModel.ts(267,60): error TS2339: Property 'targetBall' does not exist on type 'ShotData'.
src/ai/shot-analysis/ShotAnalysisModel.ts(271,14): error TS2339: Property 'cueBall' does not exist on type 'ShotData'.
src/ai/shot-analysis/ShotAnalysisModel.ts(272,14): error TS2339: Property 'cueBall' does not exist on type 'ShotData'.
src/ai/shot-analysis/ShotAnalysisModel.ts(273,14): error TS2339: Property 'targetBall' does not exist on type 'ShotData'.
src/ai/shot-analysis/ShotAnalysisModel.ts(274,14): error TS2339: Property 'targetBall' does not exist on type 'ShotData'.
src/ai/shot-analysis/ShotAnalysisModel.ts(275,14): error TS2339: Property 'english' does not exist on type 'ShotData'.
src/ai/shot-analysis/ShotAnalysisModel.ts(276,14): error TS2339: Property 'english' does not exist on type 'ShotData'.
src/ai/shot-analysis/ShotAnalysisModel.ts(306,39): error TS2339: Property 'cueBall' does not exist on type 'ShotData'.
src/ai/shot-analysis/ShotAnalysisModel.ts(306,53): error TS2339: Property 'targetBall' does not exist on type 'ShotData'.
src/ai/shot-analysis/ShotAnalysisModel.ts(309,26): error TS2339: Property 'english' does not exist on type 'ShotData'.
src/ai/shot-analysis/ShotAnalysisModel.ts(309,55): error TS2339: Property 'english' does not exist on type 'ShotData'.
src/components/alerts/AlertAnalyticsDashboard.tsx(255,25): error TS2554: Expected 1 arguments, but got 0.
src/components/alerts/AlertExport.tsx(47,23): error TS2339: Property 'source' does not exist on type 'Alert'.
src/components/alerts/AlertExport.tsx(48,28): error TS2339: Property 'impactScore' does not exist on type 'Alert'.
src/components/alerts/AlertItemOptimized.tsx(45,22): error TS2339: Property 'ACTIVE' does not exist on type 'typeof AlertStatus'.
src/components/alerts/AlertItemOptimized.tsx(136,34): error TS2345: Argument of type 'string | undefined' is not assignable to parameter of type 'string'.
  Type 'undefined' is not assignable to type 'string'.
src/components/alerts/AlertItemOptimized.tsx(139,36): error TS2345: Argument of type 'string | undefined' is not assignable to parameter of type 'string'.
  Type 'undefined' is not assignable to type 'string'.
src/components/alerts/AlertWebSocketProvider.tsx(33,38): error TS2554: Expected 1 arguments, but got 0.
src/components/alerts/RealTimeAlertList.tsx(13,56): error TS7016: Could not find a declaration file for module 'react-window'. 'C:/Users/Lenovo ThinkCentre/OneDrive/Documents/GitHub/dojopool/node_modules/react-window/dist/index.cjs.js' implicitly has an 'any' type.
  Try `npm i --save-dev @types/react-window` if it exists or add a new declaration (.d.ts) file containing `declare module 'react-window';`
src/components/alerts/RealTimeAlertList.tsx(186,15): error TS2322: Type '{ alert: ListChildComponentProps<AlertListData>; onAcknowledge: ListChildComponentProps<AlertListData>; onDismiss: ListChildComponentProps<AlertListData>; onFlag: ListChildComponentProps<AlertListData>; onKeyPress: (event: KeyboardEvent<...>) => void; }' is not assignable to type 'IntrinsicAttributes & AlertActionsProps'.
  Property 'onKeyPress' does not exist on type 'IntrinsicAttributes & AlertActionsProps'.
src/components/alerts/RealTimeAlertList.tsx(219,5): error TS2353: Object literal may only specify known properties, and 'endpoint' does not exist in type 'WebSocketOptions'.
src/components/analysis/GameAnalysisView.tsx(9,3): error TS2305: Module '"@chakra-ui/react"' has no exported member 'useColorModeValue'.
src/components/analysis/GameAnalysisView.tsx(15,3): error TS2305: Module '"@chakra-ui/react"' has no exported member 'AlertIcon'.
src/components/analysis/GameAnalysisView.tsx(18,64): error TS2307: Cannot find module 'react-konva' or its corresponding type declarations.
src/components/analysis/GameAnalysisView.tsx(84,27): error TS2503: Cannot find namespace 'Konva'.
src/components/analysis/GameAnalysisView.tsx(296,15): error TS2304: Cannot find name 'FaBullseye'.
src/components/analysis/GameAnalysisView.tsx(302,15): error TS2304: Cannot find name 'FaChartLine'.
src/components/analysis/GameAnalysisView.tsx(308,15): error TS2304: Cannot find name 'FaRegDotCircle'.
src/components/analysis/GameAnalysisView.tsx(350,28): error TS2322: Type '{ size: "xl"; thickness: string; speed: string; emptyColor: string; color: "blue.500"; }' is not assignable to type 'IntrinsicAttributes & SpinnerProps & RefAttributes<HTMLSpanElement>'.
  Property 'thickness' does not exist on type 'IntrinsicAttributes & SpinnerProps & RefAttributes<HTMLSpanElement>'.
src/components/analysis/GameAnalysisView.tsx(359,10): error TS2604: JSX element type 'Alert' does not have any construct or call signatures.
src/components/analysis/GameAnalysisView.tsx(359,10): error TS2786: 'Alert' cannot be used as a JSX component.
  Its type 'typeof import("C:/Users/Lenovo ThinkCentre/OneDrive/Documents/GitHub/dojopool/node_modules/@chakra-ui/react/dist/types/components/alert/namespace")' is not a valid JSX element type.
src/components/analysis/GameAnalysisView.tsx(374,10): error TS2604: JSX element type 'Alert' does not have any construct or call signatures.
src/components/analysis/GameAnalysisView.tsx(374,10): error TS2786: 'Alert' cannot be used as a JSX component.
  Its type 'typeof import("C:/Users/Lenovo ThinkCentre/OneDrive/Documents/GitHub/dojopool/node_modules/@chakra-ui/react/dist/types/components/alert/namespace")' is not a valid JSX element type.
src/components/analysis/GameAnalysisView.tsx(397,14): error TS2604: JSX element type 'Tooltip' does not have any construct or call signatures.
src/components/analysis/GameAnalysisView.tsx(397,14): error TS2786: 'Tooltip' cannot be used as a JSX component.
  Its type 'typeof import("C:/Users/Lenovo ThinkCentre/OneDrive/Documents/GitHub/dojopool/node_modules/@chakra-ui/react/dist/types/components/tooltip/namespace")' is not a valid JSX element type.
src/components/analysis/GameAnalysisView.tsx(399,17): error TS2322: Type 'Element' is not assignable to type 'Nested<SystemStyleObject>'.
  Type 'ReactElement<any, any>' is not assignable to type 'CssVarProperties'.
    Index signature for type '`--${string}`' is missing in type 'ReactElement<any, any>'.
src/components/analysis/GameAnalysisView.tsx(399,25): error TS2304: Cannot find name 'FaArrowLeft'.
src/components/analysis/GameAnalysisView.tsx(408,14): error TS2604: JSX element type 'Tooltip' does not have any construct or call signatures.
src/components/analysis/GameAnalysisView.tsx(408,14): error TS2786: 'Tooltip' cannot be used as a JSX component.
  Its type 'typeof import("C:/Users/Lenovo ThinkCentre/OneDrive/Documents/GitHub/dojopool/node_modules/@chakra-ui/react/dist/types/components/tooltip/namespace")' is not a valid JSX element type.
src/components/analysis/GameAnalysisView.tsx(410,17): error TS2322: Type 'Element' is not assignable to type 'Nested<SystemStyleObject>'.
  Type 'ReactElement<any, any>' is not assignable to type 'CssVarProperties'.
    Index signature for type '`--${string}`' is missing in type 'ReactElement<any, any>'.
src/components/analysis/GameAnalysisView.tsx(410,25): error TS2304: Cannot find name 'FaArrowRight'.
src/components/analysis/GameAnalysisView.tsx(417,16): error TS2604: JSX element type 'Tooltip' does not have any construct or call signatures.
src/components/analysis/GameAnalysisView.tsx(417,16): error TS2786: 'Tooltip' cannot be used as a JSX component.
  Its type 'typeof import("C:/Users/Lenovo ThinkCentre/OneDrive/Documents/GitHub/dojopool/node_modules/@chakra-ui/react/dist/types/components/tooltip/namespace")' is not a valid JSX element type.
src/components/analysis/GameAnalysisView.tsx(419,19): error TS2322: Type 'Element' is not assignable to type 'Nested<SystemStyleObject>'.
  Type 'ReactElement<any, any>' is not assignable to type 'CssVarProperties'.
    Index signature for type '`--${string}`' is missing in type 'ReactElement<any, any>'.
src/components/analysis/GameAnalysisView.tsx(419,27): error TS2304: Cannot find name 'FaPlay'.
src/components/analysis/GameAnalysisView.tsx(427,16): error TS2604: JSX element type 'Tooltip' does not have any construct or call signatures.
src/components/analysis/GameAnalysisView.tsx(427,16): error TS2786: 'Tooltip' cannot be used as a JSX component.
  Its type 'typeof import("C:/Users/Lenovo ThinkCentre/OneDrive/Documents/GitHub/dojopool/node_modules/@chakra-ui/react/dist/types/components/tooltip/namespace")' is not a valid JSX element type.
src/components/analysis/GameAnalysisView.tsx(429,19): error TS2322: Type 'Element' is not assignable to type 'Nested<SystemStyleObject>'.
  Type 'ReactElement<any, any>' is not assignable to type 'CssVarProperties'.
    Index signature for type '`--${string}`' is missing in type 'ReactElement<any, any>'.
src/components/analysis/GameAnalysisView.tsx(429,27): error TS2304: Cannot find name 'FaStop'.
src/components/analysis/GameAnalysisView.tsx(441,44): error TS2322: Type '{ shots: Shot[]; currentShotIndex: number; onSelectShot: (index: number) => void; }' is not assignable to type 'IntrinsicAttributes & TimelineChartProps'.
  Property 'currentShotIndex' does not exist on type 'IntrinsicAttributes & TimelineChartProps'.
src/components/analysis/GameAnalysisView.tsx(457,42): error TS2719: Type 'PerformanceInsight[]' is not assignable to type 'PerformanceInsight[]'. Two different types with this name exist, but they are unrelated.
  Property 'id' is missing in type 'PerformanceInsight' but required in type 'PerformanceInsight'.
src/components/auth/__tests__/SocialSignIn.test.tsx(26,8): error TS2741: Property 'value' is missing in type '{ children: Element; }' but required in type 'ChakraProviderProps'.
src/components/auth/__tests__/SocialSignIn.test.tsx(89,8): error TS2741: Property 'value' is missing in type '{ children: Element; }' but required in type 'ChakraProviderProps'.
src/components/auth/__tests__/SocialSignIn.test.tsx(110,8): error TS2741: Property 'value' is missing in type '{ children: Element; }' but required in type 'ChakraProviderProps'.
src/components/auth/AuthContext.tsx(50,26): error TS2339: Property 'setUserId' does not exist on type 'AnalyticsService'.
src/components/auth/AuthContext.tsx(51,26): error TS2339: Property 'logEvent' does not exist on type 'AnalyticsService'.
src/components/auth/AuthContext.tsx(65,24): error TS2339: Property 'trackEvent' does not exist on type 'AnalyticsService'.
src/components/auth/AuthContext.tsx(101,24): error TS2339: Property 'trackEvent' does not exist on type 'AnalyticsService'.
src/components/auth/AuthContext.tsx(129,24): error TS2339: Property 'trackEvent' does not exist on type 'AnalyticsService'.
src/components/auth/PlayerRegistration.tsx(5,3): error TS2305: Module '"@chakra-ui/react"' has no exported member 'FormControl'.
src/components/auth/PlayerRegistration.tsx(6,3): error TS2305: Module '"@chakra-ui/react"' has no exported member 'FormLabel'.
src/components/auth/PlayerRegistration.tsx(10,3): error TS2724: '"@chakra-ui/react"' has no exported member named 'useToast'. Did you mean 'useTabs'?
src/components/auth/PlayerRegistration.tsx(11,3): error TS2305: Module '"@chakra-ui/react"' has no exported member 'Divider'.
src/components/auth/PlayerRegistration.tsx(15,3): error TS2724: '"@chakra-ui/react"' has no exported member named 'InputRightElement'. Did you mean 'InputElement'?
src/components/auth/PlayerRegistration.tsx(16,3): error TS2305: Module '"@chakra-ui/react"' has no exported member 'FormErrorMessage'.
src/components/auth/PlayerRegistration.tsx(17,3): error TS2305: Module '"@chakra-ui/react"' has no exported member 'useColorModeValue'.
src/components/auth/PlayerRegistration.tsx(283,8): error TS2746: This JSX tag's 'children' prop expects a single child of type 'ReactElement<InputElementProps, string | JSXElementConstructor<any>>', but multiple children were provided.
src/components/auth/PlayerRegistration.tsx(288,11): error TS2322: Type '{ name: string; value: string; onChange: (e: ChangeEvent<HTMLInputElement | HTMLSelectElement>) => void; isDisabled: boolean; }' is not assignable to type 'IntrinsicAttributes & InputProps & RefAttributes<HTMLInputElement>'.
  Property 'isDisabled' does not exist on type 'IntrinsicAttributes & InputProps & RefAttributes<HTMLInputElement>'. Did you mean 'disabled'?
src/components/auth/PlayerRegistration.tsx(313,17): error TS2322: Type '{ children: Element[]; spacing: number; align: "stretch"; }' is not assignable to type 'IntrinsicAttributes & StackProps & RefAttributes<HTMLDivElement>'.
  Property 'spacing' does not exist on type 'IntrinsicAttributes & StackProps & RefAttributes<HTMLDivElement>'.
src/components/auth/PlayerRegistration.tsx(319,21): error TS2322: Type '{ children: Element[]; spacing: number; }' is not assignable to type 'IntrinsicAttributes & StackProps & RefAttributes<HTMLDivElement>'.
  Property 'spacing' does not exist on type 'IntrinsicAttributes & StackProps & RefAttributes<HTMLDivElement>'.
src/components/auth/PlayerRegistration.tsx(346,17): error TS2322: Type '{ children: string; type: "submit"; colorScheme: "blue"; width: "100%"; isLoading: boolean; }' is not assignable to type 'IntrinsicAttributes & ButtonProps & RefAttributes<HTMLButtonElement>'.
  Property 'isLoading' does not exist on type 'IntrinsicAttributes & ButtonProps & RefAttributes<HTMLButtonElement>'. Did you mean 'loading'?
src/components/auth/PlayerRegistration.tsx(367,15): error TS2322: Type '{ children: Element[]; spacing: number; align: "stretch"; }' is not assignable to type 'IntrinsicAttributes & StackProps & RefAttributes<HTMLDivElement>'.
  Property 'spacing' does not exist on type 'IntrinsicAttributes & StackProps & RefAttributes<HTMLDivElement>'.
src/components/auth/PlayerRegistration.tsx(372,17): error TS2322: Type '{ children: Element[]; spacing: number; justify: "center"; }' is not assignable to type 'IntrinsicAttributes & StackProps & RefAttributes<HTMLDivElement>'.
  Property 'spacing' does not exist on type 'IntrinsicAttributes & StackProps & RefAttributes<HTMLDivElement>'.
src/components/auth/PlayerRegistration.tsx(375,13): error TS2322: Type '{ "aria-label": string; icon: Element; onClick: () => Promise<void>; isLoading: boolean; }' is not assignable to type 'IntrinsicAttributes & IconButtonProps & RefAttributes<HTMLButtonElement>'.
  Property 'icon' does not exist on type 'IntrinsicAttributes & IconButtonProps & RefAttributes<HTMLButtonElement>'. Did you mean '_icon'?
src/components/auth/PlayerRegistration.tsx(381,13): error TS2322: Type '{ "aria-label": string; icon: Element; onClick: () => Promise<void>; isLoading: boolean; }' is not assignable to type 'IntrinsicAttributes & IconButtonProps & RefAttributes<HTMLButtonElement>'.
  Property 'icon' does not exist on type 'IntrinsicAttributes & IconButtonProps & RefAttributes<HTMLButtonElement>'. Did you mean '_icon'?
src/components/auth/PlayerRegistration.tsx(387,13): error TS2322: Type '{ "aria-label": string; icon: Element; onClick: () => Promise<void>; isLoading: boolean; }' is not assignable to type 'IntrinsicAttributes & IconButtonProps & RefAttributes<HTMLButtonElement>'.
  Property 'icon' does not exist on type 'IntrinsicAttributes & IconButtonProps & RefAttributes<HTMLButtonElement>'. Did you mean '_icon'?
src/components/auth/PlayerRegistration.tsx(393,13): error TS2322: Type '{ "aria-label": string; icon: Element; onClick: () => Promise<void>; isLoading: boolean; }' is not assignable to type 'IntrinsicAttributes & IconButtonProps & RefAttributes<HTMLButtonElement>'.
  Property 'icon' does not exist on type 'IntrinsicAttributes & IconButtonProps & RefAttributes<HTMLButtonElement>'. Did you mean '_icon'?
src/components/auth/PlayerRegistration.tsx(399,13): error TS2322: Type '{ "aria-label": string; icon: Element; onClick: () => Promise<void>; isLoading: boolean; }' is not assignable to type 'IntrinsicAttributes & IconButtonProps & RefAttributes<HTMLButtonElement>'.
  Property 'icon' does not exist on type 'IntrinsicAttributes & IconButtonProps & RefAttributes<HTMLButtonElement>'. Did you mean '_icon'?
src/components/auth/PlayerRegistration.tsx(408,19): error TS2322: Type '{ children: Element[]; spacing: number; }' is not assignable to type 'IntrinsicAttributes & StackProps & RefAttributes<HTMLDivElement>'.
  Property 'spacing' does not exist on type 'IntrinsicAttributes & StackProps & RefAttributes<HTMLDivElement>'.
src/components/auth/PlayerRegistration.tsx(434,16): error TS2746: This JSX tag's 'children' prop expects a single child of type 'ReactElement<InputElementProps, string | JSXElementConstructor<any>>', but multiple children were provided.
src/components/auth/PlayerRegistration.tsx(446,21): error TS2322: Type '{ "aria-label": string; icon: Element; onClick: () => void; variant: "ghost"; size: "sm"; }' is not assignable to type 'IntrinsicAttributes & IconButtonProps & RefAttributes<HTMLButtonElement>'.
  Property 'icon' does not exist on type 'IntrinsicAttributes & IconButtonProps & RefAttributes<HTMLButtonElement>'. Did you mean '_icon'?
src/components/auth/PlayerRegistration.tsx(492,15): error TS2322: Type '{ children: string; type: "submit"; colorScheme: "blue"; width: "100%"; isLoading: boolean; }' is not assignable to type 'IntrinsicAttributes & ButtonProps & RefAttributes<HTMLButtonElement>'.
  Property 'isLoading' does not exist on type 'IntrinsicAttributes & ButtonProps & RefAttributes<HTMLButtonElement>'. Did you mean 'loading'?
src/components/auth/ProfileCompletion.tsx(9,3): error TS2724: '"@chakra-ui/react"' has no exported member named 'useToast'. Did you mean 'useTabs'?
src/components/auth/ProfileCompletion.tsx(10,3): error TS2305: Module '"@chakra-ui/react"' has no exported member 'FormControl'.
src/components/auth/ProfileCompletion.tsx(11,3): error TS2305: Module '"@chakra-ui/react"' has no exported member 'FormLabel'.
src/components/auth/ProfileCompletion.tsx(12,3): error TS2305: Module '"@chakra-ui/react"' has no exported member 'FormErrorMessage'.
src/components/auth/ProfileCompletion.tsx(14,3): error TS2305: Module '"@chakra-ui/react"' has no exported member 'useColorModeValue'.
src/components/auth/ProfileCompletion.tsx(127,15): error TS2322: Type '{ children: Element[]; spacing: number; align: "stretch"; }' is not assignable to type 'IntrinsicAttributes & StackProps & RefAttributes<HTMLDivElement>'.
  Property 'spacing' does not exist on type 'IntrinsicAttributes & StackProps & RefAttributes<HTMLDivElement>'.
src/components/auth/ProfileCompletion.tsx(137,19): error TS2322: Type '{ children: Element[]; spacing: number; }' is not assignable to type 'IntrinsicAttributes & StackProps & RefAttributes<HTMLDivElement>'.
  Property 'spacing' does not exist on type 'IntrinsicAttributes & StackProps & RefAttributes<HTMLDivElement>'.
src/components/auth/ProfileCompletion.tsx(151,16): error TS2604: JSX element type 'Select' does not have any construct or call signatures.
src/components/auth/ProfileCompletion.tsx(151,16): error TS2786: 'Select' cannot be used as a JSX component.
  Its type 'typeof import("C:/Users/Lenovo ThinkCentre/OneDrive/Documents/GitHub/dojopool/node_modules/@chakra-ui/react/dist/types/components/select/namespace")' is not a valid JSX element type.
src/components/auth/ProfileCompletion.tsx(167,16): error TS2604: JSX element type 'Select' does not have any construct or call signatures.
src/components/auth/ProfileCompletion.tsx(167,16): error TS2786: 'Select' cannot be used as a JSX component.
  Its type 'typeof import("C:/Users/Lenovo ThinkCentre/OneDrive/Documents/GitHub/dojopool/node_modules/@chakra-ui/react/dist/types/components/select/namespace")' is not a valid JSX element type.
src/components/auth/ProfileCompletion.tsx(196,15): error TS2322: Type '{ children: string; type: "submit"; colorScheme: "blue"; width: "100%"; isLoading: boolean; }' is not assignable to type 'IntrinsicAttributes & ButtonProps & RefAttributes<HTMLButtonElement>'.
  Property 'isLoading' does not exist on type 'IntrinsicAttributes & ButtonProps & RefAttributes<HTMLButtonElement>'. Did you mean 'loading'?
src/components/auth/ResetPassword.tsx(38,24): error TS2339: Property 'logEvent' does not exist on type 'AnalyticsService'.
src/components/auth/ResetPassword.tsx(41,24): error TS2339: Property 'logError' does not exist on type 'AnalyticsService'.
src/components/auth/SocialSignIn.tsx(8,3): error TS2724: '"@chakra-ui/react"' has no exported member named 'useToast'. Did you mean 'useTabs'?
src/components/auth/SocialSignIn.tsx(124,13): error TS2322: Type '{ children: (Element | (false | Element)[])[]; spacing: number; width: "100%"; }' is not assignable to type 'IntrinsicAttributes & StackProps & RefAttributes<HTMLDivElement>'.
  Property 'spacing' does not exist on type 'IntrinsicAttributes & StackProps & RefAttributes<HTMLDivElement>'.
src/components/auth/SocialSignIn.tsx(128,15): error TS2322: Type '{ children: Element[]; spacing: number; justify: "center"; width: "100%"; }' is not assignable to type 'IntrinsicAttributes & StackProps & RefAttributes<HTMLDivElement>'.
  Property 'spacing' does not exist on type 'IntrinsicAttributes & StackProps & RefAttributes<HTMLDivElement>'.
src/components/auth/SocialSignIn.tsx(130,12): error TS2604: JSX element type 'Tooltip' does not have any construct or call signatures.
src/components/auth/SocialSignIn.tsx(130,12): error TS2786: 'Tooltip' cannot be used as a JSX component.
  Its type 'typeof import("C:/Users/Lenovo ThinkCentre/OneDrive/Documents/GitHub/dojopool/node_modules/@chakra-ui/react/dist/types/components/tooltip/namespace")' is not a valid JSX element type.
src/components/auth/SocialSignIn.tsx(138,15): error TS2322: Type '{ children: Element; "aria-label": string; onClick: () => Promise<void>; isLoading: boolean; loadingText: string; spinner: Element; variant: "outline"; size: "lg"; width: "40px"; ... 6 more ...; transition: "all 0.2s"; }' is not assignable to type 'IntrinsicAttributes & ButtonProps & RefAttributes<HTMLButtonElement>'.
  Property 'isLoading' does not exist on type 'IntrinsicAttributes & ButtonProps & RefAttributes<HTMLButtonElement>'. Did you mean 'loading'?
src/components/auth/TwoFactorSetup.tsx(5,3): error TS2305: Module '"@chakra-ui/react"' has no exported member 'FormControl'.
src/components/auth/TwoFactorSetup.tsx(6,3): error TS2305: Module '"@chakra-ui/react"' has no exported member 'FormLabel'.
src/components/auth/TwoFactorSetup.tsx(10,3): error TS2724: '"@chakra-ui/react"' has no exported member named 'useToast'. Did you mean 'useTabs'?
src/components/auth/TwoFactorSetup.tsx(13,3): error TS2305: Module '"@chakra-ui/react"' has no exported member 'Divider'.
src/components/auth/TwoFactorSetup.tsx(15,3): error TS2305: Module '"@chakra-ui/react"' has no exported member 'AlertIcon'.
src/components/auth/TwoFactorSetup.tsx(143,15): error TS2322: Type '{ children: (false | Element)[]; spacing: number; align: "stretch"; }' is not assignable to type 'IntrinsicAttributes & StackProps & RefAttributes<HTMLDivElement>'.
  Property 'spacing' does not exist on type 'IntrinsicAttributes & StackProps & RefAttributes<HTMLDivElement>'.
src/components/auth/TwoFactorSetup.tsx(187,15): error TS2322: Type '{ children: string; colorScheme: "blue"; onClick: () => Promise<void>; isLoading: boolean; }' is not assignable to type 'IntrinsicAttributes & ButtonProps & RefAttributes<HTMLButtonElement>'.
  Property 'isLoading' does not exist on type 'IntrinsicAttributes & ButtonProps & RefAttributes<HTMLButtonElement>'. Did you mean 'loading'?
src/components/auth/TwoFactorSetup.tsx(199,14): error TS2604: JSX element type 'Alert' does not have any construct or call signatures.
src/components/auth/TwoFactorSetup.tsx(199,14): error TS2786: 'Alert' cannot be used as a JSX component.
  Its type 'typeof import("C:/Users/Lenovo ThinkCentre/OneDrive/Documents/GitHub/dojopool/node_modules/@chakra-ui/react/dist/types/components/alert/namespace")' is not a valid JSX element type.
src/components/auth/TwoFactorSetup.tsx(225,15): error TS2322: Type '{ children: string; colorScheme: "blue"; onClick: () => Promise<void>; isLoading: boolean; }' is not assignable to type 'IntrinsicAttributes & ButtonProps & RefAttributes<HTMLButtonElement>'.
  Property 'isLoading' does not exist on type 'IntrinsicAttributes & ButtonProps & RefAttributes<HTMLButtonElement>'. Did you mean 'loading'?
src/components/common/__tests__/ErrorBoundary.test.tsx(3,8): error TS2613: Module '"C:/Users/Lenovo ThinkCentre/OneDrive/Documents/GitHub/dojopool/src/components/common/ErrorBoundary"' has no default export. Did you mean to use 'import { ErrorBoundary } from "C:/Users/Lenovo ThinkCentre/OneDrive/Documents/GitHub/dojopool/src/components/common/ErrorBoundary"' instead?
src/components/common/DarkModeToggle.tsx(4,3): error TS2305: Module '"@chakra-ui/react"' has no exported member 'useColorMode'.
src/components/common/DarkModeToggle.tsx(5,3): error TS2305: Module '"@chakra-ui/react"' has no exported member 'useColorModeValue'.
src/components/common/DarkModeToggle.tsx(18,6): error TS2604: JSX element type 'Tooltip' does not have any construct or call signatures.
src/components/common/DarkModeToggle.tsx(18,6): error TS2786: 'Tooltip' cannot be used as a JSX component.
  Its type 'typeof import("C:/Users/Lenovo ThinkCentre/OneDrive/Documents/GitHub/dojopool/node_modules/@chakra-ui/react/dist/types/components/tooltip/namespace")' is not a valid JSX element type.
src/components/common/DarkModeToggle.tsx(24,9): error TS2322: Type '{ children: Element; as: ForwardRefComponent<unknown, HTMLMotionProps<TagName>>; whileHover: { scale: number; }; whileTap: { scale: number; }; }' is not assignable to type 'IntrinsicAttributes & Omit<PatchHtmlProps<Omit<DetailedHTMLProps<HTMLAttributes<HTMLDivElement>, HTMLDivElement>, "ref">>, "border" | ... 809 more ... | keyof PolymorphicProps> & Omit<...> & PolymorphicProps & { ...; }'.
  Property 'whileHover' does not exist on type 'IntrinsicAttributes & Omit<PatchHtmlProps<Omit<DetailedHTMLProps<HTMLAttributes<HTMLDivElement>, HTMLDivElement>, "ref">>, "border" | ... 809 more ... | keyof PolymorphicProps> & Omit<...> & PolymorphicProps & { ...; }'.
src/components/common/DarkModeToggle.tsx(29,11): error TS2322: Type '{ "aria-label": string; icon: Element; onClick: any; variant: "ghost"; size: "lg"; bg: any; _hover: { bg: any; }; borderRadius: "full"; }' is not assignable to type 'IntrinsicAttributes & IconButtonProps & RefAttributes<HTMLButtonElement>'.
  Property 'icon' does not exist on type 'IntrinsicAttributes & IconButtonProps & RefAttributes<HTMLButtonElement>'. Did you mean '_icon'?
src/components/common/ImageUpload.tsx(7,3): error TS2724: '"@chakra-ui/react"' has no exported member named 'useToast'. Did you mean 'useTabs'?
src/components/common/ImageUpload.tsx(10,3): error TS2305: Module '"@chakra-ui/react"' has no exported member 'useColorModeValue'.
src/components/common/ImageUpload.tsx(13,25): error TS2307: Cannot find module '../../firebase/config' or its corresponding type declarations.
src/components/common/ImageUpload.tsx(136,13): error TS2322: Type '{ children: (false | Element)[]; spacing: number; align: "stretch"; }' is not assignable to type 'IntrinsicAttributes & StackProps & RefAttributes<HTMLDivElement>'.
  Property 'spacing' does not exist on type 'IntrinsicAttributes & StackProps & RefAttributes<HTMLDivElement>'.
src/components/common/ImageUpload.tsx(181,12): error TS2604: JSX element type 'Progress' does not have any construct or call signatures.
src/components/common/ImageUpload.tsx(181,12): error TS2786: 'Progress' cannot be used as a JSX component.
  Its type 'typeof import("C:/Users/Lenovo ThinkCentre/OneDrive/Documents/GitHub/dojopool/node_modules/@chakra-ui/react/dist/types/components/progress/namespace")' is not a valid JSX element type.
src/components/common/InfiniteScroll.tsx(41,20): error TS2554: Expected 1 arguments, but got 0.
src/components/common/MobileDatePicker.tsx(10,3): error TS2305: Module '"@chakra-ui/react"' has no exported member 'useColorModeValue'.
src/components/common/MobileDatePicker.tsx(121,13): error TS2322: Type '{ children: Element[]; spacing: number; p: number; w: "100%"; }' is not assignable to type 'IntrinsicAttributes & StackProps & RefAttributes<HTMLDivElement>'.
  Property 'spacing' does not exist on type 'IntrinsicAttributes & StackProps & RefAttributes<HTMLDivElement>'.
src/components/common/MobileDatePicker.tsx(125,11): error TS2322: Type '{ "aria-label": string; icon: Element; onClick: () => void; variant: "ghost"; }' is not assignable to type 'IntrinsicAttributes & IconButtonProps & RefAttributes<HTMLButtonElement>'.
  Property 'icon' does not exist on type 'IntrinsicAttributes & IconButtonProps & RefAttributes<HTMLButtonElement>'. Did you mean '_icon'?
src/components/common/MobileDatePicker.tsx(134,11): error TS2322: Type '{ "aria-label": string; icon: Element; onClick: () => void; variant: "ghost"; }' is not assignable to type 'IntrinsicAttributes & IconButtonProps & RefAttributes<HTMLButtonElement>'.
  Property 'icon' does not exist on type 'IntrinsicAttributes & IconButtonProps & RefAttributes<HTMLButtonElement>'. Did you mean '_icon'?
src/components/common/MobileForm.tsx(5,3): error TS2305: Module '"@chakra-ui/react"' has no exported member 'FormControl'.
src/components/common/MobileForm.tsx(6,3): error TS2305: Module '"@chakra-ui/react"' has no exported member 'FormLabel'.
src/components/common/MobileForm.tsx(7,3): error TS2305: Module '"@chakra-ui/react"' has no exported member 'FormErrorMessage'.
src/components/common/MobileForm.tsx(8,3): error TS2305: Module '"@chakra-ui/react"' has no exported member 'FormHelperText'.
src/components/common/MobileForm.tsx(14,3): error TS2305: Module '"@chakra-ui/react"' has no exported member 'useColorModeValue'.
src/components/common/MobileForm.tsx(20,3): error TS2724: '"@chakra-ui/react"' has no exported member named 'NumberInputField'. Did you mean 'NumberInput'?
src/components/common/MobileForm.tsx(21,3): error TS2305: Module '"@chakra-ui/react"' has no exported member 'NumberInputStepper'.
src/components/common/MobileForm.tsx(22,3): error TS2305: Module '"@chakra-ui/react"' has no exported member 'NumberIncrementStepper'.
src/components/common/MobileForm.tsx(23,3): error TS2305: Module '"@chakra-ui/react"' has no exported member 'NumberDecrementStepper'.
src/components/common/MobileForm.tsx(25,3): error TS2724: '"@chakra-ui/react"' has no exported member named 'InputRightElement'. Did you mean 'InputElement'?
src/components/common/MobileForm.tsx(27,3): error TS2305: Module '"@chakra-ui/react"' has no exported member 'Modal'.
src/components/common/MobileForm.tsx(28,3): error TS2305: Module '"@chakra-ui/react"' has no exported member 'ModalOverlay'.
src/components/common/MobileForm.tsx(29,3): error TS2305: Module '"@chakra-ui/react"' has no exported member 'ModalContent'.
src/components/common/MobileForm.tsx(30,3): error TS2305: Module '"@chakra-ui/react"' has no exported member 'ModalHeader'.
src/components/common/MobileForm.tsx(31,3): error TS2305: Module '"@chakra-ui/react"' has no exported member 'ModalBody'.
src/components/common/MobileForm.tsx(32,3): error TS2724: '"@chakra-ui/react"' has no exported member named 'ModalCloseButton'. Did you mean 'CloseButton'?
src/components/common/MobileForm.tsx(33,3): error TS2724: '"@chakra-ui/react"' has no exported member named 'useToast'. Did you mean 'useTabs'?
src/components/common/MobileForm.tsx(118,5): error TS2339: Property 'isOpen' does not exist on type '{ open: boolean; onOpen: () => void; onClose: () => void; onToggle: () => void; setOpen: Dispatch<SetStateAction<boolean>>; }'.
src/components/common/MobileForm.tsx(123,5): error TS2339: Property 'isOpen' does not exist on type '{ open: boolean; onOpen: () => void; onClose: () => void; onToggle: () => void; setOpen: Dispatch<SetStateAction<boolean>>; }'.
src/components/common/MobileForm.tsx(266,14): error TS2746: This JSX tag's 'children' prop expects a single child of type 'ReactElement<InputElementProps, string | JSXElementConstructor<any>>', but multiple children were provided.
src/components/common/MobileForm.tsx(278,21): error TS2322: Type '{ "aria-label": string; icon: Element; variant: "ghost"; onClick: () => void; tabIndex: number; }' is not assignable to type 'IntrinsicAttributes & IconButtonProps & RefAttributes<HTMLButtonElement>'.
  Property 'icon' does not exist on type 'IntrinsicAttributes & IconButtonProps & RefAttributes<HTMLButtonElement>'. Did you mean '_icon'?
src/components/common/MobileForm.tsx(280,52): error TS2345: Argument of type 'boolean' is not assignable to parameter of type 'SetStateAction<Record<string, boolean>>'.
src/components/common/MobileForm.tsx(299,14): error TS2604: JSX element type 'NumberInput' does not have any construct or call signatures.
src/components/common/MobileForm.tsx(299,14): error TS2786: 'NumberInput' cannot be used as a JSX component.
  Its type 'typeof import("C:/Users/Lenovo ThinkCentre/OneDrive/Documents/GitHub/dojopool/node_modules/@chakra-ui/react/dist/types/components/number-input/namespace")' is not a valid JSX element type.
src/components/common/MobileForm.tsx(301,26): error TS7006: Parameter 'value' implicitly has an 'any' type.
src/components/common/MobileForm.tsx(302,17): error TS2554: Expected 2 arguments, but got 1.
src/components/common/MobileForm.tsx(327,14): error TS2604: JSX element type 'Select' does not have any construct or call signatures.
src/components/common/MobileForm.tsx(327,14): error TS2786: 'Select' cannot be used as a JSX component.
  Its type 'typeof import("C:/Users/Lenovo ThinkCentre/OneDrive/Documents/GitHub/dojopool/node_modules/@chakra-ui/react/dist/types/components/select/namespace")' is not a valid JSX element type.
src/components/common/MobileForm.tsx(364,16): error TS2604: JSX element type 'Switch' does not have any construct or call signatures.
src/components/common/MobileForm.tsx(364,16): error TS2786: 'Switch' cannot be used as a JSX component.
  Its type 'typeof import("C:/Users/Lenovo ThinkCentre/OneDrive/Documents/GitHub/dojopool/node_modules/@chakra-ui/react/dist/types/components/switch/namespace")' is not a valid JSX element type.
src/components/common/MobileForm.tsx(367,28): error TS7006: Parameter 'e' implicitly has an 'any' type.
src/components/common/MobileForm.tsx(368,19): error TS2554: Expected 2 arguments, but got 1.
src/components/common/MobileForm.tsx(391,14): error TS2746: This JSX tag's 'children' prop expects a single child of type 'ReactElement<InputElementProps, string | JSXElementConstructor<any>>', but multiple children were provided.
src/components/common/MobileForm.tsx(406,19): error TS2322: Type '{ "aria-label": string; icon: Element; variant: "ghost"; onClick: () => void; tabIndex: number; }' is not assignable to type 'IntrinsicAttributes & IconButtonProps & RefAttributes<HTMLButtonElement>'.
  Property 'icon' does not exist on type 'IntrinsicAttributes & IconButtonProps & RefAttributes<HTMLButtonElement>'. Did you mean '_icon'?
src/components/common/MobileForm.tsx(445,14): error TS2746: This JSX tag's 'children' prop expects a single child of type 'ReactElement<InputElementProps, string | JSXElementConstructor<any>>', but multiple children were provided.
src/components/common/MobileForm.tsx(460,19): error TS2322: Type '{ "aria-label": string; icon: Element; variant: "ghost"; onClick: () => void; tabIndex: number; }' is not assignable to type 'IntrinsicAttributes & IconButtonProps & RefAttributes<HTMLButtonElement>'.
  Property 'icon' does not exist on type 'IntrinsicAttributes & IconButtonProps & RefAttributes<HTMLButtonElement>'. Did you mean '_icon'?
src/components/common/MobileForm.tsx(509,15): error TS2322: Type '{ children: (false | "" | Element | Element[] | undefined)[]; spacing: number; align: "stretch"; }' is not assignable to type 'IntrinsicAttributes & StackProps & RefAttributes<HTMLDivElement>'.
  Property 'spacing' does not exist on type 'IntrinsicAttributes & StackProps & RefAttributes<HTMLDivElement>'.
src/components/common/MobileForm.tsx(515,19): error TS2322: Type '{ children: (false | Element)[]; spacing: number; justify: "flex-end"; }' is not assignable to type 'IntrinsicAttributes & StackProps & RefAttributes<HTMLDivElement>'.
  Property 'spacing' does not exist on type 'IntrinsicAttributes & StackProps & RefAttributes<HTMLDivElement>'.
src/components/common/MobileForm.tsx(540,12): error TS2304: Cannot find name 'Alert'.
src/components/common/MobileForm.tsx(541,14): error TS2304: Cannot find name 'AlertIcon'.
src/components/common/MobileForm.tsx(542,14): error TS2304: Cannot find name 'AlertTitle'.
src/components/common/MobileForm.tsx(542,32): error TS2304: Cannot find name 'AlertTitle'.
src/components/common/MobileForm.tsx(543,14): error TS2304: Cannot find name 'AlertDescription'.
src/components/common/MobileForm.tsx(543,40): error TS2304: Cannot find name 'AlertDescription'.
src/components/common/MobileForm.tsx(544,13): error TS2304: Cannot find name 'Alert'.
src/components/common/MobileForm.tsx(548,12): error TS2304: Cannot find name 'Alert'.
src/components/common/MobileForm.tsx(549,14): error TS2304: Cannot find name 'AlertIcon'.
src/components/common/MobileForm.tsx(550,14): error TS2304: Cannot find name 'AlertTitle'.
src/components/common/MobileForm.tsx(550,34): error TS2304: Cannot find name 'AlertTitle'.
src/components/common/MobileForm.tsx(551,14): error TS2304: Cannot find name 'AlertDescription'.
src/components/common/MobileForm.tsx(551,49): error TS2304: Cannot find name 'AlertDescription'.
src/components/common/MobileForm.tsx(552,13): error TS2304: Cannot find name 'Alert'.
src/components/common/MobileTimePicker.tsx(7,3): error TS2305: Module '"@chakra-ui/react"' has no exported member 'useColorModeValue'.
src/components/common/MobileTimePicker.tsx(10,3): error TS2724: '"@chakra-ui/react"' has no exported member named 'NumberInputField'. Did you mean 'NumberInput'?
src/components/common/MobileTimePicker.tsx(11,3): error TS2305: Module '"@chakra-ui/react"' has no exported member 'NumberInputStepper'.
src/components/common/MobileTimePicker.tsx(12,3): error TS2305: Module '"@chakra-ui/react"' has no exported member 'NumberIncrementStepper'.
src/components/common/MobileTimePicker.tsx(13,3): error TS2305: Module '"@chakra-ui/react"' has no exported member 'NumberDecrementStepper'.
src/components/common/MobileTimePicker.tsx(83,13): error TS2322: Type '{ children: Element[]; spacing: number; p: number; w: "100%"; }' is not assignable to type 'IntrinsicAttributes & StackProps & RefAttributes<HTMLDivElement>'.
  Property 'spacing' does not exist on type 'IntrinsicAttributes & StackProps & RefAttributes<HTMLDivElement>'.
src/components/common/MobileTimePicker.tsx(84,15): error TS2322: Type '{ children: (false | Element)[]; spacing: number; w: "100%"; justify: "center"; }' is not assignable to type 'IntrinsicAttributes & StackProps & RefAttributes<HTMLDivElement>'.
  Property 'spacing' does not exist on type 'IntrinsicAttributes & StackProps & RefAttributes<HTMLDivElement>'.
src/components/common/MobileTimePicker.tsx(89,12): error TS2604: JSX element type 'NumberInput' does not have any construct or call signatures.
src/components/common/MobileTimePicker.tsx(89,12): error TS2786: 'NumberInput' cannot be used as a JSX component.
  Its type 'typeof import("C:/Users/Lenovo ThinkCentre/OneDrive/Documents/GitHub/dojopool/node_modules/@chakra-ui/react/dist/types/components/number-input/namespace")' is not a valid JSX element type.
src/components/common/MobileTimePicker.tsx(112,12): error TS2604: JSX element type 'NumberInput' does not have any construct or call signatures.
src/components/common/MobileTimePicker.tsx(112,12): error TS2786: 'NumberInput' cannot be used as a JSX component.
  Its type 'typeof import("C:/Users/Lenovo ThinkCentre/OneDrive/Documents/GitHub/dojopool/node_modules/@chakra-ui/react/dist/types/components/number-input/namespace")' is not a valid JSX element type.
src/components/common/MobileTimePicker.tsx(133,14): error TS2604: JSX element type 'Select' does not have any construct or call signatures.
src/components/common/MobileTimePicker.tsx(133,14): error TS2786: 'Select' cannot be used as a JSX component.
  Its type 'typeof import("C:/Users/Lenovo ThinkCentre/OneDrive/Documents/GitHub/dojopool/node_modules/@chakra-ui/react/dist/types/components/select/namespace")' is not a valid JSX element type.
src/components/common/MobileTimePicker.tsx(135,26): error TS7006: Parameter 'e' implicitly has an 'any' type.
src/components/common/MobileTimePicker.tsx(145,15): error TS2322: Type '{ children: Element[]; spacing: number; w: "100%"; }' is not assignable to type 'IntrinsicAttributes & StackProps & RefAttributes<HTMLDivElement>'.
  Property 'spacing' does not exist on type 'IntrinsicAttributes & StackProps & RefAttributes<HTMLDivElement>'.
src/components/common/MobileTimePicker.tsx(149,46): error TS2322: Type '{ children: Element[]; wrap: "wrap"; justify: "center"; spacing: number; }' is not assignable to type 'IntrinsicAttributes & StackProps & RefAttributes<HTMLDivElement>'.
  Property 'spacing' does not exist on type 'IntrinsicAttributes & StackProps & RefAttributes<HTMLDivElement>'.
src/components/common/MobileTimePicker.tsx(152,68): error TS2345: Argument of type 'number' is not assignable to parameter of type 'string'.
src/components/common/MobileTimePicker.tsx(162,41): error TS2345: Argument of type 'number' is not assignable to parameter of type 'string'.
src/components/dashboard/Dashboard.tsx(32,25): error TS2307: Cannot find module './auth/AuthContext' or its corresponding type declarations.
src/components/dashboard/DependencyMetricsDashboard.tsx(26,8): error TS2613: Module '"C:/Users/Lenovo ThinkCentre/OneDrive/Documents/GitHub/dojopool/src/services/DependencyPerformanceMonitor"' has no default export. Did you mean to use 'import { DependencyPerformanceMonitor } from "C:/Users/Lenovo ThinkCentre/OneDrive/Documents/GitHub/dojopool/src/services/DependencyPerformanceMonitor"' instead?
src/components/game/__tests__/ShotAnalysis.test.tsx(7,18): error TS2741: Property 'value' is missing in type '{ children: ReactElement<unknown, string | JSXElementConstructor<any>>; }' but required in type 'ChakraProviderProps'.
src/components/game/GameBoard.tsx(2,15): error TS2305: Module '"@chakra-ui/react"' has no exported member 'useColorModeValue'.
src/components/game/GameBoard.tsx(5,10): error TS2614: Module '"konva"' has no exported member 'KonvaEventObject'. Did you mean to use 'import KonvaEventObject from "konva"' instead?
src/components/game/GameControls.tsx(6,3): error TS2305: Module '"@chakra-ui/react"' has no exported member 'SliderFilledTrack'.
src/components/game/GameControls.tsx(8,3): error TS2724: '"@chakra-ui/react"' has no exported member named 'SliderMarkLabel'. Did you mean 'SliderLabel'?
src/components/game/GameControls.tsx(13,3): error TS2305: Module '"@chakra-ui/react"' has no exported member 'useColorModeValue'.
src/components/game/GameControls.tsx(104,15): error TS2322: Type '{ children: Element[]; spacing: number; align: "stretch"; }' is not assignable to type 'IntrinsicAttributes & StackProps & RefAttributes<HTMLDivElement>'.
  Property 'spacing' does not exist on type 'IntrinsicAttributes & StackProps & RefAttributes<HTMLDivElement>'.
src/components/game/GameControls.tsx(108,12): error TS2604: JSX element type 'Slider' does not have any construct or call signatures.
src/components/game/GameControls.tsx(108,12): error TS2786: 'Slider' cannot be used as a JSX component.
  Its type 'typeof import("C:/Users/Lenovo ThinkCentre/OneDrive/Documents/GitHub/dojopool/node_modules/@chakra-ui/react/dist/types/components/slider/namespace")' is not a valid JSX element type.
src/components/game/GameControls.tsx(127,12): error TS2604: JSX element type 'Slider' does not have any construct or call signatures.
src/components/game/GameControls.tsx(127,12): error TS2786: 'Slider' cannot be used as a JSX component.
  Its type 'typeof import("C:/Users/Lenovo ThinkCentre/OneDrive/Documents/GitHub/dojopool/node_modules/@chakra-ui/react/dist/types/components/slider/namespace")' is not a valid JSX element type.
src/components/game/GameControls.tsx(146,12): error TS2604: JSX element type 'Slider' does not have any construct or call signatures.
src/components/game/GameControls.tsx(146,12): error TS2786: 'Slider' cannot be used as a JSX component.
  Its type 'typeof import("C:/Users/Lenovo ThinkCentre/OneDrive/Documents/GitHub/dojopool/node_modules/@chakra-ui/react/dist/types/components/slider/namespace")' is not a valid JSX element type.
src/components/game/GameControls.tsx(164,17): error TS2322: Type '{ children: Element[]; spacing: number; }' is not assignable to type 'IntrinsicAttributes & StackProps & RefAttributes<HTMLDivElement>'.
  Property 'spacing' does not exist on type 'IntrinsicAttributes & StackProps & RefAttributes<HTMLDivElement>'.
src/components/game/GameControls.tsx(170,13): error TS2322: Type '{ children: string; colorScheme: "blue"; onMouseDown: () => void; onMouseUp: () => void; onMouseLeave: () => void; isDisabled: boolean; flex: number; }' is not assignable to type 'IntrinsicAttributes & ButtonProps & RefAttributes<HTMLButtonElement>'.
  Property 'isDisabled' does not exist on type 'IntrinsicAttributes & ButtonProps & RefAttributes<HTMLButtonElement>'. Did you mean 'disabled'?
src/components/game/GameControls.tsx(178,13): error TS2322: Type '{ children: string; colorScheme: "red"; onClick: () => void; isDisabled: boolean; flex: number; }' is not assignable to type 'IntrinsicAttributes & ButtonProps & RefAttributes<HTMLButtonElement>'.
  Property 'isDisabled' does not exist on type 'IntrinsicAttributes & ButtonProps & RefAttributes<HTMLButtonElement>'. Did you mean 'disabled'?
src/components/game/GamePlay.tsx(7,3): error TS2305: Module '"@chakra-ui/react"' has no exported member 'useColorModeValue'.
src/components/game/GamePlay.tsx(199,26): error TS2322: Type 'string' is not assignable to type 'number'.
src/components/game/GamePlay.tsx(203,13): error TS2322: Type '{ children: Element[]; spacing: number; align: "stretch"; width: "100%"; maxW: "1200px"; mx: "auto"; }' is not assignable to type 'IntrinsicAttributes & StackProps & RefAttributes<HTMLDivElement>'.
  Property 'spacing' does not exist on type 'IntrinsicAttributes & StackProps & RefAttributes<HTMLDivElement>'.
src/components/game/GamePlay.tsx(217,15): error TS2322: Type '{ children: Element[]; spacing: number; align: "flex-start"; }' is not assignable to type 'IntrinsicAttributes & StackProps & RefAttributes<HTMLDivElement>'.
  Property 'spacing' does not exist on type 'IntrinsicAttributes & StackProps & RefAttributes<HTMLDivElement>'.
src/components/game/GamePlay.tsx(229,17): error TS2322: Type '{ children: (false | Element)[]; spacing: number; width: "400px"; }' is not assignable to type 'IntrinsicAttributes & StackProps & RefAttributes<HTMLDivElement>'.
  Property 'spacing' does not exist on type 'IntrinsicAttributes & StackProps & RefAttributes<HTMLDivElement>'.
src/components/game/GameSpectate.tsx(143,10): error TS2604: JSX element type 'Avatar' does not have any construct or call signatures.
src/components/game/GameSpectate.tsx(143,10): error TS2786: 'Avatar' cannot be used as a JSX component.
  Its type 'typeof import("C:/Users/Lenovo ThinkCentre/OneDrive/Documents/GitHub/dojopool/node_modules/@chakra-ui/react/dist/types/components/avatar/namespace")' is not a valid JSX element type.
src/components/game/GameSpectate.tsx(199,15): error TS2322: Type '{ "aria-label": string; icon: any; size: "md"; variant: "ghost"; }' is not assignable to type 'IntrinsicAttributes & IconButtonProps & RefAttributes<HTMLButtonElement>'.
  Property 'icon' does not exist on type 'IntrinsicAttributes & IconButtonProps & RefAttributes<HTMLButtonElement>'. Did you mean '_icon'?
src/components/game/GameSpectate.tsx(205,15): error TS2322: Type '{ "aria-label": string; icon: any; size: "md"; variant: "ghost"; }' is not assignable to type 'IntrinsicAttributes & IconButtonProps & RefAttributes<HTMLButtonElement>'.
  Property 'icon' does not exist on type 'IntrinsicAttributes & IconButtonProps & RefAttributes<HTMLButtonElement>'. Did you mean '_icon'?
src/components/game/GameSpectate.tsx(211,15): error TS2322: Type '{ "aria-label": string; icon: any; size: "md"; variant: "ghost"; }' is not assignable to type 'IntrinsicAttributes & IconButtonProps & RefAttributes<HTMLButtonElement>'.
  Property 'icon' does not exist on type 'IntrinsicAttributes & IconButtonProps & RefAttributes<HTMLButtonElement>'. Did you mean '_icon'?
src/components/game/GameSpectate.tsx(232,14): error TS2604: JSX element type 'Progress' does not have any construct or call signatures.
src/components/game/GameSpectate.tsx(232,14): error TS2786: 'Progress' cannot be used as a JSX component.
  Its type 'typeof import("C:/Users/Lenovo ThinkCentre/OneDrive/Documents/GitHub/dojopool/node_modules/@chakra-ui/react/dist/types/components/progress/namespace")' is not a valid JSX element type.
src/components/game/GameSpectate.tsx(242,14): error TS2604: JSX element type 'Progress' does not have any construct or call signatures.
src/components/game/GameSpectate.tsx(242,14): error TS2786: 'Progress' cannot be used as a JSX component.
  Its type 'typeof import("C:/Users/Lenovo ThinkCentre/OneDrive/Documents/GitHub/dojopool/node_modules/@chakra-ui/react/dist/types/components/progress/namespace")' is not a valid JSX element type.
src/components/game/GameSpectate.tsx(252,14): error TS2604: JSX element type 'Progress' does not have any construct or call signatures.
src/components/game/GameSpectate.tsx(252,14): error TS2786: 'Progress' cannot be used as a JSX component.
  Its type 'typeof import("C:/Users/Lenovo ThinkCentre/OneDrive/Documents/GitHub/dojopool/node_modules/@chakra-ui/react/dist/types/components/progress/namespace")' is not a valid JSX element type.
src/components/game/GameTracker.tsx(27,30): error TS2306: File 'C:/Users/Lenovo ThinkCentre/OneDrive/Documents/GitHub/dojopool/src/hooks/useGameRules.ts' is not a module.
src/components/game/GameTracker.tsx(28,29): error TS2305: Module '"../../types/game"' has no exported member 'Foul'.
src/components/game/GameTracker.tsx(28,35): error TS2305: Module '"../../types/game"' has no exported member 'Rule'.
src/components/game/GameTracker.tsx(42,22): error TS2339: Property 'updateScore' does not exist on type '{ gameState: GameState | null; loading: boolean; error: string | null; takeShot: (shot: Shot) => Promise<any>; reportFoul: (foul: Foul) => Promise<any>; pauseGame: () => Promise<...>; resumeGame: () => Promise<...>; cancelGame: () => Promise<...>; isMyTurn: boolean; canTakeShot: boolean; }'.
src/components/game/GameTracker.tsx(42,35): error TS2339: Property 'addFoul' does not exist on type '{ gameState: GameState | null; loading: boolean; error: string | null; takeShot: (shot: Shot) => Promise<any>; reportFoul: (foul: Foul) => Promise<any>; pauseGame: () => Promise<...>; resumeGame: () => Promise<...>; cancelGame: () => Promise<...>; isMyTurn: boolean; canTakeShot: boolean; }'.
src/components/game/GameTracker.tsx(42,44): error TS2339: Property 'undoLastAction' does not exist on type '{ gameState: GameState | null; loading: boolean; error: string | null; takeShot: (shot: Shot) => Promise<any>; reportFoul: (foul: Foul) => Promise<any>; pauseGame: () => Promise<...>; resumeGame: () => Promise<...>; cancelGame: () => Promise<...>; isMyTurn: boolean; canTakeShot: boolean; }'.
src/components/game/GameTracker.tsx(42,76): error TS2345: Argument of type 'string' is not assignable to parameter of type 'UseGameStateProps'.
src/components/game/GameTracker.tsx(95,41): error TS2339: Property 'fouls' does not exist on type 'GameState'.
src/components/game/GameTracker.tsx(96,31): error TS2339: Property 'fouls' does not exist on type 'GameState'.
src/components/game/GameTracker.tsx(103,35): error TS2551: Property 'scores' does not exist on type 'GameState'. Did you mean 'score'?
src/components/game/GameTracker.tsx(108,25): error TS2551: Property 'scores' does not exist on type 'GameState'. Did you mean 'score'?
src/components/game/GameTracker.tsx(138,23): error TS7006: Parameter 'rule' implicitly has an 'any' type.
src/components/game/GameTracker.tsx(180,39): error TS7006: Parameter 'example' implicitly has an 'any' type.
src/components/game/GameTracker.tsx(180,48): error TS7006: Parameter 'index' implicitly has an 'any' type.
src/components/game/GameView.tsx(3,10): error TS2724: '"../../types/game"' has no exported member named 'GameStatus'. Did you mean 'GameState'?
src/components/game/GameView.tsx(41,19): error TS2339: Property 'gameStatus' does not exist on type 'GameState'.
src/components/game/GameView.tsx(43,26): error TS2339: Property 'gameStatus' does not exist on type 'GameState'.
src/components/game/GameView.tsx(58,24): error TS2339: Property 'gameStatus' does not exist on type 'GameState'.
src/components/game/GameView.tsx(74,39): error TS2339: Property 'currentPlayer' does not exist on type 'GameState'.
src/components/game/GameView.tsx(80,36): error TS2551: Property 'scores' does not exist on type 'GameState'. Did you mean 'score'?
src/components/game/GameView.tsx(82,33): error TS2339: Property 'shots' does not exist on type 'GameState'.
src/components/game/GameView.tsx(82,80): error TS2339: Property 'shots' does not exist on type 'GameState'.
src/components/game/GameView.tsx(85,32): error TS2339: Property 'playerTypes' does not exist on type 'GameState'.
src/components/game/GameView.tsx(95,57): error TS2339: Property 'gameStatus' does not exist on type 'GameState'.
src/components/game/GameView.tsx(99,61): error TS2339: Property 'currentPlayer' does not exist on type 'GameState'.
src/components/game/GameView.tsx(101,22): error TS2339: Property 'winner' does not exist on type 'GameState'.
src/components/game/GameView.tsx(104,63): error TS2339: Property 'winner' does not exist on type 'GameState'.
src/components/game/ShotAnalysis.tsx(11,3): error TS2305: Module '"@chakra-ui/react"' has no exported member 'useColorModeValue'.
src/components/game/ShotAnalysis.tsx(121,17): error TS2322: Type '{ children: Element[]; spacing: number; }' is not assignable to type 'IntrinsicAttributes & StackProps & RefAttributes<HTMLDivElement>'.
  Property 'spacing' does not exist on type 'IntrinsicAttributes & StackProps & RefAttributes<HTMLDivElement>'.
src/components/game/ShotAnalysis.tsx(123,12): error TS2604: JSX element type 'Progress' does not have any construct or call signatures.
src/components/game/ShotAnalysis.tsx(123,12): error TS2786: 'Progress' cannot be used as a JSX component.
  Its type 'typeof import("C:/Users/Lenovo ThinkCentre/OneDrive/Documents/GitHub/dojopool/node_modules/@chakra-ui/react/dist/types/components/progress/namespace")' is not a valid JSX element type.
src/components/game/ShotAnalysis.tsx(141,15): error TS2322: Type '{ children: Element[]; spacing: number; align: "stretch"; }' is not assignable to type 'IntrinsicAttributes & StackProps & RefAttributes<HTMLDivElement>'.
  Property 'spacing' does not exist on type 'IntrinsicAttributes & StackProps & RefAttributes<HTMLDivElement>'.
src/components/game/ShotAnalysis.tsx(158,12): error TS2604: JSX element type 'Progress' does not have any construct or call signatures.
src/components/game/ShotAnalysis.tsx(158,12): error TS2786: 'Progress' cannot be used as a JSX component.
  Its type 'typeof import("C:/Users/Lenovo ThinkCentre/OneDrive/Documents/GitHub/dojopool/node_modules/@chakra-ui/react/dist/types/components/progress/namespace")' is not a valid JSX element type.
src/components/game/ShotAnalysis.tsx(195,19): error TS2322: Type '{ children: Element[]; spacing: number; align: "stretch"; }' is not assignable to type 'IntrinsicAttributes & StackProps & RefAttributes<HTMLDivElement>'.
  Property 'spacing' does not exist on type 'IntrinsicAttributes & StackProps & RefAttributes<HTMLDivElement>'.
src/components/game/ShotAnalysis.tsx(216,19): error TS2322: Type '{ children: Element[]; spacing: number; align: "stretch"; }' is not assignable to type 'IntrinsicAttributes & StackProps & RefAttributes<HTMLDivElement>'.
  Property 'spacing' does not exist on type 'IntrinsicAttributes & StackProps & RefAttributes<HTMLDivElement>'.
src/components/game/ShotAnalysis.tsx(231,19): error TS2322: Type '{ children: Element[]; spacing: number; align: "stretch"; }' is not assignable to type 'IntrinsicAttributes & StackProps & RefAttributes<HTMLDivElement>'.
  Property 'spacing' does not exist on type 'IntrinsicAttributes & StackProps & RefAttributes<HTMLDivElement>'.
src/components/game/ShotAnalysis.tsx(233,16): error TS2604: JSX element type 'Tooltip' does not have any construct or call signatures.
src/components/game/ShotAnalysis.tsx(233,16): error TS2786: 'Tooltip' cannot be used as a JSX component.
  Its type 'typeof import("C:/Users/Lenovo ThinkCentre/OneDrive/Documents/GitHub/dojopool/node_modules/@chakra-ui/react/dist/types/components/tooltip/namespace")' is not a valid JSX element type.
src/components/layout/AuthenticatedLayout.tsx(8,3): error TS2305: Module '"@chakra-ui/react"' has no exported member 'MenuButton'.
src/components/layout/AuthenticatedLayout.tsx(9,3): error TS2305: Module '"@chakra-ui/react"' has no exported member 'MenuList'.
src/components/layout/AuthenticatedLayout.tsx(12,3): error TS2305: Module '"@chakra-ui/react"' has no exported member 'useColorModeValue'.
src/components/layout/AuthenticatedLayout.tsx(57,19): error TS2322: Type '{ children: Element; spacing: number; }' is not assignable to type 'IntrinsicAttributes & StackProps & RefAttributes<HTMLDivElement>'.
  Property 'spacing' does not exist on type 'IntrinsicAttributes & StackProps & RefAttributes<HTMLDivElement>'.
src/components/layout/AuthenticatedLayout.tsx(58,14): error TS2604: JSX element type 'Menu' does not have any construct or call signatures.
src/components/layout/AuthenticatedLayout.tsx(58,14): error TS2786: 'Menu' cannot be used as a JSX component.
  Its type 'typeof import("C:/Users/Lenovo ThinkCentre/OneDrive/Documents/GitHub/dojopool/node_modules/@chakra-ui/react/dist/types/components/menu/namespace")' is not a valid JSX element type.
src/components/layout/AuthenticatedLayout.tsx(65,18): error TS2604: JSX element type 'Avatar' does not have any construct or call signatures.
src/components/layout/AuthenticatedLayout.tsx(65,18): error TS2786: 'Avatar' cannot be used as a JSX component.
  Its type 'typeof import("C:/Users/Lenovo ThinkCentre/OneDrive/Documents/GitHub/dojopool/node_modules/@chakra-ui/react/dist/types/components/avatar/namespace")' is not a valid JSX element type.
src/components/layout/AuthenticatedLayout.tsx(72,18): error TS2322: Type '{ children: string; icon: Element; onClick: () => Promise<boolean>; }' is not assignable to type 'IntrinsicAttributes & MenuItemProps & RefAttributes<HTMLDivElement>'.
  Property 'children' does not exist on type 'IntrinsicAttributes & MenuItemProps & RefAttributes<HTMLDivElement>'.
src/components/layout/AuthenticatedLayout.tsx(78,18): error TS2322: Type '{ children: string; icon: Element; onClick: () => Promise<boolean>; }' is not assignable to type 'IntrinsicAttributes & MenuItemProps & RefAttributes<HTMLDivElement>'.
  Property 'children' does not exist on type 'IntrinsicAttributes & MenuItemProps & RefAttributes<HTMLDivElement>'.
src/components/layout/AuthenticatedLayout.tsx(84,18): error TS2322: Type '{ children: string; icon: Element; onClick: () => Promise<void>; }' is not assignable to type 'IntrinsicAttributes & MenuItemProps & RefAttributes<HTMLDivElement>'.
  Property 'children' does not exist on type 'IntrinsicAttributes & MenuItemProps & RefAttributes<HTMLDivElement>'.
src/components/layout/Layout.tsx(4,19): error TS7031: Binding element 'children' implicitly has an 'any' type.
src/components/layout/MobileLayout.tsx(10,3): error TS2305: Module '"@chakra-ui/react"' has no exported member 'DrawerOverlay'.
src/components/layout/MobileLayout.tsx(12,3): error TS2305: Module '"@chakra-ui/react"' has no exported member 'DrawerCloseButton'.
src/components/layout/MobileLayout.tsx(15,3): error TS2305: Module '"@chakra-ui/react"' has no exported member 'useColorModeValue'.
src/components/layout/MobileLayout.tsx(21,3): error TS2305: Module '"@chakra-ui/react"' has no exported member 'MenuButton'.
src/components/layout/MobileLayout.tsx(22,3): error TS2305: Module '"@chakra-ui/react"' has no exported member 'MenuList'.
src/components/layout/MobileLayout.tsx(24,3): error TS2305: Module '"@chakra-ui/react"' has no exported member 'Divider'.
src/components/layout/MobileLayout.tsx(53,11): error TS2339: Property 'isOpen' does not exist on type '{ open: boolean; onOpen: () => void; onClose: () => void; onToggle: () => void; setOpen: Dispatch<SetStateAction<boolean>>; }'.
src/components/layout/MobileLayout.tsx(101,9): error TS2322: Type '{ "aria-label": string; icon: Element; variant: "ghost"; onClick: () => void; }' is not assignable to type 'IntrinsicAttributes & IconButtonProps & RefAttributes<HTMLButtonElement>'.
  Property 'icon' does not exist on type 'IntrinsicAttributes & IconButtonProps & RefAttributes<HTMLButtonElement>'. Did you mean '_icon'?
src/components/layout/MobileLayout.tsx(110,13): error TS2322: Type '{ children: false | Element; "aria-label": string; icon: Element; variant: "ghost"; onClick: () => void; position: "relative"; }' is not assignable to type 'IntrinsicAttributes & IconButtonProps & RefAttributes<HTMLButtonElement>'.
  Property 'icon' does not exist on type 'IntrinsicAttributes & IconButtonProps & RefAttributes<HTMLButtonElement>'. Did you mean '_icon'?
src/components/layout/MobileLayout.tsx(129,12): error TS2604: JSX element type 'Menu' does not have any construct or call signatures.
src/components/layout/MobileLayout.tsx(129,12): error TS2786: 'Menu' cannot be used as a JSX component.
  Its type 'typeof import("C:/Users/Lenovo ThinkCentre/OneDrive/Documents/GitHub/dojopool/node_modules/@chakra-ui/react/dist/types/components/menu/namespace")' is not a valid JSX element type.
src/components/layout/MobileLayout.tsx(133,18): error TS2604: JSX element type 'Avatar' does not have any construct or call signatures.
src/components/layout/MobileLayout.tsx(133,18): error TS2786: 'Avatar' cannot be used as a JSX component.
  Its type 'typeof import("C:/Users/Lenovo ThinkCentre/OneDrive/Documents/GitHub/dojopool/node_modules/@chakra-ui/react/dist/types/components/avatar/namespace")' is not a valid JSX element type.
src/components/layout/MobileLayout.tsx(142,16): error TS2322: Type '{ children: string; icon: Element; }' is not assignable to type 'IntrinsicAttributes & MenuItemProps & RefAttributes<HTMLDivElement>'.
  Property 'children' does not exist on type 'IntrinsicAttributes & MenuItemProps & RefAttributes<HTMLDivElement>'.
src/components/layout/MobileLayout.tsx(143,16): error TS2322: Type '{ children: string; icon: Element; onClick: () => void; }' is not assignable to type 'IntrinsicAttributes & MenuItemProps & RefAttributes<HTMLDivElement>'.
  Property 'children' does not exist on type 'IntrinsicAttributes & MenuItemProps & RefAttributes<HTMLDivElement>'.
src/components/layout/MobileLayout.tsx(154,6): error TS2604: JSX element type 'Drawer' does not have any construct or call signatures.
src/components/layout/MobileLayout.tsx(154,6): error TS2786: 'Drawer' cannot be used as a JSX component.
  Its type 'typeof import("C:/Users/Lenovo ThinkCentre/OneDrive/Documents/GitHub/dojopool/node_modules/@chakra-ui/react/dist/types/components/drawer/namespace")' is not a valid JSX element type.
src/components/layout/MobileLayout.tsx(161,19): error TS2322: Type '{ children: Element[]; spacing: number; align: "stretch"; mt: number; }' is not assignable to type 'IntrinsicAttributes & StackProps & RefAttributes<HTMLDivElement>'.
  Property 'spacing' does not exist on type 'IntrinsicAttributes & StackProps & RefAttributes<HTMLDivElement>'.
src/components/layout/MobileLayout.tsx(165,17): error TS2322: Type '{ children: string; key: number; leftIcon: Element; variant: "ghost"; justifyContent: "flex-start"; size: "lg"; width: "100%"; onClick: () => void; }' is not assignable to type 'IntrinsicAttributes & ButtonProps & RefAttributes<HTMLButtonElement>'.
  Property 'leftIcon' does not exist on type 'IntrinsicAttributes & ButtonProps & RefAttributes<HTMLButtonElement>'.
src/components/layout/MobileLayout.tsx(210,21): error TS2322: Type '{ children: (Element | Element[])[]; spacing: number; align: "stretch"; }' is not assignable to type 'IntrinsicAttributes & StackProps & RefAttributes<HTMLDivElement>'.
  Property 'spacing' does not exist on type 'IntrinsicAttributes & StackProps & RefAttributes<HTMLDivElement>'.
src/components/layout/MobileLayout.tsx(273,15): error TS2322: Type '{ key: number; "aria-label": string; icon: Element; variant: "ghost"; onClick: () => void; }' is not assignable to type 'IntrinsicAttributes & IconButtonProps & RefAttributes<HTMLButtonElement>'.
  Property 'icon' does not exist on type 'IntrinsicAttributes & IconButtonProps & RefAttributes<HTMLButtonElement>'. Did you mean '_icon'?
src/components/monitoring/PerformanceDashboard.tsx(25,8): error TS2307: Cannot find module '../services/PerformanceMonitor' or its corresponding type declarations.
src/components/monitoring/PerformanceDashboard.tsx(107,52): error TS7006: Parameter 'newMetrics' implicitly has an 'any' type.
src/components/monitoring/PerformanceMonitorDashboard.tsx(22,31): error TS2307: Cannot find module '../components/ErrorBoundary' or its corresponding type declarations.
src/components/monitoring/PerformanceMonitorDashboard.tsx(23,36): error TS2307: Cannot find module '../services/PerformanceMonitor' or its corresponding type declarations.
src/components/monitoring/PerformanceMonitorDashboard.tsx(24,59): error TS2307: Cannot find module '../utils/formatters' or its corresponding type declarations.
src/components/optimization/BundleOptimizationDashboard.tsx(37,8): error TS2613: Module '"C:/Users/Lenovo ThinkCentre/OneDrive/Documents/GitHub/dojopool/src/components/common/ErrorBoundary"' has no default export. Did you mean to use 'import { ErrorBoundary } from "C:/Users/Lenovo ThinkCentre/OneDrive/Documents/GitHub/dojopool/src/components/common/ErrorBoundary"' instead?
src/components/optimization/ImageOptimizationDashboard.tsx(248,23): error TS18048: 'analysis.total_size' is possibly 'undefined'.
src/components/optimization/ImageOptimizationDashboard.tsx(251,37): error TS18048: 'analysis.average_size' is possibly 'undefined'.
src/components/optimization/PerformanceMonitorDashboard.tsx(43,8): error TS7016: Could not find a declaration file for module 'react-window'. 'C:/Users/Lenovo ThinkCentre/OneDrive/Documents/GitHub/dojopool/node_modules/react-window/dist/index.cjs.js' implicitly has an 'any' type.
  Try `npm i --save-dev @types/react-window` if it exists or add a new declaration (.d.ts) file containing `declare module 'react-window';`
src/components/optimization/PerformanceMonitorDashboard.tsx(48,46): error TS2307: Cannot find module 'react-error-boundary' or its corresponding type declarations.
src/components/shot-analysis/__tests__/ShotTracker.test.tsx(16,6): error TS2352: Conversion of type 'typeof ShotAnalysisService' to type 'Mock<any, any, any>' may be a mistake because neither type sufficiently overlaps with the other. If this was intentional, convert the expression to 'unknown' first.
  Type 'typeof ShotAnalysisService' is missing the following properties from type 'Mock<any, any, any>': getMockName, mock, mockClear, mockReset, and 13 more.
src/components/shot-analysis/__tests__/ShotTracker.test.tsx(112,24): error TS2769: No overload matches this call.
  Overload 1 of 3, '(object: HTMLElement, method: never): SpyInstance<never, never, any>', gave the following error.
    Argument of type '"getContext"' is not assignable to parameter of type 'never'.
  Overload 2 of 3, '(object: HTMLElement, method: "animate" | "normalize" | "matches" | "focus" | "blur" | "click" | "scroll" | "before" | "after" | "scrollBy" | "scrollTo" | "dispatchEvent" | ... 64 more ... | "replaceChildren"): SpyInstance<...>', gave the following error.
    Argument of type '"getContext"' is not assignable to parameter of type '"animate" | "normalize" | "matches" | "focus" | "blur" | "click" | "scroll" | "before" | "after" | "scrollBy" | "scrollTo" | "dispatchEvent" | "addEventListener" | "removeEventListener" | ... 62 more ... | "replaceChildren"'.
src/components/shot-analysis/ShotFeedback.tsx(11,33): error TS2307: Cannot find module '../ai/shot-analysis/ShotFeedbackService' or its corresponding type declarations.
src/components/shot-analysis/ShotFeedback.tsx(52,22): error TS7053: Element implicitly has an 'any' type because expression of type 'any' can't be used to index type '{ readonly technique: "≡ƒÄ»"; readonly power: "≡ƒÆ¬"; readonly accuracy: "≡ƒÄ»"; readonly spin: "≡ƒîÇ"; readonly success: "Γ£à"; }'.
src/components/shot-analysis/ShotFeedback.tsx(56,28): error TS7053: Element implicitly has an 'any' type because expression of type 'any' can't be used to index type '{ readonly info: "primary"; readonly warning: "warning"; readonly error: "error"; }'.
src/components/social/Friends.tsx(9,3): error TS2724: '"@chakra-ui/react"' has no exported member named 'useToast'. Did you mean 'useTabs'?
src/components/social/Friends.tsx(12,3): error TS2724: '"@chakra-ui/react"' has no exported member named 'InputLeftElement'. Did you mean 'InputElement'?
src/components/social/Friends.tsx(14,3): error TS2724: '"@chakra-ui/react"' has no exported member named 'TabList'. Did you mean 'TabsList'?
src/components/social/Friends.tsx(15,3): error TS2724: '"@chakra-ui/react"' has no exported member named 'Tab'. Did you mean 'Tabs'?
src/components/social/Friends.tsx(16,3): error TS2305: Module '"@chakra-ui/react"' has no exported member 'TabPanels'.
src/components/social/Friends.tsx(17,3): error TS2305: Module '"@chakra-ui/react"' has no exported member 'TabPanel'.
src/components/social/Friends.tsx(117,15): error TS2322: Type '{ children: Element[]; spacing: number; }' is not assignable to type 'IntrinsicAttributes & StackProps & RefAttributes<HTMLDivElement>'.
  Property 'spacing' does not exist on type 'IntrinsicAttributes & StackProps & RefAttributes<HTMLDivElement>'.
src/components/social/Friends.tsx(118,10): error TS2604: JSX element type 'Avatar' does not have any construct or call signatures.
src/components/social/Friends.tsx(118,10): error TS2786: 'Avatar' cannot be used as a JSX component.
  Its type 'typeof import("C:/Users/Lenovo ThinkCentre/OneDrive/Documents/GitHub/dojopool/node_modules/@chakra-ui/react/dist/types/components/avatar/namespace")' is not a valid JSX element type.
src/components/social/Friends.tsx(163,8): error TS2604: JSX element type 'Tabs' does not have any construct or call signatures.
src/components/social/Friends.tsx(163,8): error TS2786: 'Tabs' cannot be used as a JSX component.
  Its type 'typeof import("C:/Users/Lenovo ThinkCentre/OneDrive/Documents/GitHub/dojopool/node_modules/@chakra-ui/react/dist/types/components/tabs/namespace")' is not a valid JSX element type.
src/components/social/Friends.tsx(180,21): error TS2322: Type '{ children: (false | Element | Element[])[]; spacing: number; align: "stretch"; }' is not assignable to type 'IntrinsicAttributes & StackProps & RefAttributes<HTMLDivElement>'.
  Property 'spacing' does not exist on type 'IntrinsicAttributes & StackProps & RefAttributes<HTMLDivElement>'.
src/components/social/Friends.tsx(194,21): error TS2322: Type '{ children: (false | Element | Element[])[]; spacing: number; align: "stretch"; }' is not assignable to type 'IntrinsicAttributes & StackProps & RefAttributes<HTMLDivElement>'.
  Property 'spacing' does not exist on type 'IntrinsicAttributes & StackProps & RefAttributes<HTMLDivElement>'.
src/components/social/Friends.tsx(208,21): error TS2322: Type '{ children: Element[]; spacing: number; align: "stretch"; }' is not assignable to type 'IntrinsicAttributes & StackProps & RefAttributes<HTMLDivElement>'.
  Property 'spacing' does not exist on type 'IntrinsicAttributes & StackProps & RefAttributes<HTMLDivElement>'.
src/components/social/Friends.tsx(209,16): error TS2746: This JSX tag's 'children' prop expects a single child of type 'ReactElement<InputElementProps, string | JSXElementConstructor<any>>', but multiple children were provided.
src/components/social/Friends.tsx(224,17): error TS2322: Type '{ children: string; colorScheme: "purple"; isDisabled: boolean; onClick: () => Promise<void>; }' is not assignable to type 'IntrinsicAttributes & ButtonProps & RefAttributes<HTMLButtonElement>'.
  Property 'isDisabled' does not exist on type 'IntrinsicAttributes & ButtonProps & RefAttributes<HTMLButtonElement>'. Did you mean 'disabled'?
src/components/social/FriendSuggestions.tsx(9,3): error TS2724: '"@chakra-ui/react"' has no exported member named 'useToast'. Did you mean 'useTabs'?
src/components/social/FriendSuggestions.tsx(14,20): error TS2305: Module '"@chakra-ui/icons"' has no exported member 'PeopleIcon'.
src/components/social/FriendSuggestions.tsx(69,15): error TS2322: Type '{ children: Element[]; spacing: number; align: "stretch"; }' is not assignable to type 'IntrinsicAttributes & StackProps & RefAttributes<HTMLDivElement>'.
  Property 'spacing' does not exist on type 'IntrinsicAttributes & StackProps & RefAttributes<HTMLDivElement>'.
src/components/social/FriendSuggestions.tsx(78,13): error TS2322: Type '{ children: (Element | Element[])[]; spacing: number; align: "stretch"; }' is not assignable to type 'IntrinsicAttributes & StackProps & RefAttributes<HTMLDivElement>'.
  Property 'spacing' does not exist on type 'IntrinsicAttributes & StackProps & RefAttributes<HTMLDivElement>'.
src/components/social/FriendSuggestions.tsx(99,23): error TS2322: Type '{ children: Element[]; spacing: number; }' is not assignable to type 'IntrinsicAttributes & StackProps & RefAttributes<HTMLDivElement>'.
  Property 'spacing' does not exist on type 'IntrinsicAttributes & StackProps & RefAttributes<HTMLDivElement>'.
src/components/social/FriendSuggestions.tsx(100,18): error TS2604: JSX element type 'Avatar' does not have any construct or call signatures.
src/components/social/FriendSuggestions.tsx(100,18): error TS2786: 'Avatar' cannot be used as a JSX component.
  Its type 'typeof import("C:/Users/Lenovo ThinkCentre/OneDrive/Documents/GitHub/dojopool/node_modules/@chakra-ui/react/dist/types/components/avatar/namespace")' is not a valid JSX element type.
src/components/social/FriendSuggestions.tsx(101,39): error TS2322: Type '{ children: Element[]; align: "start"; spacing: number; }' is not assignable to type 'IntrinsicAttributes & StackProps & RefAttributes<HTMLDivElement>'.
  Property 'spacing' does not exist on type 'IntrinsicAttributes & StackProps & RefAttributes<HTMLDivElement>'.
src/components/social/FriendSuggestions.tsx(103,27): error TS2322: Type '{ children: (false | Element)[]; spacing: number; }' is not assignable to type 'IntrinsicAttributes & StackProps & RefAttributes<HTMLDivElement>'.
  Property 'spacing' does not exist on type 'IntrinsicAttributes & StackProps & RefAttributes<HTMLDivElement>'.
src/components/social/FriendSuggestions.tsx(105,24): error TS2604: JSX element type 'Tooltip' does not have any construct or call signatures.
src/components/social/FriendSuggestions.tsx(105,24): error TS2786: 'Tooltip' cannot be used as a JSX component.
  Its type 'typeof import("C:/Users/Lenovo ThinkCentre/OneDrive/Documents/GitHub/dojopool/node_modules/@chakra-ui/react/dist/types/components/tooltip/namespace")' is not a valid JSX element type.
src/components/social/FriendSuggestions.tsx(109,35): error TS2322: Type '{ children: Element[]; spacing: number; }' is not assignable to type 'IntrinsicAttributes & StackProps & RefAttributes<HTMLDivElement>'.
  Property 'spacing' does not exist on type 'IntrinsicAttributes & StackProps & RefAttributes<HTMLDivElement>'.
src/components/social/FriendSuggestions.tsx(117,24): error TS2604: JSX element type 'Tooltip' does not have any construct or call signatures.
src/components/social/FriendSuggestions.tsx(117,24): error TS2786: 'Tooltip' cannot be used as a JSX component.
  Its type 'typeof import("C:/Users/Lenovo ThinkCentre/OneDrive/Documents/GitHub/dojopool/node_modules/@chakra-ui/react/dist/types/components/tooltip/namespace")' is not a valid JSX element type.
src/components/social/FriendSuggestions.tsx(121,35): error TS2322: Type '{ children: Element[]; spacing: number; }' is not assignable to type 'IntrinsicAttributes & StackProps & RefAttributes<HTMLDivElement>'.
  Property 'spacing' does not exist on type 'IntrinsicAttributes & StackProps & RefAttributes<HTMLDivElement>'.
src/components/social/index.ts(1,26): error TS2306: File 'C:/Users/Lenovo ThinkCentre/OneDrive/Documents/GitHub/dojopool/src/components/social/Messages.tsx' is not a module.
src/components/social/SocialFeed.tsx(213,9): error TS2322: Type '{ children: (false | "" | Element | undefined)[]; key: string; p: number; bg: "white"; borderRadius: "lg"; borderWidth: number; borderColor: "gray.200"; as: ForwardRefComponent<unknown, HTMLMotionProps<TagName>>; initial: { ...; }; animate: { ...; }; mb: number; }' is not assignable to type 'IntrinsicAttributes & Omit<PatchHtmlProps<Omit<DetailedHTMLProps<HTMLAttributes<HTMLDivElement>, HTMLDivElement>, "ref">>, "border" | ... 809 more ... | keyof PolymorphicProps> & Omit<...> & PolymorphicProps & { ...; }'.
  Property 'initial' does not exist on type 'IntrinsicAttributes & Omit<PatchHtmlProps<Omit<DetailedHTMLProps<HTMLAttributes<HTMLDivElement>, HTMLDivElement>, "ref">>, "border" | ... 809 more ... | keyof PolymorphicProps> & Omit<...> & PolymorphicProps & { ...; }'.
src/components/social/SocialFeed.tsx(220,15): error TS2322: Type '{ as: "img"; src: string; alt: string; w: "40px"; h: "40px"; borderRadius: "full"; mr: number; }' is not assignable to type 'IntrinsicAttributes & Omit<PatchHtmlProps<Omit<DetailedHTMLProps<HTMLAttributes<HTMLDivElement>, HTMLDivElement>, "ref">>, "border" | ... 809 more ... | keyof PolymorphicProps> & Omit<...> & PolymorphicProps & { ...; }'.
  Property 'src' does not exist on type 'IntrinsicAttributes & Omit<PatchHtmlProps<Omit<DetailedHTMLProps<HTMLAttributes<HTMLDivElement>, HTMLDivElement>, "ref">>, "border" | ... 809 more ... | keyof PolymorphicProps> & Omit<...> & PolymorphicProps & { ...; }'.
src/components/social/SocialFeed.tsx(237,15): error TS2322: Type '{ icon: Element; variant: "ghost"; "aria-label": string; }' is not assignable to type 'IntrinsicAttributes & IconButtonProps & RefAttributes<HTMLButtonElement>'.
  Property 'icon' does not exist on type 'IntrinsicAttributes & IconButtonProps & RefAttributes<HTMLButtonElement>'. Did you mean '_icon'?
src/components/social/SocialFeed.tsx(253,17): error TS2322: Type '{ as: "img"; src: string; alt: string; w: "40px"; h: "40px"; objectFit: "cover"; borderRadius: "md"; mr: number; }' is not assignable to type 'IntrinsicAttributes & Omit<PatchHtmlProps<Omit<DetailedHTMLProps<HTMLAttributes<HTMLDivElement>, HTMLDivElement>, "ref">>, "border" | ... 809 more ... | keyof PolymorphicProps> & Omit<...> & PolymorphicProps & { ...; }'.
  Property 'src' does not exist on type 'IntrinsicAttributes & Omit<PatchHtmlProps<Omit<DetailedHTMLProps<HTMLAttributes<HTMLDivElement>, HTMLDivElement>, "ref">>, "border" | ... 809 more ... | keyof PolymorphicProps> & Omit<...> & PolymorphicProps & { ...; }'.
src/components/social/SocialFeed.tsx(309,21): error TS2322: Type '{ key: number; as: "img"; src: string; alt: string; w: "100px"; h: "100px"; objectFit: "cover"; borderRadius: "md"; cursor: "pointer"; mr: number; }' is not assignable to type 'IntrinsicAttributes & Omit<PatchHtmlProps<Omit<DetailedHTMLProps<HTMLAttributes<HTMLDivElement>, HTMLDivElement>, "ref">>, "border" | ... 809 more ... | keyof PolymorphicProps> & Omit<...> & PolymorphicProps & { ...; }'.
  Property 'src' does not exist on type 'IntrinsicAttributes & Omit<PatchHtmlProps<Omit<DetailedHTMLProps<HTMLAttributes<HTMLDivElement>, HTMLDivElement>, "ref">>, "border" | ... 809 more ... | keyof PolymorphicProps> & Omit<...> & PolymorphicProps & { ...; }'.
src/components/social/SocialFeed.tsx(328,13): error TS2322: Type '{ as: "img"; src: string; alt: string; maxH: "400px"; w: "100%"; objectFit: "cover"; borderRadius: "md"; mb: number; }' is not assignable to type 'IntrinsicAttributes & Omit<PatchHtmlProps<Omit<DetailedHTMLProps<HTMLAttributes<HTMLDivElement>, HTMLDivElement>, "ref">>, "border" | ... 809 more ... | keyof PolymorphicProps> & Omit<...> & PolymorphicProps & { ...; }'.
  Property 'src' does not exist on type 'IntrinsicAttributes & Omit<PatchHtmlProps<Omit<DetailedHTMLProps<HTMLAttributes<HTMLDivElement>, HTMLDivElement>, "ref">>, "border" | ... 809 more ... | keyof PolymorphicProps> & Omit<...> & PolymorphicProps & { ...; }'.
src/components/social/SocialFeed.tsx(338,15): error TS2322: Type '{ children: Element[]; spacing: number; }' is not assignable to type 'IntrinsicAttributes & FlexProps & RefAttributes<HTMLDivElement>'.
  Property 'spacing' does not exist on type 'IntrinsicAttributes & FlexProps & RefAttributes<HTMLDivElement>'.
src/components/social/SocialFeed.tsx(340,13): error TS2322: Type '{ children: number; leftIcon: Element; variant: "solid" | "ghost"; colorScheme: "red"; size: "sm"; onClick: () => Promise<void>; }' is not assignable to type 'IntrinsicAttributes & ButtonProps & RefAttributes<HTMLButtonElement>'.
  Property 'leftIcon' does not exist on type 'IntrinsicAttributes & ButtonProps & RefAttributes<HTMLButtonElement>'.
src/components/social/SocialFeed.tsx(349,19): error TS2322: Type '{ children: number; leftIcon: Element; variant: "ghost"; size: "sm"; }' is not assignable to type 'IntrinsicAttributes & ButtonProps & RefAttributes<HTMLButtonElement>'.
  Property 'leftIcon' does not exist on type 'IntrinsicAttributes & ButtonProps & RefAttributes<HTMLButtonElement>'.
src/components/social/SocialFeed.tsx(354,13): error TS2322: Type '{ children: string; leftIcon: Element; variant: "ghost"; size: "sm"; onClick: () => Promise<void>; }' is not assignable to type 'IntrinsicAttributes & ButtonProps & RefAttributes<HTMLButtonElement>'.
  Property 'leftIcon' does not exist on type 'IntrinsicAttributes & ButtonProps & RefAttributes<HTMLButtonElement>'.
src/components/social/SocialFeed.tsx(386,19): error TS2322: Type '{ as: "img"; src: string; alt: string; w: "40px"; h: "40px"; borderRadius: "full"; mr: number; }' is not assignable to type 'IntrinsicAttributes & Omit<PatchHtmlProps<Omit<DetailedHTMLProps<HTMLAttributes<HTMLDivElement>, HTMLDivElement>, "ref">>, "border" | ... 809 more ... | keyof PolymorphicProps> & Omit<...> & PolymorphicProps & { ...; }'.
  Property 'src' does not exist on type 'IntrinsicAttributes & Omit<PatchHtmlProps<Omit<DetailedHTMLProps<HTMLAttributes<HTMLDivElement>, HTMLDivElement>, "ref">>, "border" | ... 809 more ... | keyof PolymorphicProps> & Omit<...> & PolymorphicProps & { ...; }'.
src/components/social/SocialFeed.tsx(402,17): error TS2322: Type '{ children: string; leftIcon: Element; size: "sm"; colorScheme: "blue"; onClick: () => Promise<void>; }' is not assignable to type 'IntrinsicAttributes & ButtonProps & RefAttributes<HTMLButtonElement>'.
  Property 'leftIcon' does not exist on type 'IntrinsicAttributes & ButtonProps & RefAttributes<HTMLButtonElement>'.
src/components/social/SocialFeed.tsx(419,21): error TS2322: Type '{ children: (Element | Element[])[]; flex: number; spacing: number; ref: RefObject<HTMLDivElement | null>; }' is not assignable to type 'IntrinsicAttributes & Omit<PatchHtmlProps<Omit<DetailedHTMLProps<HTMLAttributes<HTMLDivElement>, HTMLDivElement>, "ref">>, "border" | ... 809 more ... | keyof PolymorphicProps> & Omit<...> & PolymorphicProps & { ...; }'.
  Property 'spacing' does not exist on type 'IntrinsicAttributes & Omit<PatchHtmlProps<Omit<DetailedHTMLProps<HTMLAttributes<HTMLDivElement>, HTMLDivElement>, "ref">>, "border" | ... 809 more ... | keyof PolymorphicProps> & Omit<...> & PolymorphicProps & { ...; }'.
src/components/social/SocialFeed.tsx(435,38): error TS2322: Type '{ children: string; colorScheme: "blue"; isDisabled: boolean; }' is not assignable to type 'IntrinsicAttributes & ButtonProps & RefAttributes<HTMLButtonElement>'.
  Property 'isDisabled' does not exist on type 'IntrinsicAttributes & ButtonProps & RefAttributes<HTMLButtonElement>'. Did you mean 'disabled'?
src/components/social/UserProfile.tsx(118,15): error TS2322: Type '{ children: Element[]; spacing: number; mb: number; }' is not assignable to type 'IntrinsicAttributes & StackProps & RefAttributes<HTMLDivElement>'.
  Property 'spacing' does not exist on type 'IntrinsicAttributes & StackProps & RefAttributes<HTMLDivElement>'.
src/components/social/UserProfile.tsx(120,11): error TS2322: Type '{ as: "img"; size: string; src: string; alt: string; }' is not assignable to type 'IntrinsicAttributes & Omit<PatchHtmlProps<Omit<DetailedHTMLProps<HTMLAttributes<HTMLDivElement>, HTMLDivElement>, "ref">>, "border" | ... 809 more ... | keyof PolymorphicProps> & Omit<...> & PolymorphicProps & { ...; }'.
  Property 'size' does not exist on type 'IntrinsicAttributes & Omit<PatchHtmlProps<Omit<DetailedHTMLProps<HTMLAttributes<HTMLDivElement>, HTMLDivElement>, "ref">>, "border" | ... 809 more ... | keyof PolymorphicProps> & Omit<...> & PolymorphicProps & { ...; }'.
src/components/social/UserProfile.tsx(124,52): error TS2322: Type '{ children: Element[]; display: "flex"; flexDirection: "column"; align: string; spacing: number; }' is not assignable to type 'IntrinsicAttributes & Omit<PatchHtmlProps<Omit<DetailedHTMLProps<HTMLAttributes<HTMLDivElement>, HTMLDivElement>, "ref">>, "border" | ... 809 more ... | keyof PolymorphicProps> & Omit<...> & PolymorphicProps & { ...; }'.
  Property 'align' does not exist on type 'IntrinsicAttributes & Omit<PatchHtmlProps<Omit<DetailedHTMLProps<HTMLAttributes<HTMLDivElement>, HTMLDivElement>, "ref">>, "border" | ... 809 more ... | keyof PolymorphicProps> & Omit<...> & PolymorphicProps & { ...; }'.
src/components/social/UserProfile.tsx(138,52): error TS2322: Type '{ children: Element[]; display: "flex"; flexDirection: "column"; spacing: number; align: string; }' is not assignable to type 'IntrinsicAttributes & Omit<PatchHtmlProps<Omit<DetailedHTMLProps<HTMLAttributes<HTMLDivElement>, HTMLDivElement>, "ref">>, "border" | ... 809 more ... | keyof PolymorphicProps> & Omit<...> & PolymorphicProps & { ...; }'.
  Property 'spacing' does not exist on type 'IntrinsicAttributes & Omit<PatchHtmlProps<Omit<DetailedHTMLProps<HTMLAttributes<HTMLDivElement>, HTMLDivElement>, "ref">>, "border" | ... 809 more ... | keyof PolymorphicProps> & Omit<...> & PolymorphicProps & { ...; }'.
src/components/social/UserProfile.tsx(162,10): error TS2604: JSX element type 'Progress' does not have any construct or call signatures.
src/components/social/UserProfile.tsx(162,10): error TS2786: 'Progress' cannot be used as a JSX component.
  Its type 'typeof import("C:/Users/Lenovo ThinkCentre/OneDrive/Documents/GitHub/dojopool/node_modules/@chakra-ui/react/dist/types/components/progress/namespace")' is not a valid JSX element type.
src/components/social/UserProfile.tsx(179,54): error TS2322: Type '{ children: Element[]; display: "flex"; flexDirection: "column"; spacing: number; align: string; }' is not assignable to type 'IntrinsicAttributes & Omit<PatchHtmlProps<Omit<DetailedHTMLProps<HTMLAttributes<HTMLDivElement>, HTMLDivElement>, "ref">>, "border" | ... 809 more ... | keyof PolymorphicProps> & Omit<...> & PolymorphicProps & { ...; }'.
  Property 'spacing' does not exist on type 'IntrinsicAttributes & Omit<PatchHtmlProps<Omit<DetailedHTMLProps<HTMLAttributes<HTMLDivElement>, HTMLDivElement>, "ref">>, "border" | ... 809 more ... | keyof PolymorphicProps> & Omit<...> & PolymorphicProps & { ...; }'.
src/components/social/UserProfile.tsx(184,35): error TS2322: Type '{ as: "img"; size: string; src: string; alt: string; }' is not assignable to type 'IntrinsicAttributes & Omit<PatchHtmlProps<Omit<DetailedHTMLProps<HTMLAttributes<HTMLDivElement>, HTMLDivElement>, "ref">>, "border" | ... 809 more ... | keyof PolymorphicProps> & Omit<...> & PolymorphicProps & { ...; }'.
  Property 'size' does not exist on type 'IntrinsicAttributes & Omit<PatchHtmlProps<Omit<DetailedHTMLProps<HTMLAttributes<HTMLDivElement>, HTMLDivElement>, "ref">>, "border" | ... 809 more ... | keyof PolymorphicProps> & Omit<...> & PolymorphicProps & { ...; }'.
src/components/social/UserProfile.tsx(198,52): error TS2322: Type '{ children: Element[]; display: "flex"; flexDirection: "column"; spacing: number; align: string; }' is not assignable to type 'IntrinsicAttributes & Omit<PatchHtmlProps<Omit<DetailedHTMLProps<HTMLAttributes<HTMLDivElement>, HTMLDivElement>, "ref">>, "border" | ... 809 more ... | keyof PolymorphicProps> & Omit<...> & PolymorphicProps & { ...; }'.
  Property 'spacing' does not exist on type 'IntrinsicAttributes & Omit<PatchHtmlProps<Omit<DetailedHTMLProps<HTMLAttributes<HTMLDivElement>, HTMLDivElement>, "ref">>, "border" | ... 809 more ... | keyof PolymorphicProps> & Omit<...> & PolymorphicProps & { ...; }'.
src/components/social/UserProfile.tsx(202,60): error TS2322: Type '{ children: Element[]; display: "flex"; flexDirection: "column"; align: string; spacing: number; }' is not assignable to type 'IntrinsicAttributes & Omit<PatchHtmlProps<Omit<DetailedHTMLProps<HTMLAttributes<HTMLDivElement>, HTMLDivElement>, "ref">>, "border" | ... 809 more ... | keyof PolymorphicProps> & Omit<...> & PolymorphicProps & { ...; }'.
  Property 'align' does not exist on type 'IntrinsicAttributes & Omit<PatchHtmlProps<Omit<DetailedHTMLProps<HTMLAttributes<HTMLDivElement>, HTMLDivElement>, "ref">>, "border" | ... 809 more ... | keyof PolymorphicProps> & Omit<...> & PolymorphicProps & { ...; }'.
src/components/social/UserProfile.tsx(217,24): error TS2322: Type '{ children: Element[]; mt: number; spacing: number; }' is not assignable to type 'IntrinsicAttributes & StackProps & RefAttributes<HTMLDivElement>'.
  Property 'spacing' does not exist on type 'IntrinsicAttributes & StackProps & RefAttributes<HTMLDivElement>'.
src/components/tournament/__tests__/MatchScheduler.test.tsx(115,19): error TS2322: Type '{ status: string; endTime: string; id: string; round: number; matchNumber: number; player1: Player; player2: Player; startTime?: string; duration: number; tableNumber?: number; }' is not assignable to type 'Match'.
  Types of property 'status' are incompatible.
    Type 'string' is not assignable to type '"completed" | "in_progress" | "scheduled"'.
src/components/tournament/__tests__/TournamentBracket.test.tsx(7,18): error TS2741: Property 'value' is missing in type '{ children: ReactElement<unknown, string | JSXElementConstructor<any>>; }' but required in type 'ChakraProviderProps'.
src/components/tournament/__tests__/TournamentBracket.test.tsx(44,54): error TS2322: Type '({ id: string; round: number; matchNumber: number; player1: { id: string; name: string; seed: number; }; player2: { id: string; name: string; seed: number; }; status: string; startTime: string; endTime: string; winner: { ...; }; } | { ...; } | { ...; })[]' is not assignable to type 'Match[]'.
  Type '{ id: string; round: number; matchNumber: number; player1: { id: string; name: string; seed: number; }; player2: { id: string; name: string; seed: number; }; status: string; startTime: string; endTime: string; winner: { ...; }; } | { ...; } | { ...; }' is not assignable to type 'Match'.
    Type '{ id: string; round: number; matchNumber: number; player1: { id: string; name: string; seed: number; }; player2: { id: string; name: string; seed: number; }; status: string; startTime: string; endTime: string; winner: { ...; }; }' is not assignable to type 'Match'.
      Types of property 'status' are incompatible.
        Type 'string' is not assignable to type '"completed" | "in_progress" | "scheduled"'.
src/components/tournament/__tests__/TournamentBracket.test.tsx(54,54): error TS2322: Type '({ id: string; round: number; matchNumber: number; player1: { id: string; name: string; seed: number; }; player2: { id: string; name: string; seed: number; }; status: string; startTime: string; endTime: string; winner: { ...; }; } | { ...; } | { ...; })[]' is not assignable to type 'Match[]'.
  Type '{ id: string; round: number; matchNumber: number; player1: { id: string; name: string; seed: number; }; player2: { id: string; name: string; seed: number; }; status: string; startTime: string; endTime: string; winner: { ...; }; } | { ...; } | { ...; }' is not assignable to type 'Match'.
    Type '{ id: string; round: number; matchNumber: number; player1: { id: string; name: string; seed: number; }; player2: { id: string; name: string; seed: number; }; status: string; startTime: string; endTime: string; winner: { ...; }; }' is not assignable to type 'Match'.
      Types of property 'status' are incompatible.
        Type 'string' is not assignable to type '"completed" | "in_progress" | "scheduled"'.
src/components/tournament/__tests__/TournamentBracket.test.tsx(77,54): error TS2322: Type '({ id: string; round: number; matchNumber: number; player1: { id: string; name: string; seed: number; }; player2: { id: string; name: string; seed: number; }; status: string; startTime: string; endTime: string; winner: { ...; }; } | { ...; } | { ...; })[]' is not assignable to type 'Match[]'.
  Type '{ id: string; round: number; matchNumber: number; player1: { id: string; name: string; seed: number; }; player2: { id: string; name: string; seed: number; }; status: string; startTime: string; endTime: string; winner: { ...; }; } | { ...; } | { ...; }' is not assignable to type 'Match'.
    Type '{ id: string; round: number; matchNumber: number; player1: { id: string; name: string; seed: number; }; player2: { id: string; name: string; seed: number; }; status: string; startTime: string; endTime: string; winner: { ...; }; }' is not assignable to type 'Match'.
      Types of property 'status' are incompatible.
        Type 'string' is not assignable to type '"completed" | "in_progress" | "scheduled"'.
src/components/tournament/__tests__/TournamentBracket.test.tsx(85,54): error TS2322: Type '({ id: string; round: number; matchNumber: number; player1: { id: string; name: string; seed: number; }; player2: { id: string; name: string; seed: number; }; status: string; startTime: string; endTime: string; winner: { ...; }; } | { ...; } | { ...; })[]' is not assignable to type 'Match[]'.
  Type '{ id: string; round: number; matchNumber: number; player1: { id: string; name: string; seed: number; }; player2: { id: string; name: string; seed: number; }; status: string; startTime: string; endTime: string; winner: { ...; }; } | { ...; } | { ...; }' is not assignable to type 'Match'.
    Type '{ id: string; round: number; matchNumber: number; player1: { id: string; name: string; seed: number; }; player2: { id: string; name: string; seed: number; }; status: string; startTime: string; endTime: string; winner: { ...; }; }' is not assignable to type 'Match'.
      Types of property 'status' are incompatible.
        Type 'string' is not assignable to type '"completed" | "in_progress" | "scheduled"'.
src/components/tournament/__tests__/TournamentBracket.test.tsx(97,9): error TS2322: Type '({ id: string; round: number; matchNumber: number; player1: { id: string; name: string; seed: number; }; player2: { id: string; name: string; seed: number; }; status: string; startTime: string; endTime: string; winner: { ...; }; } | { ...; } | { ...; })[]' is not assignable to type 'Match[]'.
  Type '{ id: string; round: number; matchNumber: number; player1: { id: string; name: string; seed: number; }; player2: { id: string; name: string; seed: number; }; status: string; startTime: string; endTime: string; winner: { ...; }; } | { ...; } | { ...; }' is not assignable to type 'Match'.
    Type '{ id: string; round: number; matchNumber: number; player1: { id: string; name: string; seed: number; }; player2: { id: string; name: string; seed: number; }; status: string; startTime: string; endTime: string; winner: { ...; }; }' is not assignable to type 'Match'.
      Types of property 'status' are incompatible.
        Type 'string' is not assignable to type '"completed" | "in_progress" | "scheduled"'.
src/components/tournament/__tests__/TournamentBracket.test.tsx(110,54): error TS2322: Type '({ id: string; round: number; matchNumber: number; player1: { id: string; name: string; seed: number; }; player2: { id: string; name: string; seed: number; }; status: string; startTime: string; endTime: string; winner: { ...; }; } | { ...; } | { ...; })[]' is not assignable to type 'Match[]'.
  Type '{ id: string; round: number; matchNumber: number; player1: { id: string; name: string; seed: number; }; player2: { id: string; name: string; seed: number; }; status: string; startTime: string; endTime: string; winner: { ...; }; } | { ...; } | { ...; }' is not assignable to type 'Match'.
    Type '{ id: string; round: number; matchNumber: number; player1: { id: string; name: string; seed: number; }; player2: { id: string; name: string; seed: number; }; status: string; startTime: string; endTime: string; winner: { ...; }; }' is not assignable to type 'Match'.
      Types of property 'status' are incompatible.
        Type 'string' is not assignable to type '"completed" | "in_progress" | "scheduled"'.
src/components/tournament/MatchList.tsx(4,23): error TS2307: Cannot find module '../pages/TournamentDetailPage' or its corresponding type declarations.
src/components/tournament/MatchScheduler.tsx(7,3): error TS2305: Module '"@chakra-ui/react"' has no exported member 'useColorModeValue'.
src/components/tournament/MatchScheduler.tsx(11,3): error TS2305: Module '"@chakra-ui/react"' has no exported member 'FormControl'.
src/components/tournament/MatchScheduler.tsx(12,3): error TS2305: Module '"@chakra-ui/react"' has no exported member 'FormLabel'.
src/components/tournament/MatchScheduler.tsx(13,3): error TS2305: Module '"@chakra-ui/react"' has no exported member 'FormErrorMessage'.
src/components/tournament/MatchScheduler.tsx(14,3): error TS2724: '"@chakra-ui/react"' has no exported member named 'useToast'. Did you mean 'useTabs'?
src/components/tournament/MatchScheduler.tsx(15,3): error TS2305: Module '"@chakra-ui/react"' has no exported member 'Modal'.
src/components/tournament/MatchScheduler.tsx(16,3): error TS2305: Module '"@chakra-ui/react"' has no exported member 'ModalOverlay'.
src/components/tournament/MatchScheduler.tsx(17,3): error TS2305: Module '"@chakra-ui/react"' has no exported member 'ModalContent'.
src/components/tournament/MatchScheduler.tsx(18,3): error TS2305: Module '"@chakra-ui/react"' has no exported member 'ModalHeader'.
src/components/tournament/MatchScheduler.tsx(19,3): error TS2305: Module '"@chakra-ui/react"' has no exported member 'ModalBody'.
src/components/tournament/MatchScheduler.tsx(20,3): error TS2305: Module '"@chakra-ui/react"' has no exported member 'ModalFooter'.
src/components/tournament/MatchScheduler.tsx(21,3): error TS2724: '"@chakra-ui/react"' has no exported member named 'ModalCloseButton'. Did you mean 'CloseButton'?
src/components/tournament/MatchScheduler.tsx(66,11): error TS2339: Property 'isOpen' does not exist on type '{ open: boolean; onOpen: () => void; onClose: () => void; onToggle: () => void; setOpen: Dispatch<SetStateAction<boolean>>; }'.
src/components/tournament/MatchScheduler.tsx(137,17): error TS2322: Type '{ children: (false | "" | 0 | Element | undefined)[]; spacing: number; align: "stretch"; }' is not assignable to type 'IntrinsicAttributes & StackProps & RefAttributes<HTMLDivElement>'.
  Property 'spacing' does not exist on type 'IntrinsicAttributes & StackProps & RefAttributes<HTMLDivElement>'.
src/components/tournament/MatchScheduler.tsx(142,15): error TS2322: Type '{ children: string; size: "sm"; leftIcon: Element; onClick: () => void; isDisabled: boolean; }' is not assignable to type 'IntrinsicAttributes & ButtonProps & RefAttributes<HTMLButtonElement>'.
  Property 'leftIcon' does not exist on type 'IntrinsicAttributes & ButtonProps & RefAttributes<HTMLButtonElement>'.
src/components/tournament/MatchScheduler.tsx(150,19): error TS2322: Type '{ children: Element[]; spacing: number; }' is not assignable to type 'IntrinsicAttributes & StackProps & RefAttributes<HTMLDivElement>'.
  Property 'spacing' does not exist on type 'IntrinsicAttributes & StackProps & RefAttributes<HTMLDivElement>'.
src/components/tournament/MatchScheduler.tsx(155,19): error TS2322: Type '{ children: Element[]; spacing: number; }' is not assignable to type 'IntrinsicAttributes & StackProps & RefAttributes<HTMLDivElement>'.
  Property 'spacing' does not exist on type 'IntrinsicAttributes & StackProps & RefAttributes<HTMLDivElement>'.
src/components/tournament/MatchScheduler.tsx(161,21): error TS2322: Type '{ children: Element[]; spacing: number; }' is not assignable to type 'IntrinsicAttributes & StackProps & RefAttributes<HTMLDivElement>'.
  Property 'spacing' does not exist on type 'IntrinsicAttributes & StackProps & RefAttributes<HTMLDivElement>'.
src/components/tournament/MatchScheduler.tsx(168,21): error TS2322: Type '{ children: Element[]; spacing: number; }' is not assignable to type 'IntrinsicAttributes & StackProps & RefAttributes<HTMLDivElement>'.
  Property 'spacing' does not exist on type 'IntrinsicAttributes & StackProps & RefAttributes<HTMLDivElement>'.
src/components/tournament/MatchScheduler.tsx(181,21): error TS2322: Type '{ children: Element[]; spacing: number; }' is not assignable to type 'IntrinsicAttributes & StackProps & RefAttributes<HTMLDivElement>'.
  Property 'spacing' does not exist on type 'IntrinsicAttributes & StackProps & RefAttributes<HTMLDivElement>'.
src/components/tournament/MatchScheduler.tsx(192,13): error TS2322: Type '{ children: Element[]; spacing: number; align: "stretch"; width: "100%"; maxW: "1200px"; mx: "auto"; }' is not assignable to type 'IntrinsicAttributes & StackProps & RefAttributes<HTMLDivElement>'.
  Property 'spacing' does not exist on type 'IntrinsicAttributes & StackProps & RefAttributes<HTMLDivElement>'.
src/components/tournament/MatchScheduler.tsx(203,17): error TS2322: Type '{ children: Element[]; spacing: number; align: "stretch"; }' is not assignable to type 'IntrinsicAttributes & StackProps & RefAttributes<HTMLDivElement>'.
  Property 'spacing' does not exist on type 'IntrinsicAttributes & StackProps & RefAttributes<HTMLDivElement>'.
src/components/tournament/MatchScheduler.tsx(214,21): error TS2322: Type '{ children: Element[]; spacing: number; }' is not assignable to type 'IntrinsicAttributes & StackProps & RefAttributes<HTMLDivElement>'.
  Property 'spacing' does not exist on type 'IntrinsicAttributes & StackProps & RefAttributes<HTMLDivElement>'.
src/components/tournament/MatchScheduler.tsx(227,18): error TS2604: JSX element type 'Select' does not have any construct or call signatures.
src/components/tournament/MatchScheduler.tsx(227,18): error TS2786: 'Select' cannot be used as a JSX component.
  Its type 'typeof import("C:/Users/Lenovo ThinkCentre/OneDrive/Documents/GitHub/dojopool/node_modules/@chakra-ui/react/dist/types/components/select/namespace")' is not a valid JSX element type.
src/components/tournament/MatchScheduler.tsx(229,30): error TS7006: Parameter 'e' implicitly has an 'any' type.
src/components/tournament/MatchScheduler.tsx(241,18): error TS2604: JSX element type 'Select' does not have any construct or call signatures.
src/components/tournament/MatchScheduler.tsx(241,18): error TS2786: 'Select' cannot be used as a JSX component.
  Its type 'typeof import("C:/Users/Lenovo ThinkCentre/OneDrive/Documents/GitHub/dojopool/node_modules/@chakra-ui/react/dist/types/components/select/namespace")' is not a valid JSX element type.
src/components/tournament/MatchScheduler.tsx(243,30): error TS7006: Parameter 'e' implicitly has an 'any' type.
src/components/tournament/MatchScheduler.tsx(263,15): error TS2322: Type '{ children: string; colorScheme: "blue"; onClick: () => Promise<void>; isLoading: boolean; isDisabled: boolean; }' is not assignable to type 'IntrinsicAttributes & ButtonProps & RefAttributes<HTMLButtonElement>'.
  Property 'isLoading' does not exist on type 'IntrinsicAttributes & ButtonProps & RefAttributes<HTMLButtonElement>'. Did you mean 'loading'?
src/components/tournament/TournamentBracket.tsx(7,3): error TS2305: Module '"@chakra-ui/react"' has no exported member 'useColorModeValue'.
src/components/tournament/TournamentBracket.tsx(118,17): error TS2322: Type '{ children: ("" | Element | undefined)[]; spacing: number; align: "stretch"; }' is not assignable to type 'IntrinsicAttributes & StackProps & RefAttributes<HTMLDivElement>'.
  Property 'spacing' does not exist on type 'IntrinsicAttributes & StackProps & RefAttributes<HTMLDivElement>'.
src/components/tournament/TournamentBracket.tsx(134,19): error TS2322: Type '{ children: (0 | Element | undefined)[]; spacing: number; }' is not assignable to type 'IntrinsicAttributes & StackProps & RefAttributes<HTMLDivElement>'.
  Property 'spacing' does not exist on type 'IntrinsicAttributes & StackProps & RefAttributes<HTMLDivElement>'.
src/components/tournament/TournamentBracket.tsx(142,19): error TS2322: Type '{ children: (0 | Element | undefined)[]; spacing: number; }' is not assignable to type 'IntrinsicAttributes & StackProps & RefAttributes<HTMLDivElement>'.
  Property 'spacing' does not exist on type 'IntrinsicAttributes & StackProps & RefAttributes<HTMLDivElement>'.
src/components/tournament/TournamentBracket.tsx(151,21): error TS2322: Type '{ children: Element[]; spacing: number; color: any; }' is not assignable to type 'IntrinsicAttributes & StackProps & RefAttributes<HTMLDivElement>'.
  Property 'spacing' does not exist on type 'IntrinsicAttributes & StackProps & RefAttributes<HTMLDivElement>'.
src/components/tournament/TournamentBracket.tsx(158,21): error TS2322: Type '{ children: Element[]; spacing: number; }' is not assignable to type 'IntrinsicAttributes & StackProps & RefAttributes<HTMLDivElement>'.
  Property 'spacing' does not exist on type 'IntrinsicAttributes & StackProps & RefAttributes<HTMLDivElement>'.
src/components/tournament/TournamentBracket.tsx(167,21): error TS2322: Type '{ children: Element[]; spacing: number; }' is not assignable to type 'IntrinsicAttributes & StackProps & RefAttributes<HTMLDivElement>'.
  Property 'spacing' does not exist on type 'IntrinsicAttributes & StackProps & RefAttributes<HTMLDivElement>'.
src/components/tournament/TournamentBracket.tsx(201,19): error TS2322: Type '{ children: Element[]; spacing: number; align: "stretch"; }' is not assignable to type 'IntrinsicAttributes & StackProps & RefAttributes<HTMLDivElement>'.
  Property 'spacing' does not exist on type 'IntrinsicAttributes & StackProps & RefAttributes<HTMLDivElement>'.
src/components/tournament/TournamentBracket.tsx(210,13): error TS2322: Type '{ children: Element; spacing: number; align: "stretch"; width: "100%"; maxW: "1200px"; mx: "auto"; }' is not assignable to type 'IntrinsicAttributes & StackProps & RefAttributes<HTMLDivElement>'.
  Property 'spacing' does not exist on type 'IntrinsicAttributes & StackProps & RefAttributes<HTMLDivElement>'.
src/components/tournament/TournamentBracket.tsx(221,17): error TS2322: Type '{ children: Element[]; spacing: number; align: "stretch"; }' is not assignable to type 'IntrinsicAttributes & StackProps & RefAttributes<HTMLDivElement>'.
  Property 'spacing' does not exist on type 'IntrinsicAttributes & StackProps & RefAttributes<HTMLDivElement>'.
src/components/tournament/TournamentCheckIn.tsx(14,22): error TS2307: Cannot find module 'react-qr-reader' or its corresponding type declarations.
src/components/tournament/TournamentCheckIn.tsx(17,38): error TS2307: Cannot find module '../../services/tournament' or its corresponding type declarations.
src/components/tournament/TournamentDiscovery.tsx(18,22): error TS2724: '"../../types/tournament"' has no exported member named 'TournamentState'. Did you mean 'TournamentStatus'?
src/components/tournament/TournamentDiscovery.tsx(18,39): error TS2724: '"../../types/tournament"' has no exported member named 'TournamentType'. Did you mean 'Tournament'?
src/components/tournament/TournamentDiscovery.tsx(20,32): error TS2307: Cannot find module '../../services/tournament' or its corresponding type declarations.
src/components/tournament/TournamentDiscovery.tsx(65,31): error TS2339: Property 'type' does not exist on type 'Tournament'.
src/components/tournament/TournamentDiscovery.tsx(70,31): error TS2339: Property 'state' does not exist on type 'Tournament'.
src/components/tournament/TournamentDiscovery.tsx(72,61): error TS2339: Property 'state' does not exist on type 'Tournament'.
src/components/tournament/TournamentDiscovery.tsx(90,32): error TS2339: Property 'state' does not exist on type 'Tournament'.
src/components/tournament/TournamentDiscovery.tsx(144,51): error TS2339: Property 'type' does not exist on type 'Tournament'.
src/components/tournament/TournamentDiscovery.tsx(145,53): error TS2339: Property 'state' does not exist on type 'Tournament'.
src/components/tournament/TournamentDiscovery.tsx(189,16): error TS2769: No overload matches this call.
  Overload 2 of 3, '(props: { component: ElementType<any, keyof IntrinsicElements>; } & MenuItemOwnProps & Omit<ButtonBaseOwnProps, "classes"> & CommonProps & Omit<...>): Element | null', gave the following error.
    Type 'unknown' is not assignable to type 'Key | null | undefined'.
  Overload 2 of 3, '(props: { component: ElementType<any, keyof IntrinsicElements>; } & MenuItemOwnProps & Omit<ButtonBaseOwnProps, "classes"> & CommonProps & Omit<...>): Element | null', gave the following error.
    Type 'unknown' is not assignable to type 'ReactNode'.
src/components/tournament/TournamentDiscovery.tsx(203,16): error TS2769: No overload matches this call.
  Overload 2 of 3, '(props: { component: ElementType<any, keyof IntrinsicElements>; } & MenuItemOwnProps & Omit<ButtonBaseOwnProps, "classes"> & CommonProps & Omit<...>): Element | null', gave the following error.
    Type 'unknown' is not assignable to type 'Key | null | undefined'.
  Overload 2 of 3, '(props: { component: ElementType<any, keyof IntrinsicElements>; } & MenuItemOwnProps & Omit<ButtonBaseOwnProps, "classes"> & CommonProps & Omit<...>): Element | null', gave the following error.
    Type 'unknown' is not assignable to type 'ReactNode'.
src/components/tournaments/TournamentDetail.tsx(295,109): error TS2339: Property 'id' does not exist on type 'User'.
src/components/tournaments/TournamentList.tsx(34,11): error TS2339: Property 'isAuthenticated' does not exist on type 'AuthContextType'.
src/components/tournaments/TournamentView.tsx(12,3): error TS2305: Module '"@chakra-ui/react"' has no exported member 'useColorModeValue'.
src/components/tournaments/TournamentView.tsx(15,3): error TS2305: Module '"@chakra-ui/react"' has no exported member 'Divider'.
src/components/tournaments/TournamentView.tsx(139,33): error TS2322: Type '{ children: Element[]; align: "start"; spacing: number; }' is not assignable to type 'IntrinsicAttributes & StackProps & RefAttributes<HTMLDivElement>'.
  Property 'spacing' does not exist on type 'IntrinsicAttributes & StackProps & RefAttributes<HTMLDivElement>'.
src/components/tournaments/TournamentView.tsx(141,21): error TS2322: Type '{ children: Element[]; spacing: number; }' is not assignable to type 'IntrinsicAttributes & StackProps & RefAttributes<HTMLDivElement>'.
  Property 'spacing' does not exist on type 'IntrinsicAttributes & StackProps & RefAttributes<HTMLDivElement>'.
src/components/tournaments/TournamentView.tsx(157,19): error TS2322: Type '{ children: Element[]; spacing: number; }' is not assignable to type 'IntrinsicAttributes & StackProps & RefAttributes<HTMLDivElement>'.
  Property 'spacing' does not exist on type 'IntrinsicAttributes & StackProps & RefAttributes<HTMLDivElement>'.
src/components/tournaments/TournamentView.tsx(179,10): error TS2604: JSX element type 'Progress' does not have any construct or call signatures.
src/components/tournaments/TournamentView.tsx(179,10): error TS2786: 'Progress' cannot be used as a JSX component.
  Its type 'typeof import("C:/Users/Lenovo ThinkCentre/OneDrive/Documents/GitHub/dojopool/node_modules/@chakra-ui/react/dist/types/components/progress/namespace")' is not a valid JSX element type.
src/components/tournaments/TournamentView.tsx(204,36): error TS2322: Type '{ children: (Element | Element[])[]; key: number; spacing: number; }' is not assignable to type 'IntrinsicAttributes & StackProps & RefAttributes<HTMLDivElement>'.
  Property 'spacing' does not exist on type 'IntrinsicAttributes & StackProps & RefAttributes<HTMLDivElement>'.
src/components/tournaments/TournamentView.tsx(221,17): error TS2322: Type '{ children: (false | Element | Element[])[]; key: string; p: number; bg: any; borderRadius: "md"; borderWidth: number; borderColor: any; width: "250px"; cursor: "pointer"; onClick: () => void; as: ForwardRefComponent<...>; whileHover: { ...; }; position: "relative"; }' is not assignable to type 'IntrinsicAttributes & Omit<PatchHtmlProps<Omit<DetailedHTMLProps<HTMLAttributes<HTMLDivElement>, HTMLDivElement>, "ref">>, "border" | ... 809 more ... | keyof PolymorphicProps> & Omit<...> & PolymorphicProps & { ...; }'.
  Property 'whileHover' does not exist on type 'IntrinsicAttributes & Omit<PatchHtmlProps<Omit<DetailedHTMLProps<HTMLAttributes<HTMLDivElement>, HTMLDivElement>, "ref">>, "border" | ... 809 more ... | keyof PolymorphicProps> & Omit<...> & PolymorphicProps & { ...; }'.
src/components/tournaments/TournamentView.tsx(239,23): error TS2322: Type '{ children: ("" | Element | undefined)[]; key: number; spacing: number; py: number; opacity: number; }' is not assignable to type 'IntrinsicAttributes & StackProps & RefAttributes<HTMLDivElement>'.
  Property 'spacing' does not exist on type 'IntrinsicAttributes & StackProps & RefAttributes<HTMLDivElement>'.
src/components/tournaments/TournamentView.tsx(247,24): error TS2604: JSX element type 'Avatar' does not have any construct or call signatures.
src/components/tournaments/TournamentView.tsx(247,24): error TS2786: 'Avatar' cannot be used as a JSX component.
  Its type 'typeof import("C:/Users/Lenovo ThinkCentre/OneDrive/Documents/GitHub/dojopool/node_modules/@chakra-ui/react/dist/types/components/avatar/namespace")' is not a valid JSX element type.
src/components/tournaments/TournamentView.tsx(263,27): error TS2322: Type '{ children: Element[]; spacing: number; mt: number; fontSize: "sm"; color: "gray.500"; }' is not assignable to type 'IntrinsicAttributes & StackProps & RefAttributes<HTMLDivElement>'.
  Property 'spacing' does not exist on type 'IntrinsicAttributes & StackProps & RefAttributes<HTMLDivElement>'.
src/components/tournaments/TournamentView.tsx(291,9): error TS2322: Type '{ children: Element; position: "fixed"; bottom: number; left: number; right: number; p: number; bg: any; borderTopWidth: number; borderColor: any; shadow: "lg"; as: ForwardRefComponent<unknown, HTMLMotionProps<TagName>>; initial: { ...; }; animate: { ...; }; }' is not assignable to type 'IntrinsicAttributes & Omit<PatchHtmlProps<Omit<DetailedHTMLProps<HTMLAttributes<HTMLDivElement>, HTMLDivElement>, "ref">>, "border" | ... 809 more ... | keyof PolymorphicProps> & Omit<...> & PolymorphicProps & { ...; }'.
  Property 'initial' does not exist on type 'IntrinsicAttributes & Omit<PatchHtmlProps<Omit<DetailedHTMLProps<HTMLAttributes<HTMLDivElement>, HTMLDivElement>, "ref">>, "border" | ... 809 more ... | keyof PolymorphicProps> & Omit<...> & PolymorphicProps & { ...; }'.
src/components/tournaments/TournamentView.tsx(295,19): error TS2322: Type '{ children: Element[]; spacing: number; }' is not assignable to type 'IntrinsicAttributes & StackProps & RefAttributes<HTMLDivElement>'.
  Property 'spacing' does not exist on type 'IntrinsicAttributes & StackProps & RefAttributes<HTMLDivElement>'.
src/components/tournaments/TournamentView.tsx(297,15): error TS2322: Type '{ children: string; leftIcon: Element; colorScheme: "blue"; isDisabled: boolean; }' is not assignable to type 'IntrinsicAttributes & ButtonProps & RefAttributes<HTMLButtonElement>'.
  Property 'leftIcon' does not exist on type 'IntrinsicAttributes & ButtonProps & RefAttributes<HTMLButtonElement>'.
src/components/tournaments/TournamentView.tsx(304,35): error TS2322: Type '{ children: Element[]; align: "start"; spacing: number; }' is not assignable to type 'IntrinsicAttributes & StackProps & RefAttributes<HTMLDivElement>'.
  Property 'spacing' does not exist on type 'IntrinsicAttributes & StackProps & RefAttributes<HTMLDivElement>'.
src/components/tournaments/TournamentView.tsx(315,19): error TS2322: Type '{ children: (false | Element)[]; spacing: number; }' is not assignable to type 'IntrinsicAttributes & StackProps & RefAttributes<HTMLDivElement>'.
  Property 'spacing' does not exist on type 'IntrinsicAttributes & StackProps & RefAttributes<HTMLDivElement>'.
src/components/venue/VenueDashboard.tsx(78,75): error TS2339: Property 'openTime' does not exist on type 'BusinessHours'.
src/components/venue/VenueDashboard.tsx(78,92): error TS2339: Property 'closeTime' does not exist on type 'BusinessHours'.
src/components/venue/VenueDashboard.tsx(146,34): error TS2322: Type '{ children: string[]; as: "h4"; size: "lg"; gutterBottom: true; }' is not assignable to type 'IntrinsicAttributes & HeadingProps & RefAttributes<HTMLHeadingElement>'.
  Property 'gutterBottom' does not exist on type 'IntrinsicAttributes & HeadingProps & RefAttributes<HTMLHeadingElement>'.
src/components/venue/VenueDashboard.tsx(147,13): error TS2322: Type '{ children: string; sx: { mb: number; }; }' is not assignable to type 'IntrinsicAttributes & TextProps & RefAttributes<HTMLParagraphElement>'.
  Property 'sx' does not exist on type 'IntrinsicAttributes & TextProps & RefAttributes<HTMLParagraphElement>'.
src/components/venue/VenueDashboard.tsx(169,88): error TS2339: Property 'totalCheckins' does not exist on type 'VenueStats'.
src/components/venue/VenueDashboard.tsx(170,91): error TS2339: Property 'totalGamesPlayed' does not exist on type 'VenueStats'.
src/components/venue/VenueDashboard.tsx(171,97): error TS2339: Property 'averageGameDuration' does not exist on type 'VenueStats'.
src/components/venue/VenueDashboard.tsx(195,41): error TS2339: Property 'name' does not exist on type 'PoolTable'.
src/components/venue/VenueDashboard.tsx(215,28): error TS2339: Property 'events' does not exist on type 'Venue'.
src/components/venue/VenueDashboard.tsx(216,28): error TS2339: Property 'events' does not exist on type 'Venue'.
src/components/venue/VenueDashboard.tsx(216,40): error TS7006: Parameter 'event' implicitly has an 'any' type.
src/components/wallet/WalletTransactionList.tsx(83,34): error TS2339: Property 'created_at' does not exist on type 'Transaction'.
src/components/wallet/WalletTransactionList.tsx(83,88): error TS2339: Property 'created_at' does not exist on type 'Transaction'.
src/config/analytics.ts(2,28): error TS2307: Cannot find module '@clickhouse/client' or its corresponding type declarations.
src/config/analytics.ts(3,25): error TS2307: Cannot find module '@segment/analytics-node' or its corresponding type declarations.
src/config/analytics.ts(4,32): error TS2307: Cannot find module 'mixpanel' or its corresponding type declarations.
src/config/cdn.ts(101,38): error TS2345: Argument of type '{ quality: number; format: "webp" | "avif" | "original"; width: number; url: string; }' is not assignable to parameter of type 'string | Record<string, string> | URLSearchParams | string[][] | undefined'.
  Type '{ quality: number; format: "webp" | "avif" | "original"; width: number; url: string; }' is not assignable to type 'undefined'.
src/config/database.ts(1,22): error TS2307: Cannot find module 'pg' or its corresponding type declarations.
src/config/database.ts(165,25): error TS7006: Parameter 'err' implicitly has an 'any' type.
src/config/performance.ts(112,38): error TS2345: Argument of type 'PerformanceEntry' is not assignable to parameter of type 'PerformanceResourceTiming'.
  Type 'PerformanceEntry' is missing the following properties from type 'PerformanceResourceTiming': connectEnd, connectStart, decodedBodySize, domainLookupEnd, and 15 more.
src/config/performance.ts(143,13): error TS2345: Argument of type 'RequestInfo | URL' is not assignable to parameter of type 'string'.
  Type 'Request' is not assignable to type 'string'.
src/config/performance.ts(147,64): error TS2345: Argument of type 'RequestInfo | URL' is not assignable to parameter of type 'string'.
  Type 'Request' is not assignable to type 'string'.
src/config/performance.ts(225,50): error TS2339: Property 'toString' does not exist on type 'never'.
src/config/performance.ts(243,24): error TS2339: Property 'gameId' does not exist on type 'Window & typeof globalThis'.
src/config/security.ts(6,28): error TS2307: Cannot find module 'csrf-csrf' or its corresponding type declarations.
src/config/security.ts(152,9): error TS2339: Property 'user' does not exist on type 'NextApiRequest'.
src/core/consensus/ConsensusManager.ts(4,3): error TS2459: Module '"../network/NetworkTransport"' declares 'NetworkMessage' locally, but it is not exported.
src/core/consensus/ConsensusManager.ts(5,3): error TS2459: Module '"../network/NetworkTransport"' declares 'NetworkMessageType' locally, but it is not exported.
src/core/consensus/ConsensusManager.ts(27,19): error TS2395: Individual declarations in merged declaration 'ConsensusManager' must be all exported or all local.
src/core/consensus/ConsensusManager.ts(38,14): error TS2395: Individual declarations in merged declaration 'ConsensusManager' must be all exported or all local.
src/core/consensus/ConsensusManager.ts(67,24): error TS2554: Expected 1 arguments, but got 0.
src/core/consensus/ConsensusManager.ts(88,27): error TS2339: Property 'onMessage' does not exist on type 'NetworkTransport'.
src/core/consensus/ConsensusManager.ts(96,13): error TS2554: Expected 1 arguments, but got 2.
src/core/consensus/ConsensusManager.ts(105,13): error TS2554: Expected 1 arguments, but got 2.
src/core/consensus/ConsensusManager.ts(156,32): error TS2554: Expected 0 arguments, but got 1.
src/core/consensus/ConsensusManager.ts(170,35): error TS2339: Property 'sendMessage' does not exist on type 'NetworkTransport'.
src/core/consensus/ConsensusManager.ts(196,18): error TS2551: Property 'sendAppendEntriesResponse' does not exist on type 'ConsensusManager'. Did you mean 'handleAppendEntriesResponse'?
src/core/consensus/ConsensusManager.ts(208,18): error TS2551: Property 'sendAppendEntriesResponse' does not exist on type 'ConsensusManager'. Did you mean 'handleAppendEntriesResponse'?
src/core/consensus/ConsensusManager.ts(213,19): error TS2304: Cannot find name 'leaderId'.
src/core/consensus/ConsensusManager.ts(217,7): error TS2304: Cannot find name 'prevLogIndex'.
src/core/consensus/ConsensusManager.ts(218,8): error TS2304: Cannot find name 'prevLogIndex'.
src/core/consensus/ConsensusManager.ts(219,18): error TS2304: Cannot find name 'prevLogIndex'.
src/core/consensus/ConsensusManager.ts(219,41): error TS2304: Cannot find name 'prevLogTerm'.
src/core/consensus/ConsensusManager.ts(221,18): error TS2551: Property 'sendAppendEntriesResponse' does not exist on type 'ConsensusManager'. Did you mean 'handleAppendEntriesResponse'?
src/core/consensus/ConsensusManager.ts(221,44): error TS2304: Cannot find name 'message'.
src/core/consensus/ConsensusManager.ts(226,34): error TS2304: Cannot find name 'prevLogIndex'.
src/core/consensus/ConsensusManager.ts(226,59): error TS2304: Cannot find name 'entries'.
src/core/consensus/ConsensusManager.ts(229,9): error TS2304: Cannot find name 'leaderCommit'.
src/core/consensus/ConsensusManager.ts(230,28): error TS2304: Cannot find name 'prevLogIndex'.
src/core/consensus/ConsensusManager.ts(230,43): error TS2304: Cannot find name 'entries'.
src/core/consensus/ConsensusManager.ts(231,35): error TS2304: Cannot find name 'leaderCommit'.
src/core/consensus/ConsensusManager.ts(235,16): error TS2551: Property 'sendAppendEntriesResponse' does not exist on type 'ConsensusManager'. Did you mean 'handleAppendEntriesResponse'?
src/core/consensus/ConsensusManager.ts(235,42): error TS2304: Cannot find name 'message'.
src/core/consensus/ConsensusManager.ts(286,33): error TS2339: Property 'sendMessage' does not exist on type 'NetworkTransport'.
src/core/consensus/ConsensusManager.ts(326,32): error TS2339: Property 'applyState' does not exist on type 'StateReplicator'.
src/core/consensus/ConsensusManager.ts(377,33): error TS2554: Expected 2 arguments, but got 1.
src/core/consensus/ConsensusManager.ts(398,19): error TS2551: Property 'electionTimeoutBase' does not exist on type 'ConsensusConfig'. Did you mean 'electionTimeout'?
src/core/consensus/ConsensusManager.ts(399,46): error TS2339: Property 'electionTimeoutVariance' does not exist on type 'ConsensusConfig'.
src/core/consensus/ConsensusManager.ts(432,34): error TS2339: Property 'applyEntry' does not exist on type 'StateReplicator'.
src/core/consensus/ConsensusProtocol.ts(1,28): error TS2459: Module '"../network/NetworkTransport"' declares 'NetworkMessage' locally, but it is not exported.
src/core/consensus/ConsensusProtocol.ts(58,3): error TS2394: This overload signature is not compatible with its implementation signature.
src/core/consensus/ConsensusProtocol.ts(87,24): error TS2554: Expected 1 arguments, but got 0.
src/core/consensus/ConsensusProtocol.ts(216,20): error TS2554: Expected 3 arguments, but got 2.
src/core/consensus/ConsensusProtocol.ts(247,39): error TS2339: Property 'getPeers' does not exist on type 'NetworkTransport'.
src/core/consensus/ConsensusProtocol.ts(285,43): error TS2339: Property 'getPeers' does not exist on type 'NetworkTransport'.
src/core/consensus/ConsensusProtocol.ts(317,22): error TS2554: Expected 3 arguments, but got 2.
src/core/consensus/ConsensusProtocol.ts(373,20): error TS2554: Expected 2 arguments, but got 1.
src/core/integration/NetworkIntegration.ts(90,17): error TS2339: Property 'action' does not exist on type 'GameEvent'.
src/core/integration/NetworkIntegration.ts(91,41): error TS2339: Property 'action' does not exist on type 'GameEvent'.
src/core/integration/NetworkIntegration.ts(97,17): error TS2339: Property 'action' does not exist on type 'GameEvent'.
src/core/integration/NetworkIntegration.ts(98,28): error TS2339: Property 'action' does not exist on type 'GameEvent'.
src/core/integration/NetworkIntegration.ts(114,17): error TS2339: Property 'action' does not exist on type 'GameEvent'.
src/core/integration/NetworkIntegration.ts(115,50): error TS2339: Property 'action' does not exist on type 'GameEvent'.
src/core/integration/NetworkIntegration.ts(120,17): error TS2339: Property 'action' does not exist on type 'GameEvent'.
src/core/integration/NetworkIntegration.ts(121,42): error TS2339: Property 'action' does not exist on type 'GameEvent'.
src/core/integration/NetworkIntegration.ts(126,17): error TS2339: Property 'action' does not exist on type 'GameEvent'.
src/core/integration/NetworkIntegration.ts(127,43): error TS2339: Property 'action' does not exist on type 'GameEvent'.
src/core/network/__tests__/NetworkConsensusIntegration.test.ts(48,38): error TS2353: Object literal may only specify known properties, and 'id' does not exist in type 'GameState'.
src/core/network/__tests__/NetworkConsensusIntegration.test.ts(68,53): error TS2345: Argument of type 'Error' is not assignable to parameter of type 'NetworkError'.
  Type 'Error' is missing the following properties from type 'NetworkError': code, timestamp, details
src/core/network/__tests__/NetworkConsensusIntegration.test.ts(106,38): error TS2353: Object literal may only specify known properties, and 'id' does not exist in type 'GameState'.
src/core/network/__tests__/NetworkConsensusIntegration.test.ts(107,51): error TS2769: No overload matches this call.
  Overload 1 of 3, '(object: ConsensusManager, method: never): SpyInstance<never, never, any>', gave the following error.
    Argument of type '"isLeader"' is not assignable to parameter of type 'never'.
  Overload 2 of 3, '(object: ConsensusManager, method: keyof ConsensusManager): SpyInstance<string | number | boolean | void | Promise<void> | string[] | Function[] | (string | symbol)[] | LogEntry[] | ConsensusManager | null, [] | ... 16 more ... | [nodeId: ...], any>', gave the following error.
    Argument of type '"isLeader"' is not assignable to parameter of type 'keyof ConsensusManager'.
src/core/network/__tests__/NetworkConsensusIntegration.test.ts(107,63): error TS2339: Property 'mockReturnValue' does not exist on type 'never'.
src/core/network/__tests__/NetworkConsensusIntegration.test.ts(117,38): error TS2353: Object literal may only specify known properties, and 'id' does not exist in type 'GameState'.
src/core/network/__tests__/NetworkConsensusIntegration.test.ts(118,51): error TS2769: No overload matches this call.
  Overload 1 of 3, '(object: ConsensusManager, method: never): SpyInstance<never, never, any>', gave the following error.
    Argument of type '"isLeader"' is not assignable to parameter of type 'never'.
  Overload 2 of 3, '(object: ConsensusManager, method: keyof ConsensusManager): SpyInstance<string | number | boolean | void | Promise<void> | string[] | Function[] | (string | symbol)[] | LogEntry[] | ConsensusManager | null, [] | ... 16 more ... | [nodeId: ...], any>', gave the following error.
    Argument of type '"isLeader"' is not assignable to parameter of type 'keyof ConsensusManager'.
src/core/network/__tests__/NetworkConsensusIntegration.test.ts(118,63): error TS2339: Property 'mockReturnValue' does not exist on type 'never'.
src/core/network/__tests__/NetworkConsensusIntegration.test.ts(124,38): error TS2353: Object literal may only specify known properties, and 'id' does not exist in type 'GameState'.
src/core/network/__tests__/NetworkConsensusIntegration.test.ts(126,51): error TS2769: No overload matches this call.
  Overload 1 of 3, '(object: ConsensusManager, method: never): SpyInstance<never, never, any>', gave the following error.
    Argument of type '"isLeader"' is not assignable to parameter of type 'never'.
  Overload 2 of 3, '(object: ConsensusManager, method: keyof ConsensusManager): SpyInstance<string | number | boolean | void | Promise<void> | string[] | Function[] | (string | symbol)[] | LogEntry[] | ConsensusManager | null, [] | ... 16 more ... | [nodeId: ...], any>', gave the following error.
    Argument of type '"isLeader"' is not assignable to parameter of type 'keyof ConsensusManager'.
src/core/network/__tests__/NetworkConsensusIntegration.test.ts(126,63): error TS2339: Property 'mockReturnValue' does not exist on type 'never'.
src/core/network/__tests__/NetworkConsensusIntegration.test.ts(133,38): error TS2353: Object literal may only specify known properties, and 'id' does not exist in type 'GameState'.
src/core/network/__tests__/NetworkConsensusIntegration.test.ts(142,51): error TS2769: No overload matches this call.
  Overload 1 of 3, '(object: ConsensusManager, method: never): SpyInstance<never, never, any>', gave the following error.
    Argument of type '"isLeader"' is not assignable to parameter of type 'never'.
  Overload 2 of 3, '(object: ConsensusManager, method: keyof ConsensusManager): SpyInstance<string | number | boolean | void | Promise<void> | string[] | Function[] | (string | symbol)[] | LogEntry[] | ConsensusManager | null, [] | ... 16 more ... | [nodeId: ...], any>', gave the following error.
    Argument of type '"isLeader"' is not assignable to parameter of type 'keyof ConsensusManager'.
src/core/network/__tests__/NetworkConsensusIntegration.test.ts(142,63): error TS2339: Property 'mockReturnValue' does not exist on type 'never'.
src/core/network/__tests__/NetworkConsensusIntegration.test.ts(145,51): error TS2769: No overload matches this call.
  Overload 1 of 3, '(object: ConsensusManager, method: never): SpyInstance<never, never, any>', gave the following error.
    Argument of type '"isLeader"' is not assignable to parameter of type 'never'.
  Overload 2 of 3, '(object: ConsensusManager, method: keyof ConsensusManager): SpyInstance<string | number | boolean | void | Promise<void> | string[] | Function[] | (string | symbol)[] | LogEntry[] | ConsensusManager | null, [] | ... 16 more ... | [nodeId: ...], any>', gave the following error.
    Argument of type '"isLeader"' is not assignable to parameter of type 'keyof ConsensusManager'.
src/core/network/__tests__/NetworkConsensusIntegration.test.ts(145,63): error TS2339: Property 'mockReturnValue' does not exist on type 'never'.
src/core/network/metrics/MetricsServer.ts(87,38): error TS2339: Property 'getMetrics' does not exist on type 'NetworkTransport'.
src/core/network/metrics/NetworkMetricsDashboard.tsx(53,41): error TS2339: Property 'avg' does not exist on type 'number'.
src/core/network/metrics/NetworkMetricsDashboard.tsx(54,41): error TS2339: Property 'p95' does not exist on type 'number'.
src/core/network/metrics/NetworkMetricsDashboard.tsx(55,40): error TS2339: Property 'throughput' does not exist on type 'NetworkMetrics'.
src/core/network/metrics/NetworkMetricsDashboard.tsx(56,37): error TS2339: Property 'throughput' does not exist on type 'NetworkMetrics'.
src/core/network/metrics/NetworkMetricsDashboard.tsx(57,40): error TS2339: Property 'connections' does not exist on type 'NetworkMetrics'.
src/core/network/metrics/NetworkMetricsDashboard.tsx(62,29): error TS2339: Property 'avg' does not exist on type 'number'.
src/core/network/metrics/NetworkMetricsDashboard.tsx(65,64): error TS2339: Property 'avg' does not exist on type 'number'.
src/core/network/metrics/NetworkMetricsDashboard.tsx(67,36): error TS2339: Property 'avg' does not exist on type 'number'.
src/core/network/metrics/NetworkMetricsDashboard.tsx(70,59): error TS2339: Property 'avg' does not exist on type 'number'.
src/core/network/metrics/NetworkMetricsDashboard.tsx(74,21): error TS2339: Property 'connections' does not exist on type 'NetworkMetrics'.
src/core/network/metrics/NetworkMetricsDashboard.tsx(77,55): error TS2339: Property 'connections' does not exist on type 'NetworkMetrics'.
src/core/network/metrics/NetworkMetricsDashboard.tsx(101,45): error TS2339: Property 'avg' does not exist on type 'number'.
src/core/network/metrics/NetworkMetricsDashboard.tsx(102,45): error TS2339: Property 'p95' does not exist on type 'number'.
src/core/network/metrics/NetworkMetricsDashboard.tsx(103,45): error TS2339: Property 'p99' does not exist on type 'number'.
src/core/network/metrics/NetworkMetricsDashboard.tsx(108,44): error TS2339: Property 'throughput' does not exist on type 'NetworkMetrics'.
src/core/network/metrics/NetworkMetricsDashboard.tsx(109,42): error TS2339: Property 'throughput' does not exist on type 'NetworkMetrics'.
src/core/network/metrics/NetworkMetricsDashboard.tsx(114,40): error TS2339: Property 'connections' does not exist on type 'NetworkMetrics'.
src/core/network/metrics/NetworkMetricsDashboard.tsx(115,39): error TS2339: Property 'connections' does not exist on type 'NetworkMetrics'.
src/core/network/metrics/NetworkMetricsDashboard.tsx(116,40): error TS2339: Property 'connections' does not exist on type 'NetworkMetrics'.
src/core/network/metrics/NetworkMetricsDashboard.tsx(121,38): error TS2339: Property 'messageStats' does not exist on type 'NetworkMetrics'.
src/core/network/metrics/NetworkMetricsDashboard.tsx(122,42): error TS2339: Property 'messageStats' does not exist on type 'NetworkMetrics'.
src/core/network/metrics/NetworkMetricsDashboard.tsx(123,40): error TS2339: Property 'messageStats' does not exist on type 'NetworkMetrics'.
src/core/network/metrics/NetworkMetricsDashboard.tsx(128,38): error TS2339: Property 'consensusHealth' does not exist on type 'NetworkMetrics'.
src/core/network/metrics/NetworkMetricsDashboard.tsx(129,48): error TS2339: Property 'consensusHealth' does not exist on type 'NetworkMetrics'.
src/core/network/metrics/NetworkMetricsDashboard.tsx(130,57): error TS2339: Property 'consensusHealth' does not exist on type 'NetworkMetrics'.
src/core/network/NetworkConsensusIntegration.ts(2,28): error TS2459: Module '"./NetworkTransport"' declares 'NetworkMessage' locally, but it is not exported.
src/core/network/NetworkConsensusIntegration.ts(2,44): error TS2459: Module '"./NetworkTransport"' declares 'NetworkMessageType' locally, but it is not exported.
src/core/network/NetworkConsensusIntegration.ts(87,39): error TS2345: Argument of type '(error: Error) => void' is not assignable to parameter of type '(error: NetworkError) => void'.
  Types of parameters 'error' and 'error' are incompatible.
    Property 'name' is missing in type 'NetworkError' but required in type 'Error'.
src/core/network/NetworkConsensusIntegration.ts(129,32): error TS2339: Property 'isLeader' does not exist on type 'ConsensusManager'.
src/core/network/NetworkConsensusIntegration.ts(146,9): error TS2353: Object literal may only specify known properties, and 'type' does not exist in type 'Omit<LogEntry, "term">'.
src/core/network/NetworkConsensusIntegration.ts(166,34): error TS2339: Property 'isLeader' does not exist on type 'ConsensusManager'.
src/core/network/NodeManager.ts(30,17): error TS2339: Property 'disconnect' does not exist on type 'NetworkTransport'.
src/core/network/NodeManager.ts(57,22): error TS2339: Property 'getMetrics' does not exist on type 'NetworkTransport'.
src/core/network/NodeManager.ts(63,37): error TS2339: Property 'getMetrics' does not exist on type 'NetworkTransport'.
src/core/network/NodeManager.ts(70,17): error TS2339: Property 'disconnect' does not exist on type 'NetworkTransport'.
src/dojopool/components/ai/Recommendations.tsx(21,3): error TS2305: Module '"@mui/icons-material"' has no exported member 'Target'.
src/dojopool/components/analytics/Dashboard.tsx(15,32): error TS2307: Cannot find module '../common/LoadingSpinner' or its corresponding type declarations.
src/dojopool/components/analytics/Dashboard.tsx(16,28): error TS2307: Cannot find module '../common/ErrorAlert' or its corresponding type declarations.
src/dojopool/components/analytics/Dashboard.tsx(18,28): error TS2307: Cannot find module '../../utils/dateUtils' or its corresponding type declarations.
src/dojopool/components/analytics/DateRangePicker.tsx(3,28): error TS2307: Cannot find module '@mui/x-date-pickers/DatePicker' or its corresponding type declarations.
src/dojopool/components/analytics/DateRangePicker.tsx(4,38): error TS2307: Cannot find module '@mui/x-date-pickers/LocalizationProvider' or its corresponding type declarations.
src/dojopool/components/analytics/DateRangePicker.tsx(5,32): error TS2307: Cannot find module '@mui/x-date-pickers/AdapterDateFns' or its corresponding type declarations.
src/dojopool/components/analytics/DateRangePicker.tsx(44,25): error TS7006: Parameter 'params' implicitly has an 'any' type.
src/dojopool/components/analytics/DateRangePicker.tsx(54,25): error TS7006: Parameter 'params' implicitly has an 'any' type.
src/dojopool/components/analytics/MetricsChart.tsx(13,39): error TS2307: Cannot find module '../../utils/dateUtils' or its corresponding type declarations.
src/dojopool/components/ml/MLDashboard.tsx(10,31): error TS2307: Cannot find module '../common/ErrorBoundary' or its corresponding type declarations.
src/dojopool/components/ml/TrainingPlan.tsx(91,40): error TS2339: Property 'generateTrainingPlan' does not exist on type 'MLService'.
src/dojopool/components/performance/OptimizationRecommendations.tsx(142,25): error TS2769: No overload matches this call.
  Overload 1 of 2, '(props: { component: ElementType<any, keyof IntrinsicElements>; } & ChipOwnProps & CommonProps & Omit<any, "style" | ... 15 more ... | "skipFocusWhenDisabled">): Element | null', gave the following error.
    Type 'Element | null' is not assignable to type 'ReactElement<any, string | JSXElementConstructor<any>> | undefined'.
      Type 'null' is not assignable to type 'ReactElement<any, string | JSXElementConstructor<any>> | undefined'.
  Overload 2 of 2, '(props: DefaultComponentProps<ChipTypeMap<{}, "div">>): Element | null', gave the following error.
    Type 'Element | null' is not assignable to type 'ReactElement<any, string | JSXElementConstructor<any>> | undefined'.
      Type 'null' is not assignable to type 'ReactElement<any, string | JSXElementConstructor<any>> | undefined'.
src/dojopool/components/performance/PerformanceDashboard.tsx(48,27): error TS2322: Type 'SystemStatus | null' is not assignable to type '{ cpu_usage: number; memory_usage: number; disk_usage: number; network_io: { bytes_sent: number; bytes_recv: number; packets_sent: number; packets_recv: number; }; process_metrics: { cpu_percent: number; memory_percent: number; threads: number; open_files: number; connections: number; }; }'.
  Type 'null' is not assignable to type '{ cpu_usage: number; memory_usage: number; disk_usage: number; network_io: { bytes_sent: number; bytes_recv: number; packets_sent: number; packets_recv: number; }; process_metrics: { cpu_percent: number; memory_percent: number; threads: number; open_files: number; connections: number; }; }'.
src/dojopool/components/performance/SystemStatus.tsx(69,17): error TS2322: Type 'string' is not assignable to type 'OverridableStringUnion<"inherit" | "primary" | "secondary" | "success" | "error" | "info" | "warning", LinearProgressPropsColorOverrides> | undefined'.
src/dojopool/components/performance/SystemStatus.tsx(89,17): error TS2322: Type 'string' is not assignable to type 'OverridableStringUnion<"inherit" | "primary" | "secondary" | "success" | "error" | "info" | "warning", LinearProgressPropsColorOverrides> | undefined'.
src/dojopool/components/performance/SystemStatus.tsx(109,17): error TS2322: Type 'string' is not assignable to type 'OverridableStringUnion<"inherit" | "primary" | "secondary" | "success" | "error" | "info" | "warning", LinearProgressPropsColorOverrides> | undefined'.
src/dojopool/components/predictive/PredictiveDashboard.tsx(12,37): error TS2307: Cannot find module './PerformanceForecast' or its corresponding type declarations.
src/dojopool/components/predictive/PredictiveDashboard.tsx(13,34): error TS2307: Cannot find module './SkillProgression' or its corresponding type declarations.
src/dojopool/components/predictive/PredictiveDashboard.tsx(14,35): error TS2307: Cannot find module './MatchupPrediction' or its corresponding type declarations.
src/dojopool/components/predictive/PredictiveDashboard.tsx(15,30): error TS2307: Cannot find module './ModelMetrics' or its corresponding type declarations.
src/dojopool/components/predictive/PredictiveDashboard.tsx(16,31): error TS2307: Cannot find module '../common/ErrorBoundary' or its corresponding type declarations.
src/dojopool/frontend/components/AI/[AI]ShotAnalyzer.tsx(175,30): error TS18048: 'analysis.recommendations' is possibly 'undefined'.
src/dojopool/frontend/components/Auth/[AUTH]ForgotPassword.tsx(8,11): error TS2339: Property 'sendPasswordResetEmail' does not exist on type '{ signIn: (email: string, password: string) => Promise<{ success: boolean; user: User; error?: undefined; } | { success: boolean; error: any; user?: undefined; }>; signUp: (email: string, password: string, displayName: string) => Promise<...>; ... 18 more ...; error: string | null; }'.
src/dojopool/frontend/components/Auth/[AUTH]ForgotPassword.tsx(8,51): error TS2339: Property 'resetRequestSent' does not exist on type '{ signIn: (email: string, password: string) => Promise<{ success: boolean; user: User; error?: undefined; } | { success: boolean; error: any; user?: undefined; }>; signUp: (email: string, password: string, displayName: string) => Promise<...>; ... 18 more ...; error: string | null; }'.
src/dojopool/frontend/components/Dashboard/[UI]Dashboard.tsx(19,28): error TS2306: File 'C:/Users/Lenovo ThinkCentre/OneDrive/Documents/GitHub/dojopool/src/dojopool/frontend/components/AppBar.tsx' is not a module.
src/dojopool/frontend/components/DebugPanel/[DEBUG]DebugPanel.tsx(99,13): error TS18046: 'error' is of type 'unknown'.
src/dojopool/frontend/components/events/[EVENT]EventList.tsx(112,14): error TS2339: Property 'is_verified' does not exist on type 'User'.
src/dojopool/frontend/components/events/[EVENT]EventList.tsx(144,47): error TS2551: Property 'event_type' does not exist on type 'VenueEvent'. Did you mean 'eventType'?
src/dojopool/frontend/components/events/[EVENT]EventList.tsx(148,31): error TS2551: Property 'start_time' does not exist on type 'VenueEvent'. Did you mean 'startTime'?
src/dojopool/frontend/components/events/[EVENT]EventList.tsx(152,31): error TS2551: Property 'start_time' does not exist on type 'VenueEvent'. Did you mean 'startTime'?
src/dojopool/frontend/components/events/[EVENT]EventList.tsx(153,31): error TS2551: Property 'end_time' does not exist on type 'VenueEvent'. Did you mean 'endTime'?
src/dojopool/frontend/components/events/[EVENT]EventList.tsx(155,22): error TS2551: Property 'entry_fee' does not exist on type 'VenueEvent'. Did you mean 'entryFee'?
src/dojopool/frontend/components/events/[EVENT]EventList.tsx(157,55): error TS2551: Property 'entry_fee' does not exist on type 'VenueEvent'. Did you mean 'entryFee'?
src/dojopool/frontend/components/events/[EVENT]EventList.tsx(160,22): error TS2551: Property 'prize_pool' does not exist on type 'VenueEvent'. Did you mean 'prizePool'?
src/dojopool/frontend/components/events/[EVENT]EventList.tsx(162,56): error TS2551: Property 'prize_pool' does not exist on type 'VenueEvent'. Did you mean 'prizePool'?
src/dojopool/frontend/components/events/[EVENT]EventList.tsx(165,22): error TS2551: Property 'max_participants' does not exist on type 'VenueEvent'. Did you mean 'maxParticipants'?
src/dojopool/frontend/components/events/[EVENT]EventList.tsx(168,26): error TS2551: Property 'max_participants' does not exist on type 'VenueEvent'. Did you mean 'maxParticipants'?
src/dojopool/frontend/components/events/[EVENT]EventList.tsx(175,49): error TS2345: Argument of type 'string' is not assignable to parameter of type 'number'.
src/dojopool/frontend/components/events/[EVENT]EventList.tsx(179,55): error TS2339: Property 'user_id' does not exist on type '{ id: string; name: string; registeredAt: string; }'.
src/dojopool/frontend/components/events/[EVENT]EventList.tsx(182,54): error TS2339: Property 'user_id' does not exist on type '{ id: string; name: string; registeredAt: string; }'.
src/dojopool/frontend/components/events/[EVENT]EventList.tsx(260,15): error TS2322: Type '(value: string | undefined) => string' is not assignable to type '(displayValue: string | undefined) => 0'.
  Type 'string' is not assignable to type '0'.
src/dojopool/frontend/components/events/[EVENT]EventList.tsx(270,15): error TS2322: Type '(value: string | undefined) => string' is not assignable to type '(displayValue: string | undefined) => 0'.
  Type 'string' is not assignable to type '0'.
src/dojopool/frontend/components/experiments/[TEST]CreateExperiment.tsx(15,28): error TS2307: Cannot find module '@mui/x-date-pickers' or its corresponding type declarations.
src/dojopool/frontend/components/experiments/[TEST]CreateExperiment.tsx(205,30): error TS7006: Parameter 'date' implicitly has an 'any' type.
src/dojopool/frontend/components/experiments/[TEST]CreateExperiment.tsx(214,30): error TS7006: Parameter 'date' implicitly has an 'any' type.
src/dojopool/frontend/components/Layout/[NOTIFY]NotificationCenter.tsx(59,49): error TS7006: Parameter 'state' implicitly has an 'any' type.
src/dojopool/frontend/components/Layout/[UI]Layout.tsx(28,28): error TS2306: File 'C:/Users/Lenovo ThinkCentre/OneDrive/Documents/GitHub/dojopool/src/dojopool/frontend/components/AppBar.tsx' is not a module.
src/dojopool/frontend/components/Layout/[UI]Layout.tsx(79,24): error TS7006: Parameter 'theme' implicitly has an 'any' type.
src/dojopool/frontend/components/Layout/[UI]Navbar.tsx(29,28): error TS2306: File 'C:/Users/Lenovo ThinkCentre/OneDrive/Documents/GitHub/dojopool/src/dojopool/frontend/components/AppBar.tsx' is not a module.
src/dojopool/frontend/components/Map/[MAP]GameMap.tsx(40,29): error TS2554: Expected 1 arguments, but got 0.
src/dojopool/frontend/components/marketplace/[MARKET]CartView.tsx(3,36): error TS2307: Cannot find module '../../services/marketplace' or its corresponding type declarations.
src/dojopool/frontend/components/marketplace/[MARKET]CartView.tsx(18,34): error TS7006: Parameter 'item' implicitly has an 'any' type.
src/dojopool/frontend/components/marketplace/[MARKET]CartView.tsx(31,36): error TS7006: Parameter 'item' implicitly has an 'any' type.
src/dojopool/frontend/components/marketplace/[MARKET]CartView.tsx(65,31): error TS7006: Parameter 'item' implicitly has an 'any' type.
src/dojopool/frontend/components/marketplace/[MARKET]InventoryView.tsx(2,36): error TS2307: Cannot find module '../../services/marketplace' or its corresponding type declarations.
src/dojopool/frontend/components/marketplace/[MARKET]InventoryView.tsx(3,31): error TS2307: Cannot find module '../../types/marketplace' or its corresponding type declarations.
src/dojopool/frontend/components/marketplace/[MARKET]TransactionHistory.tsx(2,36): error TS2307: Cannot find module '../../services/marketplace' or its corresponding type declarations.
src/dojopool/frontend/components/marketplace/[MARKET]TransactionHistory.tsx(3,29): error TS2307: Cannot find module '../../types/marketplace' or its corresponding type declarations.
src/dojopool/frontend/components/marketplace/[MARKET]TransactionHistory.tsx(51,39): error TS7006: Parameter 'item' implicitly has an 'any' type.
src/dojopool/frontend/components/marketplace/[MARKET]TransactionHistory.tsx(51,45): error TS7006: Parameter 'index' implicitly has an 'any' type.
src/dojopool/frontend/components/marketplace/MarketplaceLayout.tsx(3,36): error TS2307: Cannot find module '../../services/marketplace' or its corresponding type declarations.
src/dojopool/frontend/components/marketplace/MarketplaceLayout.tsx(4,33): error TS2307: Cannot find module '../../types/marketplace' or its corresponding type declarations.
src/dojopool/frontend/components/marketplace/MarketplaceLayout.tsx(5,26): error TS2307: Cannot find module './CartView' or its corresponding type declarations.
src/dojopool/frontend/components/marketplace/MarketplaceLayout.tsx(6,31): error TS2307: Cannot find module './InventoryView' or its corresponding type declarations.
src/dojopool/frontend/components/marketplace/MarketplaceLayout.tsx(8,36): error TS2307: Cannot find module './TransactionHistory' or its corresponding type declarations.
src/dojopool/frontend/components/matches/[GAME]LiveMatch.tsx(2,27): error TS2307: Cannot find module '../../services/match-updates' or its corresponding type declarations.
src/dojopool/frontend/components/matches/[GAME]LiveMatch.tsx(3,32): error TS2307: Cannot find module '../../services/match-updates' or its corresponding type declarations.
src/dojopool/frontend/components/matches/[GAME]LiveMatch.tsx(4,33): error TS2307: Cannot find module '../../utils/date' or its corresponding type declarations.
src/dojopool/frontend/components/matches/[GAME]LiveMatch.tsx(27,8): error TS7006: Parameter 'updatedMatch' implicitly has an 'any' type.
src/dojopool/frontend/components/Monitoring/[MON]Dashboard.tsx(68,8): error TS2307: Cannot find module '@mui/lab' or its corresponding type declarations.
src/dojopool/frontend/components/Monitoring/[MON]Dashboard.tsx(69,24): error TS2307: Cannot find module 'file-saver' or its corresponding type declarations.
src/dojopool/frontend/components/Monitoring/[MON]Dashboard.tsx(72,55): error TS2307: Cannot find module 'react-beautiful-dnd' or its corresponding type declarations.
src/dojopool/frontend/components/Monitoring/[MON]Dashboard.tsx(178,22): error TS2339: Property 'label' does not exist on type 'MetricData'.
src/dojopool/frontend/components/Monitoring/[MON]Dashboard.tsx(531,20): error TS2345: Argument of type 'MetricsSnapshot' is not assignable to parameter of type 'SetStateAction<MetricsSnapshot | null>'.
src/dojopool/frontend/components/Monitoring/[MON]Dashboard.tsx(551,17): error TS2339: Property 'updateTimes' does not exist on type 'MetricsSnapshot'.
src/dojopool/frontend/components/Monitoring/[MON]Dashboard.tsx(552,12): error TS7006: Parameter 'point' implicitly has an 'any' type.
src/dojopool/frontend/components/Monitoring/[MON]Dashboard.tsx(559,17): error TS2339: Property 'latencyData' does not exist on type 'MetricsSnapshot'.
src/dojopool/frontend/components/Monitoring/[MON]Dashboard.tsx(560,12): error TS7006: Parameter 'point' implicitly has an 'any' type.
src/dojopool/frontend/components/Monitoring/[MON]Dashboard.tsx(567,17): error TS2339: Property 'historical' does not exist on type 'MetricsSnapshot'.
src/dojopool/frontend/components/Monitoring/[MON]Dashboard.tsx(568,12): error TS7006: Parameter 'point' implicitly has an 'any' type.
src/dojopool/frontend/components/Monitoring/[MON]Dashboard.tsx(684,36): error TS2339: Property 'historical' does not exist on type 'MetricsSnapshot'.
src/dojopool/frontend/components/Monitoring/[MON]Dashboard.tsx(685,8): error TS7006: Parameter 'm' implicitly has an 'any' type.
src/dojopool/frontend/components/Monitoring/[MON]Dashboard.tsx(690,27): error TS7006: Parameter 'm' implicitly has an 'any' type.
src/dojopool/frontend/components/Monitoring/[MON]Dashboard.tsx(701,33): error TS7006: Parameter 'm' implicitly has an 'any' type.
src/dojopool/frontend/components/Monitoring/[MON]Dashboard.tsx(707,29): error TS7006: Parameter 'm' implicitly has an 'any' type.
src/dojopool/frontend/components/Monitoring/[MON]Dashboard.tsx(740,15): error TS2322: Type 'TrendAnalysis | undefined' is not assignable to type 'import("C:/Users/Lenovo ThinkCentre/OneDrive/Documents/GitHub/dojopool/src/dojopool/frontend/types/monitoring").TrendAnalysis | undefined'.
  Type 'TrendAnalysis' is missing the following properties from type 'TrendAnalysis': trend, confidence
src/dojopool/frontend/components/Monitoring/[MON]Dashboard.tsx(827,32): error TS2339: Property 'updateTimes' does not exist on type '{ cpuUsage: number; memoryUsage: number; diskUsage: number; networkSent: number; networkReceived: number; memoryAvailable: number; processCount: number; threadCount: number; }'.
src/dojopool/frontend/components/Monitoring/[MON]Dashboard.tsx(828,14): error TS7006: Parameter 'm' implicitly has an 'any' type.
src/dojopool/frontend/components/Monitoring/[MON]Dashboard.tsx(830,28): error TS2339: Property 'latency' does not exist on type '{ cpuUsage: number; memoryUsage: number; diskUsage: number; networkSent: number; networkReceived: number; memoryAvailable: number; processCount: number; threadCount: number; }'.
src/dojopool/frontend/components/Monitoring/[MON]Dashboard.tsx(831,14): error TS7006: Parameter 'm' implicitly has an 'any' type.
src/dojopool/frontend/components/Monitoring/[MON]Dashboard.tsx(833,44): error TS2339: Property 'filter' does not exist on type 'number'.
src/dojopool/frontend/components/Monitoring/[MON]Dashboard.tsx(834,14): error TS7006: Parameter 'm' implicitly has an 'any' type.
src/dojopool/frontend/components/Monitoring/[MON]Dashboard.tsx(841,19): error TS2339: Property 'alerts' does not exist on type '{ cpuUsage: number; memoryUsage: number; diskUsage: number; networkSent: number; networkReceived: number; memoryAvailable: number; processCount: number; threadCount: number; }'.
src/dojopool/frontend/components/Monitoring/[MON]Dashboard.tsx(841,35): error TS7006: Parameter 'a' implicitly has an 'any' type.
src/dojopool/frontend/components/Monitoring/[MON]Dashboard.tsx(894,23): error TS2339: Property 'latency' does not exist on type 'MetricsSnapshot'.
src/dojopool/frontend/components/Monitoring/[MON]Dashboard.tsx(894,39): error TS2339: Property 'latency' does not exist on type 'MetricsSnapshot'.
src/dojopool/frontend/components/Monitoring/[MON]Dashboard.tsx(898,23): error TS2339: Property 'memoryUsage' does not exist on type 'MetricsSnapshot'.
src/dojopool/frontend/components/Monitoring/[MON]Dashboard.tsx(898,43): error TS2339: Property 'memoryUsage' does not exist on type 'MetricsSnapshot'.
src/dojopool/frontend/components/Monitoring/[MON]Dashboard.tsx(901,13): error TS2322: Type 'number[]' is not assignable to type 'number'.
src/dojopool/frontend/components/Monitoring/[MON]Dashboard.tsx(922,28): error TS2345: Argument of type '{ metric: "memoryUsage" | "latency" | "updateTimes" | "successRate"; level: string; value: number; }[]' is not assignable to parameter of type 'SetStateAction<{ metric: string; level: "warning" | "critical"; value: number; }[]>'.
  Type '{ metric: "memoryUsage" | "latency" | "updateTimes" | "successRate"; level: string; value: number; }[]' is not assignable to type '{ metric: string; level: "warning" | "critical"; value: number; }[]'.
    Type '{ metric: "memoryUsage" | "latency" | "updateTimes" | "successRate"; level: string; value: number; }' is not assignable to type '{ metric: string; level: "warning" | "critical"; value: number; }'.
      Types of property 'level' are incompatible.
        Type 'string' is not assignable to type '"warning" | "critical"'.
src/dojopool/frontend/components/Monitoring/[MON]Dashboard.tsx(946,9): error TS2451: Cannot redeclare block-scoped variable 'handleErrorClick'.
src/dojopool/frontend/components/Monitoring/[MON]Dashboard.tsx(1018,11): error TS2345: Argument of type 'ExportData' is not assignable to parameter of type 'string'.
src/dojopool/frontend/components/Monitoring/[MON]Dashboard.tsx(1036,25): error TS2339: Property 'errors' does not exist on type 'MetricsSnapshot'.
src/dojopool/frontend/components/Monitoring/[MON]Dashboard.tsx(1037,12): error TS7006: Parameter 'e' implicitly has an 'any' type.
src/dojopool/frontend/components/Monitoring/[MON]Dashboard.tsx(1041,28): error TS2339: Property 'latency' does not exist on type 'MetricsSnapshot'.
src/dojopool/frontend/components/Monitoring/[MON]Dashboard.tsx(1042,32): error TS2339: Property 'memoryUsage' does not exist on type 'MetricsSnapshot'.
src/dojopool/frontend/components/Monitoring/[MON]Dashboard.tsx(1168,15): error TS7006: Parameter 'provided' implicitly has an 'any' type.
src/dojopool/frontend/components/Monitoring/[MON]Dashboard.tsx(1178,25): error TS7006: Parameter 'provided' implicitly has an 'any' type.
src/dojopool/frontend/components/Monitoring/[MON]Dashboard.tsx(1666,38): error TS2345: Argument of type 'Record<string, import("C:/Users/Lenovo ThinkCentre/OneDrive/Documents/GitHub/dojopool/src/dojopool/frontend/types/monitoring").MetricData[]>' is not assignable to parameter of type 'Record<string, MetricData[]>'.
  'string' index signatures are incompatible.
    Type 'import("C:/Users/Lenovo ThinkCentre/OneDrive/Documents/GitHub/dojopool/src/dojopool/frontend/types/monitoring").MetricData[]' is not assignable to type 'MetricData[]'.
      Type 'MetricData' is missing the following properties from type 'MetricData': label, category
src/dojopool/frontend/components/Monitoring/[MON]Dashboard.tsx(1838,63): error TS2339: Property 'current' does not exist on type 'Promise<MetricsSnapshot>'.
src/dojopool/frontend/components/Monitoring/[MON]Dashboard.tsx(1846,10): error TS7006: Parameter 'd' implicitly has an 'any' type.
src/dojopool/frontend/components/Monitoring/[MON]Dashboard.tsx(1851,10): error TS7006: Parameter 'd' implicitly has an 'any' type.
src/dojopool/frontend/components/Monitoring/[MON]Dashboard.tsx(1857,45): error TS7006: Parameter 'd1' implicitly has an 'any' type.
src/dojopool/frontend/components/Monitoring/[MON]Dashboard.tsx(1858,47): error TS7006: Parameter 'prev' implicitly has an 'any' type.
src/dojopool/frontend/components/Monitoring/[MON]Dashboard.tsx(1858,53): error TS7006: Parameter 'curr' implicitly has an 'any' type.
src/dojopool/frontend/components/Monitoring/[MON]Dashboard.tsx(1871,39): error TS7006: Parameter 'sum' implicitly has an 'any' type.
src/dojopool/frontend/components/Monitoring/[MON]Dashboard.tsx(1871,44): error TS7006: Parameter 'p' implicitly has an 'any' type.
src/dojopool/frontend/components/Monitoring/[MON]Dashboard.tsx(1872,39): error TS7006: Parameter 'sum' implicitly has an 'any' type.
src/dojopool/frontend/components/Monitoring/[MON]Dashboard.tsx(1872,44): error TS7006: Parameter 'p' implicitly has an 'any' type.
src/dojopool/frontend/components/Monitoring/[MON]Dashboard.tsx(1873,40): error TS7006: Parameter 'sum' implicitly has an 'any' type.
src/dojopool/frontend/components/Monitoring/[MON]Dashboard.tsx(1873,45): error TS7006: Parameter 'p' implicitly has an 'any' type.
src/dojopool/frontend/components/Monitoring/[MON]Dashboard.tsx(1874,40): error TS7006: Parameter 'sum' implicitly has an 'any' type.
src/dojopool/frontend/components/Monitoring/[MON]Dashboard.tsx(1874,45): error TS7006: Parameter 'p' implicitly has an 'any' type.
src/dojopool/frontend/components/Monitoring/[MON]Dashboard.tsx(1875,40): error TS7006: Parameter 'sum' implicitly has an 'any' type.
src/dojopool/frontend/components/Monitoring/[MON]Dashboard.tsx(1875,45): error TS7006: Parameter 'p' implicitly has an 'any' type.
src/dojopool/frontend/components/Monitoring/[MON]Dashboard.tsx(2043,61): error TS2339: Property 'current' does not exist on type 'Promise<MetricsSnapshot>'.
src/dojopool/frontend/components/Monitoring/[MON]Dashboard.tsx(2190,63): error TS2339: Property 'current' does not exist on type 'Promise<MetricsSnapshot>'.
src/dojopool/frontend/components/Monitoring/[MON]Dashboard.tsx(2196,10): error TS7006: Parameter 'd' implicitly has an 'any' type.
src/dojopool/frontend/components/Monitoring/[MON]Dashboard.tsx(2210,32): error TS7006: Parameter 'd' implicitly has an 'any' type.
src/dojopool/frontend/components/Monitoring/[MON]Dashboard.tsx(2211,36): error TS7006: Parameter 'a' implicitly has an 'any' type.
src/dojopool/frontend/components/Monitoring/[MON]Dashboard.tsx(2211,39): error TS7006: Parameter 'b' implicitly has an 'any' type.
src/dojopool/frontend/components/Monitoring/[MON]Dashboard.tsx(2280,19): error TS7006: Parameter 'd' implicitly has an 'any' type.
src/dojopool/frontend/components/Monitoring/[MON]Dashboard.tsx(2406,27): error TS2322: Type '{ formatter: (value: any, name: string) => any[]; }' is not assignable to type 'IntrinsicAttributes & TooltipProps'.
  Property 'formatter' does not exist on type 'IntrinsicAttributes & TooltipProps'.
src/dojopool/frontend/components/Monitoring/[MON]Dashboard.tsx(2442,61): error TS2339: Property 'current' does not exist on type 'Promise<MetricsSnapshot>'.
src/dojopool/frontend/components/Monitoring/[MON]Dashboard.tsx(2503,22): error TS7006: Parameter 'point' implicitly has an 'any' type.
src/dojopool/frontend/components/Monitoring/[MON]Dashboard.tsx(2503,29): error TS7006: Parameter 'i' implicitly has an 'any' type.
src/dojopool/frontend/components/Monitoring/[MON]Dashboard.tsx(2518,22): error TS7006: Parameter 'point' implicitly has an 'any' type.
src/dojopool/frontend/components/Monitoring/[MON]Dashboard.tsx(2518,29): error TS7006: Parameter 'i' implicitly has an 'any' type.
src/dojopool/frontend/components/Monitoring/[MON]Dashboard.tsx(2819,21): error TS2322: Type '{ labelFormatter: (value: any) => string; formatter: (value: any) => string[]; }' is not assignable to type 'IntrinsicAttributes & TooltipProps'.
  Property 'labelFormatter' does not exist on type 'IntrinsicAttributes & TooltipProps'.
src/dojopool/frontend/components/Monitoring/[MON]Dashboard.tsx(2819,38): error TS7006: Parameter 'value' implicitly has an 'any' type.
src/dojopool/frontend/components/Monitoring/[MON]Dashboard.tsx(2858,9): error TS2451: Cannot redeclare block-scoped variable 'handleErrorClick'.
src/dojopool/frontend/components/Monitoring/[MON]Dashboard.tsx(3011,26): error TS2304: Cannot find name 'formatErrorRate'.
src/dojopool/frontend/components/Monitoring/[MON]Dashboard.tsx(3025,18): error TS2304: Cannot find name 'filteredErrors'.
src/dojopool/frontend/components/Monitoring/[MON]Dashboard.tsx(3025,40): error TS7031: Binding element 'error' implicitly has an 'any' type.
src/dojopool/frontend/components/Monitoring/[MON]Dashboard.tsx(3025,47): error TS7031: Binding element 'context' implicitly has an 'any' type.
src/dojopool/frontend/components/Monitoring/[MON]Dashboard.tsx(3025,58): error TS7006: Parameter 'index' implicitly has an 'any' type.
src/dojopool/frontend/components/Monitoring/[MON]Dashboard.tsx(3033,26): error TS2304: Cannot find name 'formatTimestamp'.
src/dojopool/frontend/components/Monitoring/[MON]MetricsChart.tsx(70,20): error TS2345: Argument of type 'MetricsSnapshot' is not assignable to parameter of type 'SetStateAction<MetricsSnapshot | null>'.
src/dojopool/frontend/components/Monitoring/[MON]MetricsChart.tsx(86,20): error TS2339: Property 'label' does not exist on type 'MetricData'.
src/dojopool/frontend/components/Monitoring/[MON]MetricsChart.tsx(134,48): error TS2339: Property 'trendLine' does not exist on type 'TrendAnalysis'.
src/dojopool/frontend/components/Monitoring/[MON]MetricsChart.tsx(137,56): error TS2339: Property 'trendLine' does not exist on type 'TrendAnalysis'.
src/dojopool/frontend/components/Monitoring/[MON]MetricsChart.tsx(149,36): error TS2339: Property 'timestamp' does not exist on type 'number'.
src/dojopool/frontend/components/Monitoring/[MON]MetricsChart.tsx(150,32): error TS2551: Property 'value' does not exist on type 'number'. Did you mean 'valueOf'?
src/dojopool/frontend/components/Monitoring/PerformancePanel.tsx(118,47): error TS2339: Property 'historical' does not exist on type 'MetricsSnapshot'.
src/dojopool/frontend/components/Notifications/[NOTIFY]Toast.tsx(3,34): error TS2307: Cannot find module '../../hooks/useNotifications' or its corresponding type declarations.
src/dojopool/frontend/components/Pages/[GAME]Game.tsx(17,3): error TS2724: '"@mui/icons-material"' has no exported member named 'MonitorChart'. Did you mean 'MonitorHeart'?
src/dojopool/frontend/components/Pages/[GAME]Game.tsx(20,10): error TS2305: Module '"@/services/api"' has no exported member 'gameApi'.
src/dojopool/frontend/components/Pages/[GAME]Game.tsx(21,28): error TS2307: Cannot find module '@/services/websocket/gameSocket' or its corresponding type declarations.
src/dojopool/frontend/components/Pages/[GAME]Game.tsx(22,21): error TS2307: Cannot find module '@/components/map/GameMap' or its corresponding type declarations.
src/dojopool/frontend/components/Pages/[GAME]Game.tsx(23,29): error TS2307: Cannot find module '@/hooks/useLocation' or its corresponding type declarations.
src/dojopool/frontend/components/Pages/[GAME]Game.tsx(24,38): error TS2307: Cannot find module '@/utils/location' or its corresponding type declarations.
src/dojopool/frontend/components/Pages/[GAME]Game.tsx(25,37): error TS2307: Cannot find module '../monitoring/Dashboard' or its corresponding type declarations.
src/dojopool/frontend/components/Pages/[GAME]Game.tsx(26,10): error TS2305: Module '"@/utils/monitoring"' has no exported member 'gameMetricsMonitor'.
src/dojopool/frontend/components/Pages/[GAME]Game.tsx(27,10): error TS2305: Module '"@/utils/validation"' has no exported member 'locationValidator'.
src/dojopool/frontend/components/Pages/[GAME]Game.tsx(53,15): error TS7006: Parameter 'err' implicitly has an 'any' type.
src/dojopool/frontend/components/Pages/[GAME]Game.tsx(70,19): error TS2551: Property 'playerId' does not exist on type 'GameState'. Did you mean 'players'?
src/dojopool/frontend/components/Pages/[GAME]Game.tsx(71,19): error TS2339: Property 'totalClues' does not exist on type 'GameState'.
src/dojopool/frontend/components/Pages/[GAME]Game.tsx(79,36): error TS2339: Property 'completedClues' does not exist on type 'GameState'.
src/dojopool/frontend/components/Pages/[GAME]Game.tsx(80,18): error TS2365: Operator '+' cannot be applied to types '{ home: number; away: number; }' and 'number'.
src/dojopool/frontend/components/Pages/[GAME]Game.tsx(101,41): error TS7006: Parameter 'clueId' implicitly has an 'any' type.
src/dojopool/frontend/components/Pages/[GAME]Game.tsx(121,58): error TS7006: Parameter 'update' implicitly has an 'any' type.
src/dojopool/frontend/components/Pages/[GAME]Game.tsx(137,50): error TS2339: Property 'totalClues' does not exist on type 'GameState'.
src/dojopool/frontend/components/Pages/[GAME]Game.tsx(139,25): error TS2551: Property 'playerId' does not exist on type 'GameState'. Did you mean 'players'?
src/dojopool/frontend/components/Pages/[GAME]Game.tsx(151,10): error TS7006: Parameter 'locations' implicitly has an 'any' type.
src/dojopool/frontend/components/Pages/[GAME]Game.tsx(165,23): error TS2551: Property 'playerId' does not exist on type 'GameState'. Did you mean 'players'?
src/dojopool/frontend/components/Pages/[GAME]Game.tsx(183,20): error TS2339: Property 'boundaries' does not exist on type 'GameState'.
src/dojopool/frontend/components/Pages/[GAME]Game.tsx(188,21): error TS2339: Property 'boundaries' does not exist on type 'GameState'.
src/dojopool/frontend/components/Pages/[GAME]Game.tsx(192,29): error TS2339: Property 'boundaries' does not exist on type 'GameState'.
src/dojopool/frontend/components/Pages/[GAME]Game.tsx(197,17): error TS2339: Property 'boundaries' does not exist on type 'GameState'.
src/dojopool/frontend/components/Pages/[GAME]Game.tsx(197,50): error TS7006: Parameter 'area' implicitly has an 'any' type.
src/dojopool/frontend/components/Pages/[GAME]Game.tsx(197,56): error TS7006: Parameter 'index' implicitly has an 'any' type.
src/dojopool/frontend/components/Pages/[GAME]Game.tsx(210,18): error TS2339: Property 'boundaries' does not exist on type 'GameState'.
src/dojopool/frontend/components/Pages/[GAME]Game.tsx(225,21): error TS2551: Property 'playerId' does not exist on type 'GameState'. Did you mean 'players'?
src/dojopool/frontend/components/Pages/[GAME]Game.tsx(276,57): error TS2339: Property 'timeRemaining' does not exist on type 'GameState'.
src/dojopool/frontend/components/Pages/[GAME]Game.tsx(281,54): error TS2339: Property 'totalClues' does not exist on type 'GameState'.
src/dojopool/frontend/components/Pages/[GAME]Game.tsx(287,45): error TS2769: No overload matches this call.
  Overload 1 of 2, '(props: { component: ElementType<any, keyof IntrinsicElements>; } & TypographyOwnProps & CommonProps & Omit<any, "style" | ... 112 more ... | "variantMapping">): Element | null', gave the following error.
    Type '{ home: number; away: number; }' is not assignable to type 'ReactNode'.
  Overload 2 of 2, '(props: DefaultComponentProps<TypographyTypeMap<{}, "span">>): Element | null', gave the following error.
    Type '{ home: number; away: number; }' is not assignable to type 'ReactNode'.
src/dojopool/frontend/components/Pages/[UI]Home.tsx(76,13): error TS2322: Type 'number' is not assignable to type 'string[]'.
src/dojopool/frontend/components/Pages/[UI]Home.tsx(86,13): error TS2322: Type 'number' is not assignable to type 'string[]'.
src/dojopool/frontend/components/Pages/[UI]Home.tsx(369,33): error TS2339: Property 'imageUrl' does not exist on type 'Game'.
src/dojopool/frontend/components/Pages/[UI]Home.tsx(370,31): error TS2339: Property 'title' does not exist on type 'Game'.
src/dojopool/frontend/components/Pages/[UI]Home.tsx(383,29): error TS2339: Property 'title' does not exist on type 'Game'.
src/dojopool/frontend/components/Pages/[UI]Home.tsx(398,29): error TS2339: Property 'description' does not exist on type 'Game'.
src/dojopool/frontend/components/Pages/[UI]Home.tsx(410,37): error TS2339: Property 'difficulty' does not exist on type 'Game'.
src/dojopool/frontend/components/Pages/[UI]Home.tsx(411,56): error TS2339: Property 'difficulty' does not exist on type 'Game'.
src/dojopool/frontend/components/Pages/[UI]Home.tsx(422,59): error TS2339: Property 'duration' does not exist on type 'Game'.
src/dojopool/frontend/components/Profile/[UI]Profile.tsx(66,69): error TS2339: Property 'avatar' does not exist on type 'User'.
src/dojopool/frontend/components/QRAlertsDashboard.tsx(39,10): error TS2305: Module '"../services/api"' has no exported member 'api'.
src/dojopool/frontend/components/QRAlertsDashboard.tsx(207,14): error TS2769: No overload matches this call.
  Overload 1 of 3, '(props: { href: string; } & MenuItemOwnProps & Omit<ButtonBaseOwnProps, "classes"> & CommonProps & Omit<DetailedHTMLProps<AnchorHTMLAttributes<HTMLAnchorElement>, HTMLAnchorElement>, "style" | ... 20 more ... | "selected">): Element', gave the following error.
    Type '{ children: string; value: boolean; }' is not assignable to type 'IntrinsicAttributes & { href: string; } & MenuItemOwnProps & Omit<ButtonBaseOwnProps, "classes"> & CommonProps & Omit<...>'.
      Property 'value' does not exist on type 'IntrinsicAttributes & { href: string; } & MenuItemOwnProps & Omit<ButtonBaseOwnProps, "classes"> & CommonProps & Omit<...>'.
  Overload 2 of 3, '(props: { component: ElementType<any, keyof IntrinsicElements>; } & MenuItemOwnProps & Omit<ButtonBaseOwnProps, "classes"> & CommonProps & Omit<...>): Element | null', gave the following error.
    Property 'component' is missing in type '{ children: string; value: boolean; }' but required in type '{ component: ElementType<any, keyof IntrinsicElements>; }'.
  Overload 3 of 3, '(props: DefaultComponentProps<ExtendButtonBaseTypeMap<MenuItemTypeMap<{}, "li">>>): Element | null', gave the following error.
    Type 'false' is not assignable to type 'string | number | readonly string[] | undefined'.
src/dojopool/frontend/components/QRAlertsDashboard.tsx(208,14): error TS2769: No overload matches this call.
  Overload 1 of 3, '(props: { href: string; } & MenuItemOwnProps & Omit<ButtonBaseOwnProps, "classes"> & CommonProps & Omit<DetailedHTMLProps<AnchorHTMLAttributes<HTMLAnchorElement>, HTMLAnchorElement>, "style" | ... 20 more ... | "selected">): Element', gave the following error.
    Type '{ children: string; value: boolean; }' is not assignable to type 'IntrinsicAttributes & { href: string; } & MenuItemOwnProps & Omit<ButtonBaseOwnProps, "classes"> & CommonProps & Omit<...>'.
      Property 'value' does not exist on type 'IntrinsicAttributes & { href: string; } & MenuItemOwnProps & Omit<ButtonBaseOwnProps, "classes"> & CommonProps & Omit<...>'.
  Overload 2 of 3, '(props: { component: ElementType<any, keyof IntrinsicElements>; } & MenuItemOwnProps & Omit<ButtonBaseOwnProps, "classes"> & CommonProps & Omit<...>): Element | null', gave the following error.
    Property 'component' is missing in type '{ children: string; value: boolean; }' but required in type '{ component: ElementType<any, keyof IntrinsicElements>; }'.
  Overload 3 of 3, '(props: DefaultComponentProps<ExtendButtonBaseTypeMap<MenuItemTypeMap<{}, "li">>>): Element | null', gave the following error.
    Type 'true' is not assignable to type 'string | number | readonly string[] | undefined'.
src/dojopool/frontend/components/QRCode/[QR]index.ts(1,38): error TS2307: Cannot find module './QRScanner' or its corresponding type declarations.
src/dojopool/frontend/components/QRCode/[QR]index.ts(2,38): error TS2307: Cannot find module './QRDisplay' or its corresponding type declarations.
src/dojopool/frontend/components/QRCode/[QR]index.ts(3,37): error TS2307: Cannot find module './QRDialog' or its corresponding type declarations.
src/dojopool/frontend/components/QRCode/[QR]QRDialog.tsx(12,23): error TS2307: Cannot find module './QRScanner' or its corresponding type declarations.
src/dojopool/frontend/components/QRCode/[QR]QRDialog.tsx(13,23): error TS2307: Cannot find module './QRDisplay' or its corresponding type declarations.
src/dojopool/frontend/components/QRCode/[QR]QRScanner.tsx(4,23): error TS2307: Cannot find module 'qr-scanner' or its corresponding type declarations.
src/dojopool/frontend/components/QRCode/[QR]QRScanner.tsx(61,12): error TS7006: Parameter 'result' implicitly has an 'any' type.
src/dojopool/frontend/components/QRScanner.tsx(2,26): error TS2307: Cannot find module 'react-qr-reader' or its corresponding type declarations.
src/dojopool/frontend/components/QRScanner.tsx(23,10): error TS2305: Module '"../services/api"' has no exported member 'api'.
src/dojopool/frontend/components/QRScanner.tsx(218,26): error TS7006: Parameter 'result' implicitly has an 'any' type.
src/dojopool/frontend/components/QRStatsDashboard.tsx(33,10): error TS2305: Module '"../services/api"' has no exported member 'api'.
src/dojopool/frontend/components/Tournament/[TOURN]TournamentBracket.tsx(70,35): error TS2339: Property 'players' does not exist on type 'Tournament'.
src/dojopool/frontend/components/Tournament/[TOURN]TournamentBracket.tsx(71,6): error TS7006: Parameter 'acc' implicitly has an 'any' type.
src/dojopool/frontend/components/Tournament/[TOURN]TournamentBracket.tsx(71,11): error TS7006: Parameter 'player' implicitly has an 'any' type.
src/dojopool/frontend/components/Tournament/[TOURN]TournamentBracket.tsx(79,37): error TS2339: Property 'rounds' does not exist on type 'Tournament'.
src/dojopool/frontend/components/Tournament/[TOURN]TournamentBracket.tsx(80,6): error TS7006: Parameter 'acc' implicitly has an 'any' type.
src/dojopool/frontend/components/Tournament/[TOURN]TournamentBracket.tsx(80,11): error TS7006: Parameter 'round' implicitly has an 'any' type.
src/dojopool/frontend/components/Tournament/[TOURN]TournamentBracket.tsx(88,42): error TS2339: Property 'loserRounds' does not exist on type 'Tournament'.
src/dojopool/frontend/components/Tournament/[TOURN]TournamentBracket.tsx(89,6): error TS7006: Parameter 'acc' implicitly has an 'any' type.
src/dojopool/frontend/components/Tournament/[TOURN]TournamentBracket.tsx(89,11): error TS7006: Parameter 'round' implicitly has an 'any' type.
src/dojopool/frontend/components/Tournament/[TOURN]TournamentBracket.tsx(97,38): error TS2339: Property 'groupMatches' does not exist on type 'Tournament'.
src/dojopool/frontend/components/Tournament/[TOURN]TournamentBracket.tsx(100,34): error TS2339: Property 'swissRounds' does not exist on type 'Tournament'.
src/dojopool/frontend/components/Tournament/[TOURN]TournamentBracket.tsx(104,10): error TS2678: Type '"DOUBLE_ELIMINATION"' is not comparable to type '"single_elimination" | "double_elimination" | "round_robin"'.
src/dojopool/frontend/components/Tournament/[TOURN]TournamentBracket.tsx(117,20): error TS18046: 'matches' is of type 'unknown'.
src/dojopool/frontend/components/Tournament/[TOURN]TournamentBracket.tsx(117,33): error TS7006: Parameter 'match' implicitly has an 'any' type.
src/dojopool/frontend/components/Tournament/[TOURN]TournamentBracket.tsx(129,20): error TS18046: 'matches' is of type 'unknown'.
src/dojopool/frontend/components/Tournament/[TOURN]TournamentBracket.tsx(129,33): error TS7006: Parameter 'match' implicitly has an 'any' type.
src/dojopool/frontend/components/Tournament/[TOURN]TournamentBracket.tsx(138,10): error TS2678: Type '"ROUND_ROBIN"' is not comparable to type '"single_elimination" | "double_elimination" | "round_robin"'.
src/dojopool/frontend/components/Tournament/[TOURN]TournamentBracket.tsx(149,31): error TS2339: Property 'players' does not exist on type 'Tournament'.
src/dojopool/frontend/components/Tournament/[TOURN]TournamentBracket.tsx(149,44): error TS7006: Parameter 'p' implicitly has an 'any' type.
src/dojopool/frontend/components/Tournament/[TOURN]TournamentBracket.tsx(157,29): error TS2339: Property 'players' does not exist on type 'Tournament'.
src/dojopool/frontend/components/Tournament/[TOURN]TournamentBracket.tsx(157,42): error TS7006: Parameter 'p1' implicitly has an 'any' type.
src/dojopool/frontend/components/Tournament/[TOURN]TournamentBracket.tsx(160,33): error TS2339: Property 'players' does not exist on type 'Tournament'.
src/dojopool/frontend/components/Tournament/[TOURN]TournamentBracket.tsx(160,46): error TS7006: Parameter 'p2' implicitly has an 'any' type.
src/dojopool/frontend/components/Tournament/[TOURN]TournamentBracket.tsx(163,26): error TS7006: Parameter 'm' implicitly has an 'any' type.
src/dojopool/frontend/components/Tournament/[TOURN]TournamentBracket.tsx(186,10): error TS2678: Type '"SWISS"' is not comparable to type '"single_elimination" | "double_elimination" | "round_robin"'.
src/dojopool/frontend/components/Tournament/[TOURN]TournamentBracket.tsx(192,29): error TS7006: Parameter 'round' implicitly has an 'any' type.
src/dojopool/frontend/components/Tournament/[TOURN]TournamentBracket.tsx(192,36): error TS7006: Parameter 'idx' implicitly has an 'any' type.
src/dojopool/frontend/components/Tournament/[TOURN]TournamentBracket.tsx(229,18): error TS18046: 'matches' is of type 'unknown'.
src/dojopool/frontend/components/Tournament/[TOURN]TournamentBracket.tsx(229,31): error TS7006: Parameter 'match' implicitly has an 'any' type.
src/dojopool/frontend/components/Tournament/[TOURN]TournamentCreate.tsx(18,32): error TS2307: Cannot find module '@mui/x-date-pickers' or its corresponding type declarations.
src/dojopool/frontend/components/Tournament/[TOURN]TournamentCreate.tsx(21,27): error TS7006: Parameter 'props' implicitly has an 'any' type.
src/dojopool/frontend/components/Tournament/[TOURN]TournamentCreate.tsx(117,19): error TS2322: Type '(e: React.ChangeEvent<HTMLInputElement | { name?: string; value: unknown; }>) => void' is not assignable to type '(event: SelectChangeEvent<TournamentFormat>, child: ReactNode) => void'.
  Types of parameters 'e' and 'event' are incompatible.
    Type 'SelectChangeEvent<TournamentFormat>' is not assignable to type 'ChangeEvent<HTMLInputElement | { name?: string | undefined; value: unknown; }>'.
      Type 'Event & { target: { value: TournamentFormat; name: string; }; }' is missing the following properties from type 'ChangeEvent<HTMLInputElement | { name?: string | undefined; value: unknown; }>': nativeEvent, isDefaultPrevented, isPropagationStopped, persist
src/dojopool/frontend/components/Tournament/[TOURN]TournamentCreate.tsx(134,19): error TS2322: Type '(e: React.ChangeEvent<HTMLInputElement | { name?: string; value: unknown; }>) => void' is not assignable to type '(event: SelectChangeEvent<string>, child: ReactNode) => void'.
  Types of parameters 'e' and 'event' are incompatible.
    Type 'SelectChangeEvent<string>' is not assignable to type 'ChangeEvent<HTMLInputElement | { name?: string | undefined; value: unknown; }>'.
      Type 'Event & { target: { value: string; name: string; }; }' is missing the following properties from type 'ChangeEvent<HTMLInputElement | { name?: string | undefined; value: unknown; }>': nativeEvent, isDefaultPrevented, isPropagationStopped, persist
src/dojopool/frontend/components/Tournament/[TOURN]TournamentCreate.tsx(146,28): error TS7006: Parameter 'date' implicitly has an 'any' type.
src/dojopool/frontend/components/Tournament/[TOURN]TournamentCreate.tsx(158,28): error TS7006: Parameter 'date' implicitly has an 'any' type.
src/dojopool/frontend/components/Tournament/[TOURN]TournamentCreate.tsx(201,23): error TS2322: Type '(e: React.ChangeEvent<HTMLInputElement>) => void' is not assignable to type '(event: SelectChangeEvent<string>, child: ReactNode) => void'.
  Types of parameters 'e' and 'event' are incompatible.
    Type 'SelectChangeEvent<string>' is not assignable to type 'ChangeEvent<HTMLInputElement>'.
      Type 'Event & { target: { value: string; name: string; }; }' is missing the following properties from type 'ChangeEvent<HTMLInputElement>': nativeEvent, isDefaultPrevented, isPropagationStopped, persist
src/dojopool/frontend/components/Tournament/[TOURN]TournamentList.tsx(87,31): error TS2339: Property 'players' does not exist on type 'Tournament'.
src/dojopool/frontend/components/Tournament/[TOURN]TournamentList.tsx(87,61): error TS2339: Property 'maxPlayers' does not exist on type 'Tournament'.
src/dojopool/frontend/components/Tournament/[TOURN]TournamentList.tsx(92,43): error TS2345: Argument of type '"completed" | "upcoming" | "in_progress"' is not assignable to parameter of type 'TournamentStatus'.
  Type '"completed"' is not assignable to type 'TournamentStatus'. Did you mean 'TournamentStatus.COMPLETED'?
src/dojopool/frontend/components/tournaments/TournamentDetail.tsx(33,3): error TS2305: Module '"../../types/tournament"' has no exported member 'MatchStatus'.
src/dojopool/frontend/components/tournaments/TournamentDetail.tsx(43,31): error TS2307: Cannot find module './TournamentBracket' or its corresponding type declarations.
src/dojopool/frontend/components/tournaments/TournamentDetail.tsx(44,24): error TS2307: Cannot find module './MatchStats' or its corresponding type declarations.
src/dojopool/frontend/components/tournaments/TournamentDetail.tsx(62,11): error TS2339: Property 'isAuthenticated' does not exist on type '{ user: User | null; loading: boolean; error: string | null; login: (email: string, password: string) => Promise<void>; logout: () => void; getToken: () => Promise<string>; register: (email: string, password: string, name: string) => Promise<...>; }'.
src/dojopool/frontend/components/tournaments/TournamentDetail.tsx(62,28): error TS2339: Property 'isAdmin' does not exist on type '{ user: User | null; loading: boolean; error: string | null; login: (email: string, password: string) => Promise<void>; logout: () => void; getToken: () => Promise<string>; register: (email: string, password: string, name: string) => Promise<...>; }'.
src/dojopool/frontend/components/tournaments/TournamentDetail.tsx(75,49): error TS2345: Argument of type 'string | undefined' is not assignable to parameter of type 'string'.
  Type 'undefined' is not assignable to type 'string'.
src/dojopool/frontend/components/tournaments/TournamentDetail.tsx(87,56): error TS2345: Argument of type 'string | undefined' is not assignable to parameter of type 'string'.
  Type 'undefined' is not assignable to type 'string'.
src/dojopool/frontend/components/tournaments/TournamentDetail.tsx(97,44): error TS2345: Argument of type 'string | undefined' is not assignable to parameter of type 'string'.
  Type 'undefined' is not assignable to type 'string'.
src/dojopool/frontend/components/tournaments/TournamentDetail.tsx(108,38): error TS2345: Argument of type 'string | undefined' is not assignable to parameter of type 'string'.
  Type 'undefined' is not assignable to type 'string'.
src/dojopool/frontend/components/tournaments/TournamentDetail.tsx(122,25): error TS2345: Argument of type 'string' is not assignable to parameter of type 'number'.
src/dojopool/frontend/components/tournaments/TournamentDetail.tsx(148,25): error TS2339: Property 'username' does not exist on type 'TournamentParticipant'.
src/dojopool/frontend/components/tournaments/TournamentDetail.tsx(155,25): error TS2339: Property 'username' does not exist on type 'TournamentParticipant'.
src/dojopool/frontend/components/tournaments/TournamentDetail.tsx(182,16): error TS7006: Parameter '_' implicitly has an 'any' type.
src/dojopool/frontend/components/tournaments/TournamentDetail.tsx(184,23): error TS2367: This comparison appears to be unintentional because the types '"COMPLETED" | "IN_PROGRESS" | "CANCELLED" | "PENDING"' and '"completed"' have no overlap.
src/dojopool/frontend/components/tournaments/TournamentDetail.tsx(204,34): error TS2339: Property 'bracket_data' does not exist on type 'Tournament'.
src/dojopool/frontend/components/tournaments/TournamentDetail.tsx(219,25): error TS2367: This comparison appears to be unintentional because the types '"upcoming"' and '"registration"' have no overlap.
src/dojopool/frontend/components/tournaments/TournamentDetail.tsx(221,27): error TS2367: This comparison appears to be unintentional because the types '"upcoming"' and '"cancelled"' have no overlap.
src/dojopool/frontend/components/tournaments/TournamentDetail.tsx(230,35): error TS2367: This comparison appears to be unintentional because the types '"completed" | "upcoming" | "in_progress"' and '"registration"' have no overlap.
src/dojopool/frontend/components/tournaments/TournamentDetail.tsx(235,27): error TS2367: This comparison appears to be unintentional because the types '"completed" | "upcoming" | "in_progress"' and '"registration"' have no overlap.
src/dojopool/frontend/components/tournaments/TournamentDetail.tsx(249,32): error TS2551: Property 'start_date' does not exist on type 'Tournament'. Did you mean 'startDate'?
src/dojopool/frontend/components/tournaments/TournamentDetail.tsx(252,26): error TS2551: Property 'entry_fee' does not exist on type 'Tournament'. Did you mean 'entryFee'?
src/dojopool/frontend/components/tournaments/TournamentDetail.tsx(255,26): error TS2551: Property 'prize_pool' does not exist on type 'Tournament'. Did you mean 'prizePools'?
src/dojopool/frontend/components/tournaments/TournamentDetail.tsx(257,23): error TS2339: Property 'registration_deadline' does not exist on type 'Tournament'.
src/dojopool/frontend/components/tournaments/TournamentDetail.tsx(259,34): error TS2339: Property 'registration_deadline' does not exist on type 'Tournament'.
src/dojopool/frontend/components/tournaments/TournamentDetail.tsx(262,23): error TS2551: Property 'max_participants' does not exist on type 'Tournament'. Did you mean 'maxParticipants'?
src/dojopool/frontend/components/tournaments/TournamentDetail.tsx(264,27): error TS2551: Property 'max_participants' does not exist on type 'Tournament'. Did you mean 'maxParticipants'?
src/dojopool/frontend/components/tournaments/TournamentDetail.tsx(293,25): error TS2551: Property 'participants' does not exist on type 'Tournament'. Did you mean 'maxParticipants'?
src/dojopool/frontend/components/tournaments/TournamentDetail.tsx(293,43): error TS7006: Parameter 'participant' implicitly has an 'any' type.
src/dojopool/frontend/components/tournaments/TournamentDetail.tsx(326,42): error TS2339: Property 'username' does not exist on type '{ id: string; name: string; score: number; }'.
src/dojopool/frontend/components/tournaments/TournamentDetail.tsx(331,42): error TS2339: Property 'username' does not exist on type '{ id: string; name: string; score: number; }'.
src/dojopool/frontend/components/Training/[TRAIN]TrainingDashboard.tsx(23,10): error TS2305: Module '"../../services/api"' has no exported member 'api'.
src/dojopool/frontend/components/Training/[TRAIN]TrainingDashboard.tsx(24,31): error TS2307: Cannot find module './ProgressChart' or its corresponding type declarations.
src/dojopool/frontend/components/Training/[TRAIN]TrainingDashboard.tsx(25,30): error TS2307: Cannot find module './ExerciseList' or its corresponding type declarations.
src/dojopool/frontend/components/Training/[TRAIN]TrainingDashboard.tsx(188,20): error TS2304: Cannot find name 'List'.
src/dojopool/frontend/components/Training/[TRAIN]TrainingDashboard.tsx(190,24): error TS2304: Cannot find name 'ListItem'.
src/dojopool/frontend/components/Training/[TRAIN]TrainingDashboard.tsx(191,26): error TS2304: Cannot find name 'ListItemIcon'.
src/dojopool/frontend/components/Training/[TRAIN]TrainingDashboard.tsx(193,27): error TS2304: Cannot find name 'ListItemIcon'.
src/dojopool/frontend/components/Training/[TRAIN]TrainingDashboard.tsx(194,26): error TS2304: Cannot find name 'ListItemText'.
src/dojopool/frontend/components/Training/[TRAIN]TrainingDashboard.tsx(195,25): error TS2304: Cannot find name 'ListItem'.
src/dojopool/frontend/components/Training/[TRAIN]TrainingDashboard.tsx(197,21): error TS2304: Cannot find name 'List'.
src/dojopool/frontend/components/Venue/[VENUE]VenueDetail.tsx(89,41): error TS2339: Property 'average' does not exist on type 'number'.
src/dojopool/frontend/components/Venue/[VENUE]VenueDetail.tsx(91,30): error TS2339: Property 'count' does not exist on type 'number'.
src/dojopool/frontend/components/Venue/[VENUE]VenueList.tsx(82,61): error TS2339: Property 'isPrimary' does not exist on type 'string'.
src/dojopool/frontend/components/Venue/[VENUE]VenueList.tsx(82,73): error TS2339: Property 'url' does not exist on type 'string'.
src/dojopool/frontend/components/Venue/[VENUE]VenueList.tsx(105,43): error TS2339: Property 'average' does not exist on type 'number'.
src/dojopool/frontend/components/Venue/[VENUE]VenueList.tsx(115,38): error TS2339: Property 'count' does not exist on type 'number'.
src/dojopool/frontend/components/Venue/[VENUE]VenueRegister.tsx(18,28): error TS2307: Cannot find module '@mui/x-date-pickers' or its corresponding type declarations.
src/dojopool/frontend/components/venues/[VENUE]CheckInSystem.tsx(18,3): error TS2305: Module '"antd"' has no exported member 'Box'.
src/dojopool/frontend/components/venues/[VENUE]CheckInSystem.tsx(19,3): error TS2305: Module '"antd"' has no exported member 'CircularProgress'.
src/dojopool/frontend/components/venues/[VENUE]CheckInSystem.tsx(191,16): error TS7006: Parameter '_' implicitly has an 'any' type.
src/dojopool/frontend/components/venues/[VENUE]EventManagement.tsx(37,3): error TS2305: Module '"../../api/venues"' has no exported member 'updateEvent'.
src/dojopool/frontend/components/venues/[VENUE]EventManagement.tsx(39,3): error TS2305: Module '"../../api/venues"' has no exported member 'getEventParticipants'.
src/dojopool/frontend/components/venues/[VENUE]EventManagement.tsx(40,3): error TS2305: Module '"../../api/venues"' has no exported member 'checkInParticipant'.
src/dojopool/frontend/components/venues/[VENUE]EventManagement.tsx(106,34): error TS2554: Expected 1 arguments, but got 2.
src/dojopool/frontend/components/venues/[VENUE]EventManagement.tsx(450,56): error TS2304: Cannot find name 'UserOutlined'.
src/dojopool/frontend/components/venues/[VENUE]LeaderboardList.tsx(50,38): error TS2345: Argument of type 'string' is not assignable to parameter of type 'number'.
src/dojopool/frontend/components/venues/[VENUE]VenueDetail.tsx(15,27): error TS2307: Cannot find module './CheckInSystem' or its corresponding type declarations.
src/dojopool/frontend/components/venues/[VENUE]VenueDetail.tsx(16,29): error TS2307: Cannot find module './LeaderboardList' or its corresponding type declarations.
src/dojopool/frontend/components/venues/[VENUE]VenueDetail.tsx(17,23): error TS2307: Cannot find module '../events/EventList' or its corresponding type declarations.
src/dojopool/frontend/components/venues/[VENUE]VenueDetail.tsx(18,28): error TS2307: Cannot find module '../common/LoadingSpinner' or its corresponding type declarations.
src/dojopool/frontend/components/venues/[VENUE]VenueDetail.tsx(34,44): error TS2345: Argument of type 'string | undefined' is not assignable to parameter of type 'string'.
  Type 'undefined' is not assignable to type 'string'.
src/dojopool/frontend/components/venues/[VENUE]VenueDetail.tsx(124,46): error TS2345: Argument of type 'string | undefined' is not assignable to parameter of type 'string'.
  Type 'undefined' is not assignable to type 'string'.
src/dojopool/frontend/components/venues/[VENUE]VenueDetail.tsx(134,48): error TS2345: Argument of type 'string | undefined' is not assignable to parameter of type 'string'.
  Type 'undefined' is not assignable to type 'string'.
src/dojopool/frontend/components/venues/[VENUE]VenueDetail.tsx(144,42): error TS2345: Argument of type 'string | undefined' is not assignable to parameter of type 'string'.
  Type 'undefined' is not assignable to type 'string'.
src/dojopool/frontend/components/venues/[VENUE]VenueList.tsx(101,27): error TS2339: Property 'image_url' does not exist on type 'Venue'.
src/dojopool/frontend/components/venues/[VENUE]VenueList.tsx(104,36): error TS2339: Property 'image_url' does not exist on type 'Venue'.
src/dojopool/frontend/components/venues/[VENUE]VenueList.tsx(115,30): error TS2322: Type '{ street: string; city: string; state: string; country: string; postalCode: string; coordinates?: { latitude: number; longitude: number; } | undefined; }' is not assignable to type 'ReactNode'.
src/dojopool/frontend/components/venues/[VENUE]VenueList.tsx(117,34): error TS2339: Property 'city' does not exist on type 'Venue'.
src/dojopool/frontend/components/venues/[VENUE]VenueList.tsx(117,48): error TS2551: Property 'state' does not exist on type 'Venue'. Did you mean 'stats'?
src/dojopool/frontend/components/venues/[VENUE]VenueList.tsx(121,34): error TS2551: Property 'is_verified' does not exist on type 'Venue'. Did you mean 'isVerified'?
src/dojopool/frontend/cypress/e2e/achievements/achievement-flow.cy.ts(2,7): error TS7034: Variable 'users' implicitly has type 'any' in some locations where its type cannot be determined.
src/dojopool/frontend/cypress/e2e/achievements/achievement-flow.cy.ts(4,7): error TS7034: Variable 'achievements' implicitly has type 'any' in some locations where its type cannot be determined.
src/dojopool/frontend/cypress/e2e/achievements/achievement-flow.cy.ts(6,3): error TS2304: Cannot find name 'before'.
src/dojopool/frontend/cypress/e2e/achievements/achievement-flow.cy.ts(7,5): error TS2304: Cannot find name 'cy'.
src/dojopool/frontend/cypress/e2e/achievements/achievement-flow.cy.ts(7,31): error TS7006: Parameter 'userData' implicitly has an 'any' type.
src/dojopool/frontend/cypress/e2e/achievements/achievement-flow.cy.ts(10,5): error TS2304: Cannot find name 'cy'.
src/dojopool/frontend/cypress/e2e/achievements/achievement-flow.cy.ts(10,31): error TS7006: Parameter 'gameData' implicitly has an 'any' type.
src/dojopool/frontend/cypress/e2e/achievements/achievement-flow.cy.ts(13,5): error TS2304: Cannot find name 'cy'.
src/dojopool/frontend/cypress/e2e/achievements/achievement-flow.cy.ts(13,38): error TS7006: Parameter 'achievementData' implicitly has an 'any' type.
src/dojopool/frontend/cypress/e2e/achievements/achievement-flow.cy.ts(19,5): error TS2304: Cannot find name 'cy'.
src/dojopool/frontend/cypress/e2e/achievements/achievement-flow.cy.ts(19,14): error TS7005: Variable 'users' implicitly has an 'any' type.
src/dojopool/frontend/cypress/e2e/achievements/achievement-flow.cy.ts(19,37): error TS7005: Variable 'users' implicitly has an 'any' type.
src/dojopool/frontend/cypress/e2e/achievements/achievement-flow.cy.ts(25,7): error TS2304: Cannot find name 'cy'.
src/dojopool/frontend/cypress/e2e/achievements/achievement-flow.cy.ts(25,21): error TS7005: Variable 'users' implicitly has an 'any' type.
src/dojopool/frontend/cypress/e2e/achievements/achievement-flow.cy.ts(25,41): error TS7005: Variable 'users' implicitly has an 'any' type.
src/dojopool/frontend/cypress/e2e/achievements/achievement-flow.cy.ts(26,10): error TS7006: Parameter 'gameId' implicitly has an 'any' type.
src/dojopool/frontend/cypress/e2e/achievements/achievement-flow.cy.ts(28,11): error TS2304: Cannot find name 'cy'.
src/dojopool/frontend/cypress/e2e/achievements/achievement-flow.cy.ts(34,11): error TS2304: Cannot find name 'cy'.
src/dojopool/frontend/cypress/e2e/achievements/achievement-flow.cy.ts(34,22): error TS7005: Variable 'users' implicitly has an 'any' type.
src/dojopool/frontend/cypress/e2e/achievements/achievement-flow.cy.ts(37,11): error TS2304: Cannot find name 'cy'.
src/dojopool/frontend/cypress/e2e/achievements/achievement-flow.cy.ts(39,15): error TS2304: Cannot find name 'cy'.
src/dojopool/frontend/cypress/e2e/achievements/achievement-flow.cy.ts(40,15): error TS2304: Cannot find name 'cy'.
src/dojopool/frontend/cypress/e2e/achievements/achievement-flow.cy.ts(48,7): error TS2304: Cannot find name 'cy'.
src/dojopool/frontend/cypress/e2e/achievements/achievement-flow.cy.ts(48,21): error TS7005: Variable 'users' implicitly has an 'any' type.
src/dojopool/frontend/cypress/e2e/achievements/achievement-flow.cy.ts(48,41): error TS7005: Variable 'users' implicitly has an 'any' type.
src/dojopool/frontend/cypress/e2e/achievements/achievement-flow.cy.ts(49,10): error TS7006: Parameter 'gameId' implicitly has an 'any' type.
src/dojopool/frontend/cypress/e2e/achievements/achievement-flow.cy.ts(52,13): error TS2304: Cannot find name 'cy'.
src/dojopool/frontend/cypress/e2e/achievements/achievement-flow.cy.ts(56,11): error TS2304: Cannot find name 'cy'.
src/dojopool/frontend/cypress/e2e/achievements/achievement-flow.cy.ts(57,11): error TS2304: Cannot find name 'cy'.
src/dojopool/frontend/cypress/e2e/achievements/achievement-flow.cy.ts(60,15): error TS2304: Cannot find name 'cy'.
src/dojopool/frontend/cypress/e2e/achievements/achievement-flow.cy.ts(61,15): error TS2304: Cannot find name 'cy'.
src/dojopool/frontend/cypress/e2e/achievements/achievement-flow.cy.ts(72,7): error TS2304: Cannot find name 'cy'.
src/dojopool/frontend/cypress/e2e/achievements/achievement-flow.cy.ts(72,21): error TS7005: Variable 'users' implicitly has an 'any' type.
src/dojopool/frontend/cypress/e2e/achievements/achievement-flow.cy.ts(72,41): error TS7005: Variable 'users' implicitly has an 'any' type.
src/dojopool/frontend/cypress/e2e/achievements/achievement-flow.cy.ts(73,10): error TS7006: Parameter 'gameId' implicitly has an 'any' type.
src/dojopool/frontend/cypress/e2e/achievements/achievement-flow.cy.ts(83,11): error TS2304: Cannot find name 'cy'.
src/dojopool/frontend/cypress/e2e/achievements/achievement-flow.cy.ts(84,11): error TS2304: Cannot find name 'cy'.
src/dojopool/frontend/cypress/e2e/achievements/achievement-flow.cy.ts(84,22): error TS7005: Variable 'users' implicitly has an 'any' type.
src/dojopool/frontend/cypress/e2e/achievements/achievement-flow.cy.ts(87,11): error TS2304: Cannot find name 'cy'.
src/dojopool/frontend/cypress/e2e/achievements/achievement-flow.cy.ts(89,15): error TS2304: Cannot find name 'cy'.
src/dojopool/frontend/cypress/e2e/achievements/achievement-flow.cy.ts(90,15): error TS2304: Cannot find name 'cy'.
src/dojopool/frontend/cypress/e2e/achievements/achievement-flow.cy.ts(101,7): error TS2304: Cannot find name 'cy'.
src/dojopool/frontend/cypress/e2e/achievements/achievement-flow.cy.ts(102,31): error TS2304: Cannot find name 'cy'.
src/dojopool/frontend/cypress/e2e/achievements/achievement-flow.cy.ts(107,7): error TS2304: Cannot find name 'cy'.
src/dojopool/frontend/cypress/e2e/achievements/achievement-flow.cy.ts(107,21): error TS7005: Variable 'users' implicitly has an 'any' type.
src/dojopool/frontend/cypress/e2e/achievements/achievement-flow.cy.ts(107,41): error TS7005: Variable 'users' implicitly has an 'any' type.
src/dojopool/frontend/cypress/e2e/achievements/achievement-flow.cy.ts(109,16): error TS7006: Parameter 'gameId' implicitly has an 'any' type.
src/dojopool/frontend/cypress/e2e/achievements/achievement-flow.cy.ts(110,9): error TS2304: Cannot find name 'cy'.
src/dojopool/frontend/cypress/e2e/achievements/achievement-flow.cy.ts(111,9): error TS2304: Cannot find name 'cy'.
src/dojopool/frontend/cypress/e2e/achievements/achievement-flow.cy.ts(111,20): error TS7005: Variable 'users' implicitly has an 'any' type.
src/dojopool/frontend/cypress/e2e/achievements/achievement-flow.cy.ts(115,7): error TS2304: Cannot find name 'cy'.
src/dojopool/frontend/cypress/e2e/achievements/achievement-flow.cy.ts(116,7): error TS2304: Cannot find name 'cy'.
src/dojopool/frontend/cypress/e2e/achievements/achievement-flow.cy.ts(122,7): error TS2304: Cannot find name 'cy'.
src/dojopool/frontend/cypress/e2e/achievements/achievement-flow.cy.ts(123,7): error TS2304: Cannot find name 'cy'.
src/dojopool/frontend/cypress/e2e/achievements/achievement-flow.cy.ts(124,9): error TS2304: Cannot find name 'cy'.
src/dojopool/frontend/cypress/e2e/achievements/achievement-flow.cy.ts(125,9): error TS2304: Cannot find name 'cy'.
src/dojopool/frontend/cypress/e2e/achievements/achievement-flow.cy.ts(132,7): error TS2304: Cannot find name 'cy'.
src/dojopool/frontend/cypress/e2e/achievements/achievement-flow.cy.ts(135,7): error TS2304: Cannot find name 'cy'.
src/dojopool/frontend/cypress/e2e/achievements/achievement-flow.cy.ts(137,16): error TS7006: Parameter 'points' implicitly has an 'any' type.
src/dojopool/frontend/cypress/e2e/achievements/achievement-flow.cy.ts(141,24): error TS7005: Variable 'achievements' implicitly has an 'any' type.
src/dojopool/frontend/cypress/e2e/achievements/achievement-flow.cy.ts(142,14): error TS7006: Parameter 'r' implicitly has an 'any' type.
src/dojopool/frontend/cypress/e2e/achievements/achievement-flow.cy.ts(148,11): error TS2304: Cannot find name 'cy'.
src/dojopool/frontend/cypress/e2e/achievements/achievement-flow.cy.ts(155,7): error TS2304: Cannot find name 'cy'.
src/dojopool/frontend/cypress/e2e/achievements/achievement-flow.cy.ts(156,7): error TS2304: Cannot find name 'cy'.
src/dojopool/frontend/cypress/e2e/achievements/achievement-flow.cy.ts(157,9): error TS2304: Cannot find name 'cy'.
src/dojopool/frontend/cypress/e2e/achievements/achievement-flow.cy.ts(158,9): error TS2304: Cannot find name 'cy'.
src/dojopool/frontend/cypress/e2e/achievements/achievement-flow.cy.ts(165,7): error TS2304: Cannot find name 'cy'.
src/dojopool/frontend/cypress/e2e/achievements/achievement-flow.cy.ts(166,7): error TS2304: Cannot find name 'cy'.
src/dojopool/frontend/cypress/e2e/achievements/achievement-flow.cy.ts(167,7): error TS2304: Cannot find name 'cy'.
src/dojopool/frontend/cypress/e2e/achievements/achievement-flow.cy.ts(172,7): error TS2304: Cannot find name 'cy'.
src/dojopool/frontend/cypress/e2e/achievements/achievement-flow.cy.ts(174,7): error TS2304: Cannot find name 'cy'.
src/dojopool/frontend/cypress/e2e/achievements/achievement-flow.cy.ts(175,7): error TS2304: Cannot find name 'cy'.
src/dojopool/frontend/cypress/e2e/achievements/achievement-flow.cy.ts(182,7): error TS2304: Cannot find name 'cy'.
src/dojopool/frontend/cypress/e2e/achievements/achievement-flow.cy.ts(182,21): error TS7005: Variable 'users' implicitly has an 'any' type.
src/dojopool/frontend/cypress/e2e/achievements/achievement-flow.cy.ts(182,41): error TS7005: Variable 'users' implicitly has an 'any' type.
src/dojopool/frontend/cypress/e2e/achievements/achievement-flow.cy.ts(184,16): error TS7006: Parameter 'gameId' implicitly has an 'any' type.
src/dojopool/frontend/cypress/e2e/achievements/achievement-flow.cy.ts(186,9): error TS2304: Cannot find name 'cy'.
src/dojopool/frontend/cypress/e2e/achievements/achievement-flow.cy.ts(186,18): error TS7005: Variable 'users' implicitly has an 'any' type.
src/dojopool/frontend/cypress/e2e/achievements/achievement-flow.cy.ts(186,41): error TS7005: Variable 'users' implicitly has an 'any' type.
src/dojopool/frontend/cypress/e2e/achievements/achievement-flow.cy.ts(187,9): error TS2304: Cannot find name 'cy'.
src/dojopool/frontend/cypress/e2e/achievements/achievement-flow.cy.ts(190,9): error TS2304: Cannot find name 'cy'.
src/dojopool/frontend/cypress/e2e/achievements/achievement-flow.cy.ts(195,7): error TS2304: Cannot find name 'cy'.
src/dojopool/frontend/cypress/e2e/achievements/achievement-flow.cy.ts(196,7): error TS2304: Cannot find name 'cy'.
src/dojopool/frontend/cypress/e2e/achievements/achievement-flow.cy.ts(199,11): error TS2304: Cannot find name 'cy'.
src/dojopool/frontend/cypress/e2e/achievements/achievement-flow.cy.ts(203,7): error TS2304: Cannot find name 'cy'.
src/dojopool/frontend/cypress/e2e/achievements/achievement-flow.cy.ts(204,9): error TS2304: Cannot find name 'cy'.
src/dojopool/frontend/cypress/e2e/achievements/achievement-flow.cy.ts(205,9): error TS2304: Cannot find name 'cy'.
src/dojopool/frontend/cypress/e2e/achievements/achievement-flow.cy.ts(212,7): error TS2304: Cannot find name 'cy'.
src/dojopool/frontend/cypress/e2e/achievements/achievement-flow.cy.ts(213,7): error TS2304: Cannot find name 'cy'.
src/dojopool/frontend/cypress/e2e/achievements/achievement-flow.cy.ts(216,11): error TS2304: Cannot find name 'cy'.
src/dojopool/frontend/cypress/e2e/achievements/achievement-flow.cy.ts(221,7): error TS2304: Cannot find name 'cy'.
src/dojopool/frontend/cypress/e2e/achievements/achievement-flow.cy.ts(222,7): error TS2304: Cannot find name 'cy'.
src/dojopool/frontend/cypress/e2e/achievements/achievement-flow.cy.ts(223,9): error TS2304: Cannot find name 'cy'.
src/dojopool/frontend/cypress/e2e/achievements/achievement-flow.cy.ts(224,9): error TS2304: Cannot find name 'cy'.
src/dojopool/frontend/cypress/e2e/api/api-mocking.cy.ts(2,7): error TS7034: Variable 'users' implicitly has type 'any' in some locations where its type cannot be determined.
src/dojopool/frontend/cypress/e2e/api/api-mocking.cy.ts(3,7): error TS7034: Variable 'games' implicitly has type 'any' in some locations where its type cannot be determined.
src/dojopool/frontend/cypress/e2e/api/api-mocking.cy.ts(4,7): error TS7034: Variable 'venues' implicitly has type 'any' in some locations where its type cannot be determined.
src/dojopool/frontend/cypress/e2e/api/api-mocking.cy.ts(6,3): error TS2304: Cannot find name 'before'.
src/dojopool/frontend/cypress/e2e/api/api-mocking.cy.ts(7,5): error TS2304: Cannot find name 'cy'.
src/dojopool/frontend/cypress/e2e/api/api-mocking.cy.ts(7,29): error TS7006: Parameter 'fixtures' implicitly has an 'any' type.
src/dojopool/frontend/cypress/e2e/api/api-mocking.cy.ts(15,5): error TS2304: Cannot find name 'cy'.
src/dojopool/frontend/cypress/e2e/api/api-mocking.cy.ts(15,14): error TS7005: Variable 'users' implicitly has an 'any' type.
src/dojopool/frontend/cypress/e2e/api/api-mocking.cy.ts(15,37): error TS7005: Variable 'users' implicitly has an 'any' type.
src/dojopool/frontend/cypress/e2e/api/api-mocking.cy.ts(20,7): error TS2304: Cannot find name 'cy'.
src/dojopool/frontend/cypress/e2e/api/api-mocking.cy.ts(25,7): error TS2304: Cannot find name 'cy'.
src/dojopool/frontend/cypress/e2e/api/api-mocking.cy.ts(26,7): error TS2304: Cannot find name 'cy'.
src/dojopool/frontend/cypress/e2e/api/api-mocking.cy.ts(27,7): error TS2304: Cannot find name 'cy'.
src/dojopool/frontend/cypress/e2e/api/api-mocking.cy.ts(32,7): error TS2304: Cannot find name 'cy'.
src/dojopool/frontend/cypress/e2e/api/api-mocking.cy.ts(32,48): error TS7006: Parameter 'req' implicitly has an 'any' type.
src/dojopool/frontend/cypress/e2e/api/api-mocking.cy.ts(39,49): error TS7005: Variable 'users' implicitly has an 'any' type.
src/dojopool/frontend/cypress/e2e/api/api-mocking.cy.ts(44,7): error TS2304: Cannot find name 'cy'.
src/dojopool/frontend/cypress/e2e/api/api-mocking.cy.ts(45,7): error TS2304: Cannot find name 'cy'.
src/dojopool/frontend/cypress/e2e/api/api-mocking.cy.ts(45,41): error TS7005: Variable 'users' implicitly has an 'any' type.
src/dojopool/frontend/cypress/e2e/api/api-mocking.cy.ts(46,7): error TS2304: Cannot find name 'cy'.
src/dojopool/frontend/cypress/e2e/api/api-mocking.cy.ts(46,44): error TS7005: Variable 'users' implicitly has an 'any' type.
src/dojopool/frontend/cypress/e2e/api/api-mocking.cy.ts(47,7): error TS2304: Cannot find name 'cy'.
src/dojopool/frontend/cypress/e2e/api/api-mocking.cy.ts(49,7): error TS2304: Cannot find name 'cy'.
src/dojopool/frontend/cypress/e2e/api/api-mocking.cy.ts(55,7): error TS2304: Cannot find name 'cy'.
src/dojopool/frontend/cypress/e2e/api/api-mocking.cy.ts(55,44): error TS7006: Parameter 'req' implicitly has an 'any' type.
src/dojopool/frontend/cypress/e2e/api/api-mocking.cy.ts(56,20): error TS7006: Parameter 'res' implicitly has an 'any' type.
src/dojopool/frontend/cypress/e2e/api/api-mocking.cy.ts(60,19): error TS7005: Variable 'games' implicitly has an 'any' type.
src/dojopool/frontend/cypress/e2e/api/api-mocking.cy.ts(65,7): error TS2304: Cannot find name 'cy'.
src/dojopool/frontend/cypress/e2e/api/api-mocking.cy.ts(65,26): error TS7005: Variable 'games' implicitly has an 'any' type.
src/dojopool/frontend/cypress/e2e/api/api-mocking.cy.ts(66,7): error TS2304: Cannot find name 'cy'.
src/dojopool/frontend/cypress/e2e/api/api-mocking.cy.ts(67,7): error TS2304: Cannot find name 'cy'.
src/dojopool/frontend/cypress/e2e/api/api-mocking.cy.ts(71,13): error TS7034: Variable 'offlineActions' implicitly has type 'any[]' in some locations where its type cannot be determined.
src/dojopool/frontend/cypress/e2e/api/api-mocking.cy.ts(73,7): error TS2304: Cannot find name 'cy'.
src/dojopool/frontend/cypress/e2e/api/api-mocking.cy.ts(73,53): error TS7006: Parameter 'req' implicitly has an 'any' type.
src/dojopool/frontend/cypress/e2e/api/api-mocking.cy.ts(78,7): error TS2304: Cannot find name 'cy'.
src/dojopool/frontend/cypress/e2e/api/api-mocking.cy.ts(78,26): error TS7005: Variable 'games' implicitly has an 'any' type.
src/dojopool/frontend/cypress/e2e/api/api-mocking.cy.ts(79,7): error TS2304: Cannot find name 'cy'.
src/dojopool/frontend/cypress/e2e/api/api-mocking.cy.ts(80,7): error TS2304: Cannot find name 'cy'.
src/dojopool/frontend/cypress/e2e/api/api-mocking.cy.ts(83,7): error TS2304: Cannot find name 'cy'.
src/dojopool/frontend/cypress/e2e/api/api-mocking.cy.ts(83,53): error TS7006: Parameter 'req' implicitly has an 'any' type.
src/dojopool/frontend/cypress/e2e/api/api-mocking.cy.ts(87,7): error TS2304: Cannot find name 'cy'.
src/dojopool/frontend/cypress/e2e/api/api-mocking.cy.ts(88,16): error TS7005: Variable 'offlineActions' implicitly has an 'any[]' type.
src/dojopool/frontend/cypress/e2e/api/api-mocking.cy.ts(88,32): error TS2339: Property 'to' does not exist on type 'JestMatchers<any[]>'.
src/dojopool/frontend/cypress/e2e/api/api-mocking.cy.ts(95,7): error TS2304: Cannot find name 'cy'.
src/dojopool/frontend/cypress/e2e/api/api-mocking.cy.ts(95,26): error TS7005: Variable 'games' implicitly has an 'any' type.
src/dojopool/frontend/cypress/e2e/api/api-mocking.cy.ts(98,7): error TS2304: Cannot find name 'cy'.
src/dojopool/frontend/cypress/e2e/api/api-mocking.cy.ts(98,25): error TS7006: Parameter 'win' implicitly has an 'any' type.
src/dojopool/frontend/cypress/e2e/api/api-mocking.cy.ts(103,7): error TS2304: Cannot find name 'cy'.
src/dojopool/frontend/cypress/e2e/api/api-mocking.cy.ts(106,7): error TS2304: Cannot find name 'cy'.
src/dojopool/frontend/cypress/e2e/api/api-mocking.cy.ts(106,25): error TS7006: Parameter 'win' implicitly has an 'any' type.
src/dojopool/frontend/cypress/e2e/api/api-mocking.cy.ts(110,7): error TS2304: Cannot find name 'cy'.
src/dojopool/frontend/cypress/e2e/api/api-mocking.cy.ts(114,13): error TS7034: Variable 'bufferedMessages' implicitly has type 'any[]' in some locations where its type cannot be determined.
src/dojopool/frontend/cypress/e2e/api/api-mocking.cy.ts(116,7): error TS2304: Cannot find name 'cy'.
src/dojopool/frontend/cypress/e2e/api/api-mocking.cy.ts(116,26): error TS7005: Variable 'games' implicitly has an 'any' type.
src/dojopool/frontend/cypress/e2e/api/api-mocking.cy.ts(119,7): error TS2304: Cannot find name 'cy'.
src/dojopool/frontend/cypress/e2e/api/api-mocking.cy.ts(119,25): error TS7006: Parameter 'win' implicitly has an 'any' type.
src/dojopool/frontend/cypress/e2e/api/api-mocking.cy.ts(121,50): error TS7006: Parameter 'data' implicitly has an 'any' type.
src/dojopool/frontend/cypress/e2e/api/api-mocking.cy.ts(127,9): error TS2304: Cannot find name 'cy'.
src/dojopool/frontend/cypress/e2e/api/api-mocking.cy.ts(128,9): error TS2304: Cannot find name 'cy'.
src/dojopool/frontend/cypress/e2e/api/api-mocking.cy.ts(136,7): error TS2304: Cannot find name 'cy'.
src/dojopool/frontend/cypress/e2e/api/api-mocking.cy.ts(137,16): error TS7005: Variable 'bufferedMessages' implicitly has an 'any[]' type.
src/dojopool/frontend/cypress/e2e/api/api-mocking.cy.ts(137,34): error TS2339: Property 'to' does not exist on type 'JestMatchers<any[]>'.
src/dojopool/frontend/cypress/e2e/api/api-mocking.cy.ts(145,7): error TS2304: Cannot find name 'cy'.
src/dojopool/frontend/cypress/e2e/api/api-mocking.cy.ts(145,39): error TS7006: Parameter 'req' implicitly has an 'any' type.
src/dojopool/frontend/cypress/e2e/api/api-mocking.cy.ts(155,7): error TS2304: Cannot find name 'cy'.
src/dojopool/frontend/cypress/e2e/api/api-mocking.cy.ts(156,7): error TS2304: Cannot find name 'cy'.
src/dojopool/frontend/cypress/e2e/api/api-mocking.cy.ts(160,7): error TS2304: Cannot find name 'cy'.
src/dojopool/frontend/cypress/e2e/api/api-mocking.cy.ts(170,7): error TS2304: Cannot find name 'cy'.
src/dojopool/frontend/cypress/e2e/api/api-mocking.cy.ts(171,7): error TS2304: Cannot find name 'cy'.
src/dojopool/frontend/cypress/e2e/api/api-mocking.cy.ts(172,7): error TS2304: Cannot find name 'cy'.
src/dojopool/frontend/cypress/e2e/api/api-mocking.cy.ts(173,7): error TS2304: Cannot find name 'cy'.
src/dojopool/frontend/cypress/e2e/api/api-mocking.cy.ts(180,7): error TS2304: Cannot find name 'cy'.
src/dojopool/frontend/cypress/e2e/api/api-mocking.cy.ts(183,7): error TS2304: Cannot find name 'cy'.
src/dojopool/frontend/cypress/e2e/api/api-mocking.cy.ts(183,25): error TS7006: Parameter 'win' implicitly has an 'any' type.
src/dojopool/frontend/cypress/e2e/api/api-mocking.cy.ts(187,7): error TS2304: Cannot find name 'cy'.
src/dojopool/frontend/cypress/e2e/api/api-mocking.cy.ts(188,7): error TS2304: Cannot find name 'cy'.
src/dojopool/frontend/cypress/e2e/api/api-mocking.cy.ts(189,7): error TS2304: Cannot find name 'cy'.
src/dojopool/frontend/cypress/e2e/api/api-mocking.cy.ts(189,21): error TS7005: Variable 'venues' implicitly has an 'any' type.
src/dojopool/frontend/cypress/e2e/api/api-mocking.cy.ts(194,12): error TS7005: Variable 'venues' implicitly has an 'any' type.
src/dojopool/frontend/cypress/e2e/api/api-mocking.cy.ts(198,7): error TS2304: Cannot find name 'cy'.
src/dojopool/frontend/cypress/e2e/api/api-mocking.cy.ts(201,7): error TS2304: Cannot find name 'cy'.
src/dojopool/frontend/cypress/e2e/api/api-mocking.cy.ts(201,25): error TS7006: Parameter 'win' implicitly has an 'any' type.
src/dojopool/frontend/cypress/e2e/api/api-mocking.cy.ts(206,7): error TS2304: Cannot find name 'cy'.
src/dojopool/frontend/cypress/e2e/api/api-mocking.cy.ts(211,7): error TS2304: Cannot find name 'cy'.
src/dojopool/frontend/cypress/e2e/api/api-mocking.cy.ts(211,25): error TS7006: Parameter 'win' implicitly has an 'any' type.
src/dojopool/frontend/cypress/e2e/api/api-mocking.cy.ts(215,7): error TS2304: Cannot find name 'cy'.
src/dojopool/frontend/cypress/e2e/api/api-mocking.cy.ts(221,7): error TS2304: Cannot find name 'cy'.
src/dojopool/frontend/cypress/e2e/api/api-mocking.cy.ts(221,26): error TS7005: Variable 'games' implicitly has an 'any' type.
src/dojopool/frontend/cypress/e2e/api/api-mocking.cy.ts(224,7): error TS2304: Cannot find name 'cy'.
src/dojopool/frontend/cypress/e2e/api/api-mocking.cy.ts(224,53): error TS7006: Parameter 'req' implicitly has an 'any' type.
src/dojopool/frontend/cypress/e2e/api/api-mocking.cy.ts(231,18): error TS7005: Variable 'games' implicitly has an 'any' type.
src/dojopool/frontend/cypress/e2e/api/api-mocking.cy.ts(238,7): error TS2304: Cannot find name 'cy'.
src/dojopool/frontend/cypress/e2e/api/api-mocking.cy.ts(239,7): error TS2304: Cannot find name 'cy'.
src/dojopool/frontend/cypress/e2e/api/api-mocking.cy.ts(240,7): error TS2304: Cannot find name 'cy'.
src/dojopool/frontend/cypress/e2e/api/api-mocking.cy.ts(244,13): error TS7034: Variable 'shotHistory' implicitly has type 'any[]' in some locations where its type cannot be determined.
src/dojopool/frontend/cypress/e2e/api/api-mocking.cy.ts(246,7): error TS2304: Cannot find name 'cy'.
src/dojopool/frontend/cypress/e2e/api/api-mocking.cy.ts(246,53): error TS7006: Parameter 'req' implicitly has an 'any' type.
src/dojopool/frontend/cypress/e2e/api/api-mocking.cy.ts(251,7): error TS2304: Cannot find name 'cy'.
src/dojopool/frontend/cypress/e2e/api/api-mocking.cy.ts(251,26): error TS7005: Variable 'games' implicitly has an 'any' type.
src/dojopool/frontend/cypress/e2e/api/api-mocking.cy.ts(254,7): error TS2304: Cannot find name 'cy'.
src/dojopool/frontend/cypress/e2e/api/api-mocking.cy.ts(255,7): error TS2304: Cannot find name 'cy'.
src/dojopool/frontend/cypress/e2e/api/api-mocking.cy.ts(258,7): error TS2304: Cannot find name 'cy'.
src/dojopool/frontend/cypress/e2e/api/api-mocking.cy.ts(259,16): error TS7005: Variable 'shotHistory' implicitly has an 'any[]' type.
src/dojopool/frontend/cypress/e2e/api/api-mocking.cy.ts(259,42): error TS2339: Property 'to' does not exist on type 'JestMatchers<any>'.
src/dojopool/frontend/cypress/e2e/api/api-mocking.cy.ts(260,11): error TS7005: Variable 'shotHistory' implicitly has an 'any[]' type.
src/dojopool/frontend/cypress/e2e/auth/authentication.cy.ts(3,5): error TS2304: Cannot find name 'cy'.
src/dojopool/frontend/cypress/e2e/auth/authentication.cy.ts(8,7): error TS2304: Cannot find name 'cy'.
src/dojopool/frontend/cypress/e2e/auth/authentication.cy.ts(9,7): error TS2304: Cannot find name 'cy'.
src/dojopool/frontend/cypress/e2e/auth/authentication.cy.ts(10,7): error TS2304: Cannot find name 'cy'.
src/dojopool/frontend/cypress/e2e/auth/authentication.cy.ts(14,7): error TS2304: Cannot find name 'cy'.
src/dojopool/frontend/cypress/e2e/auth/authentication.cy.ts(15,7): error TS2304: Cannot find name 'cy'.
src/dojopool/frontend/cypress/e2e/auth/authentication.cy.ts(16,7): error TS2304: Cannot find name 'cy'.
src/dojopool/frontend/cypress/e2e/auth/authentication.cy.ts(20,7): error TS2304: Cannot find name 'cy'.
src/dojopool/frontend/cypress/e2e/auth/authentication.cy.ts(21,7): error TS2304: Cannot find name 'cy'.
src/dojopool/frontend/cypress/e2e/auth/authentication.cy.ts(22,7): error TS2304: Cannot find name 'cy'.
src/dojopool/frontend/cypress/e2e/auth/authentication.cy.ts(28,7): error TS2304: Cannot find name 'cy'.
src/dojopool/frontend/cypress/e2e/auth/authentication.cy.ts(33,7): error TS2304: Cannot find name 'cy'.
src/dojopool/frontend/cypress/e2e/auth/authentication.cy.ts(34,7): error TS2304: Cannot find name 'cy'.
src/dojopool/frontend/cypress/e2e/auth/authentication.cy.ts(35,7): error TS2304: Cannot find name 'cy'.
src/dojopool/frontend/cypress/e2e/auth/authentication.cy.ts(36,7): error TS2304: Cannot find name 'cy'.
src/dojopool/frontend/cypress/e2e/auth/authentication.cy.ts(37,7): error TS2304: Cannot find name 'cy'.
src/dojopool/frontend/cypress/e2e/auth/authentication.cy.ts(41,7): error TS2304: Cannot find name 'cy'.
src/dojopool/frontend/cypress/e2e/auth/authentication.cy.ts(42,7): error TS2304: Cannot find name 'cy'.
src/dojopool/frontend/cypress/e2e/auth/authentication.cy.ts(43,7): error TS2304: Cannot find name 'cy'.
src/dojopool/frontend/cypress/e2e/auth/authentication.cy.ts(44,7): error TS2304: Cannot find name 'cy'.
src/dojopool/frontend/cypress/e2e/auth/authentication.cy.ts(45,7): error TS2304: Cannot find name 'cy'.
src/dojopool/frontend/cypress/e2e/auth/authentication.cy.ts(49,7): error TS2304: Cannot find name 'cy'.
src/dojopool/frontend/cypress/e2e/auth/authentication.cy.ts(50,7): error TS2304: Cannot find name 'cy'.
src/dojopool/frontend/cypress/e2e/auth/authentication.cy.ts(51,7): error TS2304: Cannot find name 'cy'.
src/dojopool/frontend/cypress/e2e/auth/authentication.cy.ts(52,7): error TS2304: Cannot find name 'cy'.
src/dojopool/frontend/cypress/e2e/auth/authentication.cy.ts(53,7): error TS2304: Cannot find name 'cy'.
src/dojopool/frontend/cypress/e2e/auth/authentication.cy.ts(59,7): error TS2304: Cannot find name 'cy'.
src/dojopool/frontend/cypress/e2e/auth/authentication.cy.ts(63,7): error TS2304: Cannot find name 'cy'.
src/dojopool/frontend/cypress/e2e/auth/authentication.cy.ts(64,7): error TS2304: Cannot find name 'cy'.
src/dojopool/frontend/cypress/e2e/auth/authentication.cy.ts(65,7): error TS2304: Cannot find name 'cy'.
src/dojopool/frontend/cypress/e2e/auth/authentication.cy.ts(69,7): error TS2304: Cannot find name 'cy'.
src/dojopool/frontend/cypress/e2e/auth/authentication.cy.ts(70,7): error TS2304: Cannot find name 'cy'.
src/dojopool/frontend/cypress/e2e/auth/authentication.cy.ts(71,7): error TS2304: Cannot find name 'cy'.
src/dojopool/frontend/cypress/e2e/auth/authentication.cy.ts(77,7): error TS2304: Cannot find name 'cy'.
src/dojopool/frontend/cypress/e2e/auth/authentication.cy.ts(78,7): error TS2304: Cannot find name 'cy'.
src/dojopool/frontend/cypress/e2e/auth/authentication.cy.ts(79,7): error TS2304: Cannot find name 'cy'.
src/dojopool/frontend/cypress/e2e/auth/authentication.cy.ts(83,7): error TS2304: Cannot find name 'cy'.
src/dojopool/frontend/cypress/e2e/auth/authentication.cy.ts(84,7): error TS2304: Cannot find name 'cy'.
src/dojopool/frontend/cypress/e2e/auth/authentication.cy.ts(85,7): error TS2304: Cannot find name 'cy'.
src/dojopool/frontend/cypress/e2e/auth/authentication.cy.ts(86,7): error TS2304: Cannot find name 'cy'.
src/dojopool/frontend/cypress/e2e/auth/authentication.cy.ts(87,7): error TS2304: Cannot find name 'cy'.
src/dojopool/frontend/cypress/e2e/critical-path/achievement-tracking.cy.ts(2,7): error TS7034: Variable 'users' implicitly has type 'any' in some locations where its type cannot be determined.
src/dojopool/frontend/cypress/e2e/critical-path/achievement-tracking.cy.ts(6,3): error TS2304: Cannot find name 'before'.
src/dojopool/frontend/cypress/e2e/critical-path/achievement-tracking.cy.ts(7,5): error TS2304: Cannot find name 'cy'.
src/dojopool/frontend/cypress/e2e/critical-path/achievement-tracking.cy.ts(7,29): error TS7006: Parameter 'fixtures' implicitly has an 'any' type.
src/dojopool/frontend/cypress/e2e/critical-path/achievement-tracking.cy.ts(15,5): error TS2304: Cannot find name 'cy'.
src/dojopool/frontend/cypress/e2e/critical-path/achievement-tracking.cy.ts(15,14): error TS7005: Variable 'users' implicitly has an 'any' type.
src/dojopool/frontend/cypress/e2e/critical-path/achievement-tracking.cy.ts(15,37): error TS7005: Variable 'users' implicitly has an 'any' type.
src/dojopool/frontend/cypress/e2e/critical-path/achievement-tracking.cy.ts(20,7): error TS2304: Cannot find name 'cy'.
src/dojopool/frontend/cypress/e2e/critical-path/achievement-tracking.cy.ts(20,21): error TS7005: Variable 'users' implicitly has an 'any' type.
src/dojopool/frontend/cypress/e2e/critical-path/achievement-tracking.cy.ts(20,41): error TS7005: Variable 'users' implicitly has an 'any' type.
src/dojopool/frontend/cypress/e2e/critical-path/achievement-tracking.cy.ts(21,10): error TS7006: Parameter 'gameId' implicitly has an 'any' type.
src/dojopool/frontend/cypress/e2e/critical-path/achievement-tracking.cy.ts(22,11): error TS2304: Cannot find name 'cy'.
src/dojopool/frontend/cypress/e2e/critical-path/achievement-tracking.cy.ts(27,13): error TS2304: Cannot find name 'cy'.
src/dojopool/frontend/cypress/e2e/critical-path/achievement-tracking.cy.ts(30,11): error TS2304: Cannot find name 'cy'.
src/dojopool/frontend/cypress/e2e/critical-path/achievement-tracking.cy.ts(30,22): error TS7005: Variable 'users' implicitly has an 'any' type.
src/dojopool/frontend/cypress/e2e/critical-path/achievement-tracking.cy.ts(33,11): error TS2304: Cannot find name 'cy'.
src/dojopool/frontend/cypress/e2e/critical-path/achievement-tracking.cy.ts(35,15): error TS2304: Cannot find name 'cy'.
src/dojopool/frontend/cypress/e2e/critical-path/achievement-tracking.cy.ts(36,15): error TS2304: Cannot find name 'cy'.
src/dojopool/frontend/cypress/e2e/critical-path/achievement-tracking.cy.ts(41,11): error TS2304: Cannot find name 'cy'.
src/dojopool/frontend/cypress/e2e/critical-path/achievement-tracking.cy.ts(42,11): error TS2304: Cannot find name 'cy'.
src/dojopool/frontend/cypress/e2e/critical-path/achievement-tracking.cy.ts(51,7): error TS2304: Cannot find name 'cy'.
src/dojopool/frontend/cypress/e2e/critical-path/achievement-tracking.cy.ts(51,21): error TS7005: Variable 'users' implicitly has an 'any' type.
src/dojopool/frontend/cypress/e2e/critical-path/achievement-tracking.cy.ts(51,41): error TS7005: Variable 'users' implicitly has an 'any' type.
src/dojopool/frontend/cypress/e2e/critical-path/achievement-tracking.cy.ts(52,10): error TS7006: Parameter 'gameId' implicitly has an 'any' type.
src/dojopool/frontend/cypress/e2e/critical-path/achievement-tracking.cy.ts(53,11): error TS2304: Cannot find name 'cy'.
src/dojopool/frontend/cypress/e2e/critical-path/achievement-tracking.cy.ts(57,13): error TS2304: Cannot find name 'cy'.
src/dojopool/frontend/cypress/e2e/critical-path/achievement-tracking.cy.ts(61,11): error TS2304: Cannot find name 'cy'.
src/dojopool/frontend/cypress/e2e/critical-path/achievement-tracking.cy.ts(63,15): error TS2304: Cannot find name 'cy'.
src/dojopool/frontend/cypress/e2e/critical-path/achievement-tracking.cy.ts(64,15): error TS2304: Cannot find name 'cy'.
src/dojopool/frontend/cypress/e2e/critical-path/achievement-tracking.cy.ts(72,7): error TS2304: Cannot find name 'cy'.
src/dojopool/frontend/cypress/e2e/critical-path/achievement-tracking.cy.ts(72,21): error TS7005: Variable 'users' implicitly has an 'any' type.
src/dojopool/frontend/cypress/e2e/critical-path/achievement-tracking.cy.ts(72,41): error TS7005: Variable 'users' implicitly has an 'any' type.
src/dojopool/frontend/cypress/e2e/critical-path/achievement-tracking.cy.ts(73,10): error TS7006: Parameter 'gameId' implicitly has an 'any' type.
src/dojopool/frontend/cypress/e2e/critical-path/achievement-tracking.cy.ts(74,11): error TS2304: Cannot find name 'cy'.
src/dojopool/frontend/cypress/e2e/critical-path/achievement-tracking.cy.ts(88,13): error TS2304: Cannot find name 'cy'.
src/dojopool/frontend/cypress/e2e/critical-path/achievement-tracking.cy.ts(88,31): error TS7006: Parameter 'win' implicitly has an 'any' type.
src/dojopool/frontend/cypress/e2e/critical-path/achievement-tracking.cy.ts(97,11): error TS2304: Cannot find name 'cy'.
src/dojopool/frontend/cypress/e2e/critical-path/achievement-tracking.cy.ts(97,22): error TS7005: Variable 'users' implicitly has an 'any' type.
src/dojopool/frontend/cypress/e2e/critical-path/achievement-tracking.cy.ts(100,11): error TS2304: Cannot find name 'cy'.
src/dojopool/frontend/cypress/e2e/critical-path/achievement-tracking.cy.ts(101,13): error TS2304: Cannot find name 'cy'.
src/dojopool/frontend/cypress/e2e/critical-path/achievement-tracking.cy.ts(102,13): error TS2304: Cannot find name 'cy'.
src/dojopool/frontend/cypress/e2e/critical-path/achievement-tracking.cy.ts(103,13): error TS2304: Cannot find name 'cy'.
src/dojopool/frontend/cypress/e2e/critical-path/achievement-tracking.cy.ts(116,9): error TS2304: Cannot find name 'cy'.
src/dojopool/frontend/cypress/e2e/critical-path/achievement-tracking.cy.ts(116,23): error TS7005: Variable 'users' implicitly has an 'any' type.
src/dojopool/frontend/cypress/e2e/critical-path/achievement-tracking.cy.ts(116,43): error TS7005: Variable 'users' implicitly has an 'any' type.
src/dojopool/frontend/cypress/e2e/critical-path/achievement-tracking.cy.ts(118,18): error TS7006: Parameter 'gameId' implicitly has an 'any' type.
src/dojopool/frontend/cypress/e2e/critical-path/achievement-tracking.cy.ts(119,11): error TS2304: Cannot find name 'cy'.
src/dojopool/frontend/cypress/e2e/critical-path/achievement-tracking.cy.ts(120,11): error TS2304: Cannot find name 'cy'.
src/dojopool/frontend/cypress/e2e/critical-path/achievement-tracking.cy.ts(121,11): error TS2304: Cannot find name 'cy'.
src/dojopool/frontend/cypress/e2e/critical-path/achievement-tracking.cy.ts(121,22): error TS7005: Variable 'users' implicitly has an 'any' type.
src/dojopool/frontend/cypress/e2e/critical-path/achievement-tracking.cy.ts(125,9): error TS2304: Cannot find name 'cy'.
src/dojopool/frontend/cypress/e2e/critical-path/achievement-tracking.cy.ts(126,9): error TS2304: Cannot find name 'cy'.
src/dojopool/frontend/cypress/e2e/critical-path/achievement-tracking.cy.ts(127,11): error TS2304: Cannot find name 'cy'.
src/dojopool/frontend/cypress/e2e/critical-path/achievement-tracking.cy.ts(128,11): error TS2304: Cannot find name 'cy'.
src/dojopool/frontend/cypress/e2e/critical-path/achievement-tracking.cy.ts(139,7): error TS2304: Cannot find name 'cy'.
src/dojopool/frontend/cypress/e2e/critical-path/achievement-tracking.cy.ts(140,7): error TS2304: Cannot find name 'cy'.
src/dojopool/frontend/cypress/e2e/critical-path/achievement-tracking.cy.ts(142,16): error TS7006: Parameter 'initialProgress' implicitly has an 'any' type.
src/dojopool/frontend/cypress/e2e/critical-path/achievement-tracking.cy.ts(144,11): error TS2304: Cannot find name 'cy'.
src/dojopool/frontend/cypress/e2e/critical-path/achievement-tracking.cy.ts(144,25): error TS7005: Variable 'users' implicitly has an 'any' type.
src/dojopool/frontend/cypress/e2e/critical-path/achievement-tracking.cy.ts(144,45): error TS7005: Variable 'users' implicitly has an 'any' type.
src/dojopool/frontend/cypress/e2e/critical-path/achievement-tracking.cy.ts(145,14): error TS7006: Parameter 'gameId' implicitly has an 'any' type.
src/dojopool/frontend/cypress/e2e/critical-path/achievement-tracking.cy.ts(146,15): error TS2304: Cannot find name 'cy'.
src/dojopool/frontend/cypress/e2e/critical-path/achievement-tracking.cy.ts(150,17): error TS2304: Cannot find name 'cy'.
src/dojopool/frontend/cypress/e2e/critical-path/achievement-tracking.cy.ts(150,35): error TS7006: Parameter 'win' implicitly has an 'any' type.
src/dojopool/frontend/cypress/e2e/critical-path/achievement-tracking.cy.ts(167,11): error TS2304: Cannot find name 'cy'.
src/dojopool/frontend/cypress/e2e/critical-path/achievement-tracking.cy.ts(168,11): error TS2304: Cannot find name 'cy'.
src/dojopool/frontend/cypress/e2e/critical-path/achievement-tracking.cy.ts(168,20): error TS7005: Variable 'users' implicitly has an 'any' type.
src/dojopool/frontend/cypress/e2e/critical-path/achievement-tracking.cy.ts(168,43): error TS7005: Variable 'users' implicitly has an 'any' type.
src/dojopool/frontend/cypress/e2e/critical-path/achievement-tracking.cy.ts(171,11): error TS2304: Cannot find name 'cy'.
src/dojopool/frontend/cypress/e2e/critical-path/achievement-tracking.cy.ts(172,11): error TS2304: Cannot find name 'cy'.
src/dojopool/frontend/cypress/e2e/critical-path/achievement-tracking.cy.ts(182,7): error TS2304: Cannot find name 'cy'.
src/dojopool/frontend/cypress/e2e/critical-path/achievement-tracking.cy.ts(183,7): error TS2304: Cannot find name 'cy'.
src/dojopool/frontend/cypress/e2e/critical-path/achievement-tracking.cy.ts(185,16): error TS7006: Parameter 'initialPoints' implicitly has an 'any' type.
src/dojopool/frontend/cypress/e2e/critical-path/achievement-tracking.cy.ts(187,11): error TS2304: Cannot find name 'cy'.
src/dojopool/frontend/cypress/e2e/critical-path/achievement-tracking.cy.ts(187,25): error TS7005: Variable 'users' implicitly has an 'any' type.
src/dojopool/frontend/cypress/e2e/critical-path/achievement-tracking.cy.ts(187,45): error TS7005: Variable 'users' implicitly has an 'any' type.
src/dojopool/frontend/cypress/e2e/critical-path/achievement-tracking.cy.ts(188,14): error TS7006: Parameter 'gameId' implicitly has an 'any' type.
src/dojopool/frontend/cypress/e2e/critical-path/achievement-tracking.cy.ts(189,15): error TS2304: Cannot find name 'cy'.
src/dojopool/frontend/cypress/e2e/critical-path/achievement-tracking.cy.ts(190,15): error TS2304: Cannot find name 'cy'.
src/dojopool/frontend/cypress/e2e/critical-path/achievement-tracking.cy.ts(191,15): error TS2304: Cannot find name 'cy'.
src/dojopool/frontend/cypress/e2e/critical-path/achievement-tracking.cy.ts(191,26): error TS7005: Variable 'users' implicitly has an 'any' type.
src/dojopool/frontend/cypress/e2e/critical-path/achievement-tracking.cy.ts(196,11): error TS2304: Cannot find name 'cy'.
src/dojopool/frontend/cypress/e2e/critical-path/achievement-tracking.cy.ts(197,11): error TS2304: Cannot find name 'cy'.
src/dojopool/frontend/cypress/e2e/critical-path/achievement-tracking.cy.ts(204,7): error TS2304: Cannot find name 'cy'.
src/dojopool/frontend/cypress/e2e/critical-path/achievement-tracking.cy.ts(205,7): error TS2304: Cannot find name 'cy'.
src/dojopool/frontend/cypress/e2e/critical-path/achievement-tracking.cy.ts(205,44): error TS7006: Parameter '$rank' implicitly has an 'any' type.
src/dojopool/frontend/cypress/e2e/critical-path/achievement-tracking.cy.ts(209,9): error TS2304: Cannot find name 'cy'.
src/dojopool/frontend/cypress/e2e/critical-path/achievement-tracking.cy.ts(209,27): error TS7006: Parameter 'win' implicitly has an 'any' type.
src/dojopool/frontend/cypress/e2e/critical-path/achievement-tracking.cy.ts(221,9): error TS2304: Cannot find name 'cy'.
src/dojopool/frontend/cypress/e2e/critical-path/achievement-tracking.cy.ts(224,9): error TS2304: Cannot find name 'cy'.
src/dojopool/frontend/cypress/e2e/critical-path/achievement-tracking.cy.ts(235,7): error TS2304: Cannot find name 'cy'.
src/dojopool/frontend/cypress/e2e/critical-path/achievement-tracking.cy.ts(238,7): error TS2304: Cannot find name 'cy'.
src/dojopool/frontend/cypress/e2e/critical-path/achievement-tracking.cy.ts(239,7): error TS2304: Cannot find name 'cy'.
src/dojopool/frontend/cypress/e2e/critical-path/achievement-tracking.cy.ts(242,7): error TS2304: Cannot find name 'cy'.
src/dojopool/frontend/cypress/e2e/critical-path/achievement-tracking.cy.ts(242,21): error TS7005: Variable 'users' implicitly has an 'any' type.
src/dojopool/frontend/cypress/e2e/critical-path/achievement-tracking.cy.ts(242,41): error TS7005: Variable 'users' implicitly has an 'any' type.
src/dojopool/frontend/cypress/e2e/critical-path/achievement-tracking.cy.ts(243,10): error TS7006: Parameter 'gameId' implicitly has an 'any' type.
src/dojopool/frontend/cypress/e2e/critical-path/achievement-tracking.cy.ts(244,11): error TS2304: Cannot find name 'cy'.
src/dojopool/frontend/cypress/e2e/critical-path/achievement-tracking.cy.ts(245,11): error TS2304: Cannot find name 'cy'.
src/dojopool/frontend/cypress/e2e/critical-path/achievement-tracking.cy.ts(246,11): error TS2304: Cannot find name 'cy'.
src/dojopool/frontend/cypress/e2e/critical-path/achievement-tracking.cy.ts(246,22): error TS7005: Variable 'users' implicitly has an 'any' type.
src/dojopool/frontend/cypress/e2e/critical-path/achievement-tracking.cy.ts(251,7): error TS2304: Cannot find name 'cy'.
src/dojopool/frontend/cypress/e2e/critical-path/achievement-tracking.cy.ts(254,7): error TS2304: Cannot find name 'cy'.
src/dojopool/frontend/cypress/e2e/critical-path/achievement-tracking.cy.ts(255,7): error TS2304: Cannot find name 'cy'.
src/dojopool/frontend/cypress/e2e/critical-path/achievement-tracking.cy.ts(258,7): error TS2304: Cannot find name 'cy'.
src/dojopool/frontend/cypress/e2e/critical-path/achievement-tracking.cy.ts(264,7): error TS2304: Cannot find name 'cy'.
src/dojopool/frontend/cypress/e2e/critical-path/achievement-tracking.cy.ts(267,7): error TS2304: Cannot find name 'cy'.
src/dojopool/frontend/cypress/e2e/critical-path/achievement-tracking.cy.ts(272,7): error TS2304: Cannot find name 'cy'.
src/dojopool/frontend/cypress/e2e/critical-path/achievement-tracking.cy.ts(273,9): error TS2304: Cannot find name 'cy'.
src/dojopool/frontend/cypress/e2e/critical-path/achievement-tracking.cy.ts(274,9): error TS2304: Cannot find name 'cy'.
src/dojopool/frontend/cypress/e2e/critical-path/achievement-tracking.cy.ts(278,7): error TS2304: Cannot find name 'cy'.
src/dojopool/frontend/cypress/e2e/critical-path/achievement-tracking.cy.ts(279,7): error TS2304: Cannot find name 'cy'.
src/dojopool/frontend/cypress/e2e/critical-path/achievement-tracking.cy.ts(280,7): error TS2304: Cannot find name 'cy'.
src/dojopool/frontend/cypress/e2e/critical-path/achievement-tracking.cy.ts(285,7): error TS2304: Cannot find name 'cy'.
src/dojopool/frontend/cypress/e2e/critical-path/achievement-tracking.cy.ts(285,25): error TS7006: Parameter 'win' implicitly has an 'any' type.
src/dojopool/frontend/cypress/e2e/critical-path/achievement-tracking.cy.ts(289,25): error TS7005: Variable 'users' implicitly has an 'any' type.
src/dojopool/frontend/cypress/e2e/critical-path/achievement-tracking.cy.ts(301,7): error TS2304: Cannot find name 'cy'.
src/dojopool/frontend/cypress/e2e/critical-path/achievement-tracking.cy.ts(302,7): error TS2304: Cannot find name 'cy'.
src/dojopool/frontend/cypress/e2e/critical-path/error-recovery.cy.ts(2,7): error TS7034: Variable 'users' implicitly has type 'any' in some locations where its type cannot be determined.
src/dojopool/frontend/cypress/e2e/critical-path/error-recovery.cy.ts(3,7): error TS7034: Variable 'games' implicitly has type 'any' in some locations where its type cannot be determined.
src/dojopool/frontend/cypress/e2e/critical-path/error-recovery.cy.ts(5,3): error TS2304: Cannot find name 'before'.
src/dojopool/frontend/cypress/e2e/critical-path/error-recovery.cy.ts(6,5): error TS2304: Cannot find name 'cy'.
src/dojopool/frontend/cypress/e2e/critical-path/error-recovery.cy.ts(6,29): error TS7006: Parameter 'fixtures' implicitly has an 'any' type.
src/dojopool/frontend/cypress/e2e/critical-path/error-recovery.cy.ts(13,5): error TS2304: Cannot find name 'cy'.
src/dojopool/frontend/cypress/e2e/critical-path/error-recovery.cy.ts(13,14): error TS7005: Variable 'users' implicitly has an 'any' type.
src/dojopool/frontend/cypress/e2e/critical-path/error-recovery.cy.ts(13,37): error TS7005: Variable 'users' implicitly has an 'any' type.
src/dojopool/frontend/cypress/e2e/critical-path/error-recovery.cy.ts(20,9): error TS2304: Cannot find name 'cy'.
src/dojopool/frontend/cypress/e2e/critical-path/error-recovery.cy.ts(20,46): error TS7006: Parameter 'req' implicitly has an 'any' type.
src/dojopool/frontend/cypress/e2e/critical-path/error-recovery.cy.ts(27,9): error TS2304: Cannot find name 'cy'.
src/dojopool/frontend/cypress/e2e/critical-path/error-recovery.cy.ts(27,28): error TS7005: Variable 'games' implicitly has an 'any' type.
src/dojopool/frontend/cypress/e2e/critical-path/error-recovery.cy.ts(30,9): error TS2304: Cannot find name 'cy'.
src/dojopool/frontend/cypress/e2e/critical-path/error-recovery.cy.ts(31,9): error TS2304: Cannot find name 'cy'.
src/dojopool/frontend/cypress/e2e/critical-path/error-recovery.cy.ts(34,9): error TS2304: Cannot find name 'cy'.
src/dojopool/frontend/cypress/e2e/critical-path/error-recovery.cy.ts(35,9): error TS2304: Cannot find name 'cy'.
src/dojopool/frontend/cypress/e2e/critical-path/error-recovery.cy.ts(39,9): error TS2304: Cannot find name 'cy'.
src/dojopool/frontend/cypress/e2e/critical-path/error-recovery.cy.ts(39,46): error TS7006: Parameter 'req' implicitly has an 'any' type.
src/dojopool/frontend/cypress/e2e/critical-path/error-recovery.cy.ts(40,31): error TS7006: Parameter 'res' implicitly has an 'any' type.
src/dojopool/frontend/cypress/e2e/critical-path/error-recovery.cy.ts(45,9): error TS2304: Cannot find name 'cy'.
src/dojopool/frontend/cypress/e2e/critical-path/error-recovery.cy.ts(45,28): error TS7005: Variable 'games' implicitly has an 'any' type.
src/dojopool/frontend/cypress/e2e/critical-path/error-recovery.cy.ts(48,9): error TS2304: Cannot find name 'cy'.
src/dojopool/frontend/cypress/e2e/critical-path/error-recovery.cy.ts(49,9): error TS2304: Cannot find name 'cy'.
src/dojopool/frontend/cypress/e2e/critical-path/error-recovery.cy.ts(53,9): error TS2304: Cannot find name 'cy'.
src/dojopool/frontend/cypress/e2e/critical-path/error-recovery.cy.ts(53,28): error TS7005: Variable 'games' implicitly has an 'any' type.
src/dojopool/frontend/cypress/e2e/critical-path/error-recovery.cy.ts(56,9): error TS2304: Cannot find name 'cy'.
src/dojopool/frontend/cypress/e2e/critical-path/error-recovery.cy.ts(56,27): error TS7006: Parameter 'win' implicitly has an 'any' type.
src/dojopool/frontend/cypress/e2e/critical-path/error-recovery.cy.ts(61,9): error TS2304: Cannot find name 'cy'.
src/dojopool/frontend/cypress/e2e/critical-path/error-recovery.cy.ts(62,9): error TS2304: Cannot find name 'cy'.
src/dojopool/frontend/cypress/e2e/critical-path/error-recovery.cy.ts(65,9): error TS2304: Cannot find name 'cy'.
src/dojopool/frontend/cypress/e2e/critical-path/error-recovery.cy.ts(66,11): error TS2304: Cannot find name 'cy'.
src/dojopool/frontend/cypress/e2e/critical-path/error-recovery.cy.ts(70,9): error TS2304: Cannot find name 'cy'.
src/dojopool/frontend/cypress/e2e/critical-path/error-recovery.cy.ts(70,27): error TS7006: Parameter 'win' implicitly has an 'any' type.
src/dojopool/frontend/cypress/e2e/critical-path/error-recovery.cy.ts(75,9): error TS2304: Cannot find name 'cy'.
src/dojopool/frontend/cypress/e2e/critical-path/error-recovery.cy.ts(76,11): error TS2304: Cannot find name 'cy'.
src/dojopool/frontend/cypress/e2e/critical-path/error-recovery.cy.ts(77,11): error TS2304: Cannot find name 'cy'.
src/dojopool/frontend/cypress/e2e/critical-path/error-recovery.cy.ts(84,9): error TS2304: Cannot find name 'cy'.
src/dojopool/frontend/cypress/e2e/critical-path/error-recovery.cy.ts(84,23): error TS7005: Variable 'users' implicitly has an 'any' type.
src/dojopool/frontend/cypress/e2e/critical-path/error-recovery.cy.ts(84,43): error TS7005: Variable 'users' implicitly has an 'any' type.
src/dojopool/frontend/cypress/e2e/critical-path/error-recovery.cy.ts(85,12): error TS7006: Parameter 'gameId' implicitly has an 'any' type.
src/dojopool/frontend/cypress/e2e/critical-path/error-recovery.cy.ts(86,13): error TS2304: Cannot find name 'cy'.
src/dojopool/frontend/cypress/e2e/critical-path/error-recovery.cy.ts(89,13): error TS2304: Cannot find name 'cy'.
src/dojopool/frontend/cypress/e2e/critical-path/error-recovery.cy.ts(90,13): error TS2304: Cannot find name 'cy'.
src/dojopool/frontend/cypress/e2e/critical-path/error-recovery.cy.ts(93,13): error TS2304: Cannot find name 'cy'.
src/dojopool/frontend/cypress/e2e/critical-path/error-recovery.cy.ts(93,31): error TS7006: Parameter 'win' implicitly has an 'any' type.
src/dojopool/frontend/cypress/e2e/critical-path/error-recovery.cy.ts(99,32): error TS7005: Variable 'users' implicitly has an 'any' type.
src/dojopool/frontend/cypress/e2e/critical-path/error-recovery.cy.ts(106,13): error TS2304: Cannot find name 'cy'.
src/dojopool/frontend/cypress/e2e/critical-path/error-recovery.cy.ts(109,13): error TS2304: Cannot find name 'cy'.
src/dojopool/frontend/cypress/e2e/critical-path/error-recovery.cy.ts(110,15): error TS2304: Cannot find name 'cy'.
src/dojopool/frontend/cypress/e2e/critical-path/error-recovery.cy.ts(111,15): error TS2304: Cannot find name 'cy'.
src/dojopool/frontend/cypress/e2e/critical-path/error-recovery.cy.ts(118,9): error TS2304: Cannot find name 'cy'.
src/dojopool/frontend/cypress/e2e/critical-path/error-recovery.cy.ts(118,28): error TS7005: Variable 'games' implicitly has an 'any' type.
src/dojopool/frontend/cypress/e2e/critical-path/error-recovery.cy.ts(121,9): error TS2304: Cannot find name 'cy'.
src/dojopool/frontend/cypress/e2e/critical-path/error-recovery.cy.ts(121,27): error TS7006: Parameter 'win' implicitly has an 'any' type.
src/dojopool/frontend/cypress/e2e/critical-path/error-recovery.cy.ts(132,9): error TS2304: Cannot find name 'cy'.
src/dojopool/frontend/cypress/e2e/critical-path/error-recovery.cy.ts(133,9): error TS2304: Cannot find name 'cy'.
src/dojopool/frontend/cypress/e2e/critical-path/error-recovery.cy.ts(136,9): error TS2304: Cannot find name 'cy'.
src/dojopool/frontend/cypress/e2e/critical-path/error-recovery.cy.ts(142,9): error TS2304: Cannot find name 'cy'.
src/dojopool/frontend/cypress/e2e/critical-path/error-recovery.cy.ts(145,9): error TS2304: Cannot find name 'cy'.
src/dojopool/frontend/cypress/e2e/critical-path/error-recovery.cy.ts(146,9): error TS2304: Cannot find name 'cy'.
src/dojopool/frontend/cypress/e2e/critical-path/error-recovery.cy.ts(146,45): error TS2304: Cannot find name 'venues'.
src/dojopool/frontend/cypress/e2e/critical-path/error-recovery.cy.ts(149,9): error TS2304: Cannot find name 'cy'.
src/dojopool/frontend/cypress/e2e/critical-path/error-recovery.cy.ts(153,9): error TS2304: Cannot find name 'cy'.
src/dojopool/frontend/cypress/e2e/critical-path/error-recovery.cy.ts(156,9): error TS2304: Cannot find name 'cy'.
src/dojopool/frontend/cypress/e2e/critical-path/error-recovery.cy.ts(159,9): error TS2304: Cannot find name 'cy'.
src/dojopool/frontend/cypress/e2e/critical-path/error-recovery.cy.ts(163,9): error TS2304: Cannot find name 'cy'.
src/dojopool/frontend/cypress/e2e/critical-path/error-recovery.cy.ts(163,59): error TS2304: Cannot find name 'venues'.
src/dojopool/frontend/cypress/e2e/critical-path/error-recovery.cy.ts(167,9): error TS2304: Cannot find name 'cy'.
src/dojopool/frontend/cypress/e2e/critical-path/error-recovery.cy.ts(170,9): error TS2304: Cannot find name 'cy'.
src/dojopool/frontend/cypress/e2e/critical-path/error-recovery.cy.ts(173,9): error TS2304: Cannot find name 'cy'.
src/dojopool/frontend/cypress/e2e/critical-path/error-recovery.cy.ts(174,9): error TS2304: Cannot find name 'cy'.
src/dojopool/frontend/cypress/e2e/critical-path/error-recovery.cy.ts(177,9): error TS2304: Cannot find name 'cy'.
src/dojopool/frontend/cypress/e2e/critical-path/error-recovery.cy.ts(178,9): error TS2304: Cannot find name 'cy'.
src/dojopool/frontend/cypress/e2e/critical-path/error-recovery.cy.ts(178,45): error TS2304: Cannot find name 'venues'.
src/dojopool/frontend/cypress/e2e/critical-path/error-recovery.cy.ts(179,9): error TS2304: Cannot find name 'cy'.
src/dojopool/frontend/cypress/e2e/critical-path/error-recovery.cy.ts(182,9): error TS2304: Cannot find name 'cy'.
src/dojopool/frontend/cypress/e2e/critical-path/error-recovery.cy.ts(190,9): error TS2304: Cannot find name 'cy'.
src/dojopool/frontend/cypress/e2e/critical-path/error-recovery.cy.ts(190,28): error TS7005: Variable 'games' implicitly has an 'any' type.
src/dojopool/frontend/cypress/e2e/critical-path/error-recovery.cy.ts(193,9): error TS2304: Cannot find name 'cy'.
src/dojopool/frontend/cypress/e2e/critical-path/error-recovery.cy.ts(194,11): error TS2304: Cannot find name 'cy'.
src/dojopool/frontend/cypress/e2e/critical-path/error-recovery.cy.ts(195,11): error TS2304: Cannot find name 'cy'.
src/dojopool/frontend/cypress/e2e/critical-path/error-recovery.cy.ts(196,11): error TS2304: Cannot find name 'cy'.
src/dojopool/frontend/cypress/e2e/critical-path/error-recovery.cy.ts(197,11): error TS2304: Cannot find name 'cy'.
src/dojopool/frontend/cypress/e2e/critical-path/error-recovery.cy.ts(198,11): error TS2304: Cannot find name 'cy'.
src/dojopool/frontend/cypress/e2e/critical-path/error-recovery.cy.ts(202,9): error TS2304: Cannot find name 'cy'.
src/dojopool/frontend/cypress/e2e/critical-path/error-recovery.cy.ts(203,11): error TS2304: Cannot find name 'cy'.
src/dojopool/frontend/cypress/e2e/critical-path/error-recovery.cy.ts(204,11): error TS2304: Cannot find name 'cy'.
src/dojopool/frontend/cypress/e2e/critical-path/error-recovery.cy.ts(205,11): error TS2304: Cannot find name 'cy'.
src/dojopool/frontend/cypress/e2e/critical-path/error-recovery.cy.ts(210,9): error TS2304: Cannot find name 'cy'.
src/dojopool/frontend/cypress/e2e/critical-path/error-recovery.cy.ts(210,28): error TS7005: Variable 'games' implicitly has an 'any' type.
src/dojopool/frontend/cypress/e2e/critical-path/error-recovery.cy.ts(213,9): error TS2304: Cannot find name 'cy'.
src/dojopool/frontend/cypress/e2e/critical-path/error-recovery.cy.ts(216,9): error TS2304: Cannot find name 'cy'.
src/dojopool/frontend/cypress/e2e/critical-path/error-recovery.cy.ts(216,27): error TS7006: Parameter 'win' implicitly has an 'any' type.
src/dojopool/frontend/cypress/e2e/critical-path/error-recovery.cy.ts(225,9): error TS2304: Cannot find name 'cy'.
src/dojopool/frontend/cypress/e2e/critical-path/error-recovery.cy.ts(231,9): error TS2304: Cannot find name 'cy'.
src/dojopool/frontend/cypress/e2e/critical-path/error-recovery.cy.ts(231,28): error TS7005: Variable 'games' implicitly has an 'any' type.
src/dojopool/frontend/cypress/e2e/critical-path/error-recovery.cy.ts(234,9): error TS2304: Cannot find name 'cy'.
src/dojopool/frontend/cypress/e2e/critical-path/error-recovery.cy.ts(237,9): error TS2304: Cannot find name 'cy'.
src/dojopool/frontend/cypress/e2e/critical-path/error-recovery.cy.ts(238,11): error TS2304: Cannot find name 'cy'.
src/dojopool/frontend/cypress/e2e/critical-path/error-recovery.cy.ts(246,9): error TS2304: Cannot find name 'cy'.
src/dojopool/frontend/cypress/e2e/critical-path/error-recovery.cy.ts(254,9): error TS2304: Cannot find name 'cy'.
src/dojopool/frontend/cypress/e2e/critical-path/error-recovery.cy.ts(254,28): error TS7005: Variable 'games' implicitly has an 'any' type.
src/dojopool/frontend/cypress/e2e/critical-path/error-recovery.cy.ts(257,9): error TS2304: Cannot find name 'cy'.
src/dojopool/frontend/cypress/e2e/critical-path/error-recovery.cy.ts(260,9): error TS2304: Cannot find name 'cy'.
src/dojopool/frontend/cypress/e2e/critical-path/error-recovery.cy.ts(263,9): error TS2304: Cannot find name 'cy'.
src/dojopool/frontend/cypress/e2e/critical-path/error-recovery.cy.ts(266,9): error TS2304: Cannot find name 'cy'.
src/dojopool/frontend/cypress/e2e/critical-path/error-recovery.cy.ts(272,9): error TS2304: Cannot find name 'cy'.
src/dojopool/frontend/cypress/e2e/critical-path/error-recovery.cy.ts(272,28): error TS7005: Variable 'games' implicitly has an 'any' type.
src/dojopool/frontend/cypress/e2e/critical-path/error-recovery.cy.ts(275,9): error TS2304: Cannot find name 'cy'.
src/dojopool/frontend/cypress/e2e/critical-path/error-recovery.cy.ts(276,11): error TS2304: Cannot find name 'cy'.
src/dojopool/frontend/cypress/e2e/critical-path/error-recovery.cy.ts(278,30): error TS7006: Parameter 'color' implicitly has an 'any' type.
src/dojopool/frontend/cypress/e2e/critical-path/error-recovery.cy.ts(287,9): error TS2304: Cannot find name 'cy'.
src/dojopool/frontend/cypress/e2e/critical-path/error-recovery.cy.ts(288,9): error TS2304: Cannot find name 'cy'.
src/dojopool/frontend/cypress/e2e/critical-path/error-recovery.cy.ts(290,9): error TS2304: Cannot find name 'cy'.
src/dojopool/frontend/cypress/e2e/critical-path/error-recovery.cy.ts(290,28): error TS7005: Variable 'games' implicitly has an 'any' type.
src/dojopool/frontend/cypress/e2e/critical-path/error-recovery.cy.ts(293,9): error TS2304: Cannot find name 'cy'.
src/dojopool/frontend/cypress/e2e/critical-path/error-recovery.cy.ts(297,9): error TS2304: Cannot find name 'cy'.
src/dojopool/frontend/cypress/e2e/critical-path/error-recovery.cy.ts(297,28): error TS7005: Variable 'games' implicitly has an 'any' type.
src/dojopool/frontend/cypress/e2e/critical-path/error-recovery.cy.ts(300,9): error TS2304: Cannot find name 'cy'.
src/dojopool/frontend/cypress/e2e/critical-path/error-recovery.cy.ts(300,27): error TS7006: Parameter 'win' implicitly has an 'any' type.
src/dojopool/frontend/cypress/e2e/critical-path/error-recovery.cy.ts(305,9): error TS2304: Cannot find name 'cy'.
src/dojopool/frontend/cypress/e2e/critical-path/shot-sync.cy.ts(2,7): error TS7034: Variable 'users' implicitly has type 'any' in some locations where its type cannot be determined.
src/dojopool/frontend/cypress/e2e/critical-path/shot-sync.cy.ts(3,7): error TS7034: Variable 'games' implicitly has type 'any' in some locations where its type cannot be determined.
src/dojopool/frontend/cypress/e2e/critical-path/shot-sync.cy.ts(5,3): error TS2304: Cannot find name 'before'.
src/dojopool/frontend/cypress/e2e/critical-path/shot-sync.cy.ts(6,5): error TS2304: Cannot find name 'cy'.
src/dojopool/frontend/cypress/e2e/critical-path/shot-sync.cy.ts(6,29): error TS7006: Parameter 'fixtures' implicitly has an 'any' type.
src/dojopool/frontend/cypress/e2e/critical-path/shot-sync.cy.ts(13,5): error TS2304: Cannot find name 'cy'.
src/dojopool/frontend/cypress/e2e/critical-path/shot-sync.cy.ts(13,14): error TS7005: Variable 'users' implicitly has an 'any' type.
src/dojopool/frontend/cypress/e2e/critical-path/shot-sync.cy.ts(13,37): error TS7005: Variable 'users' implicitly has an 'any' type.
src/dojopool/frontend/cypress/e2e/critical-path/shot-sync.cy.ts(18,7): error TS2304: Cannot find name 'cy'.
src/dojopool/frontend/cypress/e2e/critical-path/shot-sync.cy.ts(18,21): error TS7005: Variable 'users' implicitly has an 'any' type.
src/dojopool/frontend/cypress/e2e/critical-path/shot-sync.cy.ts(18,41): error TS7005: Variable 'users' implicitly has an 'any' type.
src/dojopool/frontend/cypress/e2e/critical-path/shot-sync.cy.ts(19,10): error TS7006: Parameter 'gameId' implicitly has an 'any' type.
src/dojopool/frontend/cypress/e2e/critical-path/shot-sync.cy.ts(20,11): error TS2304: Cannot find name 'cy'.
src/dojopool/frontend/cypress/e2e/critical-path/shot-sync.cy.ts(23,11): error TS2304: Cannot find name 'cy'.
src/dojopool/frontend/cypress/e2e/critical-path/shot-sync.cy.ts(23,49): error TS7006: Parameter 'req' implicitly has an 'any' type.
src/dojopool/frontend/cypress/e2e/critical-path/shot-sync.cy.ts(24,33): error TS7006: Parameter 'res' implicitly has an 'any' type.
src/dojopool/frontend/cypress/e2e/critical-path/shot-sync.cy.ts(30,11): error TS2304: Cannot find name 'cy'.
src/dojopool/frontend/cypress/e2e/critical-path/shot-sync.cy.ts(33,11): error TS2304: Cannot find name 'cy'.
src/dojopool/frontend/cypress/e2e/critical-path/shot-sync.cy.ts(34,11): error TS2304: Cannot find name 'cy'.
src/dojopool/frontend/cypress/e2e/critical-path/shot-sync.cy.ts(37,11): error TS2304: Cannot find name 'cy'.
src/dojopool/frontend/cypress/e2e/critical-path/shot-sync.cy.ts(38,13): error TS2304: Cannot find name 'cy'.
src/dojopool/frontend/cypress/e2e/critical-path/shot-sync.cy.ts(45,7): error TS2304: Cannot find name 'cy'.
src/dojopool/frontend/cypress/e2e/critical-path/shot-sync.cy.ts(45,21): error TS7005: Variable 'users' implicitly has an 'any' type.
src/dojopool/frontend/cypress/e2e/critical-path/shot-sync.cy.ts(45,41): error TS7005: Variable 'users' implicitly has an 'any' type.
src/dojopool/frontend/cypress/e2e/critical-path/shot-sync.cy.ts(46,10): error TS7006: Parameter 'gameId' implicitly has an 'any' type.
src/dojopool/frontend/cypress/e2e/critical-path/shot-sync.cy.ts(47,11): error TS2304: Cannot find name 'cy'.
src/dojopool/frontend/cypress/e2e/critical-path/shot-sync.cy.ts(51,11): error TS2304: Cannot find name 'cy'.
src/dojopool/frontend/cypress/e2e/critical-path/shot-sync.cy.ts(51,49): error TS7006: Parameter 'req' implicitly has an 'any' type.
src/dojopool/frontend/cypress/e2e/critical-path/shot-sync.cy.ts(59,11): error TS2304: Cannot find name 'cy'.
src/dojopool/frontend/cypress/e2e/critical-path/shot-sync.cy.ts(60,11): error TS2304: Cannot find name 'cy'.
src/dojopool/frontend/cypress/e2e/critical-path/shot-sync.cy.ts(63,11): error TS2304: Cannot find name 'cy'.
src/dojopool/frontend/cypress/e2e/critical-path/shot-sync.cy.ts(64,13): error TS2304: Cannot find name 'cy'.
src/dojopool/frontend/cypress/e2e/critical-path/shot-sync.cy.ts(68,11): error TS2304: Cannot find name 'cy'.
src/dojopool/frontend/cypress/e2e/critical-path/shot-sync.cy.ts(69,13): error TS2304: Cannot find name 'cy'.
src/dojopool/frontend/cypress/e2e/critical-path/shot-sync.cy.ts(70,13): error TS2304: Cannot find name 'cy'.
src/dojopool/frontend/cypress/e2e/critical-path/shot-sync.cy.ts(77,7): error TS2304: Cannot find name 'cy'.
src/dojopool/frontend/cypress/e2e/critical-path/shot-sync.cy.ts(77,21): error TS7005: Variable 'users' implicitly has an 'any' type.
src/dojopool/frontend/cypress/e2e/critical-path/shot-sync.cy.ts(77,41): error TS7005: Variable 'users' implicitly has an 'any' type.
src/dojopool/frontend/cypress/e2e/critical-path/shot-sync.cy.ts(78,10): error TS7006: Parameter 'gameId' implicitly has an 'any' type.
src/dojopool/frontend/cypress/e2e/critical-path/shot-sync.cy.ts(79,11): error TS2304: Cannot find name 'cy'.
src/dojopool/frontend/cypress/e2e/critical-path/shot-sync.cy.ts(82,11): error TS2304: Cannot find name 'cy'.
src/dojopool/frontend/cypress/e2e/critical-path/shot-sync.cy.ts(82,49): error TS7006: Parameter 'req' implicitly has an 'any' type.
src/dojopool/frontend/cypress/e2e/critical-path/shot-sync.cy.ts(83,33): error TS7006: Parameter 'res' implicitly has an 'any' type.
src/dojopool/frontend/cypress/e2e/critical-path/shot-sync.cy.ts(92,13): error TS2304: Cannot find name 'cy'.
src/dojopool/frontend/cypress/e2e/critical-path/shot-sync.cy.ts(96,11): error TS2304: Cannot find name 'cy'.
src/dojopool/frontend/cypress/e2e/critical-path/shot-sync.cy.ts(98,15): error TS2304: Cannot find name 'cy'.
src/dojopool/frontend/cypress/e2e/critical-path/shot-sync.cy.ts(110,7): error TS2304: Cannot find name 'cy'.
src/dojopool/frontend/cypress/e2e/critical-path/shot-sync.cy.ts(110,21): error TS7005: Variable 'users' implicitly has an 'any' type.
src/dojopool/frontend/cypress/e2e/critical-path/shot-sync.cy.ts(110,41): error TS7005: Variable 'users' implicitly has an 'any' type.
src/dojopool/frontend/cypress/e2e/critical-path/shot-sync.cy.ts(111,10): error TS7006: Parameter 'gameId' implicitly has an 'any' type.
src/dojopool/frontend/cypress/e2e/critical-path/shot-sync.cy.ts(112,11): error TS2304: Cannot find name 'cy'.
src/dojopool/frontend/cypress/e2e/critical-path/shot-sync.cy.ts(115,11): error TS2304: Cannot find name 'cy'.
src/dojopool/frontend/cypress/e2e/critical-path/shot-sync.cy.ts(115,49): error TS7006: Parameter 'req' implicitly has an 'any' type.
src/dojopool/frontend/cypress/e2e/critical-path/shot-sync.cy.ts(122,24): error TS7005: Variable 'games' implicitly has an 'any' type.
src/dojopool/frontend/cypress/e2e/critical-path/shot-sync.cy.ts(124,33): error TS7005: Variable 'users' implicitly has an 'any' type.
src/dojopool/frontend/cypress/e2e/critical-path/shot-sync.cy.ts(136,11): error TS2304: Cannot find name 'cy'.
src/dojopool/frontend/cypress/e2e/critical-path/shot-sync.cy.ts(139,11): error TS2304: Cannot find name 'cy'.
src/dojopool/frontend/cypress/e2e/critical-path/shot-sync.cy.ts(140,11): error TS2304: Cannot find name 'cy'.
src/dojopool/frontend/cypress/e2e/critical-path/shot-sync.cy.ts(142,13): error TS7005: Variable 'users' implicitly has an 'any' type.
src/dojopool/frontend/cypress/e2e/critical-path/shot-sync.cy.ts(149,7): error TS2304: Cannot find name 'cy'.
src/dojopool/frontend/cypress/e2e/critical-path/shot-sync.cy.ts(149,21): error TS7005: Variable 'users' implicitly has an 'any' type.
src/dojopool/frontend/cypress/e2e/critical-path/shot-sync.cy.ts(149,41): error TS7005: Variable 'users' implicitly has an 'any' type.
src/dojopool/frontend/cypress/e2e/critical-path/shot-sync.cy.ts(150,10): error TS7006: Parameter 'gameId' implicitly has an 'any' type.
src/dojopool/frontend/cypress/e2e/critical-path/shot-sync.cy.ts(151,11): error TS2304: Cannot find name 'cy'.
src/dojopool/frontend/cypress/e2e/critical-path/shot-sync.cy.ts(154,11): error TS2304: Cannot find name 'cy'.
src/dojopool/frontend/cypress/e2e/critical-path/shot-sync.cy.ts(154,29): error TS7006: Parameter 'win' implicitly has an 'any' type.
src/dojopool/frontend/cypress/e2e/critical-path/shot-sync.cy.ts(159,32): error TS7005: Variable 'users' implicitly has an 'any' type.
src/dojopool/frontend/cypress/e2e/critical-path/shot-sync.cy.ts(166,11): error TS2304: Cannot find name 'cy'.
src/dojopool/frontend/cypress/e2e/critical-path/shot-sync.cy.ts(169,11): error TS2304: Cannot find name 'cy'.
src/dojopool/frontend/cypress/e2e/critical-path/shot-sync.cy.ts(169,62): error TS7005: Variable 'games' implicitly has an 'any' type.
src/dojopool/frontend/cypress/e2e/critical-path/shot-sync.cy.ts(175,7): error TS2304: Cannot find name 'cy'.
src/dojopool/frontend/cypress/e2e/critical-path/shot-sync.cy.ts(175,21): error TS7005: Variable 'users' implicitly has an 'any' type.
src/dojopool/frontend/cypress/e2e/critical-path/shot-sync.cy.ts(175,41): error TS7005: Variable 'users' implicitly has an 'any' type.
src/dojopool/frontend/cypress/e2e/critical-path/shot-sync.cy.ts(176,10): error TS7006: Parameter 'gameId' implicitly has an 'any' type.
src/dojopool/frontend/cypress/e2e/critical-path/shot-sync.cy.ts(177,11): error TS2304: Cannot find name 'cy'.
src/dojopool/frontend/cypress/e2e/critical-path/shot-sync.cy.ts(180,11): error TS2304: Cannot find name 'cy'.
src/dojopool/frontend/cypress/e2e/critical-path/shot-sync.cy.ts(180,29): error TS7006: Parameter 'win' implicitly has an 'any' type.
src/dojopool/frontend/cypress/e2e/critical-path/shot-sync.cy.ts(185,11): error TS2304: Cannot find name 'cy'.
src/dojopool/frontend/cypress/e2e/critical-path/shot-sync.cy.ts(186,11): error TS2304: Cannot find name 'cy'.
src/dojopool/frontend/cypress/e2e/critical-path/shot-sync.cy.ts(189,11): error TS2304: Cannot find name 'cy'.
src/dojopool/frontend/cypress/e2e/critical-path/shot-sync.cy.ts(192,11): error TS2304: Cannot find name 'cy'.
src/dojopool/frontend/cypress/e2e/critical-path/shot-sync.cy.ts(192,29): error TS7006: Parameter 'win' implicitly has an 'any' type.
src/dojopool/frontend/cypress/e2e/critical-path/shot-sync.cy.ts(197,11): error TS2304: Cannot find name 'cy'.
src/dojopool/frontend/cypress/e2e/critical-path/shot-sync.cy.ts(198,11): error TS2304: Cannot find name 'cy'.
src/dojopool/frontend/cypress/e2e/critical-path/shot-sync.cy.ts(199,11): error TS2304: Cannot find name 'cy'.
src/dojopool/frontend/cypress/e2e/critical-path/shot-sync.cy.ts(200,13): error TS2304: Cannot find name 'cy'.
src/dojopool/frontend/cypress/e2e/critical-path/shot-sync.cy.ts(201,13): error TS2304: Cannot find name 'cy'.
src/dojopool/frontend/cypress/e2e/critical-path/shot-sync.cy.ts(210,7): error TS2304: Cannot find name 'cy'.
src/dojopool/frontend/cypress/e2e/critical-path/shot-sync.cy.ts(210,21): error TS7005: Variable 'users' implicitly has an 'any' type.
src/dojopool/frontend/cypress/e2e/critical-path/shot-sync.cy.ts(210,41): error TS7005: Variable 'users' implicitly has an 'any' type.
src/dojopool/frontend/cypress/e2e/critical-path/shot-sync.cy.ts(211,10): error TS7006: Parameter 'gameId' implicitly has an 'any' type.
src/dojopool/frontend/cypress/e2e/critical-path/shot-sync.cy.ts(212,11): error TS2304: Cannot find name 'cy'.
src/dojopool/frontend/cypress/e2e/critical-path/shot-sync.cy.ts(215,11): error TS2304: Cannot find name 'cy'.
src/dojopool/frontend/cypress/e2e/critical-path/shot-sync.cy.ts(215,29): error TS7006: Parameter 'win' implicitly has an 'any' type.
src/dojopool/frontend/cypress/e2e/critical-path/shot-sync.cy.ts(221,13): error TS2304: Cannot find name 'cy'.
src/dojopool/frontend/cypress/e2e/critical-path/shot-sync.cy.ts(225,11): error TS2304: Cannot find name 'cy'.
src/dojopool/frontend/cypress/e2e/critical-path/shot-sync.cy.ts(225,29): error TS7006: Parameter 'win' implicitly has an 'any' type.
src/dojopool/frontend/cypress/e2e/critical-path/shot-sync.cy.ts(234,38): error TS2339: Property 'to' does not exist on type 'JestMatchers<any>'.
src/dojopool/frontend/cypress/e2e/critical-path/shot-sync.cy.ts(238,11): error TS2304: Cannot find name 'cy'.
src/dojopool/frontend/cypress/e2e/critical-path/shot-sync.cy.ts(239,13): error TS2304: Cannot find name 'cy'.
src/dojopool/frontend/cypress/e2e/critical-path/shot-sync.cy.ts(246,7): error TS2304: Cannot find name 'cy'.
src/dojopool/frontend/cypress/e2e/critical-path/shot-sync.cy.ts(246,21): error TS7005: Variable 'users' implicitly has an 'any' type.
src/dojopool/frontend/cypress/e2e/critical-path/shot-sync.cy.ts(246,41): error TS7005: Variable 'users' implicitly has an 'any' type.
src/dojopool/frontend/cypress/e2e/critical-path/shot-sync.cy.ts(248,16): error TS7006: Parameter 'gameId' implicitly has an 'any' type.
src/dojopool/frontend/cypress/e2e/critical-path/shot-sync.cy.ts(249,9): error TS2304: Cannot find name 'cy'.
src/dojopool/frontend/cypress/e2e/critical-path/shot-sync.cy.ts(253,11): error TS2304: Cannot find name 'cy'.
src/dojopool/frontend/cypress/e2e/critical-path/shot-sync.cy.ts(253,29): error TS7006: Parameter 'win' implicitly has an 'any' type.
src/dojopool/frontend/cypress/e2e/critical-path/shot-sync.cy.ts(259,9): error TS2304: Cannot find name 'cy'.
src/dojopool/frontend/cypress/e2e/critical-path/shot-sync.cy.ts(259,27): error TS7006: Parameter 'win' implicitly has an 'any' type.
src/dojopool/frontend/cypress/e2e/critical-path/shot-sync.cy.ts(263,9): error TS2304: Cannot find name 'cy'.
src/dojopool/frontend/cypress/e2e/critical-path/shot-sync.cy.ts(265,9): error TS2304: Cannot find name 'cy'.
src/dojopool/frontend/cypress/e2e/critical-path/shot-sync.cy.ts(265,27): error TS7006: Parameter 'win' implicitly has an 'any' type.
src/dojopool/frontend/cypress/e2e/critical-path/shot-sync.cy.ts(269,36): error TS2339: Property 'to' does not exist on type 'JestMatchers<any>'.
src/dojopool/frontend/cypress/e2e/load/load-testing.cy.ts(2,7): error TS7034: Variable 'users' implicitly has type 'any' in some locations where its type cannot be determined.
src/dojopool/frontend/cypress/e2e/load/load-testing.cy.ts(3,7): error TS7034: Variable 'games' implicitly has type 'any' in some locations where its type cannot be determined.
src/dojopool/frontend/cypress/e2e/load/load-testing.cy.ts(4,7): error TS7034: Variable 'venues' implicitly has type 'any' in some locations where its type cannot be determined.
src/dojopool/frontend/cypress/e2e/load/load-testing.cy.ts(6,3): error TS2304: Cannot find name 'before'.
src/dojopool/frontend/cypress/e2e/load/load-testing.cy.ts(7,5): error TS2304: Cannot find name 'cy'.
src/dojopool/frontend/cypress/e2e/load/load-testing.cy.ts(7,29): error TS7006: Parameter 'fixtures' implicitly has an 'any' type.
src/dojopool/frontend/cypress/e2e/load/load-testing.cy.ts(17,13): error TS7034: Variable 'gameSessions' implicitly has type 'any[]' in some locations where its type cannot be determined.
src/dojopool/frontend/cypress/e2e/load/load-testing.cy.ts(21,9): error TS2304: Cannot find name 'cy'.
src/dojopool/frontend/cypress/e2e/load/load-testing.cy.ts(21,23): error TS7005: Variable 'users' implicitly has an 'any' type.
src/dojopool/frontend/cypress/e2e/load/load-testing.cy.ts(21,43): error TS7005: Variable 'users' implicitly has an 'any' type.
src/dojopool/frontend/cypress/e2e/load/load-testing.cy.ts(22,12): error TS7006: Parameter 'gameId' implicitly has an 'any' type.
src/dojopool/frontend/cypress/e2e/load/load-testing.cy.ts(29,7): error TS2304: Cannot find name 'cy'.
src/dojopool/frontend/cypress/e2e/load/load-testing.cy.ts(29,15): error TS7005: Variable 'gameSessions' implicitly has an 'any[]' type.
src/dojopool/frontend/cypress/e2e/load/load-testing.cy.ts(29,35): error TS7006: Parameter 'gameId' implicitly has an 'any' type.
src/dojopool/frontend/cypress/e2e/load/load-testing.cy.ts(30,9): error TS2304: Cannot find name 'cy'.
src/dojopool/frontend/cypress/e2e/load/load-testing.cy.ts(30,27): error TS7006: Parameter 'win' implicitly has an 'any' type.
src/dojopool/frontend/cypress/e2e/load/load-testing.cy.ts(36,7): error TS2304: Cannot find name 'cy'.
src/dojopool/frontend/cypress/e2e/load/load-testing.cy.ts(36,25): error TS7006: Parameter 'win' implicitly has an 'any' type.
src/dojopool/frontend/cypress/e2e/load/load-testing.cy.ts(40,38): error TS2339: Property 'to' does not exist on type 'JestMatchers<number>'.
src/dojopool/frontend/cypress/e2e/load/load-testing.cy.ts(51,11): error TS2304: Cannot find name 'cy'.
src/dojopool/frontend/cypress/e2e/load/load-testing.cy.ts(51,31): error TS7005: Variable 'venues' implicitly has an 'any' type.
src/dojopool/frontend/cypress/e2e/load/load-testing.cy.ts(51,49): error TS7005: Variable 'venues' implicitly has an 'any' type.
src/dojopool/frontend/cypress/e2e/load/load-testing.cy.ts(58,7): error TS2304: Cannot find name 'cy'.
src/dojopool/frontend/cypress/e2e/load/load-testing.cy.ts(59,9): error TS2304: Cannot find name 'cy'.
src/dojopool/frontend/cypress/e2e/load/load-testing.cy.ts(59,27): error TS7006: Parameter 'win' implicitly has an 'any' type.
src/dojopool/frontend/cypress/e2e/load/load-testing.cy.ts(62,28): error TS2339: Property 'to' does not exist on type 'JestMatchers<any>'.
src/dojopool/frontend/cypress/e2e/load/load-testing.cy.ts(74,14): error TS7005: Variable 'games' implicitly has an 'any' type.
src/dojopool/frontend/cypress/e2e/load/load-testing.cy.ts(79,7): error TS2304: Cannot find name 'cy'.
src/dojopool/frontend/cypress/e2e/load/load-testing.cy.ts(83,7): error TS2304: Cannot find name 'cy'.
src/dojopool/frontend/cypress/e2e/load/load-testing.cy.ts(87,9): error TS2304: Cannot find name 'cy'.
src/dojopool/frontend/cypress/e2e/load/load-testing.cy.ts(88,9): error TS2304: Cannot find name 'cy'.
src/dojopool/frontend/cypress/e2e/load/load-testing.cy.ts(92,7): error TS2304: Cannot find name 'cy'.
src/dojopool/frontend/cypress/e2e/load/load-testing.cy.ts(92,25): error TS7006: Parameter 'win' implicitly has an 'any' type.
src/dojopool/frontend/cypress/e2e/load/load-testing.cy.ts(96,28): error TS2339: Property 'to' does not exist on type 'JestMatchers<any>'.
src/dojopool/frontend/cypress/e2e/load/load-testing.cy.ts(113,7): error TS2304: Cannot find name 'cy'.
src/dojopool/frontend/cypress/e2e/load/load-testing.cy.ts(117,7): error TS2304: Cannot find name 'cy'.
src/dojopool/frontend/cypress/e2e/load/load-testing.cy.ts(120,7): error TS2304: Cannot find name 'cy'.
src/dojopool/frontend/cypress/e2e/load/load-testing.cy.ts(121,7): error TS2304: Cannot find name 'cy'.
src/dojopool/frontend/cypress/e2e/load/load-testing.cy.ts(121,25): error TS7006: Parameter 'win' implicitly has an 'any' type.
src/dojopool/frontend/cypress/e2e/load/load-testing.cy.ts(123,21): error TS2339: Property 'to' does not exist on type 'JestMatchers<any>'.
src/dojopool/frontend/cypress/e2e/load/load-testing.cy.ts(130,7): error TS2304: Cannot find name 'cy'.
src/dojopool/frontend/cypress/e2e/load/load-testing.cy.ts(130,21): error TS7005: Variable 'users' implicitly has an 'any' type.
src/dojopool/frontend/cypress/e2e/load/load-testing.cy.ts(130,41): error TS7005: Variable 'users' implicitly has an 'any' type.
src/dojopool/frontend/cypress/e2e/load/load-testing.cy.ts(131,10): error TS7006: Parameter 'gameId' implicitly has an 'any' type.
src/dojopool/frontend/cypress/e2e/load/load-testing.cy.ts(132,11): error TS2304: Cannot find name 'cy'.
src/dojopool/frontend/cypress/e2e/load/load-testing.cy.ts(145,13): error TS2304: Cannot find name 'cy'.
src/dojopool/frontend/cypress/e2e/load/load-testing.cy.ts(145,31): error TS7006: Parameter 'win' implicitly has an 'any' type.
src/dojopool/frontend/cypress/e2e/load/load-testing.cy.ts(153,11): error TS2304: Cannot find name 'cy'.
src/dojopool/frontend/cypress/e2e/load/load-testing.cy.ts(154,13): error TS2304: Cannot find name 'cy'.
src/dojopool/frontend/cypress/e2e/load/load-testing.cy.ts(155,13): error TS2304: Cannot find name 'cy'.
src/dojopool/frontend/cypress/e2e/load/load-testing.cy.ts(156,13): error TS2304: Cannot find name 'cy'.
src/dojopool/frontend/cypress/e2e/load/load-testing.cy.ts(163,24): error TS7005: Variable 'venues' implicitly has an 'any' type.
src/dojopool/frontend/cypress/e2e/load/load-testing.cy.ts(163,43): error TS7006: Parameter 'v' implicitly has an 'any' type.
src/dojopool/frontend/cypress/e2e/load/load-testing.cy.ts(166,25): error TS7006: Parameter 'id' implicitly has an 'any' type.
src/dojopool/frontend/cypress/e2e/load/load-testing.cy.ts(167,9): error TS2304: Cannot find name 'cy'.
src/dojopool/frontend/cypress/e2e/load/load-testing.cy.ts(171,7): error TS2304: Cannot find name 'cy'.
src/dojopool/frontend/cypress/e2e/load/load-testing.cy.ts(171,25): error TS7006: Parameter 'win' implicitly has an 'any' type.
src/dojopool/frontend/cypress/e2e/load/load-testing.cy.ts(175,31): error TS2339: Property 'to' does not exist on type 'JestMatchers<any>'.
src/dojopool/frontend/cypress/e2e/load/load-testing.cy.ts(183,7): error TS2304: Cannot find name 'cy'.
src/dojopool/frontend/cypress/e2e/load/load-testing.cy.ts(183,21): error TS7005: Variable 'users' implicitly has an 'any' type.
src/dojopool/frontend/cypress/e2e/load/load-testing.cy.ts(183,41): error TS7005: Variable 'users' implicitly has an 'any' type.
src/dojopool/frontend/cypress/e2e/load/load-testing.cy.ts(184,10): error TS7006: Parameter 'gameId' implicitly has an 'any' type.
src/dojopool/frontend/cypress/e2e/load/load-testing.cy.ts(185,11): error TS2304: Cannot find name 'cy'.
src/dojopool/frontend/cypress/e2e/load/load-testing.cy.ts(188,11): error TS2304: Cannot find name 'cy'.
src/dojopool/frontend/cypress/e2e/load/load-testing.cy.ts(188,29): error TS7006: Parameter 'win' implicitly has an 'any' type.
src/dojopool/frontend/cypress/e2e/load/load-testing.cy.ts(197,13): error TS2304: Cannot find name 'cy'.
src/dojopool/frontend/cypress/e2e/load/load-testing.cy.ts(198,13): error TS2304: Cannot find name 'cy'.
src/dojopool/frontend/cypress/e2e/load/load-testing.cy.ts(202,11): error TS2304: Cannot find name 'cy'.
src/dojopool/frontend/cypress/e2e/load/load-testing.cy.ts(202,29): error TS7006: Parameter 'win' implicitly has an 'any' type.
src/dojopool/frontend/cypress/e2e/load/load-testing.cy.ts(206,21): error TS7006: Parameter 'f' implicitly has an 'any' type.
src/dojopool/frontend/cypress/e2e/load/load-testing.cy.ts(206,24): error TS7006: Parameter 'i' implicitly has an 'any' type.
src/dojopool/frontend/cypress/e2e/load/load-testing.cy.ts(208,35): error TS7006: Parameter 'a' implicitly has an 'any' type.
src/dojopool/frontend/cypress/e2e/load/load-testing.cy.ts(208,38): error TS7006: Parameter 'b' implicitly has an 'any' type.
src/dojopool/frontend/cypress/e2e/load/load-testing.cy.ts(209,30): error TS2339: Property 'to' does not exist on type 'JestMatchers<number>'.
src/dojopool/frontend/cypress/e2e/load/load-testing.cy.ts(226,7): error TS2304: Cannot find name 'cy'.
src/dojopool/frontend/cypress/e2e/load/load-testing.cy.ts(230,7): error TS2304: Cannot find name 'cy'.
src/dojopool/frontend/cypress/e2e/load/load-testing.cy.ts(233,7): error TS2304: Cannot find name 'cy'.
src/dojopool/frontend/cypress/e2e/load/load-testing.cy.ts(236,7): error TS2304: Cannot find name 'cy'.
src/dojopool/frontend/cypress/e2e/load/load-testing.cy.ts(236,25): error TS7006: Parameter 'win' implicitly has an 'any' type.
src/dojopool/frontend/cypress/e2e/load/load-testing.cy.ts(240,28): error TS2339: Property 'to' does not exist on type 'JestMatchers<any>'.
src/dojopool/frontend/cypress/e2e/load/load-testing.cy.ts(255,9): error TS2304: Cannot find name 'cy'.
src/dojopool/frontend/cypress/e2e/load/load-testing.cy.ts(258,7): error TS2304: Cannot find name 'cy'.
src/dojopool/frontend/cypress/e2e/load/load-testing.cy.ts(261,7): error TS2304: Cannot find name 'cy'.
src/dojopool/frontend/cypress/e2e/load/load-testing.cy.ts(262,7): error TS2304: Cannot find name 'cy'.
src/dojopool/frontend/cypress/e2e/load/load-testing.cy.ts(266,9): error TS2304: Cannot find name 'cy'.
src/dojopool/frontend/cypress/e2e/load/load-testing.cy.ts(269,7): error TS2304: Cannot find name 'cy'.
src/dojopool/frontend/cypress/e2e/performance/basic-performance.cy.ts(3,5): error TS2304: Cannot find name 'cy'.
src/dojopool/frontend/cypress/e2e/performance/performance-monitoring.cy.ts(2,7): error TS7034: Variable 'users' implicitly has type 'any' in some locations where its type cannot be determined.
src/dojopool/frontend/cypress/e2e/performance/performance-monitoring.cy.ts(5,3): error TS2304: Cannot find name 'before'.
src/dojopool/frontend/cypress/e2e/performance/performance-monitoring.cy.ts(6,5): error TS2304: Cannot find name 'cy'.
src/dojopool/frontend/cypress/e2e/performance/performance-monitoring.cy.ts(6,29): error TS7006: Parameter 'fixtures' implicitly has an 'any' type.
src/dojopool/frontend/cypress/e2e/performance/performance-monitoring.cy.ts(13,5): error TS2304: Cannot find name 'cy'.
src/dojopool/frontend/cypress/e2e/performance/performance-monitoring.cy.ts(13,14): error TS7005: Variable 'users' implicitly has an 'any' type.
src/dojopool/frontend/cypress/e2e/performance/performance-monitoring.cy.ts(13,37): error TS7005: Variable 'users' implicitly has an 'any' type.
src/dojopool/frontend/cypress/e2e/performance/performance-monitoring.cy.ts(15,5): error TS2304: Cannot find name 'cy'.
src/dojopool/frontend/cypress/e2e/performance/performance-monitoring.cy.ts(15,23): error TS7006: Parameter 'win' implicitly has an 'any' type.
src/dojopool/frontend/cypress/e2e/performance/performance-monitoring.cy.ts(23,7): error TS2304: Cannot find name 'cy'.
src/dojopool/frontend/cypress/e2e/performance/performance-monitoring.cy.ts(24,22): error TS7006: Parameter 'win' implicitly has an 'any' type.
src/dojopool/frontend/cypress/e2e/performance/performance-monitoring.cy.ts(25,57): error TS7006: Parameter 'list' implicitly has an 'any' type.
src/dojopool/frontend/cypress/e2e/performance/performance-monitoring.cy.ts(28,35): error TS2339: Property 'to' does not exist on type 'JestMatchers<any>'.
src/dojopool/frontend/cypress/e2e/performance/performance-monitoring.cy.ts(35,7): error TS2304: Cannot find name 'cy'.
src/dojopool/frontend/cypress/e2e/performance/performance-monitoring.cy.ts(39,7): error TS2304: Cannot find name 'cy'.
src/dojopool/frontend/cypress/e2e/performance/performance-monitoring.cy.ts(41,7): error TS2304: Cannot find name 'cy'.
src/dojopool/frontend/cypress/e2e/performance/performance-monitoring.cy.ts(41,25): error TS7006: Parameter 'win' implicitly has an 'any' type.
src/dojopool/frontend/cypress/e2e/performance/performance-monitoring.cy.ts(42,55): error TS7006: Parameter 'list' implicitly has an 'any' type.
src/dojopool/frontend/cypress/e2e/performance/performance-monitoring.cy.ts(44,28): error TS7006: Parameter 'entry' implicitly has an 'any' type.
src/dojopool/frontend/cypress/e2e/performance/performance-monitoring.cy.ts(45,36): error TS2339: Property 'to' does not exist on type 'JestMatchers<any>'.
src/dojopool/frontend/cypress/e2e/performance/performance-monitoring.cy.ts(52,7): error TS2304: Cannot find name 'cy'.
src/dojopool/frontend/cypress/e2e/performance/performance-monitoring.cy.ts(58,7): error TS2304: Cannot find name 'cy'.
src/dojopool/frontend/cypress/e2e/performance/performance-monitoring.cy.ts(59,22): error TS7006: Parameter 'win' implicitly has an 'any' type.
src/dojopool/frontend/cypress/e2e/performance/performance-monitoring.cy.ts(60,57): error TS7006: Parameter 'list' implicitly has an 'any' type.
src/dojopool/frontend/cypress/e2e/performance/performance-monitoring.cy.ts(61,40): error TS7006: Parameter 'entry' implicitly has an 'any' type.
src/dojopool/frontend/cypress/e2e/performance/performance-monitoring.cy.ts(72,7): error TS2304: Cannot find name 'cy'.
src/dojopool/frontend/cypress/e2e/performance/performance-monitoring.cy.ts(73,7): error TS2304: Cannot find name 'cy'.
src/dojopool/frontend/cypress/e2e/performance/performance-monitoring.cy.ts(76,7): error TS2304: Cannot find name 'cy'.
src/dojopool/frontend/cypress/e2e/performance/performance-monitoring.cy.ts(82,7): error TS2304: Cannot find name 'cy'.
src/dojopool/frontend/cypress/e2e/performance/performance-monitoring.cy.ts(82,25): error TS7006: Parameter 'win' implicitly has an 'any' type.
src/dojopool/frontend/cypress/e2e/performance/performance-monitoring.cy.ts(86,7): error TS2304: Cannot find name 'cy'.
src/dojopool/frontend/cypress/e2e/performance/performance-monitoring.cy.ts(86,21): error TS7005: Variable 'users' implicitly has an 'any' type.
src/dojopool/frontend/cypress/e2e/performance/performance-monitoring.cy.ts(86,41): error TS7005: Variable 'users' implicitly has an 'any' type.
src/dojopool/frontend/cypress/e2e/performance/performance-monitoring.cy.ts(87,10): error TS7006: Parameter 'gameId' implicitly has an 'any' type.
src/dojopool/frontend/cypress/e2e/performance/performance-monitoring.cy.ts(88,11): error TS2304: Cannot find name 'cy'.
src/dojopool/frontend/cypress/e2e/performance/performance-monitoring.cy.ts(91,11): error TS2304: Cannot find name 'cy'.
src/dojopool/frontend/cypress/e2e/performance/performance-monitoring.cy.ts(94,15): error TS2304: Cannot find name 'cy'.
src/dojopool/frontend/cypress/e2e/performance/performance-monitoring.cy.ts(94,33): error TS7006: Parameter 'win' implicitly has an 'any' type.
src/dojopool/frontend/cypress/e2e/performance/performance-monitoring.cy.ts(105,42): error TS2339: Property 'to' does not exist on type 'JestMatchers<any>'.
src/dojopool/frontend/cypress/e2e/performance/performance-monitoring.cy.ts(113,7): error TS2304: Cannot find name 'cy'.
src/dojopool/frontend/cypress/e2e/performance/performance-monitoring.cy.ts(113,21): error TS7005: Variable 'users' implicitly has an 'any' type.
src/dojopool/frontend/cypress/e2e/performance/performance-monitoring.cy.ts(113,41): error TS7005: Variable 'users' implicitly has an 'any' type.
src/dojopool/frontend/cypress/e2e/performance/performance-monitoring.cy.ts(114,10): error TS7006: Parameter 'gameId' implicitly has an 'any' type.
src/dojopool/frontend/cypress/e2e/performance/performance-monitoring.cy.ts(115,11): error TS2304: Cannot find name 'cy'.
src/dojopool/frontend/cypress/e2e/performance/performance-monitoring.cy.ts(124,13): error TS2304: Cannot find name 'cy'.
src/dojopool/frontend/cypress/e2e/performance/performance-monitoring.cy.ts(124,31): error TS7006: Parameter 'win' implicitly has an 'any' type.
src/dojopool/frontend/cypress/e2e/performance/performance-monitoring.cy.ts(128,13): error TS2304: Cannot find name 'cy'.
src/dojopool/frontend/cypress/e2e/performance/performance-monitoring.cy.ts(130,13): error TS2304: Cannot find name 'cy'.
src/dojopool/frontend/cypress/e2e/performance/performance-monitoring.cy.ts(130,31): error TS7006: Parameter 'win' implicitly has an 'any' type.
src/dojopool/frontend/cypress/e2e/performance/performance-monitoring.cy.ts(146,11): error TS2304: Cannot find name 'cy'.
src/dojopool/frontend/cypress/e2e/performance/performance-monitoring.cy.ts(154,7): error TS2304: Cannot find name 'cy'.
src/dojopool/frontend/cypress/e2e/performance/performance-monitoring.cy.ts(154,21): error TS7005: Variable 'users' implicitly has an 'any' type.
src/dojopool/frontend/cypress/e2e/performance/performance-monitoring.cy.ts(154,41): error TS7005: Variable 'users' implicitly has an 'any' type.
src/dojopool/frontend/cypress/e2e/performance/performance-monitoring.cy.ts(155,10): error TS7006: Parameter 'gameId' implicitly has an 'any' type.
src/dojopool/frontend/cypress/e2e/performance/performance-monitoring.cy.ts(156,11): error TS2304: Cannot find name 'cy'.
src/dojopool/frontend/cypress/e2e/performance/performance-monitoring.cy.ts(161,11): error TS2304: Cannot find name 'cy'.
src/dojopool/frontend/cypress/e2e/performance/performance-monitoring.cy.ts(161,29): error TS7006: Parameter 'win' implicitly has an 'any' type.
src/dojopool/frontend/cypress/e2e/performance/performance-monitoring.cy.ts(168,13): error TS2304: Cannot find name 'cy'.
src/dojopool/frontend/cypress/e2e/performance/performance-monitoring.cy.ts(169,13): error TS2304: Cannot find name 'cy'.
src/dojopool/frontend/cypress/e2e/performance/performance-monitoring.cy.ts(173,11): error TS2304: Cannot find name 'cy'.
src/dojopool/frontend/cypress/e2e/performance/performance-monitoring.cy.ts(173,29): error TS7006: Parameter 'win' implicitly has an 'any' type.
src/dojopool/frontend/cypress/e2e/performance/performance-monitoring.cy.ts(177,36): error TS2339: Property 'to' does not exist on type 'JestMatchers<number>'.
src/dojopool/frontend/cypress/e2e/performance/performance-monitoring.cy.ts(184,7): error TS2304: Cannot find name 'cy'.
src/dojopool/frontend/cypress/e2e/performance/performance-monitoring.cy.ts(184,21): error TS7005: Variable 'users' implicitly has an 'any' type.
src/dojopool/frontend/cypress/e2e/performance/performance-monitoring.cy.ts(184,41): error TS7005: Variable 'users' implicitly has an 'any' type.
src/dojopool/frontend/cypress/e2e/performance/performance-monitoring.cy.ts(185,10): error TS7006: Parameter 'gameId' implicitly has an 'any' type.
src/dojopool/frontend/cypress/e2e/performance/performance-monitoring.cy.ts(186,11): error TS2304: Cannot find name 'cy'.
src/dojopool/frontend/cypress/e2e/performance/performance-monitoring.cy.ts(190,13): error TS2304: Cannot find name 'cy'.
src/dojopool/frontend/cypress/e2e/performance/performance-monitoring.cy.ts(196,11): error TS2304: Cannot find name 'cy'.
src/dojopool/frontend/cypress/e2e/performance/performance-monitoring.cy.ts(196,29): error TS7006: Parameter 'win' implicitly has an 'any' type.
src/dojopool/frontend/cypress/e2e/performance/performance-monitoring.cy.ts(202,11): error TS2304: Cannot find name 'cy'.
src/dojopool/frontend/cypress/e2e/performance/performance-monitoring.cy.ts(205,11): error TS2304: Cannot find name 'cy'.
src/dojopool/frontend/cypress/e2e/performance/performance-monitoring.cy.ts(205,29): error TS7006: Parameter 'win' implicitly has an 'any' type.
src/dojopool/frontend/cypress/e2e/performance/performance-monitoring.cy.ts(208,36): error TS2339: Property 'to' does not exist on type 'JestMatchers<any>'.
src/dojopool/frontend/cypress/e2e/performance/performance-monitoring.cy.ts(218,7): error TS2304: Cannot find name 'cy'.
src/dojopool/frontend/cypress/e2e/performance/performance-monitoring.cy.ts(219,9): error TS2304: Cannot find name 'cy'.
src/dojopool/frontend/cypress/e2e/performance/performance-monitoring.cy.ts(219,27): error TS7006: Parameter 'win' implicitly has an 'any' type.
src/dojopool/frontend/cypress/e2e/performance/performance-monitoring.cy.ts(224,9): error TS2304: Cannot find name 'cy'.
src/dojopool/frontend/cypress/e2e/performance/performance-monitoring.cy.ts(226,9): error TS2304: Cannot find name 'cy'.
src/dojopool/frontend/cypress/e2e/performance/performance-monitoring.cy.ts(226,27): error TS7006: Parameter 'win' implicitly has an 'any' type.
src/dojopool/frontend/cypress/e2e/performance/performance-monitoring.cy.ts(235,36): error TS2339: Property 'to' does not exist on type 'JestMatchers<any>'.
src/dojopool/frontend/cypress/e2e/performance/performance-monitoring.cy.ts(241,7): error TS2304: Cannot find name 'cy'.
src/dojopool/frontend/cypress/e2e/performance/performance-monitoring.cy.ts(242,22): error TS7006: Parameter 'win' implicitly has an 'any' type.
src/dojopool/frontend/cypress/e2e/performance/performance-monitoring.cy.ts(244,57): error TS7006: Parameter 'list' implicitly has an 'any' type.
src/dojopool/frontend/cypress/e2e/performance/performance-monitoring.cy.ts(252,7): error TS2304: Cannot find name 'cy'.
src/dojopool/frontend/cypress/e2e/performance/performance-monitoring.cy.ts(252,25): error TS7006: Parameter 'win' implicitly has an 'any' type.
src/dojopool/frontend/cypress/e2e/performance/performance-monitoring.cy.ts(257,12): error TS7006: Parameter 'sum' implicitly has an 'any' type.
src/dojopool/frontend/cypress/e2e/performance/performance-monitoring.cy.ts(257,17): error TS7006: Parameter 'r' implicitly has an 'any' type.
src/dojopool/frontend/cypress/e2e/performance/performance-monitoring.cy.ts(260,27): error TS2339: Property 'to' does not exist on type 'JestMatchers<any>'.
src/dojopool/frontend/cypress/e2e/performance/performance-monitoring.cy.ts(263,34): error TS2339: Property 'to' does not exist on type 'JestMatchers<any>'.
src/dojopool/frontend/cypress/e2e/performance/performance-monitoring.cy.ts(270,7): error TS2304: Cannot find name 'cy'.
src/dojopool/frontend/cypress/e2e/performance/performance-monitoring.cy.ts(270,21): error TS7005: Variable 'users' implicitly has an 'any' type.
src/dojopool/frontend/cypress/e2e/performance/performance-monitoring.cy.ts(270,41): error TS7005: Variable 'users' implicitly has an 'any' type.
src/dojopool/frontend/cypress/e2e/performance/performance-monitoring.cy.ts(271,10): error TS7006: Parameter 'gameId' implicitly has an 'any' type.
src/dojopool/frontend/cypress/e2e/performance/performance-monitoring.cy.ts(272,11): error TS2304: Cannot find name 'cy'.
src/dojopool/frontend/cypress/e2e/performance/performance-monitoring.cy.ts(278,11): error TS2304: Cannot find name 'cy'.
src/dojopool/frontend/cypress/e2e/performance/performance-monitoring.cy.ts(278,29): error TS7006: Parameter 'win' implicitly has an 'any' type.
src/dojopool/frontend/cypress/e2e/performance/performance-monitoring.cy.ts(286,11): error TS2304: Cannot find name 'cy'.
src/dojopool/frontend/cypress/e2e/performance/performance-monitoring.cy.ts(289,11): error TS2304: Cannot find name 'cy'.
src/dojopool/frontend/cypress/e2e/performance/performance-monitoring.cy.ts(291,25): error TS2339: Property 'to' does not exist on type 'JestMatchers<number>'.
src/dojopool/frontend/cypress/e2e/performance/performance-tests.cy.ts(4,7): error TS7034: Variable 'users' implicitly has type 'any' in some locations where its type cannot be determined.
src/dojopool/frontend/cypress/e2e/performance/performance-tests.cy.ts(7,3): error TS2304: Cannot find name 'before'.
src/dojopool/frontend/cypress/e2e/performance/performance-tests.cy.ts(8,5): error TS2304: Cannot find name 'cy'.
src/dojopool/frontend/cypress/e2e/performance/performance-tests.cy.ts(8,29): error TS7006: Parameter 'fixtures' implicitly has an 'any' type.
src/dojopool/frontend/cypress/e2e/performance/performance-tests.cy.ts(15,5): error TS2304: Cannot find name 'cy'.
src/dojopool/frontend/cypress/e2e/performance/performance-tests.cy.ts(15,14): error TS7005: Variable 'users' implicitly has an 'any' type.
src/dojopool/frontend/cypress/e2e/performance/performance-tests.cy.ts(15,37): error TS7005: Variable 'users' implicitly has an 'any' type.
src/dojopool/frontend/cypress/e2e/performance/performance-tests.cy.ts(26,7): error TS2304: Cannot find name 'cy'.
src/dojopool/frontend/cypress/e2e/performance/performance-tests.cy.ts(26,21): error TS7005: Variable 'users' implicitly has an 'any' type.
src/dojopool/frontend/cypress/e2e/performance/performance-tests.cy.ts(26,41): error TS7005: Variable 'users' implicitly has an 'any' type.
src/dojopool/frontend/cypress/e2e/performance/performance-tests.cy.ts(27,10): error TS7006: Parameter 'gameId' implicitly has an 'any' type.
src/dojopool/frontend/cypress/e2e/performance/performance-tests.cy.ts(36,7): error TS2304: Cannot find name 'cy'.
src/dojopool/frontend/cypress/e2e/performance/performance-tests.cy.ts(36,21): error TS7005: Variable 'users' implicitly has an 'any' type.
src/dojopool/frontend/cypress/e2e/performance/performance-tests.cy.ts(36,41): error TS7005: Variable 'users' implicitly has an 'any' type.
src/dojopool/frontend/cypress/e2e/performance/performance-tests.cy.ts(37,10): error TS7006: Parameter 'gameId' implicitly has an 'any' type.
src/dojopool/frontend/cypress/e2e/performance/performance-tests.cy.ts(38,11): error TS2304: Cannot find name 'cy'.
src/dojopool/frontend/cypress/e2e/performance/performance-tests.cy.ts(43,15): error TS2304: Cannot find name 'cy'.
src/dojopool/frontend/cypress/e2e/performance/performance-tests.cy.ts(44,15): error TS2304: Cannot find name 'cy'.
src/dojopool/frontend/cypress/e2e/performance/performance-tests.cy.ts(61,9): error TS2304: Cannot find name 'cy'.
src/dojopool/frontend/cypress/e2e/performance/performance-tests.cy.ts(62,9): error TS2304: Cannot find name 'cy'.
src/dojopool/frontend/cypress/e2e/performance/performance-tests.cy.ts(63,9): error TS2304: Cannot find name 'cy'.
src/dojopool/frontend/cypress/e2e/performance/performance-tests.cy.ts(64,9): error TS2304: Cannot find name 'cy'.
src/dojopool/frontend/cypress/e2e/performance/performance-tests.cy.ts(65,9): error TS2304: Cannot find name 'cy'.
src/dojopool/frontend/cypress/e2e/performance/performance-tests.cy.ts(66,9): error TS2304: Cannot find name 'cy'.
src/dojopool/frontend/cypress/e2e/performance/performance.cy.ts(2,7): error TS7034: Variable 'users' implicitly has type 'any' in some locations where its type cannot be determined.
src/dojopool/frontend/cypress/e2e/performance/performance.cy.ts(3,7): error TS7034: Variable 'games' implicitly has type 'any' in some locations where its type cannot be determined.
src/dojopool/frontend/cypress/e2e/performance/performance.cy.ts(6,3): error TS2304: Cannot find name 'before'.
src/dojopool/frontend/cypress/e2e/performance/performance.cy.ts(7,5): error TS2304: Cannot find name 'cy'.
src/dojopool/frontend/cypress/e2e/performance/performance.cy.ts(7,29): error TS7006: Parameter 'fixtures' implicitly has an 'any' type.
src/dojopool/frontend/cypress/e2e/performance/performance.cy.ts(15,5): error TS2304: Cannot find name 'cy'.
src/dojopool/frontend/cypress/e2e/performance/performance.cy.ts(15,14): error TS7005: Variable 'users' implicitly has an 'any' type.
src/dojopool/frontend/cypress/e2e/performance/performance.cy.ts(15,37): error TS7005: Variable 'users' implicitly has an 'any' type.
src/dojopool/frontend/cypress/e2e/performance/performance.cy.ts(17,5): error TS2304: Cannot find name 'cy'.
src/dojopool/frontend/cypress/e2e/performance/performance.cy.ts(17,23): error TS7006: Parameter 'win' implicitly has an 'any' type.
src/dojopool/frontend/cypress/e2e/performance/performance.cy.ts(18,32): error TS7006: Parameter 'keys' implicitly has an 'any' type.
src/dojopool/frontend/cypress/e2e/performance/performance.cy.ts(19,23): error TS7006: Parameter 'key' implicitly has an 'any' type.
src/dojopool/frontend/cypress/e2e/performance/performance.cy.ts(21,60): error TS7006: Parameter 'registrations' implicitly has an 'any' type.
src/dojopool/frontend/cypress/e2e/performance/performance.cy.ts(22,32): error TS7006: Parameter 'registration' implicitly has an 'any' type.
src/dojopool/frontend/cypress/e2e/performance/performance.cy.ts(29,7): error TS2304: Cannot find name 'cy'.
src/dojopool/frontend/cypress/e2e/performance/performance.cy.ts(30,24): error TS7006: Parameter 'win' implicitly has an 'any' type.
src/dojopool/frontend/cypress/e2e/performance/performance.cy.ts(33,18): error TS7006: Parameter 'win' implicitly has an 'any' type.
src/dojopool/frontend/cypress/e2e/performance/performance.cy.ts(39,7): error TS2304: Cannot find name 'cy'.
src/dojopool/frontend/cypress/e2e/performance/performance.cy.ts(39,25): error TS7006: Parameter 'win' implicitly has an 'any' type.
src/dojopool/frontend/cypress/e2e/performance/performance.cy.ts(41,34): error TS2339: Property 'to' does not exist on type 'JestMatchers<any>'.
src/dojopool/frontend/cypress/e2e/performance/performance.cy.ts(46,7): error TS2304: Cannot find name 'cy'.
src/dojopool/frontend/cypress/e2e/performance/performance.cy.ts(46,26): error TS7005: Variable 'games' implicitly has an 'any' type.
src/dojopool/frontend/cypress/e2e/performance/performance.cy.ts(47,24): error TS7006: Parameter 'win' implicitly has an 'any' type.
src/dojopool/frontend/cypress/e2e/performance/performance.cy.ts(50,18): error TS7006: Parameter 'win' implicitly has an 'any' type.
src/dojopool/frontend/cypress/e2e/performance/performance.cy.ts(61,7): error TS2304: Cannot find name 'cy'.
src/dojopool/frontend/cypress/e2e/performance/performance.cy.ts(64,11): error TS2304: Cannot find name 'cy'.
src/dojopool/frontend/cypress/e2e/performance/performance.cy.ts(64,29): error TS7006: Parameter 'win' implicitly has an 'any' type.
src/dojopool/frontend/cypress/e2e/performance/performance.cy.ts(66,38): error TS2339: Property 'to' does not exist on type 'JestMatchers<any>'.
src/dojopool/frontend/cypress/e2e/performance/performance.cy.ts(74,7): error TS2304: Cannot find name 'cy'.
src/dojopool/frontend/cypress/e2e/performance/performance.cy.ts(74,21): error TS7005: Variable 'users' implicitly has an 'any' type.
src/dojopool/frontend/cypress/e2e/performance/performance.cy.ts(74,41): error TS7005: Variable 'users' implicitly has an 'any' type.
src/dojopool/frontend/cypress/e2e/performance/performance.cy.ts(75,10): error TS7006: Parameter 'gameId' implicitly has an 'any' type.
src/dojopool/frontend/cypress/e2e/performance/performance.cy.ts(76,11): error TS2304: Cannot find name 'cy'.
src/dojopool/frontend/cypress/e2e/performance/performance.cy.ts(81,13): error TS2304: Cannot find name 'cy'.
src/dojopool/frontend/cypress/e2e/performance/performance.cy.ts(85,11): error TS2304: Cannot find name 'cy'.
src/dojopool/frontend/cypress/e2e/performance/performance.cy.ts(87,15): error TS2304: Cannot find name 'cy'.
src/dojopool/frontend/cypress/e2e/performance/performance.cy.ts(92,32): error TS2339: Property 'to' does not exist on type 'JestMatchers<number>'.
src/dojopool/frontend/cypress/e2e/performance/performance.cy.ts(100,7): error TS2304: Cannot find name 'cy'.
src/dojopool/frontend/cypress/e2e/performance/performance.cy.ts(100,21): error TS7005: Variable 'users' implicitly has an 'any' type.
src/dojopool/frontend/cypress/e2e/performance/performance.cy.ts(100,41): error TS7005: Variable 'users' implicitly has an 'any' type.
src/dojopool/frontend/cypress/e2e/performance/performance.cy.ts(102,16): error TS7006: Parameter 'gameId' implicitly has an 'any' type.
src/dojopool/frontend/cypress/e2e/performance/performance.cy.ts(105,11): error TS2304: Cannot find name 'cy'.
src/dojopool/frontend/cypress/e2e/performance/performance.cy.ts(105,29): error TS7006: Parameter 'win' implicitly has an 'any' type.
src/dojopool/frontend/cypress/e2e/performance/performance.cy.ts(112,9): error TS2304: Cannot find name 'cy'.
src/dojopool/frontend/cypress/e2e/performance/performance.cy.ts(115,28): error TS2339: Property 'to' does not exist on type 'JestMatchers<number>'.
src/dojopool/frontend/cypress/e2e/performance/performance.cy.ts(123,7): error TS2304: Cannot find name 'cy'.
src/dojopool/frontend/cypress/e2e/performance/performance.cy.ts(124,24): error TS7006: Parameter 'win' implicitly has an 'any' type.
src/dojopool/frontend/cypress/e2e/performance/performance.cy.ts(130,7): error TS2304: Cannot find name 'cy'.
src/dojopool/frontend/cypress/e2e/performance/performance.cy.ts(131,18): error TS7006: Parameter '$imgs' implicitly has an 'any' type.
src/dojopool/frontend/cypress/e2e/performance/performance.cy.ts(132,59): error TS18046: 'img' is of type 'unknown'.
src/dojopool/frontend/cypress/e2e/performance/performance.cy.ts(133,26): error TS2339: Property 'to' does not exist on type 'JestMatchers<boolean>'.
src/dojopool/frontend/cypress/e2e/performance/performance.cy.ts(136,11): error TS2304: Cannot find name 'cy'.
src/dojopool/frontend/cypress/e2e/performance/performance.cy.ts(136,29): error TS7006: Parameter 'win' implicitly has an 'any' type.
src/dojopool/frontend/cypress/e2e/performance/performance.cy.ts(144,38): error TS2339: Property 'to' does not exist on type 'JestMatchers<any>'.
src/dojopool/frontend/cypress/e2e/performance/performance.cy.ts(150,7): error TS2304: Cannot find name 'cy'.
src/dojopool/frontend/cypress/e2e/performance/performance.cy.ts(150,21): error TS7005: Variable 'users' implicitly has an 'any' type.
src/dojopool/frontend/cypress/e2e/performance/performance.cy.ts(150,41): error TS7005: Variable 'users' implicitly has an 'any' type.
src/dojopool/frontend/cypress/e2e/performance/performance.cy.ts(151,10): error TS7006: Parameter 'gameId' implicitly has an 'any' type.
src/dojopool/frontend/cypress/e2e/performance/performance.cy.ts(152,11): error TS2304: Cannot find name 'cy'.
src/dojopool/frontend/cypress/e2e/performance/performance.cy.ts(156,13): error TS2304: Cannot find name 'cy'.
src/dojopool/frontend/cypress/e2e/performance/performance.cy.ts(157,13): error TS2304: Cannot find name 'cy'.
src/dojopool/frontend/cypress/e2e/performance/performance.cy.ts(161,11): error TS2304: Cannot find name 'cy'.
src/dojopool/frontend/cypress/e2e/performance/performance.cy.ts(161,29): error TS7006: Parameter 'win' implicitly has an 'any' type.
src/dojopool/frontend/cypress/e2e/performance/performance.cy.ts(165,35): error TS2339: Property 'to' does not exist on type 'JestMatchers<any>'.
src/dojopool/frontend/cypress/e2e/performance/performance.cy.ts(176,7): error TS2304: Cannot find name 'cy'.
src/dojopool/frontend/cypress/e2e/performance/performance.cy.ts(176,29): error TS7006: Parameter 'req' implicitly has an 'any' type.
src/dojopool/frontend/cypress/e2e/performance/performance.cy.ts(177,29): error TS7006: Parameter 'res' implicitly has an 'any' type.
src/dojopool/frontend/cypress/e2e/performance/performance.cy.ts(183,7): error TS2304: Cannot find name 'cy'.
src/dojopool/frontend/cypress/e2e/performance/performance.cy.ts(184,7): error TS2304: Cannot find name 'cy'.
src/dojopool/frontend/cypress/e2e/performance/performance.cy.ts(185,7): error TS2304: Cannot find name 'cy'.
src/dojopool/frontend/cypress/e2e/performance/performance.cy.ts(189,7): error TS2304: Cannot find name 'cy'.
src/dojopool/frontend/cypress/e2e/performance/performance.cy.ts(189,26): error TS7005: Variable 'games' implicitly has an 'any' type.
src/dojopool/frontend/cypress/e2e/performance/performance.cy.ts(192,7): error TS2304: Cannot find name 'cy'.
src/dojopool/frontend/cypress/e2e/performance/performance.cy.ts(192,25): error TS7006: Parameter 'win' implicitly has an 'any' type.
src/dojopool/frontend/cypress/e2e/performance/performance.cy.ts(197,7): error TS2304: Cannot find name 'cy'.
src/dojopool/frontend/cypress/e2e/performance/performance.cy.ts(198,7): error TS2304: Cannot find name 'cy'.
src/dojopool/frontend/cypress/e2e/performance/performance.cy.ts(201,7): error TS2304: Cannot find name 'cy'.
src/dojopool/frontend/cypress/e2e/performance/performance.cy.ts(201,25): error TS7006: Parameter 'win' implicitly has an 'any' type.
src/dojopool/frontend/cypress/e2e/performance/performance.cy.ts(206,7): error TS2304: Cannot find name 'cy'.
src/dojopool/frontend/cypress/e2e/performance/performance.cy.ts(212,7): error TS2304: Cannot find name 'cy'.
src/dojopool/frontend/cypress/e2e/performance/performance.cy.ts(212,21): error TS7005: Variable 'users' implicitly has an 'any' type.
src/dojopool/frontend/cypress/e2e/performance/performance.cy.ts(212,41): error TS7005: Variable 'users' implicitly has an 'any' type.
src/dojopool/frontend/cypress/e2e/performance/performance.cy.ts(213,10): error TS7006: Parameter 'gameId' implicitly has an 'any' type.
src/dojopool/frontend/cypress/e2e/performance/performance.cy.ts(214,11): error TS2304: Cannot find name 'cy'.
src/dojopool/frontend/cypress/e2e/performance/performance.cy.ts(217,11): error TS2304: Cannot find name 'cy'.
src/dojopool/frontend/cypress/e2e/performance/performance.cy.ts(217,29): error TS7006: Parameter 'win' implicitly has an 'any' type.
src/dojopool/frontend/cypress/e2e/performance/performance.cy.ts(225,11): error TS2304: Cannot find name 'cy'.
src/dojopool/frontend/cypress/e2e/performance/performance.cy.ts(228,11): error TS2304: Cannot find name 'cy'.
src/dojopool/frontend/cypress/e2e/performance/performance.cy.ts(228,29): error TS7006: Parameter 'win' implicitly has an 'any' type.
src/dojopool/frontend/cypress/e2e/performance/performance.cy.ts(232,21): error TS7006: Parameter 'f' implicitly has an 'any' type.
src/dojopool/frontend/cypress/e2e/performance/performance.cy.ts(232,24): error TS7006: Parameter 'i' implicitly has an 'any' type.
src/dojopool/frontend/cypress/e2e/performance/performance.cy.ts(234,35): error TS7006: Parameter 'a' implicitly has an 'any' type.
src/dojopool/frontend/cypress/e2e/performance/performance.cy.ts(234,38): error TS7006: Parameter 'b' implicitly has an 'any' type.
src/dojopool/frontend/cypress/e2e/performance/performance.cy.ts(235,30): error TS2339: Property 'to' does not exist on type 'JestMatchers<number>'.
src/dojopool/frontend/cypress/e2e/performance/performance.cy.ts(244,7): error TS2304: Cannot find name 'cy'.
src/dojopool/frontend/cypress/e2e/performance/performance.cy.ts(247,7): error TS2304: Cannot find name 'cy'.
src/dojopool/frontend/cypress/e2e/performance/performance.cy.ts(248,7): error TS2304: Cannot find name 'cy'.
src/dojopool/frontend/cypress/e2e/performance/performance.cy.ts(251,7): error TS2304: Cannot find name 'cy'.
src/dojopool/frontend/cypress/e2e/performance/performance.cy.ts(251,25): error TS7006: Parameter 'win' implicitly has an 'any' type.
src/dojopool/frontend/cypress/e2e/performance/performance.cy.ts(253,9): error TS2304: Cannot find name 'cy'.
src/dojopool/frontend/cypress/e2e/performance/performance.cy.ts(255,13): error TS2304: Cannot find name 'cy'.
src/dojopool/frontend/cypress/e2e/performance/performance.cy.ts(266,38): error TS2339: Property 'to' does not exist on type 'JestMatchers<any>'.
src/dojopool/frontend/cypress/e2e/visual/map-visual.cy.ts(1,46): error TS2307: Cannot find module 'cypress-image-snapshot/command' or its corresponding type declarations.
src/dojopool/frontend/cypress/e2e/visual/map-visual.cy.ts(7,5): error TS2304: Cannot find name 'cy'.
src/dojopool/frontend/cypress/e2e/visual/map-visual.cy.ts(8,5): error TS2304: Cannot find name 'cy'.
src/dojopool/frontend/cypress/e2e/visual/map-visual.cy.ts(9,5): error TS2304: Cannot find name 'cy'.
src/dojopool/frontend/cypress/e2e/visual/map-visual.cy.ts(13,5): error TS2304: Cannot find name 'cy'.
src/dojopool/frontend/cypress/e2e/visual/map-visual.cy.ts(20,5): error TS2304: Cannot find name 'cy'.
src/dojopool/frontend/cypress/e2e/visual/map-visual.cy.ts(20,23): error TS7006: Parameter 'win' implicitly has an 'any' type.
src/dojopool/frontend/cypress/e2e/visual/map-visual.cy.ts(35,5): error TS2304: Cannot find name 'cy'.
src/dojopool/frontend/cypress/e2e/visual/map-visual.cy.ts(41,5): error TS2304: Cannot find name 'cy'.
src/dojopool/frontend/cypress/e2e/visual/map-visual.cy.ts(43,5): error TS2304: Cannot find name 'cy'.
src/dojopool/frontend/cypress/e2e/visual/map-visual.cy.ts(50,7): error TS2304: Cannot find name 'cy'.
src/dojopool/frontend/cypress/e2e/visual/map-visual.cy.ts(51,7): error TS2304: Cannot find name 'cy'.
src/dojopool/frontend/cypress/e2e/visual/map-visual.cy.ts(57,7): error TS2304: Cannot find name 'cy'.
src/dojopool/frontend/cypress/e2e/visual/map-visual.cy.ts(58,7): error TS2304: Cannot find name 'cy'.
src/dojopool/frontend/cypress/e2e/visual/map-visual.cy.ts(66,7): error TS2304: Cannot find name 'cy'.
src/dojopool/frontend/cypress/e2e/visual/map-visual.cy.ts(67,7): error TS2304: Cannot find name 'cy'.
src/dojopool/frontend/cypress/e2e/visual/map-visual.cy.ts(73,7): error TS2304: Cannot find name 'cy'.
src/dojopool/frontend/cypress/e2e/visual/map-visual.cy.ts(74,7): error TS2304: Cannot find name 'cy'.
src/dojopool/frontend/cypress/e2e/visual/map-visual.cy.ts(76,7): error TS2304: Cannot find name 'cy'.
src/dojopool/frontend/cypress/e2e/visual/map-visual.cy.ts(84,7): error TS2304: Cannot find name 'cy'.
src/dojopool/frontend/cypress/e2e/visual/map-visual.cy.ts(85,7): error TS2304: Cannot find name 'cy'.
src/dojopool/frontend/cypress/e2e/visual/map-visual.cy.ts(91,7): error TS2304: Cannot find name 'cy'.
src/dojopool/frontend/cypress/e2e/visual/map-visual.cy.ts(92,7): error TS2304: Cannot find name 'cy'.
src/dojopool/frontend/cypress/support/performance-helpers.ts(6,5): error TS2304: Cannot find name 'cy'.
src/dojopool/frontend/cypress/support/performance-helpers.ts(9,9): error TS2304: Cannot find name 'cy'.
src/dojopool/frontend/cypress/support/performance-helpers.ts(10,9): error TS2304: Cannot find name 'cy'.
src/dojopool/frontend/cypress/support/performance-helpers.ts(15,5): error TS2304: Cannot find name 'cy'.
src/dojopool/frontend/cypress/support/performance-helpers.ts(18,9): error TS2304: Cannot find name 'cy'.
src/dojopool/frontend/cypress/support/performance-helpers.ts(27,5): error TS2304: Cannot find name 'cy'.
src/dojopool/frontend/cypress/support/performance-helpers.ts(30,9): error TS2304: Cannot find name 'cy'.
src/dojopool/frontend/cypress/support/performance-helpers.ts(31,9): error TS2304: Cannot find name 'cy'.
src/dojopool/frontend/cypress/support/performance-helpers.ts(37,5): error TS2304: Cannot find name 'cy'.
src/dojopool/frontend/cypress/support/performance-helpers.ts(40,9): error TS2304: Cannot find name 'cy'.
src/dojopool/frontend/cypress/support/performance-helpers.ts(46,5): error TS2304: Cannot find name 'cy'.
src/dojopool/frontend/cypress/support/performance-helpers.ts(49,9): error TS2304: Cannot find name 'cy'.
src/dojopool/frontend/cypress/support/performance-helpers.ts(49,27): error TS7006: Parameter 'win' implicitly has an 'any' type.
src/dojopool/frontend/cypress/support/performance-helpers.ts(63,5): error TS2304: Cannot find name 'cy'.
src/dojopool/frontend/cypress/support/performance-helpers.ts(71,5): error TS2304: Cannot find name 'cy'.
src/dojopool/frontend/cypress/support/performance-helpers.ts(80,5): error TS2304: Cannot find name 'cy'.
src/dojopool/frontend/cypress/support/performance-helpers.ts(89,5): error TS2304: Cannot find name 'cy'.
src/dojopool/frontend/cypress/support/performance-helpers.ts(89,23): error TS7006: Parameter 'win' implicitly has an 'any' type.
src/dojopool/frontend/cypress/support/performance-helpers.ts(92,24): error TS2339: Property 'to' does not exist on type 'JestMatchers<any>'.
src/dojopool/frontend/cypress/support/performance-helpers.ts(99,27): error TS2339: Property 'to' does not exist on type 'JestMatchers<number>'.
src/dojopool/frontend/cypress/support/performance-helpers.ts(109,5): error TS2304: Cannot find name 'cy'.
src/dojopool/frontend/cypress/support/performance-helpers.ts(109,29): error TS7006: Parameter 'req' implicitly has an 'any' type.
src/dojopool/frontend/cypress/support/performance-helpers.ts(114,5): error TS2304: Cannot find name 'cy'.
src/dojopool/frontend/cypress/support/performance-helpers.ts(116,28): error TS2339: Property 'to' does not exist on type 'JestMatchers<number>'.
src/dojopool/frontend/cypress/support/performance-helpers.ts(127,5): error TS2304: Cannot find name 'cy'.
src/dojopool/frontend/cypress/support/performance-helpers.ts(127,23): error TS7006: Parameter 'win' implicitly has an 'any' type.
src/dojopool/frontend/cypress/support/performance-helpers.ts(128,40): error TS7006: Parameter 'event' implicitly has an 'any' type.
src/dojopool/frontend/cypress/support/performance-helpers.ts(136,5): error TS2304: Cannot find name 'cy'.
src/dojopool/frontend/cypress/support/performance-helpers.ts(139,28): error TS2339: Property 'to' does not exist on type 'JestMatchers<number>'.
src/dojopool/frontend/cypress/support/performance-helpers.ts(150,5): error TS2304: Cannot find name 'cy'.
src/dojopool/frontend/cypress/support/performance-helpers.ts(150,23): error TS7006: Parameter 'win' implicitly has an 'any' type.
src/dojopool/frontend/cypress/support/performance-helpers.ts(151,61): error TS7006: Parameter 'entry' implicitly has an 'any' type.
src/dojopool/frontend/cypress/support/performance-helpers.ts(158,27): error TS2339: Property 'to' does not exist on type 'JestMatchers<number>'.
src/dojopool/frontend/cypress/support/performance-helpers.ts(166,5): error TS2304: Cannot find name 'cy'.
src/dojopool/frontend/cypress/support/performance-helpers.ts(169,9): error TS2304: Cannot find name 'cy'.
src/dojopool/frontend/cypress/support/performance-helpers.ts(170,9): error TS2304: Cannot find name 'cy'.
src/dojopool/frontend/cypress/support/performance-helpers.ts(176,5): error TS2304: Cannot find name 'cy'.
src/dojopool/frontend/cypress/support/performance-helpers.ts(176,23): error TS7006: Parameter 'win' implicitly has an 'any' type.
src/dojopool/frontend/cypress/support/performance-helpers.ts(180,27): error TS2339: Property 'to' does not exist on type 'JestMatchers<any>'.
src/dojopool/frontend/cypress/support/performance-reporter.ts(80,5): error TS2304: Cannot find name 'cy'.
src/dojopool/frontend/cypress/support/performance-reporter.ts(87,5): error TS2304: Cannot find name 'cy'.
src/dojopool/frontend/cypress/support/performance-reporter.ts(88,5): error TS2304: Cannot find name 'cy'.
src/dojopool/frontend/cypress/support/performance-reporter.ts(89,5): error TS2304: Cannot find name 'cy'.
src/dojopool/frontend/cypress/support/performance-reporter.ts(90,5): error TS2304: Cannot find name 'cy'.
src/dojopool/frontend/cypress/support/performance-reporter.ts(91,5): error TS2304: Cannot find name 'cy'.
src/dojopool/frontend/cypress/support/performance-reporter.ts(92,5): error TS2304: Cannot find name 'cy'.
src/dojopool/frontend/cypress/support/performance-reporter.ts(95,7): error TS2304: Cannot find name 'cy'.
src/dojopool/frontend/cypress/support/performance-reporter.ts(97,9): error TS2304: Cannot find name 'cy'.
src/dojopool/frontend/cypress/support/performance-reporter.ts(107,23): error TS7053: Element implicitly has an 'any' type because expression of type 'string' can't be used to index type '{ lcp: number; fid: number; cls: number; }'.
  No index signature with a parameter of type 'string' was found on type '{ lcp: number; fid: number; cls: number; }'.
src/dojopool/frontend/cypress/support/performance-reporter.ts(113,23): error TS7053: Element implicitly has an 'any' type because expression of type 'string' can't be used to index type '{ gameInitialization: number; shotResponse: number; stateUpdate: number; turnChange: number; }'.
  No index signature with a parameter of type 'string' was found on type '{ gameInitialization: number; shotResponse: number; stateUpdate: number; turnChange: number; }'.
src/dojopool/frontend/cypress/support/performance-reporter.ts(118,23): error TS7053: Element implicitly has an 'any' type because expression of type 'string' can't be used to index type '{ maxSessionIncrease: number; maxGameIncrease: number; maxLeakThreshold: number; }'.
  No index signature with a parameter of type 'string' was found on type '{ maxSessionIncrease: number; maxGameIncrease: number; maxLeakThreshold: number; }'.
src/dojopool/frontend/cypress/support/performance-reporter.ts(123,23): error TS7053: Element implicitly has an 'any' type because expression of type 'string' can't be used to index type '{ maxTransferSize: number; maxRequests: number; cacheLoadTime: number; }'.
  No index signature with a parameter of type 'string' was found on type '{ maxTransferSize: number; maxRequests: number; cacheLoadTime: number; }'.
src/dojopool/frontend/cypress/support/performance-reporter.ts(128,23): error TS7053: Element implicitly has an 'any' type because expression of type 'string' can't be used to index type '{ minFPS: number; maxFrameTime: number; shotAnimationDuration: number; }'.
  No index signature with a parameter of type 'string' was found on type '{ minFPS: number; maxFrameTime: number; shotAnimationDuration: number; }'.
src/dojopool/frontend/cypress/support/test-helpers.ts(14,25): error TS2339: Property 'totalShots' does not exist on type '{}'.
src/dojopool/frontend/cypress/support/test-helpers.ts(16,15): error TS2339: Property 'successfulShots' does not exist on type '{}'.
src/dojopool/frontend/cypress/support/test-helpers.ts(17,20): error TS2339: Property 'fouls' does not exist on type '{}'.
src/dojopool/frontend/cypress/support/test-helpers.ts(18,28): error TS2339: Property 'longestStreak' does not exist on type '{}'.
src/dojopool/frontend/cypress/support/test-helpers.ts(25,17): error TS2339: Property 'id' does not exist on type '{}'.
src/dojopool/frontend/cypress/support/test-helpers.ts(26,19): error TS2339: Property 'name' does not exist on type '{}'.
src/dojopool/frontend/cypress/support/test-helpers.ts(28,25): error TS2339: Property 'latitude' does not exist on type '{}'.
src/dojopool/frontend/cypress/support/test-helpers.ts(29,26): error TS2339: Property 'longitude' does not exist on type '{}'.
src/dojopool/frontend/cypress/support/test-helpers.ts(30,24): error TS2339: Property 'address' does not exist on type '{}'.
src/dojopool/frontend/cypress/support/test-helpers.ts(32,21): error TS2339: Property 'tables' does not exist on type '{}'.
src/dojopool/frontend/cypress/support/test-helpers.ts(33,26): error TS2339: Property 'activeGames' does not exist on type '{}'.
src/dojopool/frontend/cypress/support/test-helpers.ts(34,21): error TS2339: Property 'rating' does not exist on type '{}'.
src/dojopool/frontend/cypress/support/test-helpers.ts(35,23): error TS2339: Property 'features' does not exist on type '{}'.
src/dojopool/frontend/cypress/support/test-helpers.ts(41,3): error TS2304: Cannot find name 'cy'.
src/dojopool/frontend/cypress/support/test-helpers.ts(51,5): error TS2304: Cannot find name 'cy'.
src/dojopool/frontend/cypress/support/test-helpers.ts(58,5): error TS2304: Cannot find name 'cy'.
src/dojopool/frontend/cypress/support/test-helpers.ts(58,23): error TS7006: Parameter 'win' implicitly has an 'any' type.
src/dojopool/frontend/cypress/support/test-helpers.ts(64,5): error TS2304: Cannot find name 'cy'.
src/dojopool/frontend/cypress/support/test-helpers.ts(64,23): error TS7006: Parameter 'win' implicitly has an 'any' type.
src/dojopool/frontend/cypress/support/test-helpers.ts(70,5): error TS2304: Cannot find name 'cy'.
src/dojopool/frontend/cypress/support/test-helpers.ts(70,27): error TS7006: Parameter 'req' implicitly has an 'any' type.
src/dojopool/frontend/cypress/support/test-helpers.ts(71,27): error TS7006: Parameter 'res' implicitly has an 'any' type.
src/dojopool/frontend/cypress/support/test-helpers.ts(89,3): error TS2304: Cannot find name 'cy'.
src/dojopool/frontend/cypress/support/test-helpers.ts(89,17): error TS7053: Element implicitly has an 'any' type because expression of type 'string' can't be used to index type '{ network: RegExp; auth: RegExp; validation: RegExp; notFound: RegExp; permission: RegExp; }'.
  No index signature with a parameter of type 'string' was found on type '{ network: RegExp; auth: RegExp; validation: RegExp; notFound: RegExp; permission: RegExp; }'.
src/dojopool/frontend/cypress/support/test-helpers.ts(94,3): error TS2304: Cannot find name 'cy'.
src/dojopool/frontend/cypress/support/test-helpers.ts(101,3): error TS2304: Cannot find name 'cy'.
src/dojopool/frontend/cypress/support/test-helpers.ts(111,3): error TS2304: Cannot find name 'cy'.
src/dojopool/frontend/cypress/support/test-helpers.ts(113,7): error TS2304: Cannot find name 'cy'.
src/dojopool/frontend/cypress/support/test-helpers.ts(114,7): error TS2304: Cannot find name 'cy'.
src/dojopool/frontend/hooks/[NOTIFY]useNotifications.ts(1,24): error TS2307: Cannot find module 'zustand' or its corresponding type declarations.
src/dojopool/frontend/hooks/[NOTIFY]useNotifications.ts(20,60): error TS7006: Parameter 'set' implicitly has an 'any' type.
src/dojopool/frontend/hooks/[NOTIFY]useNotifications.ts(23,21): error TS7006: Parameter 'notification' implicitly has an 'any' type.
src/dojopool/frontend/hooks/[NOTIFY]useNotifications.ts(27,10): error TS7006: Parameter 'state' implicitly has an 'any' type.
src/dojopool/frontend/hooks/[NOTIFY]useNotifications.ts(35,24): error TS7006: Parameter 'id' implicitly has an 'any' type.
src/dojopool/frontend/hooks/[NOTIFY]useNotifications.ts(36,10): error TS7006: Parameter 'state' implicitly has an 'any' type.
src/dojopool/frontend/hooks/[NOTIFY]useNotifications.ts(37,50): error TS7006: Parameter 'n' implicitly has an 'any' type.
src/dojopool/frontend/hooks/[TEST]useABTest.ts(12,42): error TS2339: Property 'getVariantForUser' does not exist on type '{ getTestResults(testId: string): { testName: string; variants: { A: { users: number; conversions: number; }; B: { users: number; conversions: number; }; }; }; }'.
src/dojopool/frontend/hooks/[TEST]useABTest.ts(12,73): error TS2339: Property 'uid' does not exist on type 'User'.
src/dojopool/frontend/hooks/[TEST]useABTest.ts(26,22): error TS2339: Property 'trackMetric' does not exist on type '{ getTestResults(testId: string): { testName: string; variants: { A: { users: number; conversions: number; }; B: { users: number; conversions: number; }; }; }; }'.
src/dojopool/frontend/hooks/[TEST]useABTest.ts(26,47): error TS2339: Property 'uid' does not exist on type 'User'.
src/dojopool/frontend/hooks/[UTIL]useLocation.ts(2,41): error TS2307: Cannot find module '@/utils/location' or its corresponding type declarations.
src/dojopool/frontend/hooks/[UTIL]useLocation.ts(19,31): error TS7006: Parameter 'newLocation' implicitly has an 'any' type.
src/dojopool/frontend/hooks/useGameState.ts(22,16): error TS2554: Expected 2 arguments, but got 1.
src/dojopool/frontend/hooks/useWebSocket.ts(19,11): error TS2353: Object literal may only specify known properties, and 'reconnection' does not exist in type 'Partial<ManagerOptions>'.
src/dojopool/frontend/performance_monitor.ts(49,7): error TS2322: Type 'Date' is not assignable to type 'number'.
src/dojopool/frontend/performance_monitor.ts(67,19): error TS2365: Operator '>=' cannot be applied to types 'number' and 'Date'.
src/dojopool/frontend/performance_monitor.ts(67,52): error TS2365: Operator '<=' cannot be applied to types 'number' and 'Date'.
src/dojopool/frontend/performance_monitor.ts(72,53): error TS2339: Property 'getTime' does not exist on type 'number'.
src/dojopool/frontend/performance_monitor.ts(79,7): error TS2353: Object literal may only specify known properties, and 'current' does not exist in type 'MetricsSnapshot'.
src/dojopool/frontend/performance_monitor.ts(106,48): error TS2551: Property 'toISOString' does not exist on type 'number'. Did you mean 'toString'?
src/dojopool/frontend/routes/[ROUTE]TournamentRoutes.tsx(4,28): error TS2307: Cannot find module '../components/tournaments/TournamentList' or its corresponding type declarations.
src/dojopool/frontend/routes/[ROUTE]TournamentRoutes.tsx(7,30): error TS2307: Cannot find module './PrivateRoute' or its corresponding type declarations.
src/dojopool/frontend/routes/[ROUTE]VenueRoutes.tsx(4,23): error TS2307: Cannot find module '../components/venues/VenueList' or its corresponding type declarations.
src/dojopool/frontend/routes/[ROUTE]VenueRoutes.tsx(5,25): error TS2307: Cannot find module '../components/venues/VenueDetail' or its corresponding type declarations.
src/dojopool/frontend/routes/[ROUTE]VenueRoutes.tsx(6,26): error TS2307: Cannot find module './PrivateRoute' or its corresponding type declarations.
src/dojopool/frontend/services/[AI]ai.ts(1,8): error TS1192: Module '"C:/Users/Lenovo ThinkCentre/OneDrive/Documents/GitHub/dojopool/src/dojopool/frontend/services/api/index"' has no default export.
src/dojopool/frontend/services/[ANALYTICS]analytics.ts(1,8): error TS1192: Module '"C:/Users/Lenovo ThinkCentre/OneDrive/Documents/GitHub/dojopool/src/dojopool/frontend/services/api/index"' has no default export.
src/dojopool/frontend/services/[CACHE]cache.ts(1,8): error TS2613: Module '"C:/Users/Lenovo ThinkCentre/OneDrive/Documents/GitHub/dojopool/src/dojopool/frontend/services/analytics"' has no default export. Did you mean to use 'import { analyticsService } from "C:/Users/Lenovo ThinkCentre/OneDrive/Documents/GitHub/dojopool/src/dojopool/frontend/services/analytics"' instead?
src/dojopool/frontend/services/[CACHE]cache.ts(258,11): error TS2564: Property 'maintenanceInterval' has no initializer and is not definitely assigned in the constructor.
src/dojopool/frontend/services/[GAME]leaderboard.ts(1,8): error TS1192: Module '"C:/Users/Lenovo ThinkCentre/OneDrive/Documents/GitHub/dojopool/src/dojopool/frontend/services/api/index"' has no default export.
src/dojopool/frontend/services/[GAME]match-updates.ts(1,23): error TS2307: Cannot find module './websocket' or its corresponding type declarations.
src/dojopool/frontend/services/[GAME]match-updates.ts(2,48): error TS2307: Cannot find module '../../types/match' or its corresponding type declarations.
src/dojopool/frontend/services/[GAME]match-updates.ts(19,42): error TS7006: Parameter 'message' implicitly has an 'any' type.
src/dojopool/frontend/services/[GAME]match-updates.ts(24,41): error TS7006: Parameter 'message' implicitly has an 'any' type.
src/dojopool/frontend/services/[GAME]match-updates.ts(29,46): error TS7006: Parameter 'message' implicitly has an 'any' type.
src/dojopool/frontend/services/[MARKET]marketplace.ts(6,8): error TS2307: Cannot find module '../types/marketplace' or its corresponding type declarations.
src/dojopool/frontend/services/[NET]notification.ts(199,3): error TS2416: Property 'addListener' in type 'NotificationService' is not assignable to the same property in base type 'EventEmitter<DefaultEventMap>'.
  Type '(callback: (state: { notifications: Notification[]; unreadCount: number; preferences: NotificationPreferences; }) => void) => () => void' is not assignable to type '<K>(eventName: string | symbol, listener: (...args: any[]) => void) => this'.
    Types of parameters 'callback' and 'eventName' are incompatible.
      Type 'string | symbol' is not assignable to type '(state: { notifications: Notification[]; unreadCount: number; preferences: NotificationPreferences; }) => void'.
        Type 'string' is not assignable to type '(state: { notifications: Notification[]; unreadCount: number; preferences: NotificationPreferences; }) => void'.
src/dojopool/frontend/services/[NOTIFY]notification.ts(1,26): error TS2307: Cannot find module './state' or its corresponding type declarations.
src/dojopool/frontend/services/[NOTIFY]notification.ts(2,8): error TS2613: Module '"C:/Users/Lenovo ThinkCentre/OneDrive/Documents/GitHub/dojopool/src/dojopool/frontend/services/analytics"' has no default export. Did you mean to use 'import { analyticsService } from "C:/Users/Lenovo ThinkCentre/OneDrive/Documents/GitHub/dojopool/src/dojopool/frontend/services/analytics"' instead?
src/dojopool/frontend/services/[NOTIFY]notification.ts(3,28): error TS2307: Cannot find module './storage' or its corresponding type declarations.
src/dojopool/frontend/services/[NOTIFY]notification.ts(4,30): error TS2307: Cannot find module './websocket' or its corresponding type declarations.
src/dojopool/frontend/services/[NOTIFY]notification.ts(70,31): error TS1064: The return type of an async function or method must be the global Promise<T> type. Did you mean to write 'Promise<void>'?
src/dojopool/frontend/services/[NOTIFY]notification.ts(380,50): error TS7006: Parameter 'data' implicitly has an 'any' type.
src/dojopool/frontend/services/[NOTIFY]notifications.ts(1,8): error TS1192: Module '"C:/Users/Lenovo ThinkCentre/OneDrive/Documents/GitHub/dojopool/src/dojopool/frontend/services/api/index"' has no default export.
src/dojopool/frontend/services/[PERF]performance.ts(1,8): error TS2613: Module '"C:/Users/Lenovo ThinkCentre/OneDrive/Documents/GitHub/dojopool/src/dojopool/frontend/services/analytics"' has no default export. Did you mean to use 'import { analyticsService } from "C:/Users/Lenovo ThinkCentre/OneDrive/Documents/GitHub/dojopool/src/dojopool/frontend/services/analytics"' instead?
src/dojopool/frontend/services/[ROUTE]router.ts(1,26): error TS2307: Cannot find module './state' or its corresponding type declarations.
src/dojopool/frontend/services/[ROUTE]router.ts(2,8): error TS2613: Module '"C:/Users/Lenovo ThinkCentre/OneDrive/Documents/GitHub/dojopool/src/dojopool/frontend/services/analytics"' has no default export. Did you mean to use 'import { analyticsService } from "C:/Users/Lenovo ThinkCentre/OneDrive/Documents/GitHub/dojopool/src/dojopool/frontend/services/analytics"' instead?
src/dojopool/frontend/services/[ROUTE]router.ts(242,18): error TS18046: 'error' is of type 'unknown'.
src/dojopool/frontend/services/[STATE]state.ts(3,28): error TS2307: Cannot find module './storage' or its corresponding type declarations.
src/dojopool/frontend/services/[STATE]state.ts(4,8): error TS2613: Module '"C:/Users/Lenovo ThinkCentre/OneDrive/Documents/GitHub/dojopool/src/dojopool/frontend/services/analytics"' has no default export. Did you mean to use 'import { analyticsService } from "C:/Users/Lenovo ThinkCentre/OneDrive/Documents/GitHub/dojopool/src/dojopool/frontend/services/analytics"' instead?
src/dojopool/frontend/services/[SYNC]sync.ts(1,8): error TS1192: Module '"C:/Users/Lenovo ThinkCentre/OneDrive/Documents/GitHub/dojopool/src/dojopool/frontend/services/api/index"' has no default export.
src/dojopool/frontend/services/[SYNC]sync.ts(2,28): error TS2307: Cannot find module './storage' or its corresponding type declarations.
src/dojopool/frontend/services/[SYNC]sync.ts(3,8): error TS2613: Module '"C:/Users/Lenovo ThinkCentre/OneDrive/Documents/GitHub/dojopool/src/dojopool/frontend/services/analytics"' has no default export. Did you mean to use 'import { analyticsService } from "C:/Users/Lenovo ThinkCentre/OneDrive/Documents/GitHub/dojopool/src/dojopool/frontend/services/analytics"' instead?
src/dojopool/frontend/services/[SYNC]sync.ts(4,10): error TS2305: Module '"../utils/errorHandling"' has no exported member 'isNetworkError'.
src/dojopool/frontend/services/[TEST]abTesting.ts(132,22): error TS2551: Property 'trackUserEvent' does not exist on type 'AnalyticsService'. Did you mean 'trackEvent'?
src/dojopool/frontend/services/[TEST]abTesting.ts(172,22): error TS2551: Property 'trackUserEvent' does not exist on type 'AnalyticsService'. Did you mean 'trackEvent'?
src/dojopool/frontend/services/[TEST]abTesting.ts(208,22): error TS2551: Property 'trackUserEvent' does not exist on type 'AnalyticsService'. Did you mean 'trackEvent'?
src/dojopool/frontend/services/[TEST]abTesting.ts(277,22): error TS2551: Property 'trackUserEvent' does not exist on type 'AnalyticsService'. Did you mean 'trackEvent'?
src/dojopool/frontend/services/[TRAIN]realtime-training.ts(1,23): error TS2307: Cannot find module './websocket' or its corresponding type declarations.
src/dojopool/frontend/services/[TRAIN]realtime-training.ts(40,65): error TS7006: Parameter 'message' implicitly has an 'any' type.
src/dojopool/frontend/services/[TRAIN]realtime-training.ts(134,59): error TS7006: Parameter 'message' implicitly has an 'any' type.
src/dojopool/frontend/services/[TRAIN]realtime-training.ts(162,53): error TS7006: Parameter 'wsMessage' implicitly has an 'any' type.
src/dojopool/frontend/services/[TRAIN]training.ts(1,8): error TS1192: Module '"C:/Users/Lenovo ThinkCentre/OneDrive/Documents/GitHub/dojopool/src/dojopool/frontend/services/api/index"' has no default export.
src/dojopool/frontend/services/[UI]dialog.ts(1,26): error TS2307: Cannot find module './state' or its corresponding type declarations.
src/dojopool/frontend/services/[UI]dialog.ts(2,8): error TS2613: Module '"C:/Users/Lenovo ThinkCentre/OneDrive/Documents/GitHub/dojopool/src/dojopool/frontend/services/analytics"' has no default export. Did you mean to use 'import { analyticsService } from "C:/Users/Lenovo ThinkCentre/OneDrive/Documents/GitHub/dojopool/src/dojopool/frontend/services/analytics"' instead?
src/dojopool/frontend/services/[UI]form.ts(1,26): error TS2307: Cannot find module './state' or its corresponding type declarations.
src/dojopool/frontend/services/[UI]form.ts(2,31): error TS2307: Cannot find module './validation' or its corresponding type declarations.
src/dojopool/frontend/services/[UI]form.ts(3,8): error TS2613: Module '"C:/Users/Lenovo ThinkCentre/OneDrive/Documents/GitHub/dojopool/src/dojopool/frontend/services/analytics"' has no default export. Did you mean to use 'import { analyticsService } from "C:/Users/Lenovo ThinkCentre/OneDrive/Documents/GitHub/dojopool/src/dojopool/frontend/services/analytics"' instead?
src/dojopool/frontend/services/[UI]form.ts(46,8): error TS7006: Parameter 'state' implicitly has an 'any' type.
src/dojopool/frontend/services/[UI]form.ts(47,8): error TS7006: Parameter 'errors' implicitly has an 'any' type.
src/dojopool/frontend/services/[UI]form.ts(51,36): error TS2345: Argument of type 'unknown' is not assignable to parameter of type 'Record<string, string[]>'.
src/dojopool/frontend/services/[UI]keyboard.ts(1,26): error TS2307: Cannot find module './state' or its corresponding type declarations.
src/dojopool/frontend/services/[UI]keyboard.ts(2,8): error TS2613: Module '"C:/Users/Lenovo ThinkCentre/OneDrive/Documents/GitHub/dojopool/src/dojopool/frontend/services/analytics"' has no default export. Did you mean to use 'import { analyticsService } from "C:/Users/Lenovo ThinkCentre/OneDrive/Documents/GitHub/dojopool/src/dojopool/frontend/services/analytics"' instead?
src/dojopool/frontend/services/[UI]loading.ts(1,26): error TS2307: Cannot find module './state' or its corresponding type declarations.
src/dojopool/frontend/services/[UI]loading.ts(2,8): error TS2613: Module '"C:/Users/Lenovo ThinkCentre/OneDrive/Documents/GitHub/dojopool/src/dojopool/frontend/services/analytics"' has no default export. Did you mean to use 'import { analyticsService } from "C:/Users/Lenovo ThinkCentre/OneDrive/Documents/GitHub/dojopool/src/dojopool/frontend/services/analytics"' instead?
src/dojopool/frontend/services/[UI]loading.ts(29,8): error TS7006: Parameter 'state' implicitly has an 'any' type.
src/dojopool/frontend/services/[UI]loading.ts(30,8): error TS7006: Parameter 'loadingStates' implicitly has an 'any' type.
src/dojopool/frontend/services/[UI]loading.ts(75,33): error TS7006: Parameter 'state' implicitly has an 'any' type.
src/dojopool/frontend/services/[UI]loading.ts(77,35): error TS7006: Parameter 'state' implicitly has an 'any' type.
src/dojopool/frontend/services/[UI]loading.ts(131,33): error TS7006: Parameter 'state' implicitly has an 'any' type.
src/dojopool/frontend/services/[UI]loading.ts(133,35): error TS7006: Parameter 'state' implicitly has an 'any' type.
src/dojopool/frontend/services/[UI]loading.ts(222,33): error TS7006: Parameter 'state' implicitly has an 'any' type.
src/dojopool/frontend/services/[UI]media.ts(1,26): error TS2307: Cannot find module './state' or its corresponding type declarations.
src/dojopool/frontend/services/[UI]media.ts(2,8): error TS2613: Module '"C:/Users/Lenovo ThinkCentre/OneDrive/Documents/GitHub/dojopool/src/dojopool/frontend/services/analytics"' has no default export. Did you mean to use 'import { analyticsService } from "C:/Users/Lenovo ThinkCentre/OneDrive/Documents/GitHub/dojopool/src/dojopool/frontend/services/analytics"' instead?
src/dojopool/frontend/services/[UI]media.ts(3,8): error TS1192: Module '"C:/Users/Lenovo ThinkCentre/OneDrive/Documents/GitHub/dojopool/src/dojopool/frontend/services/api/index"' has no default export.
src/dojopool/frontend/services/[UI]media.ts(4,28): error TS2307: Cannot find module './storage' or its corresponding type declarations.
src/dojopool/frontend/services/[UI]media.ts(116,28): error TS7006: Parameter 'progressEvent' implicitly has an 'any' type.
src/dojopool/frontend/services/[UI]media.ts(154,18): error TS18046: 'error' is of type 'unknown'.
src/dojopool/frontend/services/[UI]media.ts(160,29): error TS2345: Argument of type 'unknown' is not assignable to parameter of type 'Error'.
src/dojopool/frontend/services/[UI]media.ts(285,46): error TS18046: 'data' is of type 'unknown'.
src/dojopool/frontend/services/[UI]media.ts(285,57): error TS18046: 'data' is of type 'unknown'.
src/dojopool/frontend/services/[UI]media.ts(286,51): error TS18046: 'data' is of type 'unknown'.
src/dojopool/frontend/services/[UI]media.ts(308,20): error TS18046: 'error' is of type 'unknown'.
src/dojopool/frontend/services/[UI]modal.ts(1,26): error TS2307: Cannot find module './state' or its corresponding type declarations.
src/dojopool/frontend/services/[UI]modal.ts(2,8): error TS2613: Module '"C:/Users/Lenovo ThinkCentre/OneDrive/Documents/GitHub/dojopool/src/dojopool/frontend/services/analytics"' has no default export. Did you mean to use 'import { analyticsService } from "C:/Users/Lenovo ThinkCentre/OneDrive/Documents/GitHub/dojopool/src/dojopool/frontend/services/analytics"' instead?
src/dojopool/frontend/services/[UI]modal.ts(36,11): error TS2564: Property 'escapeListener' has no initializer and is not definitely assigned in the constructor.
src/dojopool/frontend/services/[UI]modal.ts(90,33): error TS7006: Parameter 'state' implicitly has an 'any' type.
src/dojopool/frontend/services/[UI]modal.ts(135,33): error TS7006: Parameter 'state' implicitly has an 'any' type.
src/dojopool/frontend/services/[UI]theme.ts(1,26): error TS2307: Cannot find module './state' or its corresponding type declarations.
src/dojopool/frontend/services/[UI]theme.ts(2,28): error TS2307: Cannot find module './storage' or its corresponding type declarations.
src/dojopool/frontend/services/[UI]theme.ts(3,8): error TS2613: Module '"C:/Users/Lenovo ThinkCentre/OneDrive/Documents/GitHub/dojopool/src/dojopool/frontend/services/analytics"' has no default export. Did you mean to use 'import { analyticsService } from "C:/Users/Lenovo ThinkCentre/OneDrive/Documents/GitHub/dojopool/src/dojopool/frontend/services/analytics"' instead?
src/dojopool/frontend/services/[UI]toast.ts(1,26): error TS2307: Cannot find module './state' or its corresponding type declarations.
src/dojopool/frontend/services/[UI]toast.ts(2,8): error TS2613: Module '"C:/Users/Lenovo ThinkCentre/OneDrive/Documents/GitHub/dojopool/src/dojopool/frontend/services/analytics"' has no default export. Did you mean to use 'import { analyticsService } from "C:/Users/Lenovo ThinkCentre/OneDrive/Documents/GitHub/dojopool/src/dojopool/frontend/services/analytics"' instead?
src/dojopool/frontend/services/[UI]toast.ts(50,8): error TS7006: Parameter 'state' implicitly has an 'any' type.
src/dojopool/frontend/services/[UI]toast.ts(51,8): error TS7006: Parameter 'notifications' implicitly has an 'any' type.
src/dojopool/frontend/services/[UI]toast.ts(52,32): error TS7006: Parameter 'notification' implicitly has an 'any' type.
src/dojopool/frontend/services/[UI]toast.ts(70,11): error TS2322: Type '{ id: string; type?: "success" | "error" | "info" | "warning" | undefined; title?: string; message?: string | undefined; duration?: number; position?: "top-right" | "top-left" | "bottom-right" | "bottom-left" | "top-center" | "bottom-center"; ... 4 more ...; onClose?: () => void; }' is not assignable to type 'ToastConfig'.
  Types of property 'type' are incompatible.
    Type '"success" | "error" | "info" | "warning" | undefined' is not assignable to type '"success" | "error" | "info" | "warning"'.
      Type 'undefined' is not assignable to type '"success" | "error" | "info" | "warning"'.
src/dojopool/frontend/services/[USER]user.ts(1,8): error TS1192: Module '"C:/Users/Lenovo ThinkCentre/OneDrive/Documents/GitHub/dojopool/src/dojopool/frontend/services/api/index"' has no default export.
src/dojopool/frontend/services/[VAL]validation.ts(1,8): error TS2613: Module '"C:/Users/Lenovo ThinkCentre/OneDrive/Documents/GitHub/dojopool/src/dojopool/frontend/services/analytics"' has no default export. Did you mean to use 'import { analyticsService } from "C:/Users/Lenovo ThinkCentre/OneDrive/Documents/GitHub/dojopool/src/dojopool/frontend/services/analytics"' instead?
src/dojopool/frontend/services/[VAL]validation.ts(311,18): error TS18046: 'error' is of type 'unknown'.
src/dojopool/frontend/services/[VAL]validation.ts(410,18): error TS18046: 'error' is of type 'unknown'.
src/dojopool/frontend/services/[WS]websocket.ts(24,7): error TS2353: Object literal may only specify known properties, and 'reconnection' does not exist in type 'Partial<ManagerOptions>'.
src/dojopool/frontend/services/[WS]websocket.ts(40,25): error TS7006: Parameter 'error' implicitly has an 'any' type.
src/dojopool/frontend/services/[WS]websocket.ts(45,32): error TS7006: Parameter 'data' implicitly has an 'any' type.
src/dojopool/frontend/services/analytics.ts(1,27): error TS2307: Cannot find module '../config/[FB]firebase' or its corresponding type declarations.
src/dojopool/frontend/services/api/auth.ts(1,54): error TS2307: Cannot find module '@/types/auth' or its corresponding type declarations.
src/dojopool/frontend/services/api/profile.ts(1,22): error TS2307: Cannot find module '@/types/auth' or its corresponding type declarations.
src/dojopool/frontend/services/websocket/gameSocket.ts(2,26): error TS2307: Cannot find module '@/utils/location' or its corresponding type declarations.
src/dojopool/frontend/services/websocket/gameSocket.ts(3,23): error TS2307: Cannot find module '@/utils/cache' or its corresponding type declarations.
src/dojopool/frontend/services/websocket/gameSocket.ts(4,41): error TS2307: Cannot find module '@/utils/throttle' or its corresponding type declarations.
src/dojopool/frontend/services/websocket/gameSocket.ts(6,3): error TS2305: Module '"@/utils/monitoring"' has no exported member 'performanceMonitor'.
src/dojopool/frontend/services/websocket/gameSocket.ts(7,3): error TS2305: Module '"@/utils/monitoring"' has no exported member 'locationMonitor'.
src/dojopool/frontend/services/websocket/gameSocket.ts(8,3): error TS2305: Module '"@/utils/monitoring"' has no exported member 'systemHealthMonitor'.
src/dojopool/frontend/services/websocket/gameSocket.ts(10,31): error TS2307: Cannot find module '@/constants' or its corresponding type declarations.
src/dojopool/frontend/services/websocket/gameSocket.ts(11,10): error TS2305: Module '"@/utils/validation"' has no exported member 'locationValidator'.
src/dojopool/frontend/services/websocket/gameSocket.ts(64,7): error TS2353: Object literal may only specify known properties, and 'query' does not exist in type 'Partial<ManagerOptions>'.
src/dojopool/frontend/services/websocket/gameSocket.ts(74,29): error TS2339: Property 'token' does not exist on type '{ [key: string]: any; } | ((cb: (data: object) => void) => void)'.
  Property 'token' does not exist on type '(cb: (data: object) => void) => void'.
src/dojopool/frontend/services/websocket/gameSocket.ts(75,63): error TS2339: Property 'token' does not exist on type '{ [key: string]: any; } | ((cb: (data: object) => void) => void)'.
  Property 'token' does not exist on type '(cb: (data: object) => void) => void'.
src/dojopool/frontend/services/websocket/gameSocket.ts(173,45): error TS2339: Property 'token' does not exist on type '{ [key: string]: any; } | ((cb: (data: object) => void) => void)'.
  Property 'token' does not exist on type '(cb: (data: object) => void) => void'.
src/dojopool/frontend/services/websocket/gameSocket.ts(175,28): error TS2339: Property 'token' does not exist on type '{ [key: string]: any; } | ((cb: (data: object) => void) => void)'.
  Property 'token' does not exist on type '(cb: (data: object) => void) => void'.
src/dojopool/frontend/services/websocket/gameSocket.ts(196,28): error TS2339: Property 'token' does not exist on type '{ [key: string]: any; } | ((cb: (data: object) => void) => void)'.
  Property 'token' does not exist on type '(cb: (data: object) => void) => void'.
src/dojopool/frontend/services/websocket/gameSocket.ts(260,9): error TS2769: No overload matches this call.
  Overload 1 of 2, '(entries: Iterable<readonly [PropertyKey, any]>): { [k: string]: any; }', gave the following error.
    Argument of type 'unknown[]' is not assignable to parameter of type 'Iterable<readonly [PropertyKey, any]>'.
      The types returned by '[Symbol.iterator]().next(...)' are incompatible between these types.
        Type 'IteratorResult<unknown, undefined>' is not assignable to type 'IteratorResult<readonly [PropertyKey, any], any>'.
          Type 'IteratorYieldResult<unknown>' is not assignable to type 'IteratorResult<readonly [PropertyKey, any], any>'.
            Type 'IteratorYieldResult<unknown>' is not assignable to type 'IteratorYieldResult<readonly [PropertyKey, any]>'.
              Type 'unknown' is not assignable to type 'readonly [PropertyKey, any]'.
  Overload 2 of 2, '(entries: Iterable<readonly any[]>): any', gave the following error.
    Argument of type 'unknown[]' is not assignable to parameter of type 'Iterable<readonly any[]>'.
      The types returned by '[Symbol.iterator]().next(...)' are incompatible between these types.
        Type 'IteratorResult<unknown, undefined>' is not assignable to type 'IteratorResult<readonly any[], any>'.
          Type 'IteratorYieldResult<unknown>' is not assignable to type 'IteratorResult<readonly any[], any>'.
            Type 'IteratorYieldResult<unknown>' is not assignable to type 'IteratorYieldResult<readonly any[]>'.
              Type 'unknown' is not assignable to type 'readonly any[]'.
src/dojopool/frontend/services/websocket/gameSocket.ts(261,11): error TS2345: Argument of type '([playerId]: [any]) => [any, any]' is not assignable to parameter of type '(value: unknown, index: number, array: unknown[]) => [any, any]'.
  Types of parameters '__0' and 'value' are incompatible.
    Type 'unknown' is not assignable to type '[any]'.
src/dojopool/frontend/src/App.tsx(3,18): error TS5097: An import path can only end with a '.tsx' extension when 'allowImportingTsExtensions' is enabled.
src/dojopool/frontend/src/components/admin/WebSocketMonitor.tsx(56,59): error TS2769: No overload matches this call.
  The last overload gave the following error.
    Object literal may only specify known properties, and 'sx' does not exist in type 'Partial<unknown> & Attributes'.
src/dojopool/frontend/src/components/rankings/GlobalRankings.tsx(208,21): error TS2769: No overload matches this call.
  Overload 1 of 2, '(props: { component: ElementType<any, keyof IntrinsicElements>; } & ChipOwnProps & CommonProps & Omit<any, "style" | ... 15 more ... | "skipFocusWhenDisabled">): Element | null', gave the following error.
    Type 'Element | null' is not assignable to type 'ReactElement<any, string | JSXElementConstructor<any>> | undefined'.
      Type 'null' is not assignable to type 'ReactElement<any, string | JSXElementConstructor<any>> | undefined'.
  Overload 2 of 2, '(props: DefaultComponentProps<ChipTypeMap<{}, "div">>): Element | null', gave the following error.
    Type 'Element | null' is not assignable to type 'ReactElement<any, string | JSXElementConstructor<any>> | undefined'.
      Type 'null' is not assignable to type 'ReactElement<any, string | JSXElementConstructor<any>> | undefined'.
src/dojopool/frontend/src/index.tsx(5,17): error TS5097: An import path can only end with a '.tsx' extension when 'allowImportingTsExtensions' is enabled.
src/dojopool/frontend/types/tournament.ts(105,3): error TS2717: Subsequent property declarations must have the same type.  Property 'status' must be of type '"COMPLETED" | "IN_PROGRESS" | "CANCELLED" | "PENDING"', but here has type '"completed" | "in_progress" | "scheduled"'.
src/dojopool/frontend/types/tournament.ts(107,3): error TS2717: Subsequent property declarations must have the same type.  Property 'startTime' must be of type 'Date | undefined', but here has type 'string | undefined'.
src/dojopool/frontend/types/tournament.ts(108,3): error TS2717: Subsequent property declarations must have the same type.  Property 'endTime' must be of type 'Date | undefined', but here has type 'string | undefined'.
src/dojopool/frontend/utils/[API]apiMiddleware.ts(1,29): error TS2307: Cannot find module './rateLimiter' or its corresponding type declarations.
src/dojopool/frontend/utils/[API]apiMiddleware.ts(2,29): error TS2307: Cannot find module './auth' or its corresponding type declarations.
src/dojopool/frontend/utils/[API]apiMiddleware.ts(3,29): error TS2307: Cannot find module './auditLogger' or its corresponding type declarations.
src/dojopool/frontend/utils/[AUTH]auth.ts(1,32): error TS2307: Cannot find module './retryMechanism' or its corresponding type declarations.
src/dojopool/frontend/utils/[CACHE]cache.ts(1,30): error TS2307: Cannot find module '../../constants' or its corresponding type declarations.
src/dojopool/frontend/utils/[ERR]errorTracker.ts(1,29): error TS2307: Cannot find module './auditLogger' or its corresponding type declarations.
src/dojopool/frontend/utils/[ERR]errorTracker.ts(2,32): error TS2307: Cannot find module './retryMechanism' or its corresponding type declarations.
src/dojopool/frontend/utils/[MON]monitoring.ts(1,35): error TS2307: Cannot find module '../../constants' or its corresponding type declarations.
src/dojopool/frontend/utils/[MON]monitoring.ts(2,32): error TS2307: Cannot find module './dataCompressor' or its corresponding type declarations.
src/dojopool/frontend/utils/[MON]monitoring.ts(265,47): error TS7006: Parameter 'archive' implicitly has an 'any' type.
src/dojopool/frontend/utils/[UTIL]dataCompression.ts(4,34): error TS2307: Cannot find module 'pako' or its corresponding type declarations.
src/dojopool/frontend/utils/[UTIL]dataCompressor.ts(4,23): error TS2307: Cannot find module 'pako' or its corresponding type declarations.
src/dojopool/frontend/utils/[UTIL]format_detection.ts(38,7): error TS2322: Type 'string' is not assignable to type '"webp" | "avif" | "jpg"'.
src/dojopool/frontend/utils/[UTIL]rateLimiter.ts(126,40): error TS2345: Argument of type 'number | undefined' is not assignable to parameter of type 'number'.
  Type 'undefined' is not assignable to type 'number'.
src/dojopool/frontend/utils/[UTIL]retryMechanism.ts(103,7): error TS2322: Type 'T' is not assignable to type 'ReturnType<T>'.
  Type '(...args: any[]) => Promise<any>' is not assignable to type 'ReturnType<T>'.
src/dojopool/frontend/utils/[VAL]validation.ts(2,38): error TS2307: Cannot find module '../../constants' or its corresponding type declarations.
src/dojopool/frontend/utils/gameAnalyzer.ts(119,18): error TS7006: Parameter 'line' implicitly has an 'any' type.
src/dojopool/frontend/utils/gameAnalyzer.ts(120,15): error TS7006: Parameter 'line' implicitly has an 'any' type.
src/dojopool/frontend/utils/gameAnalyzer.ts(152,11): error TS7053: Element implicitly has an 'any' type because expression of type 'string' can't be used to index type 'ShotAnalysis'.
  No index signature with a parameter of type 'string' was found on type 'ShotAnalysis'.
src/dojopool/frontend/utils/gameML.ts(258,9): error TS7053: Element implicitly has an 'any' type because expression of type 'string' can't be used to index type 'PlayerSkillData'.
  No index signature with a parameter of type 'string' was found on type 'PlayerSkillData'.
src/dojopool/frontend/utils/mlInfrastructure.ts(107,49): error TS2339: Property 'getFpsData' does not exist on type 'GameMetricsMonitor'.
src/dojopool/frontend/utils/mlInfrastructure.ts(108,58): error TS2339: Property 'getInputLatencyData' does not exist on type 'GameMetricsMonitor'.
src/dojopool/frontend/utils/mlInfrastructure.ts(112,56): error TS2339: Property 'getRenderTimeData' does not exist on type 'GameMetricsMonitor'.
src/dojopool/frontend/utils/mlInfrastructure.ts(113,57): error TS2339: Property 'getPhysicsTimeData' does not exist on type 'GameMetricsMonitor'.
src/dojopool/frontend/utils/monitoring.ts(89,7): error TS2322: Type 'string | null | undefined' is not assignable to type 'string | undefined'.
  Type 'null' is not assignable to type 'string | undefined'.
src/dojopool/frontend/utils/monitoring.ts(135,20): error TS2304: Cannot find name 'ErrorStats'.
src/dojopool/frontend/utils/monitoring.ts(167,39): error TS2304: Cannot find name 'ErrorTrends'.
src/dojopool/frontend/utils/monitoring.ts(176,16): error TS18046: 'count' is of type 'unknown'.
src/dojopool/frontend/utils/monitoring.ts(182,31): error TS18046: 'b' is of type 'unknown'.
src/dojopool/frontend/utils/monitoring.ts(182,35): error TS18046: 'a' is of type 'unknown'.
src/dojopool/frontend/utils/monitoring.ts(188,31): error TS18046: 'b' is of type 'unknown'.
src/dojopool/frontend/utils/monitoring.ts(188,35): error TS18046: 'a' is of type 'unknown'.
src/dojopool/frontend/utils/monitoring.ts(908,7): error TS2741: Property 'memoryAvailable' is missing in type '{ cpuUsage: MetricData[]; memoryUsage: MetricData[]; diskUsage: MetricData[]; networkTraffic: never[]; }' but required in type '{ cpuUsage: MetricData[]; memoryUsage: MetricData[]; diskUsage: MetricData[]; networkTraffic: MetricData[]; memoryAvailable: MetricData[]; }'.
src/dojopool/frontend/utils/monitoring.ts(928,7): error TS1117: An object literal cannot have multiple properties with the same name.
src/dojopool/frontend/utils/monitoring.ts(1158,9): error TS2322: Type '"critical"' is not assignable to type '"error" | "info" | "warning"'.
src/dojopool/frontend/utils/monitoring.ts(1230,7): error TS2322: Type '"medium" | "high" | "low" | "critical"' is not assignable to type '"error" | "info" | "warning"'.
  Type '"medium"' is not assignable to type '"error" | "info" | "warning"'.
src/dojopool/frontend/utils/pdfExport.ts(1,24): error TS2307: Cannot find module 'dom-to-image' or its corresponding type declarations.
src/dojopool/hooks/useAI.ts(89,16): error TS18046: 'err' is of type 'unknown'.
src/dojopool/hooks/useAI.ts(107,11): error TS18046: 'err' is of type 'unknown'.
src/dojopool/hooks/useAI.ts(127,18): error TS18046: 'err' is of type 'unknown'.
src/dojopool/hooks/useAI.ts(144,9): error TS18046: 'err' is of type 'unknown'.
src/dojopool/hooks/useAI.ts(159,16): error TS18046: 'err' is of type 'unknown'.
src/dojopool/hooks/useAI.ts(176,16): error TS18046: 'err' is of type 'unknown'.
src/dojopool/hooks/useAI.ts(196,11): error TS18046: 'err' is of type 'unknown'.
src/dojopool/hooks/useAnalytics.ts(57,16): error TS18046: 'err' is of type 'unknown'.
src/dojopool/hooks/useAnalytics.ts(77,11): error TS18046: 'err' is of type 'unknown'.
src/dojopool/hooks/useAnalytics.ts(99,9): error TS18046: 'err' is of type 'unknown'.
src/dojopool/hooks/useAnalytics.ts(125,11): error TS18046: 'err' is of type 'unknown'.
src/dojopool/hooks/useAnalytics.ts(149,18): error TS18046: 'err' is of type 'unknown'.
src/dojopool/hooks/useAnalytics.ts(171,18): error TS18046: 'err' is of type 'unknown'.
src/dojopool/hooks/usePredictiveAnalytics.ts(3,30): error TS2307: Cannot find module '../config' or its corresponding type declarations.
src/dojopool/mobile/App.tsx(2,37): error TS2307: Cannot find module '@react-navigation/native' or its corresponding type declarations.
src/dojopool/mobile/App.tsx(3,38): error TS2307: Cannot find module '@react-navigation/stack' or its corresponding type declarations.
src/dojopool/mobile/App.tsx(4,31): error TS2307: Cannot find module '@rneui/themed' or its corresponding type declarations.
src/dojopool/mobile/App.tsx(5,34): error TS2307: Cannot find module 'react-native-safe-area-context' or its corresponding type declarations.
src/dojopool/mobile/config.ts(1,24): error TS2304: Cannot find name '__DEV__'.
src/dojopool/mobile/navigation/RootNavigator.tsx(2,42): error TS2307: Cannot find module '@react-navigation/bottom-tabs' or its corresponding type declarations.
src/dojopool/mobile/navigation/RootNavigator.tsx(3,38): error TS2307: Cannot find module '@react-navigation/stack' or its corresponding type declarations.
src/dojopool/mobile/navigation/RootNavigator.tsx(4,18): error TS2307: Cannot find module 'react-native-vector-icons/MaterialCommunityIcons' or its corresponding type declarations.
src/dojopool/mobile/navigation/RootNavigator.tsx(10,27): error TS2307: Cannot find module '../screens/profile/ProfileScreen' or its corresponding type declarations.
src/dojopool/mobile/navigation/RootNavigator.tsx(11,31): error TS2307: Cannot find module '../screens/social/LeaderboardScreen' or its corresponding type declarations.
src/dojopool/mobile/navigation/RootNavigator.tsx(48,25): error TS7031: Binding element 'route' implicitly has an 'any' type.
src/dojopool/mobile/navigation/RootNavigator.tsx(49,24): error TS7031: Binding element 'focused' implicitly has an 'any' type.
src/dojopool/mobile/navigation/RootNavigator.tsx(49,33): error TS7031: Binding element 'color' implicitly has an 'any' type.
src/dojopool/mobile/navigation/RootNavigator.tsx(49,40): error TS7031: Binding element 'size' implicitly has an 'any' type.
src/dojopool/mobile/screens/auth/LoginScreen.tsx(8,8): error TS2307: Cannot find module 'react-native' or its corresponding type declarations.
src/dojopool/mobile/screens/auth/LoginScreen.tsx(9,47): error TS2307: Cannot find module '@rneui/themed' or its corresponding type declarations.
src/dojopool/mobile/screens/auth/LoginScreen.tsx(10,30): error TS2307: Cannot find module 'react-native-safe-area-context' or its corresponding type declarations.
src/dojopool/mobile/screens/auth/LoginScreen.tsx(11,18): error TS2307: Cannot find module 'react-native-vector-icons/MaterialCommunityIcons' or its corresponding type declarations.
src/dojopool/mobile/screens/game/GameSummaryScreen.tsx(2,46): error TS2307: Cannot find module 'react-native' or its corresponding type declarations.
src/dojopool/mobile/screens/game/GameSummaryScreen.tsx(3,43): error TS2307: Cannot find module '@rneui/themed' or its corresponding type declarations.
src/dojopool/mobile/screens/game/GameSummaryScreen.tsx(4,41): error TS2307: Cannot find module '@react-navigation/native' or its corresponding type declarations.
src/dojopool/mobile/screens/game/GameSummaryScreen.tsx(5,27): error TS2307: Cannot find module 'react-native-chart-kit' or its corresponding type declarations.
src/dojopool/mobile/screens/game/GameSummaryScreen.tsx(6,19): error TS2307: Cannot find module 'react-native-share' or its corresponding type declarations.
src/dojopool/mobile/screens/game/GameSummaryScreen.tsx(31,33): error TS7006: Parameter '_' implicitly has an 'any' type.
src/dojopool/mobile/screens/game/GameSummaryScreen.tsx(31,36): error TS7006: Parameter 'index' implicitly has an 'any' type.
src/dojopool/mobile/screens/game/GameSummaryScreen.tsx(34,35): error TS7006: Parameter 'shot' implicitly has an 'any' type.
src/dojopool/mobile/screens/game/GameSummaryScreen.tsx(42,30): error TS7006: Parameter 'acc' implicitly has an 'any' type.
src/dojopool/mobile/screens/game/GameSummaryScreen.tsx(42,35): error TS7006: Parameter 'shot' implicitly has an 'any' type.
src/dojopool/mobile/screens/game/GameSummaryScreen.tsx(153,34): error TS7006: Parameter 'stats' implicitly has an 'any' type.
src/dojopool/mobile/screens/game/GameTrackingScreen.tsx(2,41): error TS2307: Cannot find module 'react-native' or its corresponding type declarations.
src/dojopool/mobile/screens/game/GameTrackingScreen.tsx(3,30): error TS2307: Cannot find module '@rneui/themed' or its corresponding type declarations.
src/dojopool/mobile/screens/game/GameTrackingScreen.tsx(4,24): error TS2307: Cannot find module 'react-native-vision-camera' or its corresponding type declarations.
src/dojopool/mobile/screens/game/GameTrackingScreen.tsx(5,31): error TS2307: Cannot find module '@react-navigation/native' or its corresponding type declarations.
src/dojopool/mobile/screens/game/GameTrackingScreen.tsx(27,21): error TS2345: Argument of type '{}' is not assignable to parameter of type 'SetStateAction<null>'.
  Type '{}' provides no match for the signature '(prevState: null): null'.
src/dojopool/mobile/screens/game/GameTrackingScreen.tsx(42,19): error TS2345: Argument of type '{ startTime: number; shots: never[]; status: string; }' is not assignable to parameter of type 'SetStateAction<null>'.
  Type '{ startTime: number; shots: never[]; status: string; }' provides no match for the signature '(prevState: null): null'.
src/dojopool/mobile/screens/game/GameTrackingScreen.tsx(67,11): error TS2698: Spread types may only be created from object types.
src/dojopool/mobile/screens/game/GameTrackingScreen.tsx(100,33): error TS7006: Parameter 'newShot' implicitly has an 'any' type.
src/dojopool/mobile/screens/game/GameTrackingScreen.tsx(103,9): error TS2698: Spread types may only be created from object types.
src/dojopool/mobile/screens/game/GameTrackingScreen.tsx(104,29): error TS2339: Property 'shots' does not exist on type 'never'.
src/dojopool/mobile/utils/camera.ts(1,24): error TS2307: Cannot find module 'react-native-vision-camera' or its corresponding type declarations.
src/dojopool/mobile/utils/camera.ts(2,26): error TS2307: Cannot find module 'react-native' or its corresponding type declarations.
src/dojopool/mobile/utils/camera.ts(3,54): error TS2307: Cannot find module 'react-native-permissions' or its corresponding type declarations.
src/dojopool/mobile/utils/camera.ts(46,41): error TS7006: Parameter 'a' implicitly has an 'any' type.
src/dojopool/mobile/utils/camera.ts(46,44): error TS7006: Parameter 'b' implicitly has an 'any' type.
src/dojopool/mobile/utils/storage.ts(1,26): error TS2307: Cannot find module '@react-native-async-storage/async-storage' or its corresponding type declarations.
src/dojopool/mobile/utils/sync.ts(1,26): error TS2307: Cannot find module '@react-native-async-storage/async-storage' or its corresponding type declarations.
src/dojopool/mobile/utils/sync.ts(2,21): error TS2307: Cannot find module '@react-native-community/netinfo' or its corresponding type declarations.
src/dojopool/mobile/utils/sync.ts(50,31): error TS7006: Parameter 'state' implicitly has an 'any' type.
src/dojopool/mobile/utils/theme.ts(1,29): error TS2307: Cannot find module '@rneui/themed' or its corresponding type declarations.
src/dojopool/scripts/convert_to_avif.ts(3,10): error TS2393: Duplicate function implementation.
src/dojopool/scripts/convert_to_avif.ts(8,4): error TS2355: A function whose declared type is neither 'undefined', 'void', nor 'any' must return a value.
src/dojopool/scripts/convert_to_avif.ts(18,16): error TS2393: Duplicate function implementation.
src/dojopool/scripts/convert_to_avif.ts(18,30): error TS7006: Parameter 'inputPath' implicitly has an 'any' type.
src/dojopool/scripts/convert_to_avif.ts(18,41): error TS7006: Parameter 'outputPath' implicitly has an 'any' type.
src/dojopool/scripts/convert_to_avif.ts(44,47): error TS2345: Argument of type 'string | 80' is not assignable to parameter of type 'string'.
  Type 'number' is not assignable to type 'string'.
src/dojopool/scripts/convert_to_avif.ts(44,66): error TS2345: Argument of type 'string | 4' is not assignable to parameter of type 'string'.
  Type 'number' is not assignable to type 'string'.
src/dojopool/services/ml.service.ts(2,30): error TS2307: Cannot find module '../config' or its corresponding type declarations.
src/dojopool/static/js/achievements.ts(39,10): error TS2393: Duplicate function implementation.
src/dojopool/static/js/achievements.ts(48,44): error TS2304: Cannot find name 'bootstrap'.
src/dojopool/static/js/achievements.ts(59,27): error TS18047: 'e.target' is possibly 'null'.
src/dojopool/static/js/achievements.ts(60,10): error TS2339: Property 'getAttribute' does not exist on type 'EventTarget'.
src/dojopool/static/js/achievements.ts(62,7): error TS2304: Cannot find name 'filterAchievements'.
src/dojopool/static/js/achievements.ts(66,38): error TS1064: The return type of an async function or method must be the global Promise<T> type. Did you mean to write 'Promise<any>'?
src/dojopool/static/js/achievements.ts(75,33): error TS7006: Parameter 'list' implicitly has an 'any' type.
src/dojopool/static/js/achievements.ts(85,37): error TS1064: The return type of an async function or method must be the global Promise<T> type. Did you mean to write 'Promise<any>'?
src/dojopool/static/js/achievements.ts(98,8): error TS7006: Parameter 'sum' implicitly has an 'any' type.
src/dojopool/static/js/achievements.ts(98,13): error TS7006: Parameter 'a' implicitly has an 'any' type.
src/dojopool/static/js/achievements.ts(101,54): error TS7006: Parameter 'a' implicitly has an 'any' type.
src/dojopool/static/js/achievements.ts(103,8): error TS7006: Parameter 'a' implicitly has an 'any' type.
src/dojopool/static/js/achievements.ts(106,5): error TS2531: Object is possibly 'null'.
src/dojopool/static/js/achievements.ts(107,5): error TS2531: Object is possibly 'null'.
src/dojopool/static/js/achievements.ts(108,5): error TS2531: Object is possibly 'null'.
src/dojopool/static/js/achievements.ts(111,34): error TS7006: Parameter 'container' implicitly has an 'any' type.
src/dojopool/static/js/achievements.ts(111,45): error TS7006: Parameter 'achievements' implicitly has an 'any' type.
src/dojopool/static/js/achievements.ts(111,59): error TS7006: Parameter 'filter' implicitly has an 'any' type.
src/dojopool/static/js/achievements.ts(131,35): error TS7006: Parameter 'achievement' implicitly has an 'any' type.
src/dojopool/static/js/achievements.ts(140,37): error TS7006: Parameter 'achievements' implicitly has an 'any' type.
src/dojopool/static/js/achievements.ts(140,51): error TS7006: Parameter 'filter' implicitly has an 'any' type.
src/dojopool/static/js/achievements.ts(143,37): error TS7006: Parameter 'a' implicitly has an 'any' type.
src/dojopool/static/js/achievements.ts(145,37): error TS7006: Parameter 'a' implicitly has an 'any' type.
src/dojopool/static/js/achievements.ts(195,26): error TS7006: Parameter 'entry' implicitly has an 'any' type.
src/dojopool/static/js/achievements.ts(195,33): error TS7006: Parameter 'index' implicitly has an 'any' type.
src/dojopool/static/js/achievements.ts(272,5): error TS2531: Object is possibly 'null'.
src/dojopool/static/js/alertConfig.ts(3,7): error TS2300: Duplicate identifier 'AlertConfig'.
src/dojopool/static/js/alertConfig.ts(20,7): error TS2300: Duplicate identifier 'AlertConfig'.
src/dojopool/static/js/alertConfig.ts(22,10): error TS2339: Property 'container' does not exist on type 'AlertConfig'.
src/dojopool/static/js/alertConfig.ts(23,10): error TS2339: Property 'activeTab' does not exist on type 'AlertConfig'.
src/dojopool/static/js/alertConfig.ts(33,10): error TS2339: Property 'container' does not exist on type 'AlertConfig'.
src/dojopool/static/js/alertConfig.ts(34,10): error TS2339: Property 'container' does not exist on type 'AlertConfig'.
src/dojopool/static/js/alertConfig.ts(61,10): error TS2339: Property 'container' does not exist on type 'AlertConfig'.
src/dojopool/static/js/alertConfig.ts(62,10): error TS2339: Property 'container' does not exist on type 'AlertConfig'.
src/dojopool/static/js/alertConfig.ts(63,36): error TS2339: Property 'container' does not exist on type 'AlertConfig'.
src/dojopool/static/js/alertConfig.ts(78,35): error TS18046: 'config' is of type 'unknown'.
src/dojopool/static/js/alertConfig.ts(88,42): error TS18046: 'config' is of type 'unknown'.
src/dojopool/static/js/alertConfig.ts(95,42): error TS18046: 'config' is of type 'unknown'.
src/dojopool/static/js/alertConfig.ts(129,30): error TS2339: Property 'container' does not exist on type 'AlertConfig'.
src/dojopool/static/js/alertConfig.ts(130,37): error TS2339: Property 'container' does not exist on type 'AlertConfig'.
src/dojopool/static/js/alertConfig.ts(136,14): error TS7006: Parameter 'alert' implicitly has an 'any' type.
src/dojopool/static/js/alertConfig.ts(143,14): error TS7006: Parameter 'alert' implicitly has an 'any' type.
src/dojopool/static/js/alertConfig.ts(161,10): error TS2339: Property 'container' does not exist on type 'AlertConfig'.
src/dojopool/static/js/alertConfig.ts(161,47): error TS7006: Parameter 'e' implicitly has an 'any' type.
src/dojopool/static/js/alertConfig.ts(168,10): error TS2339: Property 'container' does not exist on type 'AlertConfig'.
src/dojopool/static/js/alertConfig.ts(168,48): error TS7006: Parameter 'e' implicitly has an 'any' type.
src/dojopool/static/js/alertConfig.ts(175,10): error TS2339: Property 'container' does not exist on type 'AlertConfig'.
src/dojopool/static/js/alertConfig.ts(175,47): error TS7006: Parameter 'e' implicitly has an 'any' type.
src/dojopool/static/js/alertConfig.ts(183,10): error TS2339: Property 'container' does not exist on type 'AlertConfig'.
src/dojopool/static/js/alertConfig.ts(189,10): error TS2339: Property 'container' does not exist on type 'AlertConfig'.
src/dojopool/static/js/alertConfig.ts(197,10): error TS2339: Property 'container' does not exist on type 'AlertConfig'.
src/dojopool/static/js/alertConfig.ts(209,13): error TS7006: Parameter 'tab' implicitly has an 'any' type.
src/dojopool/static/js/alertConfig.ts(210,10): error TS2339: Property 'activeTab' does not exist on type 'AlertConfig'.
src/dojopool/static/js/alertConfig.ts(213,10): error TS2339: Property 'container' does not exist on type 'AlertConfig'.
src/dojopool/static/js/alertConfig.ts(213,58): error TS7006: Parameter 'btn' implicitly has an 'any' type.
src/dojopool/static/js/alertConfig.ts(218,10): error TS2339: Property 'container' does not exist on type 'AlertConfig'.
src/dojopool/static/js/alertConfig.ts(218,65): error TS7006: Parameter 'section' implicitly has an 'any' type.
src/dojopool/static/js/alertConfig.ts(230,32): error TS2339: Property 'container' does not exist on type 'AlertConfig'.
src/dojopool/static/js/alertConfig.ts(233,38): error TS2339: Property 'container' does not exist on type 'AlertConfig'.
src/dojopool/static/js/alertConfig.ts(236,36): error TS2339: Property 'container' does not exist on type 'AlertConfig'.
src/dojopool/static/js/alertConfig.ts(240,36): error TS18046: 'config' is of type 'unknown'.
src/dojopool/static/js/alertConfig.ts(241,46): error TS18046: 'config' is of type 'unknown'.
src/dojopool/static/js/alertConfig.ts(242,42): error TS18046: 'config' is of type 'unknown'.
src/dojopool/static/js/alertSystem.ts(3,7): error TS2300: Duplicate identifier 'AlertSystem'.
src/dojopool/static/js/alertSystem.ts(17,7): error TS2300: Duplicate identifier 'AlertSystem'.
src/dojopool/static/js/alertSystem.ts(19,10): error TS2339: Property 'alerts' does not exist on type 'AlertSystem'.
src/dojopool/static/js/alertSystem.ts(20,10): error TS2339: Property 'history' does not exist on type 'AlertSystem'.
src/dojopool/static/js/alertSystem.ts(21,10): error TS2339: Property 'maxHistory' does not exist on type 'AlertSystem'.
src/dojopool/static/js/alertSystem.ts(22,10): error TS2339: Property 'thresholds' does not exist on type 'AlertSystem'.
src/dojopool/static/js/alertSystem.ts(23,10): error TS2551: Property 'notificationPermission' does not exist on type 'AlertSystem'. Did you mean 'requestNotificationPermission'?
src/dojopool/static/js/alertSystem.ts(58,14): error TS2339: Property 'thresholds' does not exist on type 'AlertSystem'.
src/dojopool/static/js/alertSystem.ts(61,14): error TS2339: Property 'thresholds' does not exist on type 'AlertSystem'.
src/dojopool/static/js/alertSystem.ts(67,65): error TS2339: Property 'thresholds' does not exist on type 'AlertSystem'.
src/dojopool/static/js/alertSystem.ts(73,12): error TS2551: Property 'notificationPermission' does not exist on type 'AlertSystem'. Did you mean 'requestNotificationPermission'?
src/dojopool/static/js/alertSystem.ts(79,36): error TS2339: Property 'detail' does not exist on type 'Event'.
src/dojopool/static/js/alertSystem.ts(84,15): error TS7006: Parameter 'type' implicitly has an 'any' type.
src/dojopool/static/js/alertSystem.ts(84,21): error TS7006: Parameter 'data' implicitly has an 'any' type.
src/dojopool/static/js/alertSystem.ts(90,18): error TS2339: Property 'thresholds' does not exist on type 'AlertSystem'.
src/dojopool/static/js/alertSystem.ts(92,31): error TS2339: Property 'thresholds' does not exist on type 'AlertSystem'.
src/dojopool/static/js/alertSystem.ts(97,78): error TS2339: Property 'thresholds' does not exist on type 'AlertSystem'.
src/dojopool/static/js/alertSystem.ts(100,38): error TS2339: Property 'thresholds' does not exist on type 'AlertSystem'.
src/dojopool/static/js/alertSystem.ts(105,77): error TS2339: Property 'thresholds' does not exist on type 'AlertSystem'.
src/dojopool/static/js/alertSystem.ts(113,18): error TS2339: Property 'thresholds' does not exist on type 'AlertSystem'.
src/dojopool/static/js/alertSystem.ts(115,28): error TS2339: Property 'thresholds' does not exist on type 'AlertSystem'.
src/dojopool/static/js/alertSystem.ts(120,75): error TS2339: Property 'thresholds' does not exist on type 'AlertSystem'.
src/dojopool/static/js/alertSystem.ts(123,35): error TS2339: Property 'thresholds' does not exist on type 'AlertSystem'.
src/dojopool/static/js/alertSystem.ts(128,74): error TS2339: Property 'thresholds' does not exist on type 'AlertSystem'.
src/dojopool/static/js/alertSystem.ts(136,18): error TS2339: Property 'thresholds' does not exist on type 'AlertSystem'.
src/dojopool/static/js/alertSystem.ts(138,35): error TS2339: Property 'thresholds' does not exist on type 'AlertSystem'.
src/dojopool/static/js/alertSystem.ts(143,84): error TS2339: Property 'thresholds' does not exist on type 'AlertSystem'.
src/dojopool/static/js/alertSystem.ts(146,42): error TS2339: Property 'thresholds' does not exist on type 'AlertSystem'.
src/dojopool/static/js/alertSystem.ts(151,83): error TS2339: Property 'thresholds' does not exist on type 'AlertSystem'.
src/dojopool/static/js/alertSystem.ts(165,15): error TS7006: Parameter 'severity' implicitly has an 'any' type.
src/dojopool/static/js/alertSystem.ts(165,25): error TS7006: Parameter 'category' implicitly has an 'any' type.
src/dojopool/static/js/alertSystem.ts(165,35): error TS7006: Parameter 'message' implicitly has an 'any' type.
src/dojopool/static/js/alertSystem.ts(176,12): error TS7006: Parameter 'alert' implicitly has an 'any' type.
src/dojopool/static/js/alertSystem.ts(177,10): error TS2339: Property 'alerts' does not exist on type 'AlertSystem'.
src/dojopool/static/js/alertSystem.ts(178,10): error TS2339: Property 'history' does not exist on type 'AlertSystem'.
src/dojopool/static/js/alertSystem.ts(181,14): error TS2339: Property 'history' does not exist on type 'AlertSystem'.
src/dojopool/static/js/alertSystem.ts(181,36): error TS2339: Property 'maxHistory' does not exist on type 'AlertSystem'.
src/dojopool/static/js/alertSystem.ts(182,12): error TS2339: Property 'history' does not exist on type 'AlertSystem'.
src/dojopool/static/js/alertSystem.ts(188,20): error TS7006: Parameter 'alertId' implicitly has an 'any' type.
src/dojopool/static/js/alertSystem.ts(189,29): error TS2339: Property 'alerts' does not exist on type 'AlertSystem'.
src/dojopool/static/js/alertSystem.ts(189,42): error TS7006: Parameter 'a' implicitly has an 'any' type.
src/dojopool/static/js/alertSystem.ts(192,12): error TS2339: Property 'alerts' does not exist on type 'AlertSystem'.
src/dojopool/static/js/alertSystem.ts(192,26): error TS2339: Property 'alerts' does not exist on type 'AlertSystem'.
src/dojopool/static/js/alertSystem.ts(192,41): error TS7006: Parameter 'a' implicitly has an 'any' type.
src/dojopool/static/js/alertSystem.ts(197,10): error TS7006: Parameter 'alert' implicitly has an 'any' type.
src/dojopool/static/js/alertSystem.ts(198,14): error TS2551: Property 'notificationPermission' does not exist on type 'AlertSystem'. Did you mean 'requestNotificationPermission'?
src/dojopool/static/js/alertSystem.ts(214,22): error TS7006: Parameter 'type' implicitly has an 'any' type.
src/dojopool/static/js/alertSystem.ts(214,28): error TS7006: Parameter 'alert' implicitly has an 'any' type.
src/dojopool/static/js/alertSystem.ts(228,21): error TS2339: Property 'alerts' does not exist on type 'AlertSystem'.
src/dojopool/static/js/alertSystem.ts(232,21): error TS2339: Property 'history' does not exist on type 'AlertSystem'.
src/dojopool/static/js/alertSystem.ts(235,19): error TS7006: Parameter 'category' implicitly has an 'any' type.
src/dojopool/static/js/alertSystem.ts(235,29): error TS7006: Parameter 'level' implicitly has an 'any' type.
src/dojopool/static/js/alertSystem.ts(235,36): error TS7006: Parameter 'value' implicitly has an 'any' type.
src/dojopool/static/js/alertSystem.ts(236,14): error TS2339: Property 'thresholds' does not exist on type 'AlertSystem'.
src/dojopool/static/js/alertSystem.ts(237,12): error TS2339: Property 'thresholds' does not exist on type 'AlertSystem'.
src/dojopool/static/js/alertSystem.ts(243,23): error TS7006: Parameter 'category' implicitly has an 'any' type.
src/dojopool/static/js/alertSystem.ts(243,33): error TS7006: Parameter 'enabled' implicitly has an 'any' type.
src/dojopool/static/js/alertSystem.ts(244,14): error TS2339: Property 'thresholds' does not exist on type 'AlertSystem'.
src/dojopool/static/js/alertSystem.ts(245,12): error TS2339: Property 'thresholds' does not exist on type 'AlertSystem'.
src/dojopool/static/js/alertSystem.ts(252,10): error TS2339: Property 'history' does not exist on type 'AlertSystem'.
src/dojopool/static/js/alertSystem.ts(257,10): error TS2339: Property 'thresholds' does not exist on type 'AlertSystem'.
src/dojopool/static/js/alertSystem.ts(259,53): error TS2339: Property 'thresholds' does not exist on type 'AlertSystem'.
src/dojopool/static/js/analytics-view.ts(390,13): error TS18048: 'chart.data.labels' is possibly 'undefined'.
src/dojopool/static/js/analytics-view.ts(391,11): error TS18048: 'chart.data.labels' is possibly 'undefined'.
src/dojopool/static/js/analytics-view.ts(438,11): error TS18048: 'accuracy.data.labels' is possibly 'undefined'.
src/dojopool/static/js/analytics-view.ts(439,9): error TS18048: 'accuracy.data.labels' is possibly 'undefined'.
src/dojopool/static/js/analytics-view.ts(450,11): error TS18048: 'processingTime.data.labels' is possibly 'undefined'.
src/dojopool/static/js/analytics-view.ts(451,9): error TS18048: 'processingTime.data.labels' is possibly 'undefined'.
src/dojopool/static/js/api/socket.ts(92,48): error TS7006: Parameter 'data' implicitly has an 'any' type.
src/dojopool/static/js/api/socket.ts(96,49): error TS7006: Parameter 'data' implicitly has an 'any' type.
src/dojopool/static/js/api/socket.ts(100,49): error TS7006: Parameter 'data' implicitly has an 'any' type.
src/dojopool/static/js/bandwidthTracker.ts(3,7): error TS2300: Duplicate identifier 'BandwidthTracker'.
src/dojopool/static/js/bandwidthTracker.ts(17,7): error TS2300: Duplicate identifier 'BandwidthTracker'.
src/dojopool/static/js/bandwidthTracker.ts(19,10): error TS2551: Property 'imageStats' does not exist on type 'BandwidthTracker'. Did you mean 'getImageStats'?
src/dojopool/static/js/bandwidthTracker.ts(20,10): error TS2339: Property 'sessionStats' does not exist on type 'BandwidthTracker'.
src/dojopool/static/js/bandwidthTracker.ts(26,10): error TS2339: Property 'thresholds' does not exist on type 'BandwidthTracker'.
src/dojopool/static/js/bandwidthTracker.ts(38,21): error TS2339: Property 'initiatorType' does not exist on type 'PerformanceEntry'.
src/dojopool/static/js/bandwidthTracker.ts(48,23): error TS7006: Parameter 'entry' implicitly has an 'any' type.
src/dojopool/static/js/bandwidthTracker.ts(56,18): error TS7006: Parameter 'url' implicitly has an 'any' type.
src/dojopool/static/js/bandwidthTracker.ts(56,23): error TS7006: Parameter 'size' implicitly has an 'any' type.
src/dojopool/static/js/bandwidthTracker.ts(56,29): error TS7006: Parameter 'loadTime' implicitly has an 'any' type.
src/dojopool/static/js/bandwidthTracker.ts(58,10): error TS2551: Property 'imageStats' does not exist on type 'BandwidthTracker'. Did you mean 'getImageStats'?
src/dojopool/static/js/bandwidthTracker.ts(65,10): error TS2339: Property 'sessionStats' does not exist on type 'BandwidthTracker'.
src/dojopool/static/js/bandwidthTracker.ts(66,10): error TS2339: Property 'sessionStats' does not exist on type 'BandwidthTracker'.
src/dojopool/static/js/bandwidthTracker.ts(67,10): error TS2339: Property 'sessionStats' does not exist on type 'BandwidthTracker'.
src/dojopool/static/js/bandwidthTracker.ts(73,17): error TS7006: Parameter 'url' implicitly has an 'any' type.
src/dojopool/static/js/bandwidthTracker.ts(74,17): error TS2551: Property 'imageStats' does not exist on type 'BandwidthTracker'. Did you mean 'getImageStats'?
src/dojopool/static/js/bandwidthTracker.ts(78,17): error TS2339: Property 'sessionStats' does not exist on type 'BandwidthTracker'.
src/dojopool/static/js/bandwidthTracker.ts(82,17): error TS2339: Property 'sessionStats' does not exist on type 'BandwidthTracker'.
src/dojopool/static/js/bandwidthTracker.ts(83,14): error TS2339: Property 'sessionStats' does not exist on type 'BandwidthTracker'.
src/dojopool/static/js/bandwidthTracker.ts(83,48): error TS2339: Property 'sessionStats' does not exist on type 'BandwidthTracker'.
src/dojopool/static/js/bandwidthTracker.ts(89,26): error TS2339: Property 'sessionStats' does not exist on type 'BandwidthTracker'.
src/dojopool/static/js/bandwidthTracker.ts(90,17): error TS2339: Property 'sessionStats' does not exist on type 'BandwidthTracker'.
src/dojopool/static/js/bandwidthTracker.ts(108,22): error TS2339: Property 'thresholds' does not exist on type 'BandwidthTracker'.
src/dojopool/static/js/bandwidthTracker.ts(123,14): error TS2339: Property 'sessionStats' does not exist on type 'BandwidthTracker'.
src/dojopool/static/js/bandwidthTracker.ts(123,49): error TS2339: Property 'thresholds' does not exist on type 'BandwidthTracker'.
src/dojopool/static/js/bandwidthTracker.ts(132,28): error TS7006: Parameter 'recommendations' implicitly has an 'any' type.
src/dojopool/static/js/bandwidthTracker.ts(150,22): error TS2339: Property 'thresholds' does not exist on type 'BandwidthTracker'.
src/dojopool/static/js/bandwidthTracker.ts(151,22): error TS2339: Property 'thresholds' does not exist on type 'BandwidthTracker'.
src/dojopool/static/js/bandwidthTracker.ts(156,10): error TS2551: Property 'imageStats' does not exist on type 'BandwidthTracker'. Did you mean 'getImageStats'?
src/dojopool/static/js/bandwidthTracker.ts(157,10): error TS2339: Property 'sessionStats' does not exist on type 'BandwidthTracker'.
src/dojopool/static/js/chat.ts(3,10): error TS2393: Duplicate function implementation.
src/dojopool/static/js/chat.ts(7,10): error TS2393: Duplicate function implementation.
src/dojopool/static/js/chat.ts(11,10): error TS2393: Duplicate function implementation.
src/dojopool/static/js/chat.ts(15,10): error TS2393: Duplicate function implementation.
src/dojopool/static/js/chat.ts(19,10): error TS2393: Duplicate function implementation.
src/dojopool/static/js/chat.ts(23,10): error TS2393: Duplicate function implementation.
src/dojopool/static/js/chat.ts(23,58): error TS2355: A function whose declared type is neither 'undefined', 'void', nor 'any' must return a value.
src/dojopool/static/js/chat.ts(27,10): error TS2393: Duplicate function implementation.
src/dojopool/static/js/chat.ts(31,10): error TS2393: Duplicate function implementation.
src/dojopool/static/js/chat.ts(35,10): error TS2393: Duplicate function implementation.
src/dojopool/static/js/chat.ts(39,10): error TS2393: Duplicate function implementation.
src/dojopool/static/js/chat.ts(43,10): error TS2393: Duplicate function implementation.
src/dojopool/static/js/chat.ts(47,10): error TS2393: Duplicate function implementation.
src/dojopool/static/js/chat.ts(51,10): error TS2393: Duplicate function implementation.
src/dojopool/static/js/chat.ts(55,10): error TS2393: Duplicate function implementation.
src/dojopool/static/js/chat.ts(59,10): error TS2393: Duplicate function implementation.
src/dojopool/static/js/chat.ts(63,10): error TS2393: Duplicate function implementation.
src/dojopool/static/js/chat.ts(67,10): error TS2393: Duplicate function implementation.
src/dojopool/static/js/chat.ts(71,10): error TS2393: Duplicate function implementation.
src/dojopool/static/js/chat.ts(75,10): error TS2393: Duplicate function implementation.
src/dojopool/static/js/chat.ts(79,10): error TS2393: Duplicate function implementation.
src/dojopool/static/js/chat.ts(86,5): error TS2451: Cannot redeclare block-scoped variable 'currentRoomId'.
src/dojopool/static/js/chat.ts(87,5): error TS2451: Cannot redeclare block-scoped variable 'socket'.
src/dojopool/static/js/chat.ts(88,5): error TS2451: Cannot redeclare block-scoped variable 'selectedFriends'.
src/dojopool/static/js/chat.ts(98,10): error TS2393: Duplicate function implementation.
src/dojopool/static/js/chat.ts(99,12): error TS2304: Cannot find name 'io'.
src/dojopool/static/js/chat.ts(111,25): error TS7006: Parameter 'data' implicitly has an 'any' type.
src/dojopool/static/js/chat.ts(115,24): error TS7006: Parameter 'data' implicitly has an 'any' type.
src/dojopool/static/js/chat.ts(121,24): error TS7006: Parameter 'data' implicitly has an 'any' type.
src/dojopool/static/js/chat.ts(127,16): error TS2393: Duplicate function implementation.
src/dojopool/static/js/chat.ts(127,33): error TS1064: The return type of an async function or method must be the global Promise<T> type. Did you mean to write 'Promise<any>'?
src/dojopool/static/js/chat.ts(135,25): error TS7006: Parameter 'room' implicitly has an 'any' type.
src/dojopool/static/js/chat.ts(146,10): error TS2393: Duplicate function implementation.
src/dojopool/static/js/chat.ts(148,49): error TS7005: Variable 'currentRoomId' implicitly has an 'any' type.
src/dojopool/static/js/chat.ts(165,10): error TS2393: Duplicate function implementation.
src/dojopool/static/js/chat.ts(168,8): error TS7006: Parameter 'p' implicitly has an 'any' type.
src/dojopool/static/js/chat.ts(168,28): error TS2304: Cannot find name 'currentUser'.
src/dojopool/static/js/chat.ts(176,16): error TS2393: Duplicate function implementation.
src/dojopool/static/js/chat.ts(176,43): error TS1064: The return type of an async function or method must be the global Promise<T> type. Did you mean to write 'Promise<any>'?
src/dojopool/static/js/chat.ts(177,7): error TS7005: Variable 'currentRoomId' implicitly has an 'any' type.
src/dojopool/static/js/chat.ts(178,5): error TS7005: Variable 'socket' implicitly has an 'any' type.
src/dojopool/static/js/chat.ts(182,3): error TS7005: Variable 'socket' implicitly has an 'any' type.
src/dojopool/static/js/chat.ts(187,14): error TS2339: Property 'dataset' does not exist on type 'Element'.
src/dojopool/static/js/chat.ts(197,5): error TS2531: Object is possibly 'null'.
src/dojopool/static/js/chat.ts(198,5): error TS2531: Object is possibly 'null'.
src/dojopool/static/js/chat.ts(198,46): error TS2339: Property 'style' does not exist on type 'Element'.
src/dojopool/static/js/chat.ts(203,16): error TS2393: Duplicate function implementation.
src/dojopool/static/js/chat.ts(213,38): error TS7006: Parameter 'message' implicitly has an 'any' type.
src/dojopool/static/js/chat.ts(226,10): error TS2393: Duplicate function implementation.
src/dojopool/static/js/chat.ts(233,59): error TS2304: Cannot find name 'currentUser'.
src/dojopool/static/js/chat.ts(246,10): error TS2393: Duplicate function implementation.
src/dojopool/static/js/chat.ts(247,27): error TS7005: Variable 'currentRoomId' implicitly has an 'any' type.
src/dojopool/static/js/chat.ts(263,10): error TS2393: Duplicate function implementation.
src/dojopool/static/js/chat.ts(273,5): error TS2451: Cannot redeclare block-scoped variable 'typingTimeout'.
src/dojopool/static/js/chat.ts(274,10): error TS2393: Duplicate function implementation.
src/dojopool/static/js/chat.ts(275,24): error TS7005: Variable 'currentRoomId' implicitly has an 'any' type.
src/dojopool/static/js/chat.ts(289,10): error TS2393: Duplicate function implementation.
src/dojopool/static/js/chat.ts(290,8): error TS7005: Variable 'currentRoomId' implicitly has an 'any' type.
src/dojopool/static/js/chat.ts(292,7): error TS7005: Variable 'typingTimeout' implicitly has an 'any' type.
src/dojopool/static/js/chat.ts(294,3): error TS7005: Variable 'socket' implicitly has an 'any' type.
src/dojopool/static/js/chat.ts(300,5): error TS7005: Variable 'socket' implicitly has an 'any' type.
src/dojopool/static/js/chat.ts(301,16): error TS7005: Variable 'currentRoomId' implicitly has an 'any' type.
src/dojopool/static/js/chat.ts(308,10): error TS2393: Duplicate function implementation.
src/dojopool/static/js/chat.ts(320,16): error TS2393: Duplicate function implementation.
src/dojopool/static/js/chat.ts(320,41): error TS1064: The return type of an async function or method must be the global Promise<T> type. Did you mean to write 'Promise<any>'?
src/dojopool/static/js/chat.ts(326,20): error TS7005: Variable 'currentRoomId' implicitly has an 'any' type.
src/dojopool/static/js/chat.ts(328,3): error TS7005: Variable 'socket' implicitly has an 'any' type.
src/dojopool/static/js/chat.ts(337,10): error TS2393: Duplicate function implementation.
src/dojopool/static/js/chat.ts(340,26): error TS2304: Cannot find name 'bootstrap'.
src/dojopool/static/js/chat.ts(347,16): error TS2393: Duplicate function implementation.
src/dojopool/static/js/chat.ts(347,34): error TS1064: The return type of an async function or method must be the global Promise<T> type. Did you mean to write 'Promise<any>'?
src/dojopool/static/js/chat.ts(355,27): error TS7006: Parameter 'friend' implicitly has an 'any' type.
src/dojopool/static/js/chat.ts(366,10): error TS2393: Duplicate function implementation.
src/dojopool/static/js/chat.ts(381,10): error TS2393: Duplicate function implementation.
src/dojopool/static/js/chat.ts(400,16): error TS2393: Duplicate function implementation.
src/dojopool/static/js/chat.ts(400,40): error TS1064: The return type of an async function or method must be the global Promise<T> type. Did you mean to write 'Promise<any>'?
src/dojopool/static/js/chat.ts(410,11): error TS2531: Object is possibly 'null'.
src/dojopool/static/js/chat.ts(410,49): error TS2339: Property 'value' does not exist on type 'HTMLElement'.
src/dojopool/static/js/chat.ts(424,7): error TS2304: Cannot find name 'bootstrap'.
src/dojopool/static/js/chat.ts(437,10): error TS2393: Duplicate function implementation.
src/dojopool/static/js/chat.ts(445,7): error TS2531: Object is possibly 'null'.
src/dojopool/static/js/chat.ts(446,7): error TS2531: Object is possibly 'null'.
src/dojopool/static/js/chat.ts(446,48): error TS2339: Property 'style' does not exist on type 'Element'.
src/dojopool/static/js/chat.ts(451,5): error TS2531: Object is possibly 'null'.
src/dojopool/static/js/chat.ts(452,5): error TS2531: Object is possibly 'null'.
src/dojopool/static/js/chat.ts(452,46): error TS2339: Property 'style' does not exist on type 'Element'.
src/dojopool/static/js/chat.ts(457,10): error TS2393: Duplicate function implementation.
src/dojopool/static/js/components.ts(3,7): error TS2300: Duplicate identifier 'Modal'.
src/dojopool/static/js/components.ts(7,7): error TS2300: Duplicate identifier 'Tabs'.
src/dojopool/static/js/components.ts(11,7): error TS2300: Duplicate identifier 'Dropdown'.
src/dojopool/static/js/components.ts(15,7): error TS2300: Duplicate identifier 'Toast'.
src/dojopool/static/js/components.ts(19,7): error TS2300: Duplicate identifier 'FormValidator'.
src/dojopool/static/js/components.ts(23,7): error TS2300: Duplicate identifier 'DataTable'.
src/dojopool/static/js/components.ts(33,7): error TS2300: Duplicate identifier 'Modal'.
src/dojopool/static/js/components.ts(34,15): error TS7006: Parameter 'id' implicitly has an 'any' type.
src/dojopool/static/js/components.ts(35,10): error TS2339: Property 'modal' does not exist on type 'Modal'.
src/dojopool/static/js/components.ts(40,36): error TS2339: Property 'modal' does not exist on type 'Modal'.
src/dojopool/static/js/components.ts(41,27): error TS7006: Parameter 'button' implicitly has an 'any' type.
src/dojopool/static/js/components.ts(46,10): error TS2339: Property 'modal' does not exist on type 'Modal'.
src/dojopool/static/js/components.ts(46,43): error TS7006: Parameter 'e' implicitly has an 'any' type.
src/dojopool/static/js/components.ts(47,29): error TS2339: Property 'modal' does not exist on type 'Modal'.
src/dojopool/static/js/components.ts(52,10): error TS2339: Property 'modal' does not exist on type 'Modal'.
src/dojopool/static/js/components.ts(57,10): error TS2339: Property 'modal' does not exist on type 'Modal'.
src/dojopool/static/js/components.ts(63,7): error TS2300: Duplicate identifier 'Tabs'.
src/dojopool/static/js/components.ts(64,15): error TS7006: Parameter 'container' implicitly has an 'any' type.
src/dojopool/static/js/components.ts(65,10): error TS2339: Property 'container' does not exist on type 'Tabs'.
src/dojopool/static/js/components.ts(66,10): error TS2339: Property 'tabs' does not exist on type 'Tabs'.
src/dojopool/static/js/components.ts(66,22): error TS2339: Property 'container' does not exist on type 'Tabs'.
src/dojopool/static/js/components.ts(67,10): error TS2339: Property 'panels' does not exist on type 'Tabs'.
src/dojopool/static/js/components.ts(67,24): error TS2339: Property 'container' does not exist on type 'Tabs'.
src/dojopool/static/js/components.ts(72,10): error TS2339: Property 'tabs' does not exist on type 'Tabs'.
src/dojopool/static/js/components.ts(72,24): error TS7006: Parameter 'tab' implicitly has an 'any' type.
src/dojopool/static/js/components.ts(77,13): error TS7006: Parameter 'selectedTab' implicitly has an 'any' type.
src/dojopool/static/js/components.ts(80,10): error TS2339: Property 'tabs' does not exist on type 'Tabs'.
src/dojopool/static/js/components.ts(80,24): error TS7006: Parameter 'tab' implicitly has an 'any' type.
src/dojopool/static/js/components.ts(84,10): error TS2339: Property 'panels' does not exist on type 'Tabs'.
src/dojopool/static/js/components.ts(84,26): error TS7006: Parameter 'panel' implicitly has an 'any' type.
src/dojopool/static/js/components.ts(91,7): error TS2300: Duplicate identifier 'Dropdown'.
src/dojopool/static/js/components.ts(92,15): error TS7006: Parameter 'container' implicitly has an 'any' type.
src/dojopool/static/js/components.ts(93,10): error TS2339: Property 'container' does not exist on type 'Dropdown'.
src/dojopool/static/js/components.ts(94,10): error TS2339: Property 'button' does not exist on type 'Dropdown'.
src/dojopool/static/js/components.ts(95,10): error TS2339: Property 'menu' does not exist on type 'Dropdown'.
src/dojopool/static/js/components.ts(100,10): error TS2339: Property 'button' does not exist on type 'Dropdown'.
src/dojopool/static/js/components.ts(104,17): error TS2339: Property 'container' does not exist on type 'Dropdown'.
src/dojopool/static/js/components.ts(111,10): error TS2339: Property 'menu' does not exist on type 'Dropdown'.
src/dojopool/static/js/components.ts(115,10): error TS2339: Property 'menu' does not exist on type 'Dropdown'.
src/dojopool/static/js/components.ts(120,7): error TS2300: Duplicate identifier 'Toast'.
src/dojopool/static/js/components.ts(121,15): error TS7006: Parameter 'message' implicitly has an 'any' type.
src/dojopool/static/js/components.ts(122,10): error TS2339: Property 'message' does not exist on type 'Toast'.
src/dojopool/static/js/components.ts(123,10): error TS2339: Property 'type' does not exist on type 'Toast'.
src/dojopool/static/js/components.ts(124,10): error TS2339: Property 'duration' does not exist on type 'Toast'.
src/dojopool/static/js/components.ts(125,10): error TS2339: Property 'element' does not exist on type 'Toast'.
src/dojopool/static/js/components.ts(130,10): error TS2339: Property 'element' does not exist on type 'Toast'.
src/dojopool/static/js/components.ts(131,10): error TS2339: Property 'element' does not exist on type 'Toast'.
src/dojopool/static/js/components.ts(131,50): error TS2339: Property 'type' does not exist on type 'Toast'.
src/dojopool/static/js/components.ts(132,10): error TS2339: Property 'element' does not exist on type 'Toast'.
src/dojopool/static/js/components.ts(132,37): error TS2339: Property 'message' does not exist on type 'Toast'.
src/dojopool/static/js/components.ts(133,36): error TS2339: Property 'element' does not exist on type 'Toast'.
src/dojopool/static/js/components.ts(139,12): error TS2339: Property 'element' does not exist on type 'Toast'.
src/dojopool/static/js/components.ts(142,14): error TS2339: Property 'duration' does not exist on type 'Toast'.
src/dojopool/static/js/components.ts(143,42): error TS2339: Property 'duration' does not exist on type 'Toast'.
src/dojopool/static/js/components.ts(148,10): error TS2339: Property 'element' does not exist on type 'Toast'.
src/dojopool/static/js/components.ts(150,12): error TS2339: Property 'element' does not exist on type 'Toast'.
src/dojopool/static/js/components.ts(156,7): error TS2300: Duplicate identifier 'FormValidator'.
src/dojopool/static/js/components.ts(157,15): error TS7006: Parameter 'form' implicitly has an 'any' type.
src/dojopool/static/js/components.ts(157,21): error TS7006: Parameter 'rules' implicitly has an 'any' type.
src/dojopool/static/js/components.ts(158,10): error TS2339: Property 'form' does not exist on type 'FormValidator'.
src/dojopool/static/js/components.ts(159,10): error TS2339: Property 'rules' does not exist on type 'FormValidator'.
src/dojopool/static/js/components.ts(164,10): error TS2339: Property 'form' does not exist on type 'FormValidator'.
src/dojopool/static/js/components.ts(164,43): error TS7006: Parameter 'e' implicitly has an 'any' type.
src/dojopool/static/js/components.ts(171,10): error TS2339: Property 'form' does not exist on type 'FormValidator'.
src/dojopool/static/js/components.ts(171,68): error TS7006: Parameter 'field' implicitly has an 'any' type.
src/dojopool/static/js/components.ts(178,17): error TS7006: Parameter 'field' implicitly has an 'any' type.
src/dojopool/static/js/components.ts(179,29): error TS2339: Property 'rules' does not exist on type 'FormValidator'.
src/dojopool/static/js/components.ts(185,20): error TS7006: Parameter 'rule' implicitly has an 'any' type.
src/dojopool/static/js/components.ts(198,10): error TS2339: Property 'form' does not exist on type 'FormValidator'.
src/dojopool/static/js/components.ts(198,68): error TS7006: Parameter 'field' implicitly has an 'any' type.
src/dojopool/static/js/components.ts(206,18): error TS7006: Parameter 'field' implicitly has an 'any' type.
src/dojopool/static/js/components.ts(206,25): error TS7006: Parameter 'message' implicitly has an 'any' type.
src/dojopool/static/js/components.ts(229,7): error TS2300: Duplicate identifier 'DataTable'.
src/dojopool/static/js/components.ts(230,15): error TS7006: Parameter 'container' implicitly has an 'any' type.
src/dojopool/static/js/components.ts(231,10): error TS2339: Property 'container' does not exist on type 'DataTable'.
src/dojopool/static/js/components.ts(232,10): error TS2339: Property 'options' does not exist on type 'DataTable'.
src/dojopool/static/js/components.ts(241,10): error TS2339: Property 'currentPage' does not exist on type 'DataTable'.
src/dojopool/static/js/components.ts(247,14): error TS2339: Property 'options' does not exist on type 'DataTable'.
src/dojopool/static/js/components.ts(248,14): error TS2339: Property 'options' does not exist on type 'DataTable'.
src/dojopool/static/js/components.ts(249,14): error TS2339: Property 'options' does not exist on type 'DataTable'.
src/dojopool/static/js/components/notification.ts(3,7): error TS2300: Duplicate identifier 'NotificationManager'.
src/dojopool/static/js/components/notification.ts(9,7): error TS2300: Duplicate identifier 'NotificationManager'.
src/dojopool/static/js/components/notification.ts(11,10): error TS2339: Property 'container' does not exist on type 'NotificationManager'.
src/dojopool/static/js/components/notification.ts(12,10): error TS2339: Property 'notifications' does not exist on type 'NotificationManager'.
src/dojopool/static/js/components/notification.ts(35,23): error TS2339: Property 'detail' does not exist on type 'Event'.
src/dojopool/static/js/components/notification.ts(35,42): error TS2339: Property 'detail' does not exist on type 'Event'.
src/dojopool/static/js/components/notification.ts(48,8): error TS7006: Parameter 'type' implicitly has an 'any' type.
src/dojopool/static/js/components/notification.ts(48,14): error TS7006: Parameter 'message' implicitly has an 'any' type.
src/dojopool/static/js/components/notification.ts(52,10): error TS2339: Property 'notifications' does not exist on type 'NotificationManager'.
src/dojopool/static/js/components/notification.ts(53,10): error TS2339: Property 'container' does not exist on type 'NotificationManager'.
src/dojopool/static/js/components/notification.ts(61,11): error TS7006: Parameter 'id' implicitly has an 'any' type.
src/dojopool/static/js/components/notification.ts(62,36): error TS2339: Property 'notifications' does not exist on type 'NotificationManager'.
src/dojopool/static/js/components/notification.ts(67,14): error TS2339: Property 'notifications' does not exist on type 'NotificationManager'.
src/dojopool/static/js/components/notification.ts(72,22): error TS7006: Parameter 'type' implicitly has an 'any' type.
src/dojopool/static/js/components/notification.ts(72,28): error TS7006: Parameter 'message' implicitly has an 'any' type.
src/dojopool/static/js/components/notification.ts(126,9): error TS7053: Element implicitly has an 'any' type because expression of type '0' can't be used to index type '{}'.
  Property '0' does not exist on type '{}'.
src/dojopool/static/js/components/notification.ts(126,25): error TS2339: Property 'notifications' does not exist on type 'NotificationManager'.
src/dojopool/static/js/components/notification.ts(127,11): error TS2769: No overload matches this call.
  Overload 1 of 2, '(predicate: (value: unknown, index: number, obj: unknown[]) => value is unknown, thisArg?: any): unknown', gave the following error.
    Argument of type '([, n]: [any, any]) => boolean' is not assignable to parameter of type '(value: unknown, index: number, obj: unknown[]) => value is unknown'.
      Types of parameters '__0' and 'value' are incompatible.
        Type 'unknown' is not assignable to type '[any, any]'.
  Overload 2 of 2, '(predicate: (value: unknown, index: number, obj: unknown[]) => unknown, thisArg?: any): unknown', gave the following error.
    Argument of type '([, n]: [any, any]) => boolean' is not assignable to parameter of type '(value: unknown, index: number, obj: unknown[]) => unknown'.
      Types of parameters '__0' and 'value' are incompatible.
        Type 'unknown' is not assignable to type '[any, any]'.
src/dojopool/static/js/components/notification.ts(164,7): error TS2451: Cannot redeclare block-scoped variable 'notificationManager'.
src/dojopool/static/js/components/rating.ts(3,7): error TS2300: Duplicate identifier 'Rating'.
src/dojopool/static/js/components/rating.ts(9,7): error TS2300: Duplicate identifier 'Rating'.
src/dojopool/static/js/components/rating.ts(10,15): error TS7006: Parameter 'container' implicitly has an 'any' type.
src/dojopool/static/js/components/rating.ts(11,10): error TS2339: Property 'container' does not exist on type 'Rating'.
src/dojopool/static/js/components/rating.ts(12,10): error TS2339: Property 'options' does not exist on type 'Rating'.
src/dojopool/static/js/components/rating.ts(13,27): error TS2339: Property 'targetType' does not exist on type '{}'.
src/dojopool/static/js/components/rating.ts(14,25): error TS2339: Property 'targetId' does not exist on type '{}'.
src/dojopool/static/js/components/rating.ts(15,25): error TS2339: Property 'readOnly' does not exist on type '{}'.
src/dojopool/static/js/components/rating.ts(16,28): error TS2339: Property 'showAverage' does not exist on type '{}'.
src/dojopool/static/js/components/rating.ts(17,28): error TS2339: Property 'showReviews' does not exist on type '{}'.
src/dojopool/static/js/components/rating.ts(18,29): error TS2339: Property 'verifiedOnly' does not exist on type '{}'.
src/dojopool/static/js/components/rating.ts(19,25): error TS2339: Property 'onChange' does not exist on type '{}'.
src/dojopool/static/js/components/rating.ts(20,25): error TS2339: Property 'onDelete' does not exist on type '{}'.
src/dojopool/static/js/components/rating.ts(23,10): error TS2339: Property 'currentRating' does not exist on type 'Rating'.
src/dojopool/static/js/components/rating.ts(29,14): error TS2339: Property 'options' does not exist on type 'Rating'.
src/dojopool/static/js/components/rating.ts(29,42): error TS2339: Property 'options' does not exist on type 'Rating'.
src/dojopool/static/js/components/rating.ts(32,15): error TS2339: Property 'options' does not exist on type 'Rating'.
src/dojopool/static/js/components/rating.ts(38,10): error TS2339: Property 'container' does not exist on type 'Rating'.
src/dojopool/static/js/components/rating.ts(44,24): error TS2339: Property 'options' does not exist on type 'Rating'.
src/dojopool/static/js/components/rating.ts(54,25): error TS2339: Property 'options' does not exist on type 'Rating'.
src/dojopool/static/js/components/rating.ts(64,24): error TS2339: Property 'options' does not exist on type 'Rating'.
src/dojopool/static/js/components/rating.ts(77,10): error TS2339: Property 'starsContainer' does not exist on type 'Rating'.
src/dojopool/static/js/components/rating.ts(77,32): error TS2339: Property 'container' does not exist on type 'Rating'.
src/dojopool/static/js/components/rating.ts(78,10): error TS2339: Property 'stars' does not exist on type 'Rating'.
src/dojopool/static/js/components/rating.ts(78,23): error TS2339: Property 'starsContainer' does not exist on type 'Rating'.
src/dojopool/static/js/components/rating.ts(79,10): error TS2339: Property 'averageElement' does not exist on type 'Rating'.
src/dojopool/static/js/components/rating.ts(79,32): error TS2339: Property 'container' does not exist on type 'Rating'.
src/dojopool/static/js/components/rating.ts(80,10): error TS2339: Property 'countElement' does not exist on type 'Rating'.
src/dojopool/static/js/components/rating.ts(80,30): error TS2339: Property 'container' does not exist on type 'Rating'.
src/dojopool/static/js/components/rating.ts(81,10): error TS2339: Property 'reviewsContainer' does not exist on type 'Rating'.
src/dojopool/static/js/components/rating.ts(81,34): error TS2339: Property 'container' does not exist on type 'Rating'.
src/dojopool/static/js/components/rating.ts(82,10): error TS2339: Property 'ratingForm' does not exist on type 'Rating'.
src/dojopool/static/js/components/rating.ts(82,28): error TS2339: Property 'container' does not exist on type 'Rating'.
src/dojopool/static/js/components/rating.ts(83,10): error TS2339: Property 'reviewInput' does not exist on type 'Rating'.
src/dojopool/static/js/components/rating.ts(83,29): error TS2339: Property 'container' does not exist on type 'Rating'.
src/dojopool/static/js/components/rating.ts(84,10): error TS2339: Property 'submitButton' does not exist on type 'Rating'.
src/dojopool/static/js/components/rating.ts(84,30): error TS2339: Property 'container' does not exist on type 'Rating'.
src/dojopool/static/js/components/rating.ts(89,8): error TS2554: Expected 1-3 arguments, but got 0.
src/dojopool/static/js/components/rating.ts(92,37): error TS2339: Property 'options' does not exist on type 'Rating'.
src/dojopool/static/js/components/rating.ts(93,44): error TS2339: Property 'currentRating' does not exist on type 'Rating'.
src/dojopool/static/js/components/rating.ts(101,10): error TS2339: Property 'stars' does not exist on type 'Rating'.
src/dojopool/static/js/components/rating.ts(101,25): error TS7006: Parameter 'star' implicitly has an 'any' type.
src/dojopool/static/js/components/rating.ts(106,34): error TS2339: Property 'currentRating' does not exist on type 'Rating'.
src/dojopool/static/js/components/rating.ts(113,14): error TS2339: Property 'submitButton' does not exist on type 'Rating'.
src/dojopool/static/js/components/rating.ts(114,12): error TS2339: Property 'submitButton' does not exist on type 'Rating'.
src/dojopool/static/js/components/rating.ts(118,18): error TS7006: Parameter 'rating' implicitly has an 'any' type.
src/dojopool/static/js/components/rating.ts(119,10): error TS2339: Property 'stars' does not exist on type 'Rating'.
src/dojopool/static/js/components/rating.ts(119,25): error TS7006: Parameter 'star' implicitly has an 'any' type.
src/dojopool/static/js/components/rating.ts(119,31): error TS7006: Parameter 'index' implicitly has an 'any' type.
src/dojopool/static/js/components/rating.ts(131,16): error TS7006: Parameter 'rating' implicitly has an 'any' type.
src/dojopool/static/js/components/rating.ts(132,10): error TS2339: Property 'currentRating' does not exist on type 'Rating'.
src/dojopool/static/js/components/rating.ts(134,14): error TS2339: Property 'ratingForm' does not exist on type 'Rating'.
src/dojopool/static/js/components/rating.ts(135,12): error TS2339: Property 'ratingForm' does not exist on type 'Rating'.
src/dojopool/static/js/components/rating.ts(142,33): error TS2339: Property 'options' does not exist on type 'Rating'.
src/dojopool/static/js/components/rating.ts(142,60): error TS2339: Property 'options' does not exist on type 'Rating'.
src/dojopool/static/js/components/rating.ts(149,26): error TS2339: Property 'currentRating' does not exist on type 'Rating'.
src/dojopool/static/js/components/rating.ts(150,26): error TS2339: Property 'reviewInput' does not exist on type 'Rating'.
src/dojopool/static/js/components/rating.ts(158,12): error TS2339: Property 'options' does not exist on type 'Rating'.
src/dojopool/static/js/components/rating.ts(161,16): error TS2339: Property 'reviewInput' does not exist on type 'Rating'.
src/dojopool/static/js/components/rating.ts(162,14): error TS2339: Property 'reviewInput' does not exist on type 'Rating'.
src/dojopool/static/js/components/rating.ts(164,12): error TS2339: Property 'ratingForm' does not exist on type 'Rating'.
src/dojopool/static/js/components/rating.ts(167,16): error TS2339: Property 'options' does not exist on type 'Rating'.
src/dojopool/static/js/components/rating.ts(186,33): error TS2339: Property 'options' does not exist on type 'Rating'.
src/dojopool/static/js/components/rating.ts(186,60): error TS2339: Property 'options' does not exist on type 'Rating'.
src/dojopool/static/js/components/rating.ts(186,99): error TS2339: Property 'options' does not exist on type 'Rating'.
src/dojopool/static/js/components/rating.ts(193,16): error TS2339: Property 'options' does not exist on type 'Rating'.
src/dojopool/static/js/components/rating.ts(197,16): error TS2339: Property 'options' does not exist on type 'Rating'.
src/dojopool/static/js/components/rating.ts(208,24): error TS7006: Parameter 'average' implicitly has an 'any' type.
src/dojopool/static/js/components/rating.ts(209,14): error TS2339: Property 'averageElement' does not exist on type 'Rating'.
src/dojopool/static/js/components/rating.ts(210,12): error TS2339: Property 'averageElement' does not exist on type 'Rating'.
src/dojopool/static/js/components/rating.ts(212,14): error TS2339: Property 'countElement' does not exist on type 'Rating'.
src/dojopool/static/js/components/rating.ts(213,12): error TS2339: Property 'countElement' does not exist on type 'Rating'.
src/dojopool/static/js/components/rating.ts(217,21): error TS7006: Parameter 'ratings' implicitly has an 'any' type.
src/dojopool/static/js/components/rating.ts(218,15): error TS2339: Property 'reviewsContainer' does not exist on type 'Rating'.
src/dojopool/static/js/components/rating.ts(221,12): error TS2339: Property 'reviewsContainer' does not exist on type 'Rating'.
src/dojopool/static/js/components/rating.ts(226,10): error TS2339: Property 'reviewsContainer' does not exist on type 'Rating'.
src/dojopool/static/js/components/rating.ts(228,10): error TS7006: Parameter 'rating' implicitly has an 'any' type.
src/dojopool/static/js/components/rating.ts(237,49): error TS2339: Property 'currentUserId' does not exist on type 'Window & typeof globalThis'.
src/dojopool/static/js/components/rating.ts(254,10): error TS2339: Property 'reviewsContainer' does not exist on type 'Rating'.
src/dojopool/static/js/components/rating.ts(254,71): error TS7006: Parameter 'btn' implicitly has an 'any' type.
src/dojopool/static/js/components/rating.ts(261,22): error TS7006: Parameter 'ratingId' implicitly has an 'any' type.
src/dojopool/static/js/components/rating.ts(269,12): error TS2339: Property 'options' does not exist on type 'Rating'.
src/dojopool/static/js/components/rating.ts(285,10): error TS2339: Property 'container' does not exist on type 'Rating'.
src/dojopool/static/js/components/review.ts(3,7): error TS2300: Duplicate identifier 'ReviewComponent'.
src/dojopool/static/js/components/review.ts(9,7): error TS2300: Duplicate identifier 'ReviewComponent'.
src/dojopool/static/js/components/review.ts(10,15): error TS7006: Parameter 'container' implicitly has an 'any' type.
src/dojopool/static/js/components/review.ts(11,10): error TS2339: Property 'container' does not exist on type 'ReviewComponent'.
src/dojopool/static/js/components/review.ts(12,10): error TS2339: Property 'options' does not exist on type 'ReviewComponent'.
src/dojopool/static/js/components/review.ts(13,25): error TS2339: Property 'ratingId' does not exist on type '{}'.
src/dojopool/static/js/components/review.ts(14,25): error TS2339: Property 'readOnly' does not exist on type '{}'.
src/dojopool/static/js/components/review.ts(15,30): error TS2339: Property 'showResponses' does not exist on type '{}'.
src/dojopool/static/js/components/review.ts(16,27): error TS2339: Property 'showVoting' does not exist on type '{}'.
src/dojopool/static/js/components/review.ts(17,25): error TS2339: Property 'onUpdate' does not exist on type '{}'.
src/dojopool/static/js/components/review.ts(18,25): error TS2339: Property 'onDelete' does not exist on type '{}'.
src/dojopool/static/js/components/review.ts(27,14): error TS2339: Property 'options' does not exist on type 'ReviewComponent'.
src/dojopool/static/js/components/review.ts(33,10): error TS2339: Property 'container' does not exist on type 'ReviewComponent'.
src/dojopool/static/js/components/review.ts(36,25): error TS2339: Property 'options' does not exist on type 'ReviewComponent'.
src/dojopool/static/js/components/review.ts(50,32): error TS2339: Property 'options' does not exist on type 'ReviewComponent'.
src/dojopool/static/js/components/review.ts(68,37): error TS2339: Property 'options' does not exist on type 'ReviewComponent'.
src/dojopool/static/js/components/review.ts(78,28): error TS2339: Property 'options' does not exist on type 'ReviewComponent'.
src/dojopool/static/js/components/review.ts(96,10): error TS2339: Property 'reviewForm' does not exist on type 'ReviewComponent'.
src/dojopool/static/js/components/review.ts(96,28): error TS2339: Property 'container' does not exist on type 'ReviewComponent'.
src/dojopool/static/js/components/review.ts(97,10): error TS2339: Property 'reviewInput' does not exist on type 'ReviewComponent'.
src/dojopool/static/js/components/review.ts(97,29): error TS2339: Property 'container' does not exist on type 'ReviewComponent'.
src/dojopool/static/js/components/review.ts(98,10): error TS2339: Property 'submitButton' does not exist on type 'ReviewComponent'.
src/dojopool/static/js/components/review.ts(98,30): error TS2339: Property 'container' does not exist on type 'ReviewComponent'.
src/dojopool/static/js/components/review.ts(99,10): error TS2339: Property 'reviewContent' does not exist on type 'ReviewComponent'.
src/dojopool/static/js/components/review.ts(99,31): error TS2339: Property 'container' does not exist on type 'ReviewComponent'.
src/dojopool/static/js/components/review.ts(100,10): error TS2339: Property 'reviewText' does not exist on type 'ReviewComponent'.
src/dojopool/static/js/components/review.ts(100,28): error TS2339: Property 'container' does not exist on type 'ReviewComponent'.
src/dojopool/static/js/components/review.ts(101,10): error TS2339: Property 'reviewDate' does not exist on type 'ReviewComponent'.
src/dojopool/static/js/components/review.ts(101,28): error TS2339: Property 'container' does not exist on type 'ReviewComponent'.
src/dojopool/static/js/components/review.ts(102,10): error TS2339: Property 'helpfulButton' does not exist on type 'ReviewComponent'.
src/dojopool/static/js/components/review.ts(102,31): error TS2339: Property 'container' does not exist on type 'ReviewComponent'.
src/dojopool/static/js/components/review.ts(103,10): error TS2339: Property 'unhelpfulButton' does not exist on type 'ReviewComponent'.
src/dojopool/static/js/components/review.ts(103,33): error TS2339: Property 'container' does not exist on type 'ReviewComponent'.
src/dojopool/static/js/components/review.ts(104,10): error TS2339: Property 'helpfulCount' does not exist on type 'ReviewComponent'.
src/dojopool/static/js/components/review.ts(104,30): error TS2339: Property 'container' does not exist on type 'ReviewComponent'.
src/dojopool/static/js/components/review.ts(105,10): error TS2339: Property 'unhelpfulCount' does not exist on type 'ReviewComponent'.
src/dojopool/static/js/components/review.ts(105,32): error TS2339: Property 'container' does not exist on type 'ReviewComponent'.
src/dojopool/static/js/components/review.ts(106,10): error TS2339: Property 'reportButton' does not exist on type 'ReviewComponent'.
src/dojopool/static/js/components/review.ts(106,30): error TS2339: Property 'container' does not exist on type 'ReviewComponent'.
src/dojopool/static/js/components/review.ts(107,10): error TS2339: Property 'editButton' does not exist on type 'ReviewComponent'.
src/dojopool/static/js/components/review.ts(107,28): error TS2339: Property 'container' does not exist on type 'ReviewComponent'.
src/dojopool/static/js/components/review.ts(108,10): error TS2339: Property 'deleteButton' does not exist on type 'ReviewComponent'.
src/dojopool/static/js/components/review.ts(108,30): error TS2339: Property 'container' does not exist on type 'ReviewComponent'.
src/dojopool/static/js/components/review.ts(109,10): error TS2339: Property 'responsesList' does not exist on type 'ReviewComponent'.
src/dojopool/static/js/components/review.ts(109,31): error TS2339: Property 'container' does not exist on type 'ReviewComponent'.
src/dojopool/static/js/components/review.ts(110,10): error TS2339: Property 'responseForm' does not exist on type 'ReviewComponent'.
src/dojopool/static/js/components/review.ts(110,30): error TS2339: Property 'container' does not exist on type 'ReviewComponent'.
src/dojopool/static/js/components/review.ts(111,10): error TS2339: Property 'responseInput' does not exist on type 'ReviewComponent'.
src/dojopool/static/js/components/review.ts(111,31): error TS2339: Property 'container' does not exist on type 'ReviewComponent'.
src/dojopool/static/js/components/review.ts(114,10): error TS2551: Property 'submitResponseButton' does not exist on type 'ReviewComponent'. Did you mean 'submitResponse'?
src/dojopool/static/js/components/review.ts(115,12): error TS2339: Property 'container' does not exist on type 'ReviewComponent'.
src/dojopool/static/js/components/review.ts(119,15): error TS2339: Property 'options' does not exist on type 'ReviewComponent'.
src/dojopool/static/js/components/review.ts(120,12): error TS2339: Property 'submitButton' does not exist on type 'ReviewComponent'.
src/dojopool/static/js/components/review.ts(121,12): error TS2339: Property 'editButton' does not exist on type 'ReviewComponent'.
src/dojopool/static/js/components/review.ts(121,61): error TS2339: Property 'editReview' does not exist on type 'ReviewComponent'.
src/dojopool/static/js/components/review.ts(122,12): error TS2339: Property 'deleteButton' does not exist on type 'ReviewComponent'.
src/dojopool/static/js/components/review.ts(122,63): error TS2339: Property 'deleteReview' does not exist on type 'ReviewComponent'.
src/dojopool/static/js/components/review.ts(125,14): error TS2339: Property 'options' does not exist on type 'ReviewComponent'.
src/dojopool/static/js/components/review.ts(126,12): error TS2339: Property 'helpfulButton' does not exist on type 'ReviewComponent'.
src/dojopool/static/js/components/review.ts(129,12): error TS2339: Property 'unhelpfulButton' does not exist on type 'ReviewComponent'.
src/dojopool/static/js/components/review.ts(134,10): error TS2339: Property 'reportButton' does not exist on type 'ReviewComponent'.
src/dojopool/static/js/components/review.ts(136,14): error TS2339: Property 'options' does not exist on type 'ReviewComponent'.
src/dojopool/static/js/components/review.ts(137,12): error TS2551: Property 'submitResponseButton' does not exist on type 'ReviewComponent'. Did you mean 'submitResponse'?
src/dojopool/static/js/components/review.ts(146,33): error TS2339: Property 'options' does not exist on type 'ReviewComponent'.
src/dojopool/static/js/components/review.ts(162,33): error TS2339: Property 'reviewInput' does not exist on type 'ReviewComponent'.
src/dojopool/static/js/components/review.ts(173,27): error TS2339: Property 'options' does not exist on type 'ReviewComponent'.
src/dojopool/static/js/components/review.ts(181,12): error TS2339: Property 'options' does not exist on type 'ReviewComponent'.
src/dojopool/static/js/components/review.ts(190,35): error TS18046: 'error' is of type 'unknown'.
src/dojopool/static/js/components/review.ts(195,20): error TS7006: Parameter 'isHelpful' implicitly has an 'any' type.
src/dojopool/static/js/components/review.ts(198,33): error TS2339: Property 'options' does not exist on type 'ReviewComponent'.
src/dojopool/static/js/components/review.ts(229,33): error TS2339: Property 'options' does not exist on type 'ReviewComponent'.
src/dojopool/static/js/components/review.ts(256,33): error TS2339: Property 'responseInput' does not exist on type 'ReviewComponent'.
src/dojopool/static/js/components/review.ts(262,33): error TS2339: Property 'options' does not exist on type 'ReviewComponent'.
src/dojopool/static/js/components/review.ts(276,12): error TS2339: Property 'responseInput' does not exist on type 'ReviewComponent'.
src/dojopool/static/js/components/review.ts(285,35): error TS18046: 'error' is of type 'unknown'.
src/dojopool/static/js/components/review.ts(290,17): error TS7006: Parameter 'data' implicitly has an 'any' type.
src/dojopool/static/js/components/review.ts(293,10): error TS2339: Property 'reviewContent' does not exist on type 'ReviewComponent'.
src/dojopool/static/js/components/review.ts(294,10): error TS2339: Property 'reviewText' does not exist on type 'ReviewComponent'.
src/dojopool/static/js/components/review.ts(295,10): error TS2339: Property 'reviewDate' does not exist on type 'ReviewComponent'.
src/dojopool/static/js/components/review.ts(299,14): error TS2339: Property 'options' does not exist on type 'ReviewComponent'.
src/dojopool/static/js/components/review.ts(300,12): error TS2339: Property 'helpfulCount' does not exist on type 'ReviewComponent'.
src/dojopool/static/js/components/review.ts(301,12): error TS2339: Property 'unhelpfulCount' does not exist on type 'ReviewComponent'.
src/dojopool/static/js/components/review.ts(304,14): error TS2339: Property 'options' does not exist on type 'ReviewComponent'.
src/dojopool/static/js/components/review.ts(309,20): error TS7006: Parameter 'responses' implicitly has an 'any' type.
src/dojopool/static/js/components/review.ts(310,15): error TS2339: Property 'responsesList' does not exist on type 'ReviewComponent'.
src/dojopool/static/js/components/review.ts(312,10): error TS2339: Property 'responsesList' does not exist on type 'ReviewComponent'.
src/dojopool/static/js/components/review.ts(314,10): error TS7006: Parameter 'response' implicitly has an 'any' type.
src/dojopool/static/js/components/share_button.ts(3,7): error TS2300: Duplicate identifier 'ShareButton'.
src/dojopool/static/js/components/share_button.ts(9,7): error TS2300: Duplicate identifier 'ShareButton'.
src/dojopool/static/js/components/share_button.ts(10,15): error TS7006: Parameter 'container' implicitly has an 'any' type.
src/dojopool/static/js/components/share_button.ts(11,10): error TS2339: Property 'container' does not exist on type 'ShareButton'.
src/dojopool/static/js/components/share_button.ts(12,10): error TS2339: Property 'options' does not exist on type 'ShareButton'.
src/dojopool/static/js/components/share_button.ts(13,21): error TS2339: Property 'type' does not exist on type '{}'.
src/dojopool/static/js/components/share_button.ts(14,19): error TS2339: Property 'id' does not exist on type '{}'.
src/dojopool/static/js/components/share_button.ts(15,24): error TS2339: Property 'onShare' does not exist on type '{}'.
src/dojopool/static/js/components/share_button.ts(16,28): error TS2339: Property 'buttonClass' does not exist on type '{}'.
src/dojopool/static/js/components/share_button.ts(17,27): error TS2339: Property 'buttonText' does not exist on type '{}'.
src/dojopool/static/js/components/share_button.ts(18,26): error TS2339: Property 'iconClass' does not exist on type '{}'.
src/dojopool/static/js/components/share_button.ts(31,10): error TS2339: Property 'button' does not exist on type 'ShareButton'.
src/dojopool/static/js/components/share_button.ts(32,10): error TS2339: Property 'button' does not exist on type 'ShareButton'.
src/dojopool/static/js/components/share_button.ts(32,41): error TS2339: Property 'options' does not exist on type 'ShareButton'.
src/dojopool/static/js/components/share_button.ts(33,10): error TS2339: Property 'button' does not exist on type 'ShareButton'.
src/dojopool/static/js/components/share_button.ts(34,33): error TS2339: Property 'options' does not exist on type 'ShareButton'.
src/dojopool/static/js/components/share_button.ts(35,20): error TS2339: Property 'options' does not exist on type 'ShareButton'.
src/dojopool/static/js/components/share_button.ts(37,10): error TS2339: Property 'container' does not exist on type 'ShareButton'.
src/dojopool/static/js/components/share_button.ts(37,37): error TS2339: Property 'button' does not exist on type 'ShareButton'.
src/dojopool/static/js/components/share_button.ts(41,10): error TS2339: Property 'modal' does not exist on type 'ShareButton'.
src/dojopool/static/js/components/share_button.ts(42,10): error TS2339: Property 'modal' does not exist on type 'ShareButton'.
src/dojopool/static/js/components/share_button.ts(43,10): error TS2339: Property 'modal' does not exist on type 'ShareButton'.
src/dojopool/static/js/components/share_button.ts(43,40): error TS2339: Property 'options' does not exist on type 'ShareButton'.
src/dojopool/static/js/components/share_button.ts(43,61): error TS2339: Property 'options' does not exist on type 'ShareButton'.
src/dojopool/static/js/components/share_button.ts(44,10): error TS2339: Property 'modal' does not exist on type 'ShareButton'.
src/dojopool/static/js/components/share_button.ts(70,36): error TS2339: Property 'modal' does not exist on type 'ShareButton'.
src/dojopool/static/js/components/share_button.ts(71,10): error TS2339: Property 'bsModal' does not exist on type 'ShareButton'.
src/dojopool/static/js/components/share_button.ts(71,24): error TS2304: Cannot find name 'bootstrap'.
src/dojopool/static/js/components/share_button.ts(71,45): error TS2339: Property 'modal' does not exist on type 'ShareButton'.
src/dojopool/static/js/components/share_button.ts(75,10): error TS2339: Property 'button' does not exist on type 'ShareButton'.
src/dojopool/static/js/components/share_button.ts(77,10): error TS2339: Property 'modal' does not exist on type 'ShareButton'.
src/dojopool/static/js/components/share_button.ts(77,56): error TS7006: Parameter 'btn' implicitly has an 'any' type.
src/dojopool/static/js/components/share_button.ts(78,38): error TS7006: Parameter 'e' implicitly has an 'any' type.
src/dojopool/static/js/components/share_button.ts(88,38): error TS2339: Property 'options' does not exist on type 'ShareButton'.
src/dojopool/static/js/components/share_button.ts(88,59): error TS2339: Property 'options' does not exist on type 'ShareButton'.
src/dojopool/static/js/components/share_button.ts(93,12): error TS2339: Property 'shareLinks' does not exist on type 'ShareButton'.
src/dojopool/static/js/components/share_button.ts(94,12): error TS2339: Property 'bsModal' does not exist on type 'ShareButton'.
src/dojopool/static/js/components/share_button.ts(97,12): error TS2339: Property 'options' does not exist on type 'ShareButton'.
src/dojopool/static/js/components/share_button.ts(110,19): error TS7006: Parameter 'platform' implicitly has an 'any' type.
src/dojopool/static/js/components/share_button.ts(111,15): error TS2339: Property 'shareLinks' does not exist on type 'ShareButton'.
src/dojopool/static/js/components/share_button.ts(111,35): error TS2339: Property 'shareLinks' does not exist on type 'ShareButton'.
src/dojopool/static/js/components/share_button.ts(114,22): error TS2339: Property 'shareLinks' does not exist on type 'ShareButton'.
src/dojopool/static/js/components/share_button.ts(117,10): error TS2339: Property 'bsModal' does not exist on type 'ShareButton'.
src/dojopool/static/js/components/share_button.ts(122,10): error TS2339: Property 'button' does not exist on type 'ShareButton'.
src/dojopool/static/js/components/share_button.ts(123,10): error TS2339: Property 'modal' does not exist on type 'ShareButton'.
src/dojopool/static/js/components/ThemeToggle.ts(3,7): error TS2300: Duplicate identifier 'ThemeToggle'.
src/dojopool/static/js/components/ThemeToggle.ts(16,7): error TS2300: Duplicate identifier 'ThemeToggle'.
src/dojopool/static/js/components/ThemeToggle.ts(31,5): error TS2531: Object is possibly 'null'.
src/dojopool/static/js/components/ThemeToggle.ts(70,25): error TS2531: Object is possibly 'null'.
src/dojopool/static/js/components/VenueInfoWindow.ts(3,7): error TS2528: A module cannot have multiple default exports.
src/dojopool/static/js/components/VenueInfoWindow.ts(12,22): error TS2528: A module cannot have multiple default exports.
src/dojopool/static/js/components/VenueInfoWindow.ts(14,10): error TS2339: Property 'container' does not exist on type 'VenueInfoWindow'.
src/dojopool/static/js/components/VenueInfoWindow.ts(15,10): error TS2339: Property 'container' does not exist on type 'VenueInfoWindow'.
src/dojopool/static/js/components/VenueInfoWindow.ts(16,10): error TS2339: Property 'content' does not exist on type 'VenueInfoWindow'.
src/dojopool/static/js/components/VenueInfoWindow.ts(17,10): error TS2551: Property 'isOpen' does not exist on type 'VenueInfoWindow'. Did you mean 'open'?
src/dojopool/static/js/components/VenueInfoWindow.ts(18,10): error TS2339: Property 'currentMarker' does not exist on type 'VenueInfoWindow'.
src/dojopool/static/js/components/VenueInfoWindow.ts(19,10): error TS2339: Property 'map' does not exist on type 'VenueInfoWindow'.
src/dojopool/static/js/components/VenueInfoWindow.ts(129,10): error TS7006: Parameter 'map' implicitly has an 'any' type.
src/dojopool/static/js/components/VenueInfoWindow.ts(130,10): error TS2339: Property 'map' does not exist on type 'VenueInfoWindow'.
src/dojopool/static/js/components/VenueInfoWindow.ts(131,10): error TS2339: Property 'map' does not exist on type 'VenueInfoWindow'.
src/dojopool/static/js/components/VenueInfoWindow.ts(131,40): error TS2339: Property 'container' does not exist on type 'VenueInfoWindow'.
src/dojopool/static/js/components/VenueInfoWindow.ts(134,8): error TS7006: Parameter 'marker' implicitly has an 'any' type.
src/dojopool/static/js/components/VenueInfoWindow.ts(134,16): error TS7006: Parameter 'venue' implicitly has an 'any' type.
src/dojopool/static/js/components/VenueInfoWindow.ts(135,10): error TS2339: Property 'currentMarker' does not exist on type 'VenueInfoWindow'.
src/dojopool/static/js/components/VenueInfoWindow.ts(136,10): error TS2551: Property 'isOpen' does not exist on type 'VenueInfoWindow'. Did you mean 'open'?
src/dojopool/static/js/components/VenueInfoWindow.ts(139,10): error TS2339: Property 'container' does not exist on type 'VenueInfoWindow'.
src/dojopool/static/js/components/VenueInfoWindow.ts(178,29): error TS2339: Property 'map' does not exist on type 'VenueInfoWindow'.
src/dojopool/static/js/components/VenueInfoWindow.ts(181,37): error TS2339: Property 'container' does not exist on type 'VenueInfoWindow'.
src/dojopool/static/js/components/VenueInfoWindow.ts(182,31): error TS2339: Property 'map' does not exist on type 'VenueInfoWindow'.
src/dojopool/static/js/components/VenueInfoWindow.ts(184,10): error TS2339: Property 'container' does not exist on type 'VenueInfoWindow'.
src/dojopool/static/js/components/VenueInfoWindow.ts(185,10): error TS2339: Property 'container' does not exist on type 'VenueInfoWindow'.
src/dojopool/static/js/components/VenueInfoWindow.ts(186,10): error TS2339: Property 'container' does not exist on type 'VenueInfoWindow'.
src/dojopool/static/js/components/VenueInfoWindow.ts(189,10): error TS2339: Property 'container' does not exist on type 'VenueInfoWindow'.
src/dojopool/static/js/components/VenueInfoWindow.ts(194,10): error TS2339: Property 'clickListener' does not exist on type 'VenueInfoWindow'.
src/dojopool/static/js/components/VenueInfoWindow.ts(194,31): error TS2339: Property 'map' does not exist on type 'VenueInfoWindow'.
src/dojopool/static/js/components/VenueInfoWindow.ts(198,14): error TS2551: Property 'isOpen' does not exist on type 'VenueInfoWindow'. Did you mean 'open'?
src/dojopool/static/js/components/VenueInfoWindow.ts(199,12): error TS2339: Property 'container' does not exist on type 'VenueInfoWindow'.
src/dojopool/static/js/components/VenueInfoWindow.ts(200,12): error TS2551: Property 'isOpen' does not exist on type 'VenueInfoWindow'. Did you mean 'open'?
src/dojopool/static/js/components/VenueInfoWindow.ts(201,16): error TS2339: Property 'clickListener' does not exist on type 'VenueInfoWindow'.
src/dojopool/static/js/components/VenueInfoWindow.ts(202,47): error TS2339: Property 'clickListener' does not exist on type 'VenueInfoWindow'.
src/dojopool/static/js/components/VenueInfoWindow.ts(203,14): error TS2339: Property 'clickListener' does not exist on type 'VenueInfoWindow'.
src/dojopool/static/js/connectionManager.ts(3,7): error TS2300: Duplicate identifier 'ConnectionManager'.
src/dojopool/static/js/connectionManager.ts(13,14): error TS2300: Duplicate identifier 'ConnectionManager'.
src/dojopool/static/js/connectionManager.ts(15,10): error TS2339: Property 'retryAttempts' does not exist on type 'ConnectionManager'.
src/dojopool/static/js/connectionManager.ts(16,10): error TS2339: Property 'maxRetries' does not exist on type 'ConnectionManager'.
src/dojopool/static/js/connectionManager.ts(17,10): error TS2339: Property 'retryDelay' does not exist on type 'ConnectionManager'.
src/dojopool/static/js/connectionManager.ts(18,10): error TS2339: Property 'maxDelay' does not exist on type 'ConnectionManager'.
src/dojopool/static/js/connectionManager.ts(19,10): error TS2339: Property 'state' does not exist on type 'ConnectionManager'.
src/dojopool/static/js/connectionManager.ts(42,10): error TS2339: Property 'state' does not exist on type 'ConnectionManager'.
src/dojopool/static/js/connectionManager.ts(45,14): error TS2339: Property 'state' does not exist on type 'ConnectionManager'.
src/dojopool/static/js/connectionManager.ts(46,14): error TS2339: Property 'state' does not exist on type 'ConnectionManager'.
src/dojopool/static/js/connectionManager.ts(57,10): error TS2339: Property 'state' does not exist on type 'ConnectionManager'.
src/dojopool/static/js/connectionManager.ts(63,35): error TS2339: Property 'state' does not exist on type 'ConnectionManager'.
src/dojopool/static/js/connectionManager.ts(67,12): error TS2339: Property 'state' does not exist on type 'ConnectionManager'.
src/dojopool/static/js/connectionManager.ts(72,12): error TS2339: Property 'state' does not exist on type 'ConnectionManager'.
src/dojopool/static/js/connectionManager.ts(74,12): error TS2339: Property 'state' does not exist on type 'ConnectionManager'.
src/dojopool/static/js/connectionManager.ts(77,30): error TS2339: Property 'state' does not exist on type 'ConnectionManager'.
src/dojopool/static/js/connectionManager.ts(80,18): error TS2339: Property 'state' does not exist on type 'ConnectionManager'.
src/dojopool/static/js/connectionManager.ts(86,40): error TS2339: Property 'state' does not exist on type 'ConnectionManager'.
src/dojopool/static/js/connectionManager.ts(89,14): error TS2339: Property 'state' does not exist on type 'ConnectionManager'.
src/dojopool/static/js/connectionManager.ts(97,14): error TS2339: Property 'retryAttempts' does not exist on type 'ConnectionManager'.
src/dojopool/static/js/connectionManager.ts(97,36): error TS2339: Property 'maxRetries' does not exist on type 'ConnectionManager'.
src/dojopool/static/js/connectionManager.ts(103,12): error TS2339: Property 'retryDelay' does not exist on type 'ConnectionManager'.
src/dojopool/static/js/connectionManager.ts(103,42): error TS2339: Property 'retryAttempts' does not exist on type 'ConnectionManager'.
src/dojopool/static/js/connectionManager.ts(104,12): error TS2339: Property 'maxDelay' does not exist on type 'ConnectionManager'.
src/dojopool/static/js/connectionManager.ts(107,10): error TS2339: Property 'retryAttempts' does not exist on type 'ConnectionManager'.
src/dojopool/static/js/connectionManager.ts(111,10): error TS2339: Property 'retryAttempts' does not exist on type 'ConnectionManager'.
src/dojopool/static/js/connectionManager.ts(114,23): error TS7006: Parameter 'id' implicitly has an 'any' type.
src/dojopool/static/js/connectionManager.ts(114,27): error TS7006: Parameter 'operation' implicitly has an 'any' type.
src/dojopool/static/js/connectionManager.ts(115,10): error TS2339: Property 'state' does not exist on type 'ConnectionManager'.
src/dojopool/static/js/connectionManager.ts(118,26): error TS7006: Parameter 'id' implicitly has an 'any' type.
src/dojopool/static/js/connectionManager.ts(119,10): error TS2339: Property 'state' does not exist on type 'ConnectionManager'.
src/dojopool/static/js/connectionManager.ts(122,17): error TS7006: Parameter 'type' implicitly has an 'any' type.
src/dojopool/static/js/connectionManager.ts(129,15): error TS2339: Property 'state' does not exist on type 'ConnectionManager'.
src/dojopool/static/js/connectionManager.ts(130,36): error TS2339: Property 'state' does not exist on type 'ConnectionManager'.
src/dojopool/static/js/db.ts(3,7): error TS2300: Duplicate identifier 'DojoPoolDB'.
src/dojopool/static/js/db.ts(9,7): error TS2300: Duplicate identifier 'DojoPoolDB'.
src/dojopool/static/js/db.ts(11,10): error TS2339: Property 'dbName' does not exist on type 'DojoPoolDB'.
src/dojopool/static/js/db.ts(12,10): error TS2339: Property 'dbVersion' does not exist on type 'DojoPoolDB'.
src/dojopool/static/js/db.ts(13,10): error TS2339: Property 'db' does not exist on type 'DojoPoolDB'.
src/dojopool/static/js/db.ts(19,48): error TS2339: Property 'dbName' does not exist on type 'DojoPoolDB'.
src/dojopool/static/js/db.ts(19,61): error TS2339: Property 'dbVersion' does not exist on type 'DojoPoolDB'.
src/dojopool/static/js/db.ts(26,14): error TS2339: Property 'db' does not exist on type 'DojoPoolDB'.
src/dojopool/static/js/db.ts(27,9): error TS2794: Expected 1 arguments, but got 0. Did you forget to include 'void' in your type argument to 'Promise'?
src/dojopool/static/js/db.ts(30,34): error TS7006: Parameter 'event' implicitly has an 'any' type.
src/dojopool/static/js/db.ts(75,17): error TS7006: Parameter 'game' implicitly has an 'any' type.
src/dojopool/static/js/db.ts(83,17): error TS7006: Parameter 'id' implicitly has an 'any' type.
src/dojopool/static/js/db.ts(87,20): error TS7006: Parameter 'id' implicitly has an 'any' type.
src/dojopool/static/js/db.ts(87,24): error TS7006: Parameter 'updates' implicitly has an 'any' type.
src/dojopool/static/js/db.ts(91,20): error TS7006: Parameter 'id' implicitly has an 'any' type.
src/dojopool/static/js/db.ts(95,24): error TS7006: Parameter 'item' implicitly has an 'any' type.
src/dojopool/static/js/db.ts(107,26): error TS7006: Parameter 'id' implicitly has an 'any' type.
src/dojopool/static/js/db.ts(107,30): error TS7006: Parameter 'status' implicitly has an 'any' type.
src/dojopool/static/js/db.ts(112,17): error TS7006: Parameter 'storeName' implicitly has an 'any' type.
src/dojopool/static/js/db.ts(112,28): error TS7006: Parameter 'item' implicitly has an 'any' type.
src/dojopool/static/js/db.ts(114,37): error TS2339: Property 'db' does not exist on type 'DojoPoolDB'.
src/dojopool/static/js/db.ts(123,17): error TS7006: Parameter 'storeName' implicitly has an 'any' type.
src/dojopool/static/js/db.ts(123,28): error TS7006: Parameter 'id' implicitly has an 'any' type.
src/dojopool/static/js/db.ts(125,37): error TS2339: Property 'db' does not exist on type 'DojoPoolDB'.
src/dojopool/static/js/db.ts(134,21): error TS7006: Parameter 'storeName' implicitly has an 'any' type.
src/dojopool/static/js/db.ts(136,37): error TS2339: Property 'db' does not exist on type 'DojoPoolDB'.
src/dojopool/static/js/db.ts(145,20): error TS7006: Parameter 'storeName' implicitly has an 'any' type.
src/dojopool/static/js/db.ts(145,31): error TS7006: Parameter 'id' implicitly has an 'any' type.
src/dojopool/static/js/db.ts(145,35): error TS7006: Parameter 'updates' implicitly has an 'any' type.
src/dojopool/static/js/db.ts(147,37): error TS2339: Property 'db' does not exist on type 'DojoPoolDB'.
src/dojopool/static/js/db.ts(162,20): error TS7006: Parameter 'storeName' implicitly has an 'any' type.
src/dojopool/static/js/db.ts(162,31): error TS7006: Parameter 'id' implicitly has an 'any' type.
src/dojopool/static/js/db.ts(164,37): error TS2339: Property 'db' does not exist on type 'DojoPoolDB'.
src/dojopool/static/js/db.ts(168,33): error TS2794: Expected 1 arguments, but got 0. Did you forget to include 'void' in your type argument to 'Promise'?
src/dojopool/static/js/db.ts(174,22): error TS7006: Parameter 'storeName' implicitly has an 'any' type.
src/dojopool/static/js/db.ts(174,33): error TS7006: Parameter 'indexName' implicitly has an 'any' type.
src/dojopool/static/js/db.ts(174,44): error TS7006: Parameter 'value' implicitly has an 'any' type.
src/dojopool/static/js/db.ts(176,37): error TS2339: Property 'db' does not exist on type 'DojoPoolDB'.
src/dojopool/static/js/db.ts(187,22): error TS7006: Parameter 'storeName' implicitly has an 'any' type.
src/dojopool/static/js/db.ts(187,33): error TS7006: Parameter 'id' implicitly has an 'any' type.
src/dojopool/static/js/db.ts(194,21): error TS7006: Parameter 'storeName' implicitly has an 'any' type.
src/dojopool/static/js/debugPanel.ts(3,7): error TS2300: Duplicate identifier 'DebugPanel'.
src/dojopool/static/js/debugPanel.ts(17,7): error TS2300: Duplicate identifier 'DebugPanel'.
src/dojopool/static/js/debugPanel.ts(19,10): error TS2339: Property 'panel' does not exist on type 'DebugPanel'.
src/dojopool/static/js/debugPanel.ts(20,10): error TS2339: Property 'metrics' does not exist on type 'DebugPanel'.
src/dojopool/static/js/debugPanel.ts(90,30): error TS2339: Property 'panel' does not exist on type 'DebugPanel'.
src/dojopool/static/js/debugPanel.ts(91,31): error TS2339: Property 'panel' does not exist on type 'DebugPanel'.
src/dojopool/static/js/debugPanel.ts(107,48): error TS2339: Property 'detail' does not exist on type 'Event'.
src/dojopool/static/js/debugPanel.ts(118,49): error TS2339: Property 'detail' does not exist on type 'Event'.
src/dojopool/static/js/debugPanel.ts(119,12): error TS2339: Property 'metrics' does not exist on type 'DebugPanel'.
src/dojopool/static/js/debugPanel.ts(120,12): error TS2339: Property 'metrics' does not exist on type 'DebugPanel'.
src/dojopool/static/js/debugPanel.ts(121,31): error TS2339: Property 'metrics' does not exist on type 'DebugPanel'.
src/dojopool/static/js/debugPanel.ts(127,31): error TS2339: Property 'detail' does not exist on type 'Event'.
src/dojopool/static/js/debugPanel.ts(149,17): error TS7006: Parameter 'newMetrics' implicitly has an 'any' type.
src/dojopool/static/js/debugPanel.ts(150,24): error TS2339: Property 'metrics' does not exist on type 'DebugPanel'.
src/dojopool/static/js/debugPanel.ts(152,32): error TS2339: Property 'panel' does not exist on type 'DebugPanel'.
src/dojopool/static/js/debugPanel.ts(161,19): error TS7006: Parameter 'recommendations' implicitly has an 'any' type.
src/dojopool/static/js/debugPanel.ts(162,34): error TS2339: Property 'panel' does not exist on type 'DebugPanel'.
src/dojopool/static/js/debugPanel.ts(168,40): error TS7006: Parameter 'rec' implicitly has an 'any' type.
src/dojopool/static/js/debugPanel.ts(179,14): error TS7006: Parameter 'bytes' implicitly has an 'any' type.
src/dojopool/static/js/debugPanel.ts(190,19): error TS7006: Parameter 'bytesPerSecond' implicitly has an 'any' type.
src/dojopool/static/js/frame-worker.ts(87,18): error TS2341: Property 'poolSize' is private and only accessible within class 'MemoryPool<T>'.
src/dojopool/static/js/frame-worker.ts(94,12): error TS2304: Cannot find name 'processFrameWithoutPool'.
src/dojopool/static/js/game.ts(3,10): error TS2393: Duplicate function implementation.
src/dojopool/static/js/game.ts(7,10): error TS2393: Duplicate function implementation.
src/dojopool/static/js/game.ts(11,10): error TS2393: Duplicate function implementation.
src/dojopool/static/js/game.ts(15,10): error TS2393: Duplicate function implementation.
src/dojopool/static/js/game.ts(19,10): error TS2393: Duplicate function implementation.
src/dojopool/static/js/game.ts(23,10): error TS2393: Duplicate function implementation.
src/dojopool/static/js/game.ts(27,10): error TS2393: Duplicate function implementation.
src/dojopool/static/js/game.ts(34,10): error TS2393: Duplicate function implementation.
src/dojopool/static/js/game.ts(50,10): error TS2393: Duplicate function implementation.
src/dojopool/static/js/game.ts(63,10): error TS2393: Duplicate function implementation.
src/dojopool/static/js/game.ts(88,10): error TS2393: Duplicate function implementation.
src/dojopool/static/js/game.ts(89,3): error TS2304: Cannot find name 'coins'.
src/dojopool/static/js/game.ts(89,18): error TS7006: Parameter 'coin' implicitly has an 'any' type.
src/dojopool/static/js/game.ts(89,24): error TS7006: Parameter 'index' implicitly has an 'any' type.
src/dojopool/static/js/game.ts(96,21): error TS2304: Cannot find name 'COLLECTION_RADIUS'.
src/dojopool/static/js/game.ts(103,10): error TS2393: Duplicate function implementation.
src/dojopool/static/js/game.ts(119,20): error TS7006: Parameter 'player' implicitly has an 'any' type.
src/dojopool/static/js/game.ts(133,10): error TS2393: Duplicate function implementation.
src/dojopool/static/js/game.ts(133,22): error TS7006: Parameter 'coin' implicitly has an 'any' type.
src/dojopool/static/js/game.ts(133,28): error TS7006: Parameter 'index' implicitly has an 'any' type.
src/dojopool/static/js/game.ts(137,26): error TS7005: Variable 'playerMarker' implicitly has an 'any' type.
src/dojopool/static/js/game.ts(169,10): error TS2393: Duplicate function implementation.
src/dojopool/static/js/game.ts(169,29): error TS7006: Parameter 'coin' implicitly has an 'any' type.
src/dojopool/static/js/game.ts(169,35): error TS7006: Parameter 'index' implicitly has an 'any' type.
src/dojopool/static/js/game.ts(183,9): error TS2304: Cannot find name 'coins'.
src/dojopool/static/js/game.ts(188,13): error TS2304: Cannot find name 'coins'.
src/dojopool/static/js/game.ts(189,34): error TS7005: Variable 'playerMarker' implicitly has an 'any' type.
src/dojopool/static/js/game.ts(190,11): error TS2304: Cannot find name 'spawnCoins'.
src/dojopool/static/js/imageLoader.ts(3,7): error TS2300: Duplicate identifier 'ImageLoader'.
src/dojopool/static/js/imageLoader.ts(21,7): error TS2300: Duplicate identifier 'ImageLoader'.
src/dojopool/static/js/imageLoader.ts(23,10): error TS2551: Property 'preloadedImages' does not exist on type 'ImageLoader'. Did you mean 'preloadNextImages'?
src/dojopool/static/js/imageLoader.ts(24,10): error TS2339: Property 'observer' does not exist on type 'ImageLoader'.
src/dojopool/static/js/imageLoader.ts(25,10): error TS2551: Property 'networkQuality' does not exist on type 'ImageLoader'. Did you mean 'getNetworkQuality'?
src/dojopool/static/js/imageLoader.ts(34,48): error TS2339: Property 'detail' does not exist on type 'Event'.
src/dojopool/static/js/imageLoader.ts(40,37): error TS7006: Parameter 'recommendations' implicitly has an 'any' type.
src/dojopool/static/js/imageLoader.ts(40,54): error TS7006: Parameter 'stats' implicitly has an 'any' type.
src/dojopool/static/js/imageLoader.ts(46,12): error TS2551: Property 'networkQuality' does not exist on type 'ImageLoader'. Did you mean 'getNetworkQuality'?
src/dojopool/static/js/imageLoader.ts(71,10): error TS2339: Property 'observer' does not exist on type 'ImageLoader'.
src/dojopool/static/js/imageLoader.ts(79,18): error TS2339: Property 'observer' does not exist on type 'ImageLoader'.
src/dojopool/static/js/imageLoader.ts(93,7): error TS18048: 'navigator.connection' is possibly 'undefined'.
src/dojopool/static/js/imageLoader.ts(94,14): error TS2551: Property 'networkQuality' does not exist on type 'ImageLoader'. Did you mean 'getNetworkQuality'?
src/dojopool/static/js/imageLoader.ts(134,22): error TS7006: Parameter 'availableSizes' implicitly has an 'any' type.
src/dojopool/static/js/imageLoader.ts(136,31): error TS2551: Property 'networkQuality' does not exist on type 'ImageLoader'. Did you mean 'getNetworkQuality'?
src/dojopool/static/js/imageLoader.ts(141,26): error TS2345: Argument of type 'unknown' is not assignable to parameter of type 'string'.
src/dojopool/static/js/imageLoader.ts(141,43): error TS2345: Argument of type 'unknown' is not assignable to parameter of type 'string'.
src/dojopool/static/js/imageLoader.ts(146,9): error TS7031: Binding element '_' implicitly has an 'any' type.
src/dojopool/static/js/imageLoader.ts(146,12): error TS7031: Binding element 'width' implicitly has an 'any' type.
src/dojopool/static/js/imageLoader.ts(184,29): error TS7006: Parameter 'src' implicitly has an 'any' type.
src/dojopool/static/js/imageLoader.ts(185,17): error TS2551: Property 'preloadedImages' does not exist on type 'ImageLoader'. Did you mean 'preloadNextImages'?
src/dojopool/static/js/imageLoader.ts(188,14): error TS2551: Property 'preloadedImages' does not exist on type 'ImageLoader'. Did you mean 'preloadNextImages'?
src/dojopool/static/js/imageLoader.ts(194,13): error TS7006: Parameter 'img' implicitly has an 'any' type.
src/dojopool/static/js/imageLoader.ts(233,20): error TS2801: This condition will always return true since this 'Promise<boolean>' is always defined.
src/dojopool/static/js/imageLoader.ts(248,36): error TS2339: Property 'dataset' does not exist on type 'Element'.
src/dojopool/static/js/imageLoader.ts(249,37): error TS2339: Property 'dataset' does not exist on type 'Element'.
src/dojopool/static/js/imageLoader.ts(250,41): error TS2339: Property 'dataset' does not exist on type 'Element'.
src/dojopool/static/js/imageLoader.ts(255,11): error TS2801: This condition will always return true since this 'Promise<boolean>' is always defined.
src/dojopool/static/js/imageLoader.ts(259,27): error TS2339: Property 'src' does not exist on type 'Element'.
src/dojopool/static/js/imageLoader.ts(260,15): error TS2339: Property 'src' does not exist on type 'Element'.
src/dojopool/static/js/imageLoader.ts(287,11): error TS2339: Property 'dataset' does not exist on type 'Element'.
src/dojopool/static/js/imageLoader.ts(287,37): error TS2339: Property 'dataset' does not exist on type 'Element'.
src/dojopool/static/js/imageLoader.ts(288,11): error TS2339: Property 'dataset' does not exist on type 'Element'.
src/dojopool/static/js/imageLoader.ts(288,38): error TS2339: Property 'dataset' does not exist on type 'Element'.
src/dojopool/static/js/imageLoader.ts(289,11): error TS2339: Property 'dataset' does not exist on type 'Element'.
src/dojopool/static/js/imageLoader.ts(289,39): error TS2339: Property 'dataset' does not exist on type 'Element'.
src/dojopool/static/js/imageLoader.ts(291,12): error TS2339: Property 'observer' does not exist on type 'ImageLoader'.
src/dojopool/static/js/leaderboard.ts(3,7): error TS2300: Duplicate identifier 'LeaderboardManager'.
src/dojopool/static/js/leaderboard.ts(9,7): error TS2300: Duplicate identifier 'LeaderboardManager'.
src/dojopool/static/js/leaderboard.ts(11,10): error TS2339: Property 'currentCategory' does not exist on type 'LeaderboardManager'.
src/dojopool/static/js/leaderboard.ts(12,10): error TS2339: Property 'currentPeriod' does not exist on type 'LeaderboardManager'.
src/dojopool/static/js/leaderboard.ts(20,31): error TS18047: 'event.target' is possibly 'null'.
src/dojopool/static/js/leaderboard.ts(20,44): error TS2339: Property 'id' does not exist on type 'EventTarget'.
src/dojopool/static/js/leaderboard.ts(21,14): error TS2339: Property 'currentCategory' does not exist on type 'LeaderboardManager'.
src/dojopool/static/js/leaderboard.ts(30,43): error TS2339: Property 'currentCategory' does not exist on type 'LeaderboardManager'.
src/dojopool/static/js/leaderboard.ts(30,74): error TS2339: Property 'currentPeriod' does not exist on type 'LeaderboardManager'.
src/dojopool/static/js/leaderboard.ts(40,21): error TS7006: Parameter 'entries' implicitly has an 'any' type.
src/dojopool/static/js/leaderboard.ts(42,15): error TS2339: Property 'currentCategory' does not exist on type 'LeaderboardManager'.
src/dojopool/static/js/leaderboard.ts(46,22): error TS7006: Parameter 'entry' implicitly has an 'any' type.
src/dojopool/static/js/leaderboard.ts(66,21): error TS7006: Parameter 'rank' implicitly has an 'any' type.
src/dojopool/static/js/leaderboard.ts(73,13): error TS7006: Parameter 'message' implicitly has an 'any' type.
src/dojopool/static/js/leaderboard.ts(81,5): error TS2531: Object is possibly 'null'.
src/dojopool/static/js/main.ts(3,10): error TS2393: Duplicate function implementation.
src/dojopool/static/js/main.ts(7,10): error TS2393: Duplicate function implementation.
src/dojopool/static/js/main.ts(11,10): error TS2393: Duplicate function implementation.
src/dojopool/static/js/main.ts(15,10): error TS2393: Duplicate function implementation.
src/dojopool/static/js/main.ts(43,11): error TS18046: 'registration.periodicSync' is of type 'unknown'.
src/dojopool/static/js/main.ts(47,21): error TS7006: Parameter 'error' implicitly has an 'any' type.
src/dojopool/static/js/main.ts(59,5): error TS7034: Variable 'deferredPrompt' implicitly has type 'any' in some locations where its type cannot be determined.
src/dojopool/static/js/main.ts(75,9): error TS7005: Variable 'deferredPrompt' implicitly has an 'any' type.
src/dojopool/static/js/main.ts(99,10): error TS2393: Duplicate function implementation.
src/dojopool/static/js/main.ts(115,16): error TS2393: Duplicate function implementation.
src/dojopool/static/js/main.ts(115,28): error TS1064: The return type of an async function or method must be the global Promise<T> type. Did you mean to write 'Promise<any>'?
src/dojopool/static/js/main.ts(125,5): error TS7034: Variable 'refreshInterval' implicitly has type 'any' in some locations where its type cannot be determined.
src/dojopool/static/js/main.ts(127,10): error TS2393: Duplicate function implementation.
src/dojopool/static/js/main.ts(140,10): error TS2393: Duplicate function implementation.
src/dojopool/static/js/main.ts(141,7): error TS7005: Variable 'refreshInterval' implicitly has an 'any' type.
src/dojopool/static/js/managers/__mocks__/webgl-context-manager.ts(2,7): error TS2451: Cannot redeclare block-scoped variable 'mockWebGLContext'.
src/dojopool/static/js/managers/__mocks__/webgl-context-manager.ts(42,7): error TS2451: Cannot redeclare block-scoped variable 'mockCanvas'.
src/dojopool/static/js/managers/__tests__/buffer-manager.test.ts(47,20): error TS2674: Constructor of class 'WebGLContextManager' is protected and only accessible within the class declaration.
src/dojopool/static/js/managers/__tests__/buffer-manager.test.ts(75,35): error TS2339: Property 'createBuffer' does not exist on type 'WebGLContextManager'.
src/dojopool/static/js/managers/__tests__/buffer-manager.test.ts(94,35): error TS2339: Property 'createBuffer' does not exist on type 'WebGLContextManager'.
src/dojopool/static/js/managers/__tests__/buffer-manager.test.ts(115,35): error TS2339: Property 'createBuffer' does not exist on type 'WebGLContextManager'.
src/dojopool/static/js/managers/__tests__/buffer-manager.test.ts(132,20): error TS2339: Property 'deleteBuffer' does not exist on type 'WebGLContextManager'.
src/dojopool/static/js/managers/__tests__/buffer-manager.test.ts(138,20): error TS2339: Property 'deleteBuffer' does not exist on type 'WebGLContextManager'.
src/dojopool/static/js/managers/__tests__/buffer-manager.test.ts(153,20): error TS2339: Property 'updateBuffer' does not exist on type 'WebGLContextManager'.
src/dojopool/static/js/managers/__tests__/buffer-manager.test.ts(173,20): error TS2339: Property 'updateBuffer' does not exist on type 'WebGLContextManager'.
src/dojopool/static/js/managers/__tests__/buffer-manager.test.ts(195,20): error TS2339: Property 'cleanupBufferPool' does not exist on type 'WebGLContextManager'.
src/dojopool/static/js/managers/__tests__/buffer-manager.test.ts(206,20): error TS2339: Property 'cleanupBufferPool' does not exist on type 'WebGLContextManager'.
src/dojopool/static/js/managers/__tests__/buffer-manager.test.ts(216,20): error TS2339: Property 'createBuffer' does not exist on type 'WebGLContextManager'.
src/dojopool/static/js/managers/__tests__/buffer-manager.test.ts(229,20): error TS2339: Property 'createBuffer' does not exist on type 'WebGLContextManager'.
src/dojopool/static/js/managers/__tests__/buffer-manager.test.ts(230,20): error TS2339: Property 'deleteBuffer' does not exist on type 'WebGLContextManager'.
src/dojopool/static/js/managers/__tests__/mobile-device-tests.ts(61,34): error TS2684: The 'this' context of type 'typeof DeviceProfileManager' is not assignable to method's 'this' of type 'new () => DeviceProfileManager'.
  Cannot assign a 'protected' constructor type to a 'public' constructor type.
src/dojopool/static/js/managers/__tests__/mobile-device-tests.ts(61,55): error TS2445: Property 'getInstance' is protected and only accessible within class 'BaseManager<T>' and its subclasses.
src/dojopool/static/js/managers/__tests__/mobile-device-tests.ts(111,27): error TS2684: The 'this' context of type 'typeof DeviceProfileManager' is not assignable to method's 'this' of type 'new () => DeviceProfileManager'.
  Cannot assign a 'protected' constructor type to a 'public' constructor type.
src/dojopool/static/js/managers/__tests__/mobile-device-tests.ts(111,48): error TS2445: Property 'getInstance' is protected and only accessible within class 'BaseManager<T>' and its subclasses.
src/dojopool/static/js/managers/__tests__/mobile-device-tests.ts(120,30): error TS2684: The 'this' context of type 'typeof DeviceProfileManager' is not assignable to method's 'this' of type 'new () => DeviceProfileManager'.
  Cannot assign a 'protected' constructor type to a 'public' constructor type.
src/dojopool/static/js/managers/__tests__/mobile-device-tests.ts(120,51): error TS2445: Property 'getInstance' is protected and only accessible within class 'BaseManager<T>' and its subclasses.
src/dojopool/static/js/managers/__tests__/mobile-device-tests.ts(139,27): error TS2684: The 'this' context of type 'typeof DeviceProfileManager' is not assignable to method's 'this' of type 'new () => DeviceProfileManager'.
  Cannot assign a 'protected' constructor type to a 'public' constructor type.
src/dojopool/static/js/managers/__tests__/mobile-device-tests.ts(139,48): error TS2445: Property 'getInstance' is protected and only accessible within class 'BaseManager<T>' and its subclasses.
src/dojopool/static/js/managers/__tests__/mobile-device-tests.ts(159,27): error TS2684: The 'this' context of type 'typeof DeviceProfileManager' is not assignable to method's 'this' of type 'new () => DeviceProfileManager'.
  Cannot assign a 'protected' constructor type to a 'public' constructor type.
src/dojopool/static/js/managers/__tests__/mobile-device-tests.ts(159,48): error TS2445: Property 'getInstance' is protected and only accessible within class 'BaseManager<T>' and its subclasses.
src/dojopool/static/js/managers/__tests__/performance-monitor.test.ts(115,11): error TS2353: Object literal may only specify known properties, and 'width' does not exist in type 'ResourceVisualizerOptions'.
src/dojopool/static/js/managers/__tests__/shader-manager.test.ts(15,9): error TS2558: Expected 0-1 type arguments, but got 2.
src/dojopool/static/js/managers/__tests__/shader-manager.test.ts(17,25): error TS2558: Expected 0-1 type arguments, but got 2.
src/dojopool/static/js/managers/__tests__/shader-manager.test.ts(18,26): error TS2558: Expected 0-1 type arguments, but got 2.
src/dojopool/static/js/managers/__tests__/shader-manager.test.ts(20,9): error TS2558: Expected 0-1 type arguments, but got 2.
src/dojopool/static/js/managers/__tests__/shader-manager.test.ts(22,29): error TS2558: Expected 0-1 type arguments, but got 2.
src/dojopool/static/js/managers/__tests__/shader-manager.test.ts(23,25): error TS2558: Expected 0-1 type arguments, but got 2.
src/dojopool/static/js/managers/__tests__/shader-manager.test.ts(25,9): error TS2558: Expected 0-1 type arguments, but got 2.
src/dojopool/static/js/managers/__tests__/shader-manager.test.ts(27,25): error TS2558: Expected 0-1 type arguments, but got 2.
src/dojopool/static/js/managers/__tests__/shader-manager.test.ts(28,24): error TS2558: Expected 0-1 type arguments, but got 2.
src/dojopool/static/js/managers/__tests__/shader-manager.test.ts(30,9): error TS2558: Expected 0-1 type arguments, but got 2.
src/dojopool/static/js/managers/__tests__/shader-manager.test.ts(32,30): error TS2558: Expected 0-1 type arguments, but got 2.
src/dojopool/static/js/managers/__tests__/shader-manager.test.ts(33,26): error TS2558: Expected 0-1 type arguments, but got 2.
src/dojopool/static/js/managers/__tests__/shader-manager.test.ts(35,9): error TS2558: Expected 0-1 type arguments, but got 2.
src/dojopool/static/js/managers/__tests__/shader-manager.test.ts(38,9): error TS2558: Expected 0-1 type arguments, but got 2.
src/dojopool/static/js/managers/__tests__/shader-manager.test.ts(41,9): error TS2558: Expected 0-1 type arguments, but got 2.
src/dojopool/static/js/managers/__tests__/shader-manager.test.ts(44,9): error TS2558: Expected 0-1 type arguments, but got 2.
src/dojopool/static/js/managers/__tests__/shader-manager.test.ts(46,23): error TS2558: Expected 0-1 type arguments, but got 2.
src/dojopool/static/js/managers/__tests__/shader-manager.test.ts(58,9): error TS2558: Expected 0-1 type arguments, but got 2.
src/dojopool/static/js/managers/__tests__/shader-manager.test.ts(60,28): error TS2558: Expected 0-1 type arguments, but got 2.
src/dojopool/static/js/managers/__tests__/shader-manager.test.ts(61,31): error TS2558: Expected 0-1 type arguments, but got 2.
src/dojopool/static/js/managers/__tests__/shader-manager.test.ts(62,34): error TS2558: Expected 0-1 type arguments, but got 2.
src/dojopool/static/js/managers/__tests__/shader-manager.test.ts(137,55): error TS2554: Expected 1 arguments, but got 0.
src/dojopool/static/js/managers/__tests__/shader-manager.test.ts(163,55): error TS2554: Expected 1 arguments, but got 0.
src/dojopool/static/js/managers/__tests__/shader-manager.test.ts(336,7): error TS18046: 'contextListener' is of type 'unknown'.
src/dojopool/static/js/managers/__tests__/shader-manager.test.ts(356,7): error TS18046: 'contextListener' is of type 'unknown'.
src/dojopool/static/js/managers/__tests__/shader-manager.test.ts(456,45): error TS2339: Property 'mock' does not exist on type '(listener: (event: { type: string; }) => void) => void'.
src/dojopool/static/js/managers/__tests__/shader-manager.test.ts(460,45): error TS2339: Property 'mock' does not exist on type '(listener: (event: { type: string; }) => void) => void'.
src/dojopool/static/js/managers/__tests__/shader-manager.test.ts(489,45): error TS2339: Property 'mock' does not exist on type '(listener: (event: { type: string; }) => void) => void'.
src/dojopool/static/js/managers/__tests__/shader-manager.test.ts(538,45): error TS2339: Property 'mock' does not exist on type '(listener: (event: { type: string; }) => void) => void'.
src/dojopool/static/js/managers/__tests__/system-performance.test.ts(80,5): error TS2717: Subsequent property declarations must have the same type.  Property 'memory' must be of type '{ jsHeapSizeLimit: number; totalJSHeapSize: number; usedJSHeapSize: number; } | undefined', but here has type 'MemoryInfo | undefined'.
src/dojopool/static/js/managers/__tests__/texture-manager.test.ts(66,20): error TS2674: Constructor of class 'WebGLContextManager' is protected and only accessible within the class declaration.
src/dojopool/static/js/managers/__tests__/texture-manager.test.ts(168,36): error TS2339: Property 'COMPRESSED_RGBA_S3TC_DXT5_EXT' does not exist on type 'WebGLRenderingContext'.
src/dojopool/static/js/managers/__tests__/texture-manager.test.ts(173,36): error TS2339: Property 'COMPRESSED_RGBA8_ETC2_EAC' does not exist on type 'WebGLRenderingContext'.
src/dojopool/static/js/managers/__tests__/texture-manager.test.ts(178,36): error TS2339: Property 'COMPRESSED_RGBA_ASTC_4x4_KHR' does not exist on type 'WebGLRenderingContext'.
src/dojopool/static/js/managers/__tests__/texture-manager.test.ts(187,22): error TS2674: Constructor of class 'WebGLContextManager' is protected and only accessible within the class declaration.
src/dojopool/static/js/managers/__tests__/texture-manager.test.ts(201,53): error TS2339: Property 'COMPRESSED_RGBA8_ETC2_EAC' does not exist on type 'WebGLRenderingContext'.
src/dojopool/static/js/managers/__tests__/texture-manager.test.ts(208,22): error TS2674: Constructor of class 'WebGLContextManager' is protected and only accessible within the class declaration.
src/dojopool/static/js/managers/__tests__/transition-manager.test.ts(32,46): error TS2554: Expected 1 arguments, but got 0.
src/dojopool/static/js/managers/__tests__/transition-manager.test.ts(57,33): error TS2551: Property 'setQualityLevel' does not exist on type 'WebGLContextManager'. Did you mean 'getQualityLevel'?
src/dojopool/static/js/managers/__tests__/transition-manager.test.ts(73,33): error TS2551: Property 'setQualityLevel' does not exist on type 'WebGLContextManager'. Did you mean 'getQualityLevel'?
src/dojopool/static/js/managers/__tests__/transition-manager.test.ts(174,33): error TS2551: Property 'setQualityLevel' does not exist on type 'WebGLContextManager'. Did you mean 'getQualityLevel'?
src/dojopool/static/js/managers/device-profile-manager.ts(107,25): error TS2540: Cannot assign to 'devicePixelRatio' because it is a read-only property.
src/dojopool/static/js/managers/device-profile-manager.ts(128,27): error TS2540: Cannot assign to 'isLowPowerMode' because it is a read-only property.
src/dojopool/static/js/managers/device-profile-manager.ts(201,7): error TS18048: 'capabilities.deviceMemory' is possibly 'undefined'.
src/dojopool/static/js/managers/device-profile-manager.ts(202,7): error TS18048: 'capabilities.hardwareConcurrency' is possibly 'undefined'.
src/dojopool/static/js/managers/error-recovery.ts(31,14): error TS2417: Class static side 'typeof ErrorRecoveryManager' incorrectly extends base class static side 'typeof BaseManager'.
  The types returned by 'getInstance()' are incompatible between these types.
    Type 'ErrorRecoveryManager' is not assignable to type 'U'.
      'ErrorRecoveryManager' is assignable to the constraint of type 'U', but 'U' could be instantiated with a different subtype of constraint 'BaseManager<U>'.
src/dojopool/static/js/managers/error-recovery.ts(47,5): error TS2740: Type 'BaseManager<any>' is missing the following properties from type 'ErrorRecoveryManager': recoveryStrategies, recoveryHistory, maxHistorySize, attemptCounts, and 7 more.
src/dojopool/static/js/managers/error-recovery.ts(47,41): error TS2345: Argument of type 'typeof ErrorRecoveryManager' is not assignable to parameter of type 'new () => BaseManager<any>'.
  Cannot assign a 'protected' constructor type to a 'public' constructor type.
src/dojopool/static/js/managers/memory-manager.ts(4,14): error TS2417: Class static side 'typeof MemoryManager' incorrectly extends base class static side 'typeof BaseManager'.
  The types returned by 'getInstance()' are incompatible between these types.
    Type 'MemoryManager' is not assignable to type 'U'.
      'MemoryManager' is assignable to the constraint of type 'U', but 'U' could be instantiated with a different subtype of constraint 'BaseManager<U>'.
src/dojopool/static/js/managers/memory-manager.ts(23,5): error TS2740: Type 'BaseManager<any>' is missing the following properties from type 'MemoryManager': pools, stats, registerPool, getPool, and 2 more.
src/dojopool/static/js/managers/memory-manager.ts(23,41): error TS2345: Argument of type 'typeof MemoryManager' is not assignable to parameter of type 'new () => BaseManager<any>'.
  Cannot assign a 'protected' constructor type to a 'public' constructor type.
src/dojopool/static/js/managers/network-profiler.ts(41,14): error TS2417: Class static side 'typeof NetworkProfiler' incorrectly extends base class static side 'typeof BaseManager'.
  The types returned by 'getInstance()' are incompatible between these types.
    Type 'NetworkProfiler' is not assignable to type 'U'.
      'NetworkProfiler' is assignable to the constraint of type 'U', but 'U' could be instantiated with a different subtype of constraint 'BaseManager<U>'.
src/dojopool/static/js/managers/network-profiler.ts(56,5): error TS2740: Type 'BaseManager<any>' is missing the following properties from type 'NetworkProfiler': requests, history, maxHistory, originalFetch, and 8 more.
src/dojopool/static/js/managers/network-profiler.ts(56,41): error TS2345: Argument of type 'typeof NetworkProfiler' is not assignable to parameter of type 'new () => BaseManager<any>'.
  Cannot assign a 'protected' constructor type to a 'public' constructor type.
src/dojopool/static/js/managers/network-profiler.ts(71,61): error TS2339: Property 'url' does not exist on type 'Request | URL'.
  Property 'url' does not exist on type 'URL'.
src/dojopool/static/js/managers/performance-budget.ts(29,14): error TS2417: Class static side 'typeof PerformanceBudgetManager' incorrectly extends base class static side 'typeof BaseManager'.
  The types returned by 'getInstance(...)' are incompatible between these types.
    Type 'PerformanceBudgetManager' is not assignable to type 'U'.
      'PerformanceBudgetManager' is assignable to the constraint of type 'U', but 'U' could be instantiated with a different subtype of constraint 'BaseManager<U>'.
src/dojopool/static/js/managers/performance-budget.ts(52,5): error TS2740: Type 'BaseManager<any>' is missing the following properties from type 'PerformanceBudgetManager': budget, warningThreshold, violations, maxViolationHistory, and 9 more.
src/dojopool/static/js/managers/performance-budget.ts(53,36): error TS2345: Argument of type 'typeof PerformanceBudgetManager' is not assignable to parameter of type 'new () => BaseManager<any>'.
  Cannot assign a 'protected' constructor type to a 'public' constructor type.
src/dojopool/static/js/managers/performance-monitor.ts(50,14): error TS2417: Class static side 'typeof PerformanceMonitor' incorrectly extends base class static side 'typeof BaseManager'.
  The types returned by 'getInstance(...)' are incompatible between these types.
    Type 'PerformanceMonitor' is not assignable to type 'U'.
      'PerformanceMonitor' is assignable to the constraint of type 'U', but 'U' could be instantiated with a different subtype of constraint 'BaseManager<U>'.
src/dojopool/static/js/managers/performance-monitor.ts(87,5): error TS2740: Type 'BaseManager<any>' is missing the following properties from type 'PerformanceMonitor': workerProfiler, budgetManager, sampleInterval, lastFrameTime, and 13 more.
src/dojopool/static/js/managers/performance-monitor.ts(88,36): error TS2345: Argument of type 'typeof PerformanceMonitor' is not assignable to parameter of type 'new () => BaseManager<any>'.
  Cannot assign a 'protected' constructor type to a 'public' constructor type.
src/dojopool/static/js/managers/performance-profiler.ts(4,3): error TS2440: Import declaration conflicts with local declaration of 'PerformanceMetrics'.
src/dojopool/static/js/managers/performance-profiler.ts(51,14): error TS2417: Class static side 'typeof PerformanceProfiler' incorrectly extends base class static side 'typeof BaseManager'.
  The types returned by 'getInstance()' are incompatible between these types.
    Type 'PerformanceProfiler' is not assignable to type 'U'.
      'PerformanceProfiler' is assignable to the constraint of type 'U', but 'U' could be instantiated with a different subtype of constraint 'BaseManager<U>'.
src/dojopool/static/js/managers/performance-profiler.ts(83,33): error TS2339: Property 'maxSnapshots' does not exist on type 'Partial<ProfilerOptions>'.
src/dojopool/static/js/managers/performance-profiler.ts(84,37): error TS2339: Property 'snapshotIntervalMs' does not exist on type 'Partial<ProfilerOptions>'.
src/dojopool/static/js/managers/performance-profiler.ts(85,40): error TS2339: Property 'autoSnapshot' does not exist on type 'Partial<ProfilerOptions>'.
src/dojopool/static/js/managers/performance-profiler.ts(86,37): error TS2339: Property 'anomalyThreshold' does not exist on type 'Partial<ProfilerOptions>'.
src/dojopool/static/js/managers/performance-profiler.ts(99,5): error TS2740: Type 'BaseManager<any>' is missing the following properties from type 'PerformanceProfiler': metrics, options, lastFrameTime, frameCount, and 32 more.
src/dojopool/static/js/managers/performance-profiler.ts(99,41): error TS2345: Argument of type 'typeof PerformanceProfiler' is not assignable to parameter of type 'new () => BaseManager<any>'.
  Cannot assign a 'protected' constructor type to a 'public' constructor type.
src/dojopool/static/js/managers/performance-profiler.ts(114,7): error TS2353: Object literal may only specify known properties, and 'timestamp' does not exist in type 'PerformanceMetrics'.
src/dojopool/static/js/managers/performance-profiler.ts(136,9): error TS2353: Object literal may only specify known properties, and 'heapUsed' does not exist in type '{ jsHeapSize: number; totalJSHeapSize: number; usedJSHeapSize: number; }'.
src/dojopool/static/js/managers/performance-profiler.ts(142,7): error TS2353: Object literal may only specify known properties, and 'heapUsed' does not exist in type '{ jsHeapSize: number; totalJSHeapSize: number; usedJSHeapSize: number; }'.
src/dojopool/static/js/managers/performance-profiler.ts(152,17): error TS2551: Property 'frameProcessingTime' does not exist on type 'PerformanceMetrics'. Did you mean 'processingTime'?
src/dojopool/static/js/managers/performance-profiler.ts(154,48): error TS2551: Property 'frameProcessingTime' does not exist on type 'PerformanceMetrics'. Did you mean 'processingTime'?
src/dojopool/static/js/managers/performance-profiler.ts(159,7): error TS18048: 'metrics.memoryUsage' is possibly 'undefined'.
src/dojopool/static/js/managers/performance-profiler.ts(159,27): error TS2339: Property 'heapUsed' does not exist on type '{ jsHeapSize: number; totalJSHeapSize: number; usedJSHeapSize: number; }'.
src/dojopool/static/js/managers/performance-profiler.ts(159,38): error TS18048: 'metrics.memoryUsage' is possibly 'undefined'.
src/dojopool/static/js/managers/performance-profiler.ts(159,58): error TS2339: Property 'heapTotal' does not exist on type '{ jsHeapSize: number; totalJSHeapSize: number; usedJSHeapSize: number; }'.
src/dojopool/static/js/managers/performance-profiler.ts(217,13): error TS2551: Property 'frameProcessingTime' does not exist on type 'PerformanceMetrics'. Did you mean 'processingTime'?
src/dojopool/static/js/managers/performance-profiler.ts(217,43): error TS2551: Property 'frameProcessingTime' does not exist on type 'PerformanceMetrics'. Did you mean 'processingTime'?
src/dojopool/static/js/managers/performance-profiler.ts(220,9): error TS2353: Object literal may only specify known properties, and 'heapUsed' does not exist in type '{ jsHeapSize: number; totalJSHeapSize: number; usedJSHeapSize: number; }'.
src/dojopool/static/js/managers/performance-profiler.ts(220,19): error TS18048: 'acc.memoryUsage' is possibly 'undefined'.
src/dojopool/static/js/managers/performance-profiler.ts(220,35): error TS2339: Property 'heapUsed' does not exist on type '{ jsHeapSize: number; totalJSHeapSize: number; usedJSHeapSize: number; }'.
src/dojopool/static/js/managers/performance-profiler.ts(220,46): error TS18048: 'metrics.memoryUsage' is possibly 'undefined'.
src/dojopool/static/js/managers/performance-profiler.ts(220,66): error TS2339: Property 'heapUsed' does not exist on type '{ jsHeapSize: number; totalJSHeapSize: number; usedJSHeapSize: number; }'.
src/dojopool/static/js/managers/performance-profiler.ts(221,20): error TS18048: 'acc.memoryUsage' is possibly 'undefined'.
src/dojopool/static/js/managers/performance-profiler.ts(221,36): error TS2339: Property 'heapTotal' does not exist on type '{ jsHeapSize: number; totalJSHeapSize: number; usedJSHeapSize: number; }'.
src/dojopool/static/js/managers/performance-profiler.ts(221,48): error TS18048: 'metrics.memoryUsage' is possibly 'undefined'.
src/dojopool/static/js/managers/performance-profiler.ts(221,68): error TS2339: Property 'heapTotal' does not exist on type '{ jsHeapSize: number; totalJSHeapSize: number; usedJSHeapSize: number; }'.
src/dojopool/static/js/managers/performance-profiler.ts(223,11): error TS18048: 'acc.memoryUsage' is possibly 'undefined'.
src/dojopool/static/js/managers/performance-profiler.ts(223,27): error TS2339: Property 'externalMemory' does not exist on type '{ jsHeapSize: number; totalJSHeapSize: number; usedJSHeapSize: number; }'.
src/dojopool/static/js/managers/performance-profiler.ts(223,44): error TS18048: 'metrics.memoryUsage' is possibly 'undefined'.
src/dojopool/static/js/managers/performance-profiler.ts(223,64): error TS2339: Property 'externalMemory' does not exist on type '{ jsHeapSize: number; totalJSHeapSize: number; usedJSHeapSize: number; }'.
src/dojopool/static/js/managers/performance-profiler.ts(226,14): error TS2339: Property 'shotDetectionTime' does not exist on type 'PerformanceMetrics'.
src/dojopool/static/js/managers/performance-profiler.ts(226,49): error TS2339: Property 'shotDetectionTime' does not exist on type 'PerformanceMetrics'.
src/dojopool/static/js/managers/performance-profiler.ts(227,28): error TS2339: Property 'shotConfidence' does not exist on type 'PerformanceMetrics'.
src/dojopool/static/js/managers/performance-profiler.ts(227,60): error TS2339: Property 'shotConfidence' does not exist on type 'PerformanceMetrics'.
src/dojopool/static/js/managers/performance-profiler.ts(232,16): error TS2339: Property 'shotDetectionTime' does not exist on type 'PerformanceMetrics'.
src/dojopool/static/js/managers/performance-profiler.ts(236,32): error TS2551: Property 'frameProcessingTime' does not exist on type 'PerformanceMetrics'. Did you mean 'processingTime'?
src/dojopool/static/js/managers/performance-profiler.ts(239,9): error TS2353: Object literal may only specify known properties, and 'heapUsed' does not exist in type '{ jsHeapSize: number; totalJSHeapSize: number; usedJSHeapSize: number; }'.
src/dojopool/static/js/managers/performance-profiler.ts(239,19): error TS18048: 'sum.memoryUsage' is possibly 'undefined'.
src/dojopool/static/js/managers/performance-profiler.ts(239,35): error TS2339: Property 'heapUsed' does not exist on type '{ jsHeapSize: number; totalJSHeapSize: number; usedJSHeapSize: number; }'.
src/dojopool/static/js/managers/performance-profiler.ts(240,20): error TS18048: 'sum.memoryUsage' is possibly 'undefined'.
src/dojopool/static/js/managers/performance-profiler.ts(240,36): error TS2339: Property 'heapTotal' does not exist on type '{ jsHeapSize: number; totalJSHeapSize: number; usedJSHeapSize: number; }'.
src/dojopool/static/js/managers/performance-profiler.ts(241,25): error TS18048: 'sum.memoryUsage' is possibly 'undefined'.
src/dojopool/static/js/managers/performance-profiler.ts(241,41): error TS2339: Property 'externalMemory' does not exist on type '{ jsHeapSize: number; totalJSHeapSize: number; usedJSHeapSize: number; }'.
src/dojopool/static/js/managers/performance-profiler.ts(244,32): error TS2339: Property 'shotDetectionTime' does not exist on type 'PerformanceMetrics'.
src/dojopool/static/js/managers/performance-profiler.ts(245,29): error TS2339: Property 'shotConfidence' does not exist on type 'PerformanceMetrics'.
src/dojopool/static/js/managers/performance-profiler.ts(368,12): error TS2540: Cannot assign to 'snapshotInterval' because it is a read-only property.
src/dojopool/static/js/managers/performance-reporter.ts(16,14): error TS2417: Class static side 'typeof PerformanceReporter' incorrectly extends base class static side 'typeof BaseManager'.
  The types returned by 'getInstance(...)' are incompatible between these types.
    Type 'PerformanceReporter' is not assignable to type 'U'.
      'PerformanceReporter' is assignable to the constraint of type 'U', but 'U' could be instantiated with a different subtype of constraint 'BaseManager<U>'.
src/dojopool/static/js/managers/performance-reporter.ts(38,5): error TS2740: Type 'BaseManager<any>' is missing the following properties from type 'PerformanceReporter': reports, options, addReport, exportReport, and 22 more.
src/dojopool/static/js/managers/performance-reporter.ts(39,36): error TS2345: Argument of type 'typeof PerformanceReporter' is not assignable to parameter of type 'new () => BaseManager<any>'.
  Cannot assign a 'protected' constructor type to a 'public' constructor type.
src/dojopool/static/js/managers/performance-visualizer.ts(22,14): error TS2417: Class static side 'typeof PerformanceVisualizer' incorrectly extends base class static side 'typeof BaseManager'.
  Types of property 'getInstance' are incompatible.
    Type '(options: VisualizerOptions) => PerformanceVisualizer' is not assignable to type '<U extends BaseManager<U>>(this: new () => U) => U'.
      Target signature provides too few arguments. Expected 1 or more, but got 0.
src/dojopool/static/js/managers/performance-visualizer.ts(68,5): error TS2740: Type 'BaseManager<any>' is missing the following properties from type 'PerformanceVisualizer': container, canvas, ctx, width, and 15 more.
src/dojopool/static/js/managers/performance-visualizer.ts(69,36): error TS2345: Argument of type 'typeof PerformanceVisualizer' is not assignable to parameter of type 'new () => BaseManager<any>'.
  Cannot assign a 'protected' constructor type to a 'public' constructor type.
src/dojopool/static/js/managers/resource-visualizer.ts(16,14): error TS2417: Class static side 'typeof ResourceVisualizer' incorrectly extends base class static side 'typeof BaseManager'.
  Types of property 'getInstance' are incompatible.
    Type '(options: ResourceVisualizerOptions) => ResourceVisualizer' is not assignable to type '<U extends BaseManager<U>>(this: new () => U) => U'.
      Target signature provides too few arguments. Expected 1 or more, but got 0.
src/dojopool/static/js/managers/resource-visualizer.ts(69,5): error TS2740: Type 'BaseManager<any>' is missing the following properties from type 'ResourceVisualizer': container, canvas, ctx, size, and 8 more.
src/dojopool/static/js/managers/resource-visualizer.ts(70,36): error TS2345: Argument of type 'typeof ResourceVisualizer' is not assignable to parameter of type 'new () => BaseManager<any>'.
  Cannot assign a 'protected' constructor type to a 'public' constructor type.
src/dojopool/static/js/managers/shader-manager.ts(35,44): error TS2345: Argument of type '(event: WebGLContextEvent) => void' is not assignable to parameter of type '(event: { type: string; }) => void'.
  Types of parameters 'event' and 'event' are incompatible.
    Type '{ type: string; }' is missing the following properties from type 'WebGLContextEvent': statusMessage, bubbles, cancelBubble, cancelable, and 18 more.
src/dojopool/static/js/managers/shader-manager.ts(156,11): error TS2393: Duplicate function implementation.
src/dojopool/static/js/managers/shader-manager.ts(176,11): error TS2393: Duplicate function implementation.
src/dojopool/static/js/managers/shader-manager.ts(234,10): error TS2393: Duplicate function implementation.
src/dojopool/static/js/managers/shader-manager.ts(238,10): error TS2393: Duplicate function implementation.
src/dojopool/static/js/managers/shader-manager.ts(252,7): error TS2345: Argument of type '(event: WebGLContextEvent) => void' is not assignable to parameter of type '(event: { type: string; }) => void'.
  Types of parameters 'event' and 'event' are incompatible.
    Type '{ type: string; }' is missing the following properties from type 'WebGLContextEvent': statusMessage, bubbles, cancelBubble, cancelable, and 18 more.
src/dojopool/static/js/managers/transition-manager.ts(89,25): error TS2551: Property 'setQualityLevel' does not exist on type 'WebGLContextManager'. Did you mean 'getQualityLevel'?
src/dojopool/static/js/managers/webgl-context-manager.ts(151,14): error TS2417: Class static side 'typeof WebGLContextManager' incorrectly extends base class static side 'typeof BaseManager'.
  Types of property 'getInstance' are incompatible.
    Type '(options: WebGLContextOptions) => WebGLContextManager' is not assignable to type '<U extends BaseManager<U>>(this: new () => U) => U'.
      Target signature provides too few arguments. Expected 1 or more, but got 0.
src/dojopool/static/js/managers/webgl-context-manager.ts(386,5): error TS2740: Type 'BaseManager<any>' is missing the following properties from type 'WebGLContextManager': getContext, getQualityLevel, addContextListener, removeContextListener, and 59 more.
src/dojopool/static/js/managers/webgl-context-manager.ts(386,47): error TS2554: Expected 1 arguments, but got 2.
src/dojopool/static/js/managers/webgl-context-manager.ts(392,26): error TS2684: The 'this' context of type 'typeof DeviceProfileManager' is not assignable to method's 'this' of type 'new () => DeviceProfileManager'.
  Cannot assign a 'protected' constructor type to a 'public' constructor type.
src/dojopool/static/js/managers/webgl-context-manager.ts(497,18): error TS2339: Property 'FRAGMENT_SHADER_DERIVATIVE_HINT' does not exist on type 'WebGLRenderingContext | WebGL2RenderingContext'.
  Property 'FRAGMENT_SHADER_DERIVATIVE_HINT' does not exist on type 'WebGLRenderingContext'.
src/dojopool/static/js/managers/webgl-context-manager.ts(620,7): error TS2531: Object is possibly 'null'.
src/dojopool/static/js/managers/webgl-context-manager.ts(621,7): error TS2531: Object is possibly 'null'.
src/dojopool/static/js/managers/webgl-context-manager.ts(621,7): error TS2531: Object is possibly 'null'.
src/dojopool/static/js/managers/webgl-context-manager.ts(645,15): error TS2339: Property 'frameRate' does not exist on type 'readonly PerformanceMetrics[]'.
src/dojopool/static/js/managers/webgl-context-manager.ts(655,15): error TS2339: Property 'frameRate' does not exist on type 'readonly PerformanceMetrics[]'.
src/dojopool/static/js/managers/webgl-context-manager.ts(656,15): error TS2339: Property 'contextLostCount' does not exist on type 'readonly PerformanceMetrics[]'.
src/dojopool/static/js/managers/webgl-context-manager.ts(909,45): error TS2339: Property 'drawCalls' does not exist on type 'readonly PerformanceMetrics[]'.
src/dojopool/static/js/managers/webgl-context-manager.ts(927,40): error TS2551: Property 'TEXTURE_WIDTH' does not exist on type 'WebGLRenderingContext | WebGL2RenderingContext'. Did you mean 'TEXTURE_2D'?
  Property 'TEXTURE_WIDTH' does not exist on type 'WebGLRenderingContext'.
src/dojopool/static/js/managers/webgl-context-manager.ts(928,41): error TS2339: Property 'TEXTURE_HEIGHT' does not exist on type 'WebGLRenderingContext | WebGL2RenderingContext'.
  Property 'TEXTURE_HEIGHT' does not exist on type 'WebGLRenderingContext'.
src/dojopool/static/js/managers/webgl-context-manager.ts(1086,10): error TS2339: Property 'texStorage2D' does not exist on type 'WebGLRenderingContext | WebGL2RenderingContext'.
  Property 'texStorage2D' does not exist on type 'WebGLRenderingContext'.
src/dojopool/static/js/managers/webgl-context-manager.ts(1251,11): error TS1345: An expression of type 'void' cannot be tested for truthiness.
src/dojopool/static/js/managers/webgl-context-manager.ts(1251,11): error TS1345: An expression of type 'void' cannot be tested for truthiness.
src/dojopool/static/js/managers/webgl-context-manager.ts(1469,28): error TS2339: Property 'streamingTextures' does not exist on type 'never'.
src/dojopool/static/js/managers/webgl-context-manager.ts(1470,45): error TS2339: Property 'streamingTextures' does not exist on type 'never'.
src/dojopool/static/js/managers/webgl-context-manager.ts(1476,28): error TS2339: Property 'gl' does not exist on type 'never'.
src/dojopool/static/js/managers/webgl-context-manager.ts(1477,45): error TS2339: Property 'textureAtlases' does not exist on type 'never'.
src/dojopool/static/js/managers/webgl-context-manager.ts(1478,27): error TS2339: Property 'gl' does not exist on type 'never'.
src/dojopool/static/js/managers/webgl-context-manager.ts(1482,28): error TS2339: Property 'textureWorker' does not exist on type 'never'.
src/dojopool/static/js/managers/webgl-context-manager.ts(1483,25): error TS2339: Property 'textureWorker' does not exist on type 'never'.
src/dojopool/static/js/managers/webgl-context-manager.ts(1640,15): error TS2345: Argument of type 'HTMLCanvasElement' is not assignable to parameter of type 'ArrayBufferView<ArrayBufferLike>'.
  Type 'HTMLCanvasElement' is missing the following properties from type 'ArrayBufferView<ArrayBufferLike>': buffer, byteLength, byteOffset
src/dojopool/static/js/managers/webgl-profiler.ts(17,14): error TS2417: Class static side 'typeof WebGLProfiler' incorrectly extends base class static side 'typeof BaseManager'.
  Types of property 'getInstance' are incompatible.
    Type '(gl: WebGLRenderingContext | WebGL2RenderingContext) => WebGLProfiler' is not assignable to type '<U extends BaseManager<U>>(this: new () => U) => U'.
      Target signature provides too few arguments. Expected 1 or more, but got 0.
src/dojopool/static/js/managers/webgl-profiler.ts(19,16): error TS2304: Cannot find name 'EXT_disjoint_timer_query'.
src/dojopool/static/js/managers/webgl-profiler.ts(40,5): error TS2740: Type 'BaseManager<any>' is missing the following properties from type 'WebGLProfiler': gl, ext, activeQuery, lastGPUTime, and 10 more.
src/dojopool/static/js/managers/webgl-profiler.ts(40,41): error TS2345: Argument of type 'typeof WebGLProfiler' is not assignable to parameter of type 'new () => BaseManager<any>'.
  Cannot assign a 'protected' constructor type to a 'public' constructor type.
src/dojopool/static/js/managers/webgl-profiler.ts(59,33): error TS2551: Property 'getQueryParameter' does not exist on type 'WebGLRenderingContext | WebGL2RenderingContext'. Did you mean 'getBufferParameter'?
  Property 'getQueryParameter' does not exist on type 'WebGLRenderingContext'.
src/dojopool/static/js/managers/webgl-profiler.ts(61,17): error TS2339: Property 'QUERY_RESULT_AVAILABLE' does not exist on type 'WebGLRenderingContext | WebGL2RenderingContext'.
  Property 'QUERY_RESULT_AVAILABLE' does not exist on type 'WebGLRenderingContext'.
src/dojopool/static/js/managers/webgl-profiler.ts(65,19): error TS2551: Property 'getQueryParameter' does not exist on type 'WebGLRenderingContext | WebGL2RenderingContext'. Did you mean 'getBufferParameter'?
  Property 'getQueryParameter' does not exist on type 'WebGLRenderingContext'.
src/dojopool/static/js/managers/webgl-profiler.ts(65,63): error TS2339: Property 'QUERY_RESULT' does not exist on type 'WebGLRenderingContext | WebGL2RenderingContext'.
  Property 'QUERY_RESULT' does not exist on type 'WebGLRenderingContext'.
src/dojopool/static/js/managers/webgl-profiler.ts(67,17): error TS2339: Property 'deleteQuery' does not exist on type 'WebGLRenderingContext | WebGL2RenderingContext'.
  Property 'deleteQuery' does not exist on type 'WebGLRenderingContext'.
src/dojopool/static/js/managers/webgl-profiler.ts(74,34): error TS2339: Property 'createQuery' does not exist on type 'WebGLRenderingContext | WebGL2RenderingContext'.
  Property 'createQuery' does not exist on type 'WebGLRenderingContext'.
src/dojopool/static/js/managers/webgl-profiler.ts(75,15): error TS2339: Property 'beginQuery' does not exist on type 'WebGLRenderingContext | WebGL2RenderingContext'.
  Property 'beginQuery' does not exist on type 'WebGLRenderingContext'.
src/dojopool/static/js/managers/webgl-profiler.ts(85,15): error TS2339: Property 'endQuery' does not exist on type 'WebGLRenderingContext | WebGL2RenderingContext'.
  Property 'endQuery' does not exist on type 'WebGLRenderingContext'.
src/dojopool/static/js/managers/webgl-profiler.ts(129,15): error TS2339: Property 'deleteQuery' does not exist on type 'WebGLRenderingContext | WebGL2RenderingContext'.
  Property 'deleteQuery' does not exist on type 'WebGLRenderingContext'.
src/dojopool/static/js/managers/worker-profiler.ts(19,14): error TS2417: Class static side 'typeof WorkerProfiler' incorrectly extends base class static side 'typeof BaseManager'.
  The types returned by 'getInstance()' are incompatible between these types.
    Type 'WorkerProfiler' is not assignable to type 'U'.
      'WorkerProfiler' is assignable to the constraint of type 'U', but 'U' could be instantiated with a different subtype of constraint 'BaseManager<U>'.
src/dojopool/static/js/managers/worker-profiler.ts(36,5): error TS2740: Type 'BaseManager<any>' is missing the following properties from type 'WorkerProfiler': workers, measurementWindow, taskHistory, registerWorker, and 6 more.
src/dojopool/static/js/managers/worker-profiler.ts(36,41): error TS2345: Argument of type 'typeof WorkerProfiler' is not assignable to parameter of type 'new () => BaseManager<any>'.
  Cannot assign a 'protected' constructor type to a 'public' constructor type.
src/dojopool/static/js/managers/worker-profiler.ts(62,5): error TS2322: Type '(message: any, transfer?: Transferable[]) => void' is not assignable to type '{ (message: any, transfer: Transferable[]): void; (message: any, options?: StructuredSerializeOptions | undefined): void; (message: any, transfer: Transferable[]): void; (message: any, options?: StructuredSerializeOptions | undefined): void; }'.
  Types of parameters 'transfer' and 'options' are incompatible.
    Type 'StructuredSerializeOptions | undefined' is not assignable to type 'Transferable[] | undefined'.
      Type 'StructuredSerializeOptions' is missing the following properties from type 'Transferable[]': length, pop, push, concat, and 35 more.
src/dojopool/static/js/managers/worker-profiler.ts(76,45): error TS2769: No overload matches this call.
  The last overload gave the following error.
    Argument of type 'Transferable[] | undefined' is not assignable to parameter of type 'StructuredSerializeOptions | undefined'.
      Type 'Transferable[]' has no properties in common with type 'StructuredSerializeOptions'.
src/dojopool/static/js/map.ts(3,1): error TS6200: Definitions of the following identifiers conflict with those in another file: Territory, map, playerMarker, service, markers, currentInfoWindow, VenueStatus, VenueRank, VenueProgression, PlayerStats, PlayerProgression, PlayerAchievements, gameMapStyle, territoryOverlay, originalSearchVenues, captureStyles, EventTypes, EventRewards, activeEvents, TerritoryConstants, territories, territoryPolygons, heatmap, originalInitMap
src/dojopool/static/js/map.ts(3,10): error TS2393: Duplicate function implementation.
src/dojopool/static/js/map.ts(7,10): error TS2393: Duplicate function implementation.
src/dojopool/static/js/map.ts(11,10): error TS2393: Duplicate function implementation.
src/dojopool/static/js/map.ts(15,10): error TS2393: Duplicate function implementation.
src/dojopool/static/js/map.ts(19,10): error TS2393: Duplicate function implementation.
src/dojopool/static/js/map.ts(23,10): error TS2393: Duplicate function implementation.
src/dojopool/static/js/map.ts(27,10): error TS2393: Duplicate function implementation.
src/dojopool/static/js/map.ts(31,10): error TS2393: Duplicate function implementation.
src/dojopool/static/js/map.ts(35,10): error TS2393: Duplicate function implementation.
src/dojopool/static/js/map.ts(39,10): error TS2393: Duplicate function implementation.
src/dojopool/static/js/map.ts(43,10): error TS2393: Duplicate function implementation.
src/dojopool/static/js/map.ts(47,10): error TS2393: Duplicate function implementation.
src/dojopool/static/js/map.ts(51,10): error TS2393: Duplicate function implementation.
src/dojopool/static/js/map.ts(55,10): error TS2393: Duplicate function implementation.
src/dojopool/static/js/map.ts(59,10): error TS2393: Duplicate function implementation.
src/dojopool/static/js/map.ts(63,10): error TS2393: Duplicate function implementation.
src/dojopool/static/js/map.ts(67,10): error TS2393: Duplicate function implementation.
src/dojopool/static/js/map.ts(71,10): error TS2393: Duplicate function implementation.
src/dojopool/static/js/map.ts(75,10): error TS2393: Duplicate function implementation.
src/dojopool/static/js/map.ts(79,10): error TS2393: Duplicate function implementation.
src/dojopool/static/js/map.ts(83,10): error TS2393: Duplicate function implementation.
src/dojopool/static/js/map.ts(87,10): error TS2393: Duplicate function implementation.
src/dojopool/static/js/map.ts(91,10): error TS2393: Duplicate function implementation.
src/dojopool/static/js/map.ts(95,10): error TS2393: Duplicate function implementation.
src/dojopool/static/js/map.ts(99,10): error TS2393: Duplicate function implementation.
src/dojopool/static/js/map.ts(103,10): error TS2393: Duplicate function implementation.
src/dojopool/static/js/map.ts(107,10): error TS2393: Duplicate function implementation.
src/dojopool/static/js/map.ts(111,10): error TS2393: Duplicate function implementation.
src/dojopool/static/js/map.ts(115,10): error TS2393: Duplicate function implementation.
src/dojopool/static/js/map.ts(119,10): error TS2393: Duplicate function implementation.
src/dojopool/static/js/map.ts(123,10): error TS2393: Duplicate function implementation.
src/dojopool/static/js/map.ts(127,10): error TS2393: Duplicate function implementation.
src/dojopool/static/js/map.ts(131,10): error TS2393: Duplicate function implementation.
src/dojopool/static/js/map.ts(135,10): error TS2393: Duplicate function implementation.
src/dojopool/static/js/map.ts(139,10): error TS2393: Duplicate function implementation.
src/dojopool/static/js/map.ts(143,10): error TS2393: Duplicate function implementation.
src/dojopool/static/js/map.ts(147,10): error TS2393: Duplicate function implementation.
src/dojopool/static/js/map.ts(151,10): error TS2393: Duplicate function implementation.
src/dojopool/static/js/map.ts(155,10): error TS2393: Duplicate function implementation.
src/dojopool/static/js/map.ts(159,10): error TS2393: Duplicate function implementation.
src/dojopool/static/js/map.ts(163,10): error TS2393: Duplicate function implementation.
src/dojopool/static/js/map.ts(167,10): error TS2393: Duplicate function implementation.
src/dojopool/static/js/map.ts(171,10): error TS2393: Duplicate function implementation.
src/dojopool/static/js/map.ts(175,10): error TS2393: Duplicate function implementation.
src/dojopool/static/js/map.ts(179,10): error TS2393: Duplicate function implementation.
src/dojopool/static/js/map.ts(183,10): error TS2393: Duplicate function implementation.
src/dojopool/static/js/map.ts(187,10): error TS2393: Duplicate function implementation.
src/dojopool/static/js/map.ts(191,10): error TS2393: Duplicate function implementation.
src/dojopool/static/js/map.ts(195,10): error TS2393: Duplicate function implementation.
src/dojopool/static/js/map.ts(199,10): error TS2393: Duplicate function implementation.
src/dojopool/static/js/map.ts(203,10): error TS2393: Duplicate function implementation.
src/dojopool/static/js/map.ts(207,10): error TS2393: Duplicate function implementation.
src/dojopool/static/js/map.ts(211,10): error TS2393: Duplicate function implementation.
src/dojopool/static/js/map.ts(215,10): error TS2393: Duplicate function implementation.
src/dojopool/static/js/map.ts(219,10): error TS2393: Duplicate function implementation.
src/dojopool/static/js/map.ts(223,10): error TS2393: Duplicate function implementation.
src/dojopool/static/js/map.ts(227,10): error TS2393: Duplicate function implementation.
src/dojopool/static/js/map.ts(231,10): error TS2393: Duplicate function implementation.
src/dojopool/static/js/map.ts(235,10): error TS2393: Duplicate function implementation.
src/dojopool/static/js/map.ts(239,10): error TS2393: Duplicate function implementation.
src/dojopool/static/js/map.ts(243,7): error TS2300: Duplicate identifier 'Territory'.
src/dojopool/static/js/map.ts(391,10): error TS2393: Duplicate function implementation.
src/dojopool/static/js/map.ts(551,10): error TS2393: Duplicate function implementation.
src/dojopool/static/js/map.ts(551,22): error TS7006: Parameter 'color' implicitly has an 'any' type.
src/dojopool/static/js/map.ts(551,29): error TS7006: Parameter 'percent' implicitly has an 'any' type.
src/dojopool/static/js/map.ts(571,10): error TS2393: Duplicate function implementation.
src/dojopool/static/js/map.ts(592,10): error TS2393: Duplicate function implementation.
src/dojopool/static/js/map.ts(608,10): error TS2393: Duplicate function implementation.
src/dojopool/static/js/map.ts(629,10): error TS2393: Duplicate function implementation.
src/dojopool/static/js/map.ts(669,1): error TS2322: Type '() => void' is not assignable to type '() => Promise<void>'.
  Type 'void' is not assignable to type 'Promise<void>'.
src/dojopool/static/js/map.ts(707,11): error TS7005: Variable 'map' implicitly has an 'any' type.
src/dojopool/static/js/map.ts(712,15): error TS7005: Variable 'map' implicitly has an 'any' type.
src/dojopool/static/js/map.ts(724,37): error TS7005: Variable 'map' implicitly has an 'any' type.
src/dojopool/static/js/map.ts(735,46): error TS18046: 'error' is of type 'unknown'.
src/dojopool/static/js/map.ts(743,10): error TS2393: Duplicate function implementation.
src/dojopool/static/js/map.ts(754,10): error TS2393: Duplicate function implementation.
src/dojopool/static/js/map.ts(780,3): error TS7005: Variable 'service' implicitly has an 'any' type.
src/dojopool/static/js/map.ts(780,38): error TS7006: Parameter 'poolResults' implicitly has an 'any' type.
src/dojopool/static/js/map.ts(780,51): error TS7006: Parameter 'poolStatus' implicitly has an 'any' type.
src/dojopool/static/js/map.ts(785,5): error TS7005: Variable 'service' implicitly has an 'any' type.
src/dojopool/static/js/map.ts(785,44): error TS7006: Parameter 'barResults' implicitly has an 'any' type.
src/dojopool/static/js/map.ts(785,56): error TS7006: Parameter 'barStatus' implicitly has an 'any' type.
src/dojopool/static/js/map.ts(790,7): error TS7005: Variable 'service' implicitly has an 'any' type.
src/dojopool/static/js/map.ts(790,43): error TS7006: Parameter 'hotelResults' implicitly has an 'any' type.
src/dojopool/static/js/map.ts(790,57): error TS7006: Parameter 'hotelStatus' implicitly has an 'any' type.
src/dojopool/static/js/map.ts(796,9): error TS7005: Variable 'markers' implicitly has an 'any[]' type.
src/dojopool/static/js/map.ts(804,34): error TS7006: Parameter 'results' implicitly has an 'any' type.
src/dojopool/static/js/map.ts(806,30): error TS7006: Parameter 'place' implicitly has an 'any' type.
src/dojopool/static/js/map.ts(823,29): error TS7006: Parameter 'place' implicitly has an 'any' type.
src/dojopool/static/js/map.ts(877,13): error TS7005: Variable 'map' implicitly has an 'any' type.
src/dojopool/static/js/map.ts(898,17): error TS7005: Variable 'currentInfoWindow' implicitly has an 'any' type.
src/dojopool/static/js/map.ts(901,29): error TS7005: Variable 'map' implicitly has an 'any' type.
src/dojopool/static/js/map.ts(920,10): error TS2393: Duplicate function implementation.
src/dojopool/static/js/map.ts(920,30): error TS7006: Parameter 'browserHasGeolocation' implicitly has an 'any' type.
src/dojopool/static/js/map.ts(920,53): error TS7006: Parameter 'pos' implicitly has an 'any' type.
src/dojopool/static/js/map.ts(929,10): error TS2393: Duplicate function implementation.
src/dojopool/static/js/map.ts(941,10): error TS2393: Duplicate function implementation.
src/dojopool/static/js/map.ts(974,10): error TS2393: Duplicate function implementation.
src/dojopool/static/js/map.ts(974,34): error TS7006: Parameter 'place' implicitly has an 'any' type.
src/dojopool/static/js/map.ts(974,41): error TS7006: Parameter 'nameLower' implicitly has an 'any' type.
src/dojopool/static/js/map.ts(1000,10): error TS2393: Duplicate function implementation.
src/dojopool/static/js/map.ts(1000,27): error TS7006: Parameter 'venue' implicitly has an 'any' type.
src/dojopool/static/js/map.ts(1000,34): error TS7006: Parameter 'playerPosition' implicitly has an 'any' type.
src/dojopool/static/js/map.ts(1021,10): error TS2393: Duplicate function implementation.
src/dojopool/static/js/map.ts(1021,28): error TS7006: Parameter 'venue' implicitly has an 'any' type.
src/dojopool/static/js/map.ts(1021,35): error TS7006: Parameter 'playerPosition' implicitly has an 'any' type.
src/dojopool/static/js/map.ts(1034,10): error TS2393: Duplicate function implementation.
src/dojopool/static/js/map.ts(1049,10): error TS2393: Duplicate function implementation.
src/dojopool/static/js/map.ts(1057,10): error TS2393: Duplicate function implementation.
src/dojopool/static/js/map.ts(1058,30): error TS2345: Argument of type '{ center: any; radius: number; venue: any; }' is not assignable to parameter of type 'never'.
src/dojopool/static/js/map.ts(1069,10): error TS2393: Duplicate function implementation.
src/dojopool/static/js/map.ts(1070,7): error TS7005: Variable 'territoryOverlay' implicitly has an 'any' type.
src/dojopool/static/js/map.ts(1075,20): error TS2339: Property 'center' does not exist on type 'never'.
src/dojopool/static/js/map.ts(1076,20): error TS2339: Property 'center' does not exist on type 'never'.
src/dojopool/static/js/map.ts(1087,12): error TS7005: Variable 'map' implicitly has an 'any' type.
src/dojopool/static/js/map.ts(1092,10): error TS2393: Duplicate function implementation.
src/dojopool/static/js/map.ts(1097,10): error TS2304: Cannot find name 'computeConvexHull'.
src/dojopool/static/js/map.ts(1102,1): error TS2630: Cannot assign to 'searchVenues' because it is a function.
src/dojopool/static/js/map.ts(1102,26): error TS7006: Parameter 'location' implicitly has an 'any' type.
src/dojopool/static/js/map.ts(1107,9): error TS7005: Variable 'playerMarker' implicitly has an 'any' type.
src/dojopool/static/js/map.ts(1109,7): error TS7005: Variable 'markers' implicitly has an 'any[]' type.
src/dojopool/static/js/map.ts(1123,10): error TS2393: Duplicate function implementation.
src/dojopool/static/js/map.ts(1123,26): error TS7006: Parameter 'location' implicitly has an 'any' type.
src/dojopool/static/js/map.ts(1123,36): error TS7006: Parameter 'radius' implicitly has an 'any' type.
src/dojopool/static/js/map.ts(1124,10): error TS7005: Variable 'markers' implicitly has an 'any[]' type.
src/dojopool/static/js/map.ts(1136,10): error TS2393: Duplicate function implementation.
src/dojopool/static/js/map.ts(1136,34): error TS7006: Parameter 'venue' implicitly has an 'any' type.
src/dojopool/static/js/map.ts(1136,41): error TS7006: Parameter 'nearbyVenues' implicitly has an 'any' type.
src/dojopool/static/js/map.ts(1144,6): error TS7006: Parameter 'v' implicitly has an 'any' type.
src/dojopool/static/js/map.ts(1149,10): error TS2393: Duplicate function implementation.
src/dojopool/static/js/map.ts(1164,10): error TS2393: Duplicate function implementation.
src/dojopool/static/js/map.ts(1179,10): error TS2393: Duplicate function implementation.
src/dojopool/static/js/map.ts(1194,10): error TS2393: Duplicate function implementation.
src/dojopool/static/js/map.ts(1200,10): error TS2393: Duplicate function implementation.
src/dojopool/static/js/map.ts(1201,23): error TS7005: Variable 'markers' implicitly has an 'any[]' type.
src/dojopool/static/js/map.ts(1210,10): error TS2393: Duplicate function implementation.
src/dojopool/static/js/map.ts(1210,32): error TS7006: Parameter 'venue' implicitly has an 'any' type.
src/dojopool/static/js/map.ts(1210,39): error TS7006: Parameter 'timeSpent' implicitly has an 'any' type.
src/dojopool/static/js/map.ts(1218,10): error TS2393: Duplicate function implementation.
src/dojopool/static/js/map.ts(1227,10): error TS2393: Duplicate function implementation.
src/dojopool/static/js/map.ts(1228,23): error TS7005: Variable 'markers' implicitly has an 'any[]' type.
src/dojopool/static/js/map.ts(1238,10): error TS2393: Duplicate function implementation.
src/dojopool/static/js/map.ts(1238,30): error TS7006: Parameter 'venue' implicitly has an 'any' type.
src/dojopool/static/js/map.ts(1238,37): error TS7006: Parameter 'progress' implicitly has an 'any' type.
src/dojopool/static/js/map.ts(1239,23): error TS7005: Variable 'markers' implicitly has an 'any[]' type.
src/dojopool/static/js/map.ts(1265,10): error TS2393: Duplicate function implementation.
src/dojopool/static/js/map.ts(1266,23): error TS7005: Variable 'markers' implicitly has an 'any[]' type.
src/dojopool/static/js/map.ts(1310,10): error TS2393: Duplicate function implementation.
src/dojopool/static/js/map.ts(1330,10): error TS2393: Duplicate function implementation.
src/dojopool/static/js/map.ts(1341,10): error TS2393: Duplicate function implementation.
src/dojopool/static/js/map.ts(1357,10): error TS2393: Duplicate function implementation.
src/dojopool/static/js/map.ts(1394,10): error TS2393: Duplicate function implementation.
src/dojopool/static/js/map.ts(1403,10): error TS2393: Duplicate function implementation.
src/dojopool/static/js/map.ts(1408,40): error TS2339: Property 'id' does not exist on type '{ level: number; experience: number; influence: number; capturedVenues: number; territory: never[]; achievements: Set<any>; titles: Set<any>; rank: string; nextLevelXP: number; }'.
src/dojopool/static/js/map.ts(1416,10): error TS2393: Duplicate function implementation.
src/dojopool/static/js/map.ts(1423,10): error TS2393: Duplicate function implementation.
src/dojopool/static/js/map.ts(1424,23): error TS7005: Variable 'markers' implicitly has an 'any[]' type.
src/dojopool/static/js/map.ts(1434,10): error TS2393: Duplicate function implementation.
src/dojopool/static/js/map.ts(1464,10): error TS2393: Duplicate function implementation.
src/dojopool/static/js/map.ts(1465,42): error TS2339: Property 'id' does not exist on type '{ level: number; experience: number; influence: number; capturedVenues: number; territory: never[]; achievements: Set<any>; titles: Set<any>; rank: string; nextLevelXP: number; }'.
src/dojopool/static/js/map.ts(1472,10): error TS2393: Duplicate function implementation.
src/dojopool/static/js/map.ts(1473,26): error TS7006: Parameter 'reward' implicitly has an 'any' type.
src/dojopool/static/js/map.ts(1483,9): error TS2304: Cannot find name 'addItemToInventory'.
src/dojopool/static/js/map.ts(1486,9): error TS2304: Cannot find name 'upgradeVenue'.
src/dojopool/static/js/map.ts(1500,7): error TS2300: Duplicate identifier 'Territory'.
src/dojopool/static/js/map.ts(1501,15): error TS7006: Parameter 'center' implicitly has an 'any' type.
src/dojopool/static/js/map.ts(1501,23): error TS7006: Parameter 'owner' implicitly has an 'any' type.
src/dojopool/static/js/map.ts(1502,10): error TS2339: Property 'center' does not exist on type 'Territory'.
src/dojopool/static/js/map.ts(1503,10): error TS2339: Property 'owner' does not exist on type 'Territory'.
src/dojopool/static/js/map.ts(1504,10): error TS2339: Property 'influence' does not exist on type 'Territory'.
src/dojopool/static/js/map.ts(1505,10): error TS2339: Property 'radius' does not exist on type 'Territory'.
src/dojopool/static/js/map.ts(1505,34): error TS2339: Property 'influence' does not exist on type 'Territory'.
src/dojopool/static/js/map.ts(1506,10): error TS2339: Property 'lastUpdate' does not exist on type 'Territory'.
src/dojopool/static/js/map.ts(1507,10): error TS2339: Property 'conflictZones' does not exist on type 'Territory'.
src/dojopool/static/js/map.ts(1510,19): error TS7006: Parameter 'amount' implicitly has an 'any' type.
src/dojopool/static/js/map.ts(1511,46): error TS2339: Property 'lastUpdate' does not exist on type 'Territory'.
src/dojopool/static/js/map.ts(1512,10): error TS2339: Property 'influence' does not exist on type 'Territory'.
src/dojopool/static/js/map.ts(1514,12): error TS2339: Property 'influence' does not exist on type 'Territory'.
src/dojopool/static/js/map.ts(1517,10): error TS2339: Property 'radius' does not exist on type 'Territory'.
src/dojopool/static/js/map.ts(1517,34): error TS2339: Property 'influence' does not exist on type 'Territory'.
src/dojopool/static/js/map.ts(1518,10): error TS2339: Property 'lastUpdate' does not exist on type 'Territory'.
src/dojopool/static/js/map.ts(1526,10): error TS2393: Duplicate function implementation.
src/dojopool/static/js/map.ts(1532,12): error TS7005: Variable 'map' implicitly has an 'any' type.
src/dojopool/static/js/map.ts(1563,10): error TS2393: Duplicate function implementation.
src/dojopool/static/js/map.ts(1564,77): error TS2339: Property 'id' does not exist on type '{ level: number; experience: number; influence: number; capturedVenues: number; territory: never[]; achievements: Set<any>; titles: Set<any>; rank: string; nextLevelXP: number; }'.
src/dojopool/static/js/map.ts(1569,10): error TS2393: Duplicate function implementation.
src/dojopool/static/js/map.ts(1589,9): error TS7005: Variable 'heatmap' implicitly has an 'any' type.
src/dojopool/static/js/map.ts(1598,7): error TS7005: Variable 'heatmap' implicitly has an 'any' type.
src/dojopool/static/js/map.ts(1606,10): error TS2393: Duplicate function implementation.
src/dojopool/static/js/map.ts(1606,33): error TS7006: Parameter 'territory1' implicitly has an 'any' type.
src/dojopool/static/js/map.ts(1606,45): error TS7006: Parameter 'territory2' implicitly has an 'any' type.
src/dojopool/static/js/map.ts(1621,10): error TS2393: Duplicate function implementation.
src/dojopool/static/js/map.ts(1638,12): error TS7005: Variable 'map' implicitly has an 'any' type.
src/dojopool/static/js/map.ts(1650,10): error TS2393: Duplicate function implementation.
src/dojopool/static/js/map.ts(1669,10): error TS2393: Duplicate function implementation.
src/dojopool/static/js/map.ts(1670,22): error TS7005: Variable 'markers' implicitly has an 'any[]' type.
src/dojopool/static/js/map.ts(1688,19): error TS7005: Variable 'map' implicitly has an 'any' type.
src/dojopool/static/js/map.ts(1693,1): error TS2322: Type '() => void' is not assignable to type '() => Promise<void>'.
  Type 'void' is not assignable to type 'Promise<void>'.
src/dojopool/static/js/map.ts(1698,10): error TS2393: Duplicate function implementation.
src/dojopool/static/js/map.ts(1707,10): error TS2393: Duplicate function implementation.
src/dojopool/static/js/map.ts(1722,3): error TS2304: Cannot find name 'checkLevelAchievements'.
src/dojopool/static/js/map.ts(1725,10): error TS2393: Duplicate function implementation.
src/dojopool/static/js/map.ts(1748,10): error TS2393: Duplicate function implementation.
src/dojopool/static/js/map.ts(1748,34): error TS7006: Parameter 'level' implicitly has an 'any' type.
src/dojopool/static/js/map.ts(1748,41): error TS7006: Parameter 'oldNextLevelXP' implicitly has an 'any' type.
src/dojopool/static/js/map.ts(1761,19): error TS7006: Parameter 'reward' implicitly has an 'any' type.
src/dojopool/static/js/map.ts(1772,10): error TS2393: Duplicate function implementation.
src/dojopool/static/js/map.ts(1787,5): error TS2304: Cannot find name 'addItemToInventory'.
src/dojopool/static/js/map.ts(1793,10): error TS2393: Duplicate function implementation.
src/dojopool/static/js/map.ts(1809,10): error TS2393: Duplicate function implementation.
src/dojopool/static/js/map.ts(1821,10): error TS2393: Duplicate function implementation.
src/dojopool/static/js/map.ts(1841,17): error TS2339: Property 'eventWins' does not exist on type '{ level: number; experience: number; influence: number; capturedVenues: number; territory: never[]; achievements: Set<any>; titles: Set<any>; rank: string; nextLevelXP: number; }'.
src/dojopool/static/js/map.ts(1863,10): error TS2393: Duplicate function implementation.
src/dojopool/static/js/map.ts(1885,10): error TS2393: Duplicate function implementation.
src/dojopool/static/js/map.ts(1916,10): error TS2393: Duplicate function implementation.
src/dojopool/static/js/map.ts(1934,5): error TS2304: Cannot find name 'addItemToInventory'.
src/dojopool/static/js/map.ts(1938,10): error TS2393: Duplicate function implementation.
src/dojopool/static/js/maps.ts(3,7): error TS2300: Duplicate identifier 'DojoMap'.
src/dojopool/static/js/maps.ts(15,7): error TS2300: Duplicate identifier 'DojoMap'.
src/dojopool/static/js/maps.ts(16,15): error TS7006: Parameter 'containerId' implicitly has an 'any' type.
src/dojopool/static/js/maps.ts(17,10): error TS2339: Property 'containerId' does not exist on type 'DojoMap'.
src/dojopool/static/js/maps.ts(18,10): error TS2339: Property 'mapInstance' does not exist on type 'DojoMap'.
src/dojopool/static/js/maps.ts(19,10): error TS2339: Property 'markers' does not exist on type 'DojoMap'.
src/dojopool/static/js/maps.ts(20,10): error TS2339: Property 'infoWindow' does not exist on type 'DojoMap'.
src/dojopool/static/js/maps.ts(21,10): error TS2339: Property 'options' does not exist on type 'DojoMap'.
src/dojopool/static/js/maps.ts(22,23): error TS2339: Property 'center' does not exist on type '{}'.
src/dojopool/static/js/maps.ts(23,21): error TS2339: Property 'zoom' does not exist on type '{}'.
src/dojopool/static/js/maps.ts(24,23): error TS2339: Property 'styles' does not exist on type '{}'.
src/dojopool/static/js/maps.ts(25,31): error TS2339: Property 'mapTypeControl' does not exist on type '{}'.
src/dojopool/static/js/maps.ts(26,34): error TS2339: Property 'streetViewControl' does not exist on type '{}'.
src/dojopool/static/js/maps.ts(27,34): error TS2339: Property 'fullscreenControl' does not exist on type '{}'.
src/dojopool/static/js/maps.ts(28,28): error TS2339: Property 'zoomControl' does not exist on type '{}'.
src/dojopool/static/js/maps.ts(38,59): error TS2339: Property 'containerId' does not exist on type 'DojoMap'.
src/dojopool/static/js/maps.ts(40,48): error TS2339: Property 'containerId' does not exist on type 'DojoMap'.
src/dojopool/static/js/maps.ts(44,12): error TS2339: Property 'mapInstance' does not exist on type 'DojoMap'.
src/dojopool/static/js/maps.ts(44,62): error TS2339: Property 'options' does not exist on type 'DojoMap'.
src/dojopool/static/js/maps.ts(47,12): error TS2339: Property 'infoWindow' does not exist on type 'DojoMap'.
src/dojopool/static/js/maps.ts(47,35): error TS2339: Property 'mapInstance' does not exist on type 'DojoMap'.
src/dojopool/static/js/maps.ts(57,18): error TS2339: Property 'mapInstance' does not exist on type 'DojoMap'.
src/dojopool/static/js/maps.ts(78,19): error TS2339: Property 'mapInstance' does not exist on type 'DojoMap'.
src/dojopool/static/js/maps.ts(92,13): error TS7006: Parameter 'id' implicitly has an 'any' type.
src/dojopool/static/js/maps.ts(92,17): error TS7006: Parameter 'options' implicitly has an 'any' type.
src/dojopool/static/js/maps.ts(95,19): error TS2339: Property 'mapInstance' does not exist on type 'DojoMap'.
src/dojopool/static/js/maps.ts(99,12): error TS2339: Property 'markers' does not exist on type 'DojoMap'.
src/dojopool/static/js/maps.ts(111,16): error TS7006: Parameter 'id' implicitly has an 'any' type.
src/dojopool/static/js/maps.ts(112,30): error TS2339: Property 'markers' does not exist on type 'DojoMap'.
src/dojopool/static/js/maps.ts(115,12): error TS2339: Property 'markers' does not exist on type 'DojoMap'.
src/dojopool/static/js/maps.ts(123,10): error TS2339: Property 'markers' does not exist on type 'DojoMap'.
src/dojopool/static/js/maps.ts(123,27): error TS7006: Parameter 'marker' implicitly has an 'any' type.
src/dojopool/static/js/maps.ts(124,10): error TS2339: Property 'markers' does not exist on type 'DojoMap'.
src/dojopool/static/js/maps.ts(131,13): error TS7006: Parameter 'message' implicitly has an 'any' type.
src/dojopool/static/js/maps.ts(147,14): error TS7006: Parameter 'center' implicitly has an 'any' type.
src/dojopool/static/js/maps.ts(147,22): error TS7006: Parameter 'zoom' implicitly has an 'any' type.
src/dojopool/static/js/maps.ts(148,14): error TS2339: Property 'mapInstance' does not exist on type 'DojoMap'.
src/dojopool/static/js/maps.ts(149,12): error TS2339: Property 'mapInstance' does not exist on type 'DojoMap'.
src/dojopool/static/js/maps.ts(150,12): error TS2339: Property 'mapInstance' does not exist on type 'DojoMap'.
src/dojopool/static/js/maps.ts(158,13): error TS7006: Parameter 'venues' implicitly has an 'any' type.
src/dojopool/static/js/maps.ts(159,21): error TS7006: Parameter 'venue' implicitly has an 'any' type.
src/dojopool/static/js/maps.ts(175,14): error TS2339: Property 'infoWindow' does not exist on type 'DojoMap'.
src/dojopool/static/js/maps.ts(176,14): error TS2339: Property 'infoWindow' does not exist on type 'DojoMap'.
src/dojopool/static/js/mapThemes.ts(6,7): error TS2451: Cannot redeclare block-scoped variable 'mapThemes'.
src/dojopool/static/js/mapThemes.ts(100,8): error TS2339: Property 'mapThemes' does not exist on type 'Window & typeof globalThis'.
src/dojopool/static/js/metricsDashboard.ts(3,7): error TS2300: Duplicate identifier 'MetricsDashboard'.
src/dojopool/static/js/metricsDashboard.ts(20,7): error TS2300: Duplicate identifier 'MetricsDashboard'.
src/dojopool/static/js/metricsDashboard.ts(22,10): error TS2339: Property 'container' does not exist on type 'MetricsDashboard'.
src/dojopool/static/js/metricsDashboard.ts(23,10): error TS2339: Property 'charts' does not exist on type 'MetricsDashboard'.
src/dojopool/static/js/metricsDashboard.ts(24,10): error TS2339: Property 'updateInterval' does not exist on type 'MetricsDashboard'.
src/dojopool/static/js/metricsDashboard.ts(36,10): error TS2339: Property 'container' does not exist on type 'MetricsDashboard'.
src/dojopool/static/js/metricsDashboard.ts(37,10): error TS2339: Property 'container' does not exist on type 'MetricsDashboard'.
src/dojopool/static/js/metricsDashboard.ts(41,23): error TS7006: Parameter 'section' implicitly has an 'any' type.
src/dojopool/static/js/metricsDashboard.ts(51,12): error TS2339: Property 'container' does not exist on type 'MetricsDashboard'.
src/dojopool/static/js/metricsDashboard.ts(58,10): error TS2339: Property 'container' does not exist on type 'MetricsDashboard'.
src/dojopool/static/js/metricsDashboard.ts(60,36): error TS2339: Property 'container' does not exist on type 'MetricsDashboard'.
src/dojopool/static/js/metricsDashboard.ts(65,10): error TS2339: Property 'charts' does not exist on type 'MetricsDashboard'.
src/dojopool/static/js/metricsDashboard.ts(88,10): error TS2339: Property 'charts' does not exist on type 'MetricsDashboard'.
src/dojopool/static/js/metricsDashboard.ts(111,10): error TS2339: Property 'charts' does not exist on type 'MetricsDashboard'.
src/dojopool/static/js/metricsDashboard.ts(134,15): error TS7006: Parameter 'canvasId' implicitly has an 'any' type.
src/dojopool/static/js/metricsDashboard.ts(134,25): error TS7006: Parameter 'config' implicitly has an 'any' type.
src/dojopool/static/js/metricsDashboard.ts(135,22): error TS2531: Object is possibly 'null'.
src/dojopool/static/js/metricsDashboard.ts(135,56): error TS2339: Property 'getContext' does not exist on type 'HTMLElement'.
src/dojopool/static/js/metricsDashboard.ts(136,16): error TS2304: Cannot find name 'Chart'.
src/dojopool/static/js/metricsDashboard.ts(140,52): error TS2339: Property 'updateInterval' does not exist on type 'MetricsDashboard'.
src/dojopool/static/js/metricsDashboard.ts(146,36): error TS2339: Property 'detail' does not exist on type 'Event'.
src/dojopool/static/js/metricsDashboard.ts(151,23): error TS7006: Parameter 'type' implicitly has an 'any' type.
src/dojopool/static/js/metricsDashboard.ts(151,29): error TS7006: Parameter 'data' implicitly has an 'any' type.
src/dojopool/static/js/metricsDashboard.ts(154,14): error TS2551: Property 'updateLoadTimeStats' does not exist on type 'MetricsDashboard'. Did you mean 'updateLoadTimeChart'?
src/dojopool/static/js/metricsDashboard.ts(157,14): error TS2551: Property 'updateBandwidthStats' does not exist on type 'MetricsDashboard'. Did you mean 'updateBandwidthChart'?
src/dojopool/static/js/metricsDashboard.ts(160,14): error TS2551: Property 'updateMemoryStats' does not exist on type 'MetricsDashboard'. Did you mean 'updateMemoryChart'?
src/dojopool/static/js/metricsDashboard.ts(174,29): error TS2339: Property 'charts' does not exist on type 'MetricsDashboard'.
src/dojopool/static/js/metricsDashboard.ts(188,29): error TS2339: Property 'charts' does not exist on type 'MetricsDashboard'.
src/dojopool/static/js/metricsDashboard.ts(200,29): error TS2339: Property 'charts' does not exist on type 'MetricsDashboard'.
src/dojopool/static/js/metricsDashboard.ts(211,19): error TS7006: Parameter 'chart' implicitly has an 'any' type.
src/dojopool/static/js/metricsDashboard.ts(211,26): error TS7006: Parameter 'label' implicitly has an 'any' type.
src/dojopool/static/js/metricsDashboard.ts(211,33): error TS7006: Parameter 'value' implicitly has an 'any' type.
src/dojopool/static/js/metricsDashboard.ts(225,15): error TS7006: Parameter 'elementId' implicitly has an 'any' type.
src/dojopool/static/js/metricsDashboard.ts(225,26): error TS7006: Parameter 'stats' implicitly has an 'any' type.
src/dojopool/static/js/metricsDashboard.ts(272,16): error TS7006: Parameter 'alerts' implicitly has an 'any' type.
src/dojopool/static/js/metricsDashboard.ts(277,14): error TS7006: Parameter 'alert' implicitly has an 'any' type.
src/dojopool/static/js/multiplayer.ts(3,10): error TS2393: Duplicate function implementation.
src/dojopool/static/js/multiplayer.ts(7,10): error TS2393: Duplicate function implementation.
src/dojopool/static/js/multiplayer.ts(11,10): error TS2393: Duplicate function implementation.
src/dojopool/static/js/multiplayer.ts(15,10): error TS2393: Duplicate function implementation.
src/dojopool/static/js/multiplayer.ts(22,10): error TS2393: Duplicate function implementation.
src/dojopool/static/js/multiplayer.ts(26,10): error TS2393: Duplicate function implementation.
src/dojopool/static/js/multiplayer.ts(30,10): error TS2393: Duplicate function implementation.
src/dojopool/static/js/multiplayer.ts(34,10): error TS2393: Duplicate function implementation.
src/dojopool/static/js/multiplayer.ts(38,10): error TS2393: Duplicate function implementation.
src/dojopool/static/js/multiplayer.ts(42,10): error TS2393: Duplicate function implementation.
src/dojopool/static/js/multiplayer.ts(46,10): error TS2393: Duplicate function implementation.
src/dojopool/static/js/multiplayer.ts(50,10): error TS2393: Duplicate function implementation.
src/dojopool/static/js/multiplayer.ts(56,5): error TS2451: Cannot redeclare block-scoped variable 'socket'.
src/dojopool/static/js/multiplayer.ts(57,5): error TS2451: Cannot redeclare block-scoped variable 'currentRoom'.
src/dojopool/static/js/multiplayer.ts(58,5): error TS2451: Cannot redeclare block-scoped variable 'activeChallenge'.
src/dojopool/static/js/multiplayer.ts(61,10): error TS2393: Duplicate function implementation.
src/dojopool/static/js/multiplayer.ts(62,12): error TS2304: Cannot find name 'io'.
src/dojopool/static/js/multiplayer.ts(69,29): error TS7006: Parameter 'data' implicitly has an 'any' type.
src/dojopool/static/js/multiplayer.ts(73,29): error TS7006: Parameter 'data' implicitly has an 'any' type.
src/dojopool/static/js/multiplayer.ts(77,36): error TS7006: Parameter 'data' implicitly has an 'any' type.
src/dojopool/static/js/multiplayer.ts(78,32): error TS2304: Cannot find name 'currentPlayerId'.
src/dojopool/static/js/multiplayer.ts(83,35): error TS7006: Parameter 'data' implicitly has an 'any' type.
src/dojopool/static/js/multiplayer.ts(94,36): error TS7006: Parameter 'data' implicitly has an 'any' type.
src/dojopool/static/js/multiplayer.ts(95,9): error TS7005: Variable 'activeChallenge' implicitly has an 'any' type.
src/dojopool/static/js/multiplayer.ts(101,31): error TS7006: Parameter 'data' implicitly has an 'any' type.
src/dojopool/static/js/multiplayer.ts(102,9): error TS7005: Variable 'activeChallenge' implicitly has an 'any' type.
src/dojopool/static/js/multiplayer.ts(107,33): error TS7006: Parameter 'data' implicitly has an 'any' type.
src/dojopool/static/js/multiplayer.ts(108,9): error TS7005: Variable 'activeChallenge' implicitly has an 'any' type.
src/dojopool/static/js/multiplayer.ts(122,43): error TS7006: Parameter 'e' implicitly has an 'any' type.
src/dojopool/static/js/multiplayer.ts(130,9): error TS18047: 'e.target' is possibly 'null'.
src/dojopool/static/js/multiplayer.ts(130,18): error TS2339: Property 'classList' does not exist on type 'EventTarget'.
src/dojopool/static/js/multiplayer.ts(131,31): error TS18047: 'e.target' is possibly 'null'.
src/dojopool/static/js/multiplayer.ts(131,40): error TS2339: Property 'closest' does not exist on type 'EventTarget'.
src/dojopool/static/js/multiplayer.ts(141,27): error TS2531: Object is possibly 'null'.
src/dojopool/static/js/multiplayer.ts(141,74): error TS2339: Property 'value' does not exist on type 'HTMLElement'.
src/dojopool/static/js/multiplayer.ts(147,10): error TS2393: Duplicate function implementation.
src/dojopool/static/js/multiplayer.ts(148,8): error TS7005: Variable 'playerMarker' implicitly has an 'any' type.
src/dojopool/static/js/multiplayer.ts(175,10): error TS2393: Duplicate function implementation.
src/dojopool/static/js/multiplayer.ts(203,10): error TS2393: Duplicate function implementation.
src/dojopool/static/js/multiplayer.ts(216,10): error TS2393: Duplicate function implementation.
src/dojopool/static/js/multiplayer.ts(216,29): error TS7006: Parameter 'playerName' implicitly has an 'any' type.
src/dojopool/static/js/multiplayer.ts(216,41): error TS7006: Parameter 'playerId' implicitly has an 'any' type.
src/dojopool/static/js/multiplayer.ts(218,3): error TS2531: Object is possibly 'null'.
src/dojopool/static/js/multiplayer.ts(219,3): error TS2531: Object is possibly 'null'.
src/dojopool/static/js/multiplayer.ts(219,50): error TS2339: Property 'value' does not exist on type 'HTMLElement'.
src/dojopool/static/js/multiplayer.ts(220,7): error TS2304: Cannot find name 'bootstrap'.
src/dojopool/static/js/multiplayer.ts(224,10): error TS2393: Duplicate function implementation.
src/dojopool/static/js/multiplayer.ts(225,25): error TS2531: Object is possibly 'null'.
src/dojopool/static/js/multiplayer.ts(225,71): error TS2339: Property 'value' does not exist on type 'HTMLElement'.
src/dojopool/static/js/multiplayer.ts(241,9): error TS2304: Cannot find name 'bootstrap'.
src/dojopool/static/js/multiplayer.ts(252,10): error TS2393: Duplicate function implementation.
src/dojopool/static/js/multiplayer.ts(268,10): error TS2393: Duplicate function implementation.
src/dojopool/static/js/multiplayer.ts(268,29): error TS7006: Parameter 'challengeId' implicitly has an 'any' type.
src/dojopool/static/js/multiplayer.ts(268,42): error TS7006: Parameter 'accept' implicitly has an 'any' type.
src/dojopool/static/js/multiplayer.ts(292,10): error TS2393: Duplicate function implementation.
src/dojopool/static/js/multiplayer.ts(293,44): error TS7006: Parameter 'p' implicitly has an 'any' type.
src/dojopool/static/js/multiplayer.ts(293,59): error TS2304: Cannot find name 'currentPlayerId'.
src/dojopool/static/js/multiplayer.ts(309,18): error TS7006: Parameter 'p' implicitly has an 'any' type.
src/dojopool/static/js/multiplayer.ts(323,10): error TS2393: Duplicate function implementation.
src/dojopool/static/js/multiplayer.ts(331,10): error TS2393: Duplicate function implementation.
src/dojopool/static/js/multiplayer.ts(335,10): error TS7005: Variable 'activeChallenge' implicitly has an 'any' type.
src/dojopool/static/js/multiplayer.ts(357,10): error TS2393: Duplicate function implementation.
src/dojopool/static/js/multiplayer.ts(379,78): error TS2304: Cannot find name 'User'.
src/dojopool/static/js/multiplayer.ts(391,7): error TS2304: Cannot find name 'bootstrap'.
src/dojopool/static/js/navigation.ts(3,7): error TS2300: Duplicate identifier 'MobileNavigation'.
src/dojopool/static/js/navigation.ts(12,7): error TS2300: Duplicate identifier 'MobileNavigation'.
src/dojopool/static/js/navigation.ts(14,10): error TS2339: Property 'nav' does not exist on type 'MobileNavigation'.
src/dojopool/static/js/navigation.ts(15,10): error TS2339: Property 'navLinks' does not exist on type 'MobileNavigation'.
src/dojopool/static/js/navigation.ts(16,10): error TS2339: Property 'navToggle' does not exist on type 'MobileNavigation'.
src/dojopool/static/js/navigation.ts(22,10): error TS2339: Property 'navToggle' does not exist on type 'MobileNavigation'.
src/dojopool/static/js/navigation.ts(33,17): error TS2339: Property 'nav' does not exist on type 'MobileNavigation'.
src/dojopool/static/js/navigation.ts(47,10): error TS2339: Property 'navToggle' does not exist on type 'MobileNavigation'.
src/dojopool/static/js/navigation.ts(48,10): error TS2339: Property 'navLinks' does not exist on type 'MobileNavigation'.
src/dojopool/static/js/navigation.ts(51,34): error TS2339: Property 'navLinks' does not exist on type 'MobileNavigation'.
src/dojopool/static/js/navigation.ts(52,10): error TS2339: Property 'navToggle' does not exist on type 'MobileNavigation'.
src/dojopool/static/js/navigation.ts(59,10): error TS2339: Property 'navToggle' does not exist on type 'MobileNavigation'.
src/dojopool/static/js/navigation.ts(60,10): error TS2339: Property 'navLinks' does not exist on type 'MobileNavigation'.
src/dojopool/static/js/navigation.ts(61,10): error TS2339: Property 'navToggle' does not exist on type 'MobileNavigation'.
src/dojopool/static/js/networkStatus.ts(3,7): error TS2300: Duplicate identifier 'NetworkStatus'.
src/dojopool/static/js/networkStatus.ts(17,7): error TS2300: Duplicate identifier 'NetworkStatus'.
src/dojopool/static/js/networkStatus.ts(19,10): error TS2339: Property 'status' does not exist on type 'NetworkStatus'.
src/dojopool/static/js/networkStatus.ts(31,10): error TS2339: Property 'retryTimeout' does not exist on type 'NetworkStatus'.
src/dojopool/static/js/networkStatus.ts(32,10): error TS2551: Property 'maxRetries' does not exist on type 'NetworkStatus'. Did you mean 'setMaxRetries'?
src/dojopool/static/js/networkStatus.ts(33,10): error TS2551: Property 'retryDelay' does not exist on type 'NetworkStatus'. Did you mean 'setRetryDelay'?
src/dojopool/static/js/networkStatus.ts(34,10): error TS2339: Property 'offlineCache' does not exist on type 'NetworkStatus'.
src/dojopool/static/js/networkStatus.ts(35,10): error TS2551: Property 'lowBandwidthThreshold' does not exist on type 'NetworkStatus'. Did you mean 'setLowBandwidthThreshold'?
src/dojopool/static/js/networkStatus.ts(64,10): error TS2339: Property 'status' does not exist on type 'NetworkStatus'.
src/dojopool/static/js/networkStatus.ts(65,10): error TS2339: Property 'status' does not exist on type 'NetworkStatus'.
src/dojopool/static/js/networkStatus.ts(66,10): error TS2339: Property 'status' does not exist on type 'NetworkStatus'.
src/dojopool/static/js/networkStatus.ts(72,10): error TS2339: Property 'status' does not exist on type 'NetworkStatus'.
src/dojopool/static/js/networkStatus.ts(78,34): error TS2339: Property 'status' does not exist on type 'NetworkStatus'.
src/dojopool/static/js/networkStatus.ts(81,14): error TS2339: Property 'status' does not exist on type 'NetworkStatus'.
src/dojopool/static/js/networkStatus.ts(91,14): error TS2339: Property 'retryTimeout' does not exist on type 'NetworkStatus'.
src/dojopool/static/js/networkStatus.ts(92,25): error TS2339: Property 'retryTimeout' does not exist on type 'NetworkStatus'.
src/dojopool/static/js/networkStatus.ts(95,14): error TS2339: Property 'status' does not exist on type 'NetworkStatus'.
src/dojopool/static/js/networkStatus.ts(95,39): error TS2551: Property 'maxRetries' does not exist on type 'NetworkStatus'. Did you mean 'setMaxRetries'?
src/dojopool/static/js/networkStatus.ts(96,12): error TS2339: Property 'status' does not exist on type 'NetworkStatus'.
src/dojopool/static/js/networkStatus.ts(97,12): error TS2339: Property 'retryTimeout' does not exist on type 'NetworkStatus'.
src/dojopool/static/js/networkStatus.ts(99,15): error TS2551: Property 'retryDelay' does not exist on type 'NetworkStatus'. Did you mean 'setRetryDelay'?
src/dojopool/static/js/networkStatus.ts(99,33): error TS2339: Property 'status' does not exist on type 'NetworkStatus'.
src/dojopool/static/js/networkStatus.ts(104,15): error TS2339: Property 'status' does not exist on type 'NetworkStatus'.
src/dojopool/static/js/networkStatus.ts(118,12): error TS2339: Property 'status' does not exist on type 'NetworkStatus'.
src/dojopool/static/js/networkStatus.ts(118,35): error TS2551: Property 'lowBandwidthThreshold' does not exist on type 'NetworkStatus'. Did you mean 'setLowBandwidthThreshold'?
src/dojopool/static/js/networkStatus.ts(119,12): error TS2339: Property 'status' does not exist on type 'NetworkStatus'.
src/dojopool/static/js/networkStatus.ts(120,12): error TS2339: Property 'status' does not exist on type 'NetworkStatus'.
src/dojopool/static/js/networkStatus.ts(160,21): error TS7006: Parameter 'request' implicitly has an 'any' type.
src/dojopool/static/js/networkStatus.ts(161,10): error TS2339: Property 'offlineCache' does not exist on type 'NetworkStatus'.
src/dojopool/static/js/networkStatus.ts(165,14): error TS2339: Property 'status' does not exist on type 'NetworkStatus'.
src/dojopool/static/js/networkStatus.ts(165,36): error TS2339: Property 'offlineCache' does not exist on type 'NetworkStatus'.
src/dojopool/static/js/networkStatus.ts(166,34): error TS2339: Property 'offlineCache' does not exist on type 'NetworkStatus'.
src/dojopool/static/js/networkStatus.ts(170,18): error TS2339: Property 'offlineCache' does not exist on type 'NetworkStatus'.
src/dojopool/static/js/networkStatus.ts(180,38): error TS2339: Property 'status' does not exist on type 'NetworkStatus'.
src/dojopool/static/js/networkStatus.ts(181,10): error TS2339: Property 'status' does not exist on type 'NetworkStatus'.
src/dojopool/static/js/networkStatus.ts(185,12): error TS2339: Property 'status' does not exist on type 'NetworkStatus'.
src/dojopool/static/js/networkStatus.ts(186,12): error TS2339: Property 'status' does not exist on type 'NetworkStatus'.
src/dojopool/static/js/networkStatus.ts(187,12): error TS2339: Property 'status' does not exist on type 'NetworkStatus'.
src/dojopool/static/js/networkStatus.ts(188,12): error TS2339: Property 'status' does not exist on type 'NetworkStatus'.
src/dojopool/static/js/networkStatus.ts(189,12): error TS2339: Property 'status' does not exist on type 'NetworkStatus'.
src/dojopool/static/js/networkStatus.ts(194,10): error TS2339: Property 'status' does not exist on type 'NetworkStatus'.
src/dojopool/static/js/networkStatus.ts(196,59): error TS2339: Property 'status' does not exist on type 'NetworkStatus'.
src/dojopool/static/js/networkStatus.ts(207,14): error TS2339: Property 'status' does not exist on type 'NetworkStatus'.
src/dojopool/static/js/networkStatus.ts(208,14): error TS2339: Property 'status' does not exist on type 'NetworkStatus'.
src/dojopool/static/js/networkStatus.ts(214,7): error TS18046: 'navigator.getBattery' is of type 'unknown'.
src/dojopool/static/js/networkStatus.ts(214,36): error TS7006: Parameter 'battery' implicitly has an 'any' type.
src/dojopool/static/js/networkStatus.ts(216,16): error TS2339: Property 'status' does not exist on type 'NetworkStatus'.
src/dojopool/static/js/networkStatus.ts(224,19): error TS2339: Property 'status' does not exist on type 'NetworkStatus'.
src/dojopool/static/js/networkStatus.ts(225,16): error TS2339: Property 'status' does not exist on type 'NetworkStatus'.
src/dojopool/static/js/networkStatus.ts(232,15): error TS2339: Property 'status' does not exist on type 'NetworkStatus'.
src/dojopool/static/js/networkStatus.ts(233,14): error TS2339: Property 'status' does not exist on type 'NetworkStatus'.
src/dojopool/static/js/networkStatus.ts(235,14): error TS2339: Property 'status' does not exist on type 'NetworkStatus'.
src/dojopool/static/js/networkStatus.ts(236,20): error TS2339: Property 'status' does not exist on type 'NetworkStatus'.
src/dojopool/static/js/networkStatus.ts(249,14): error TS2339: Property 'status' does not exist on type 'NetworkStatus'.
src/dojopool/static/js/networkStatus.ts(250,16): error TS2339: Property 'status' does not exist on type 'NetworkStatus'.
src/dojopool/static/js/networkStatus.ts(251,16): error TS2339: Property 'status' does not exist on type 'NetworkStatus'.
src/dojopool/static/js/networkStatus.ts(255,14): error TS2339: Property 'status' does not exist on type 'NetworkStatus'.
src/dojopool/static/js/networkStatus.ts(256,16): error TS2339: Property 'status' does not exist on type 'NetworkStatus'.
src/dojopool/static/js/networkStatus.ts(257,16): error TS2339: Property 'status' does not exist on type 'NetworkStatus'.
src/dojopool/static/js/networkStatus.ts(262,18): error TS2339: Property 'status' does not exist on type 'NetworkStatus'.
src/dojopool/static/js/networkStatus.ts(276,22): error TS7006: Parameter 'reason' implicitly has an 'any' type.
src/dojopool/static/js/networkStatus.ts(280,19): error TS2339: Property 'status' does not exist on type 'NetworkStatus'.
src/dojopool/static/js/networkStatus.ts(289,17): error TS2339: Property 'status' does not exist on type 'NetworkStatus'.
src/dojopool/static/js/networkStatus.ts(293,17): error TS2339: Property 'status' does not exist on type 'NetworkStatus'.
src/dojopool/static/js/networkStatus.ts(297,22): error TS2339: Property 'status' does not exist on type 'NetworkStatus'.
src/dojopool/static/js/networkStatus.ts(301,17): error TS2339: Property 'status' does not exist on type 'NetworkStatus'.
src/dojopool/static/js/networkStatus.ts(305,17): error TS2339: Property 'status' does not exist on type 'NetworkStatus'.
src/dojopool/static/js/networkStatus.ts(309,17): error TS2339: Property 'status' does not exist on type 'NetworkStatus'.
src/dojopool/static/js/networkStatus.ts(312,17): error TS7006: Parameter 'count' implicitly has an 'any' type.
src/dojopool/static/js/networkStatus.ts(313,10): error TS2551: Property 'maxRetries' does not exist on type 'NetworkStatus'. Did you mean 'setMaxRetries'?
src/dojopool/static/js/networkStatus.ts(316,17): error TS7006: Parameter 'delay' implicitly has an 'any' type.
src/dojopool/static/js/networkStatus.ts(317,10): error TS2551: Property 'retryDelay' does not exist on type 'NetworkStatus'. Did you mean 'setRetryDelay'?
src/dojopool/static/js/networkStatus.ts(320,28): error TS7006: Parameter 'threshold' implicitly has an 'any' type.
src/dojopool/static/js/networkStatus.ts(321,10): error TS2551: Property 'lowBandwidthThreshold' does not exist on type 'NetworkStatus'. Did you mean 'setLowBandwidthThreshold'?
src/dojopool/static/js/notifications.ts(3,7): error TS2300: Duplicate identifier 'NotificationManager'.
src/dojopool/static/js/notifications.ts(13,7): error TS2300: Duplicate identifier 'NotificationManager'.
src/dojopool/static/js/notifications.ts(15,10): error TS2339: Property 'socket' does not exist on type 'NotificationManager'.
src/dojopool/static/js/notifications.ts(15,19): error TS2304: Cannot find name 'io'.
src/dojopool/static/js/notifications.ts(16,10): error TS2339: Property 'unreadCount' does not exist on type 'NotificationManager'.
src/dojopool/static/js/notifications.ts(17,10): error TS2339: Property 'notifications' does not exist on type 'NotificationManager'.
src/dojopool/static/js/notifications.ts(18,10): error TS2339: Property 'currentPage' does not exist on type 'NotificationManager'.
src/dojopool/static/js/notifications.ts(19,10): error TS2339: Property 'hasMorePages' does not exist on type 'NotificationManager'.
src/dojopool/static/js/notifications.ts(20,10): error TS2339: Property 'isLoading' does not exist on type 'NotificationManager'.
src/dojopool/static/js/notifications.ts(21,10): error TS2339: Property 'filters' does not exist on type 'NotificationManager'.
src/dojopool/static/js/notifications.ts(33,10): error TS2339: Property 'socket' does not exist on type 'NotificationManager'.
src/dojopool/static/js/notifications.ts(37,10): error TS2339: Property 'socket' does not exist on type 'NotificationManager'.
src/dojopool/static/js/notifications.ts(37,41): error TS7006: Parameter 'notification' implicitly has an 'any' type.
src/dojopool/static/js/notifications.ts(41,10): error TS2339: Property 'socket' does not exist on type 'NotificationManager'.
src/dojopool/static/js/notifications.ts(41,42): error TS7006: Parameter 'update' implicitly has an 'any' type.
src/dojopool/static/js/notifications.ts(61,26): error TS2339: Property 'filters' does not exist on type 'NotificationManager'.
src/dojopool/static/js/notifications.ts(62,28): error TS2339: Property 'filters' does not exist on type 'NotificationManager'.
src/dojopool/static/js/notifications.ts(63,26): error TS2339: Property 'filters' does not exist on type 'NotificationManager'.
src/dojopool/static/js/notifications.ts(70,12): error TS2339: Property 'notifications' does not exist on type 'NotificationManager'.
src/dojopool/static/js/notifications.ts(71,12): error TS2339: Property 'hasMorePages' does not exist on type 'NotificationManager'.
src/dojopool/static/js/notifications.ts(84,18): error TS2339: Property 'currentPage' does not exist on type 'NotificationManager'.
src/dojopool/static/js/notifications.ts(85,18): error TS2339: Property 'filters' does not exist on type 'NotificationManager'.
src/dojopool/static/js/notifications.ts(86,20): error TS2339: Property 'filters' does not exist on type 'NotificationManager'.
src/dojopool/static/js/notifications.ts(87,18): error TS2339: Property 'filters' does not exist on type 'NotificationManager'.
src/dojopool/static/js/notifications.ts(100,14): error TS2339: Property 'isLoading' does not exist on type 'NotificationManager'.
src/dojopool/static/js/notifications.ts(100,33): error TS2339: Property 'hasMorePages' does not exist on type 'NotificationManager'.
src/dojopool/static/js/notifications.ts(104,12): error TS2339: Property 'currentPage' does not exist on type 'NotificationManager'.
src/dojopool/static/js/notifications.ts(106,12): error TS2339: Property 'notifications' does not exist on type 'NotificationManager'.
src/dojopool/static/js/notifications.ts(106,37): error TS2339: Property 'notifications' does not exist on type 'NotificationManager'.
src/dojopool/static/js/notifications.ts(107,12): error TS2339: Property 'hasMorePages' does not exist on type 'NotificationManager'.
src/dojopool/static/js/notifications.ts(112,12): error TS2339: Property 'currentPage' does not exist on type 'NotificationManager'.
src/dojopool/static/js/notifications.ts(125,10): error TS2339: Property 'filters' does not exist on type 'NotificationManager'.
src/dojopool/static/js/notifications.ts(131,10): error TS2339: Property 'currentPage' does not exist on type 'NotificationManager'.
src/dojopool/static/js/notifications.ts(132,10): error TS2339: Property 'hasMorePages' does not exist on type 'NotificationManager'.
src/dojopool/static/js/notifications.ts(140,12): error TS2339: Property 'unreadCount' does not exist on type 'NotificationManager'.
src/dojopool/static/js/notifications.ts(147,25): error TS7006: Parameter 'notification' implicitly has an 'any' type.
src/dojopool/static/js/notifications.ts(150,12): error TS2339: Property 'notifications' does not exist on type 'NotificationManager'.
src/dojopool/static/js/notifications.ts(154,10): error TS2339: Property 'unreadCount' does not exist on type 'NotificationManager'.
src/dojopool/static/js/notifications.ts(159,18): error TS7006: Parameter 'notification' implicitly has an 'any' type.
src/dojopool/static/js/notifications.ts(162,12): error TS2339: Property 'filters' does not exist on type 'NotificationManager'.
src/dojopool/static/js/notifications.ts(163,34): error TS2339: Property 'filters' does not exist on type 'NotificationManager'.
src/dojopool/static/js/notifications.ts(169,14): error TS2339: Property 'filters' does not exist on type 'NotificationManager'.
src/dojopool/static/js/notifications.ts(172,14): error TS2339: Property 'filters' does not exist on type 'NotificationManager'.
src/dojopool/static/js/notifications.ts(180,18): error TS2339: Property 'filters' does not exist on type 'NotificationManager'.
src/dojopool/static/js/notifications.ts(194,26): error TS7006: Parameter 'update' implicitly has an 'any' type.
src/dojopool/static/js/notifications.ts(208,20): error TS7006: Parameter 'notificationId' implicitly has an 'any' type.
src/dojopool/static/js/notifications.ts(218,38): error TS2339: Property 'notifications' does not exist on type 'NotificationManager'.
src/dojopool/static/js/notifications.ts(219,10): error TS7006: Parameter 'n' implicitly has an 'any' type.
src/dojopool/static/js/notifications.ts(240,12): error TS2339: Property 'notifications' does not exist on type 'NotificationManager'.
src/dojopool/static/js/notifications.ts(240,35): error TS7006: Parameter 'n' implicitly has an 'any' type.
src/dojopool/static/js/notifications.ts(241,12): error TS2339: Property 'unreadCount' does not exist on type 'NotificationManager'.
src/dojopool/static/js/notifications.ts(250,28): error TS7006: Parameter 'notificationId' implicitly has an 'any' type.
src/dojopool/static/js/notifications.ts(260,12): error TS2339: Property 'notifications' does not exist on type 'NotificationManager'.
src/dojopool/static/js/notifications.ts(260,33): error TS2339: Property 'notifications' does not exist on type 'NotificationManager'.
src/dojopool/static/js/notifications.ts(261,10): error TS7006: Parameter 'n' implicitly has an 'any' type.
src/dojopool/static/js/notifications.ts(274,32): error TS2339: Property 'unreadCount' does not exist on type 'NotificationManager'.
src/dojopool/static/js/notifications.ts(275,34): error TS2339: Property 'unreadCount' does not exist on type 'NotificationManager'.
src/dojopool/static/js/notifications.ts(288,14): error TS2339: Property 'notifications' does not exist on type 'NotificationManager'.
src/dojopool/static/js/notifications.ts(295,32): error TS2339: Property 'notifications' does not exist on type 'NotificationManager'.
src/dojopool/static/js/notifications.ts(297,10): error TS7006: Parameter 'notification' implicitly has an 'any' type.
src/dojopool/static/js/notifications.ts(323,44): error TS2339: Property 'hasMorePages' does not exist on type 'NotificationManager'.
src/dojopool/static/js/notifications.ts(326,25): error TS7006: Parameter 'notification' implicitly has an 'any' type.
src/dojopool/static/js/notifications.ts(346,30): error TS2304: Cannot find name 'bootstrap'.
src/dojopool/static/js/notifications.ts(357,30): error TS7006: Parameter 'data' implicitly has an 'any' type.
src/dojopool/static/js/notifications.ts(364,37): error TS7006: Parameter 'data' implicitly has an 'any' type.
src/dojopool/static/js/notifications.ts(371,35): error TS7006: Parameter 'data' implicitly has an 'any' type.
src/dojopool/static/js/notifications.ts(379,10): error TS2339: Property 'isLoading' does not exist on type 'NotificationManager'.
src/dojopool/static/js/notifications.ts(385,10): error TS2339: Property 'isLoading' does not exist on type 'NotificationManager'.
src/dojopool/static/js/notifications.ts(391,10): error TS2339: Property 'isLoading' does not exist on type 'NotificationManager'.
src/dojopool/static/js/notifications.ts(401,10): error TS2339: Property 'isLoading' does not exist on type 'NotificationManager'.
src/dojopool/static/js/notifications.ts(409,13): error TS7006: Parameter 'message' implicitly has an 'any' type.
src/dojopool/static/js/notifications.ts(410,16): error TS2304: Cannot find name 'showErrorToast'.
src/dojopool/static/js/notifications.ts(411,7): error TS2304: Cannot find name 'showErrorToast'.
src/dojopool/static/js/notifications.ts(433,32): error TS2304: Cannot find name 'bootstrap'.
src/dojopool/static/js/notifications.ts(448,10): error TS2339: Property 'notificationManager' does not exist on type 'Window & typeof globalThis'.
src/dojopool/static/js/performanceMetrics.ts(3,7): error TS2300: Duplicate identifier 'PerformanceMetrics'.
src/dojopool/static/js/performanceMetrics.ts(17,7): error TS2300: Duplicate identifier 'PerformanceMetrics'.
src/dojopool/static/js/performanceMetrics.ts(19,10): error TS2339: Property 'metrics' does not exist on type 'PerformanceMetrics'.
src/dojopool/static/js/performanceMetrics.ts(32,10): error TS2339: Property 'observers' does not exist on type 'PerformanceMetrics'.
src/dojopool/static/js/performanceMetrics.ts(45,12): error TS2339: Property 'observers' does not exist on type 'PerformanceMetrics'.
src/dojopool/static/js/performanceMetrics.ts(55,7): error TS18048: 'navigator.connection' is possibly 'undefined'.
src/dojopool/static/js/performanceMetrics.ts(62,17): error TS7006: Parameter 'entry' implicitly has an 'any' type.
src/dojopool/static/js/performanceMetrics.ts(68,10): error TS2339: Property 'metrics' does not exist on type 'PerformanceMetrics'.
src/dojopool/static/js/performanceMetrics.ts(88,14): error TS2339: Property 'metrics' does not exist on type 'PerformanceMetrics'.
src/dojopool/static/js/performanceMetrics.ts(94,25): error TS7006: Parameter 'value' implicitly has an 'any' type.
src/dojopool/static/js/performanceMetrics.ts(95,10): error TS2339: Property 'metrics' does not exist on type 'PerformanceMetrics'.
src/dojopool/static/js/performanceMetrics.ts(96,14): error TS2339: Property 'metrics' does not exist on type 'PerformanceMetrics'.
src/dojopool/static/js/performanceMetrics.ts(97,12): error TS2339: Property 'metrics' does not exist on type 'PerformanceMetrics'.
src/dojopool/static/js/performanceMetrics.ts(99,10): error TS2339: Property 'metrics' does not exist on type 'PerformanceMetrics'.
src/dojopool/static/js/performanceMetrics.ts(100,12): error TS2339: Property 'metrics' does not exist on type 'PerformanceMetrics'.
src/dojopool/static/js/performanceMetrics.ts(100,46): error TS7006: Parameter 'a' implicitly has an 'any' type.
src/dojopool/static/js/performanceMetrics.ts(100,49): error TS7006: Parameter 'b' implicitly has an 'any' type.
src/dojopool/static/js/performanceMetrics.ts(101,12): error TS2339: Property 'metrics' does not exist on type 'PerformanceMetrics'.
src/dojopool/static/js/performanceMetrics.ts(103,48): error TS2339: Property 'metrics' does not exist on type 'PerformanceMetrics'.
src/dojopool/static/js/performanceMetrics.ts(110,14): error TS2339: Property 'metrics' does not exist on type 'PerformanceMetrics'.
src/dojopool/static/js/performanceMetrics.ts(114,22): error TS2339: Property 'metrics' does not exist on type 'PerformanceMetrics'.
src/dojopool/static/js/performanceMetrics.ts(123,18): error TS2339: Property 'metrics' does not exist on type 'PerformanceMetrics'.
src/dojopool/static/js/performanceMetrics.ts(124,16): error TS2339: Property 'metrics' does not exist on type 'PerformanceMetrics'.
src/dojopool/static/js/performanceMetrics.ts(127,49): error TS2339: Property 'metrics' does not exist on type 'PerformanceMetrics'.
src/dojopool/static/js/performanceMetrics.ts(144,10): error TS2339: Property 'metrics' does not exist on type 'PerformanceMetrics'.
src/dojopool/static/js/performanceMetrics.ts(144,37): error TS7006: Parameter 'data' implicitly has an 'any' type.
src/dojopool/static/js/performanceMetrics.ts(160,21): error TS2339: Property 'metrics' does not exist on type 'PerformanceMetrics'.
src/dojopool/static/js/performanceMetrics.ts(161,21): error TS2339: Property 'metrics' does not exist on type 'PerformanceMetrics'.
src/dojopool/static/js/performanceMetrics.ts(162,25): error TS2339: Property 'metrics' does not exist on type 'PerformanceMetrics'.
src/dojopool/static/js/performanceMetrics.ts(168,21): error TS2339: Property 'metrics' does not exist on type 'PerformanceMetrics'.
src/dojopool/static/js/performanceMetrics.ts(169,19): error TS2339: Property 'metrics' does not exist on type 'PerformanceMetrics'.
src/dojopool/static/js/performanceMetrics.ts(170,25): error TS2339: Property 'metrics' does not exist on type 'PerformanceMetrics'.
src/dojopool/static/js/performanceMetrics.ts(174,23): error TS7006: Parameter 'type' implicitly has an 'any' type.
src/dojopool/static/js/performanceMetrics.ts(174,29): error TS7006: Parameter 'data' implicitly has an 'any' type.
src/dojopool/static/js/performanceMetrics.ts(187,10): error TS2339: Property 'metrics' does not exist on type 'PerformanceMetrics'.
src/dojopool/static/js/performanceMetrics.ts(188,10): error TS2339: Property 'metrics' does not exist on type 'PerformanceMetrics'.
src/dojopool/static/js/performanceMetrics.ts(189,10): error TS2339: Property 'metrics' does not exist on type 'PerformanceMetrics'.
src/dojopool/static/js/performanceMetrics.ts(193,10): error TS2339: Property 'observers' does not exist on type 'PerformanceMetrics'.
src/dojopool/static/js/performanceMetrics.ts(193,29): error TS7006: Parameter 'observer' implicitly has an 'any' type.
src/dojopool/static/js/performanceMetrics.ts(194,10): error TS2339: Property 'observers' does not exist on type 'PerformanceMetrics'.
src/dojopool/static/js/processors/__mocks__/frame-processor.ts(2,7): error TS2451: Cannot redeclare block-scoped variable 'mockWebGLContext'.
src/dojopool/static/js/processors/__mocks__/frame-processor.ts(24,7): error TS2451: Cannot redeclare block-scoped variable 'mockCanvas'.
src/dojopool/static/js/processors/__tests__/frame-processor.test.ts(254,22): error TS2341: Property 'getUniforms' is private and only accessible within class 'ShaderManager'.
src/dojopool/static/js/processors/frame-processor.ts(35,47): error TS2554: Expected 1 arguments, but got 0.
src/dojopool/static/js/processors/frame-processor.ts(123,44): error TS2345: Argument of type '(event: WebGLContextEvent) => void' is not assignable to parameter of type '(event: { type: string; }) => void'.
  Types of parameters 'event' and 'event' are incompatible.
    Type '{ type: string; }' is missing the following properties from type 'WebGLContextEvent': statusMessage, bubbles, cancelBubble, cancelable, and 18 more.
src/dojopool/static/js/processors/frame-processor.ts(124,12): error TS2769: No overload matches this call.
  Overload 1 of 3, '(type: keyof WindowEventMap, listener: (this: Window, ev: Event | MessageEvent<any> | KeyboardEvent | UIEvent | ErrorEvent | ... 24 more ... | StorageEvent) => any, options?: boolean | ... 1 more ... | undefined): void', gave the following error.
    Argument of type '"qualitychange"' is not assignable to parameter of type 'keyof WindowEventMap'.
  Overload 2 of 3, '(type: string, listener: EventListenerOrEventListenerObject, options?: boolean | AddEventListenerOptions | undefined): void', gave the following error.
    Argument of type '(event: CustomEvent) => void' is not assignable to parameter of type 'EventListenerOrEventListenerObject'.
      Type '(event: CustomEvent) => void' is not assignable to type 'EventListener'.
        Types of parameters 'event' and 'evt' are incompatible.
          Type 'Event' is missing the following properties from type 'CustomEvent<any>': detail, initCustomEvent
  Overload 3 of 3, '(type: keyof DedicatedWorkerGlobalScopeEventMap, listener: (this: DedicatedWorkerGlobalScope, ev: Event | MessageEvent<any> | ErrorEvent | PromiseRejectionEvent | RTCTransformEvent) => any, options?: boolean | ... 1 more ... | undefined): void', gave the following error.
    Argument of type '"qualitychange"' is not assignable to parameter of type 'keyof DedicatedWorkerGlobalScopeEventMap'.
src/dojopool/static/js/processors/frame-processor.ts(166,11): error TS2540: Cannot assign to 'type' because it is a read-only property.
src/dojopool/static/js/processors/frame-processor.ts(167,11): error TS2540: Cannot assign to 'recoverable' because it is a read-only property.
src/dojopool/static/js/processors/frame-processor.ts(185,47): error TS2345: Argument of type '(event: WebGLContextEvent) => void' is not assignable to parameter of type '(event: { type: string; }) => void'.
  Types of parameters 'event' and 'event' are incompatible.
    Type '{ type: string; }' is missing the following properties from type 'WebGLContextEvent': statusMessage, bubbles, cancelBubble, cancelable, and 18 more.
src/dojopool/static/js/processors/frame-processor.ts(186,12): error TS2769: No overload matches this call.
  Overload 1 of 3, '(type: keyof WindowEventMap, listener: (this: Window, ev: Event | MessageEvent<any> | KeyboardEvent | UIEvent | ErrorEvent | ... 24 more ... | StorageEvent) => any, options?: boolean | ... 1 more ... | undefined): void', gave the following error.
    Argument of type '"qualitychange"' is not assignable to parameter of type 'keyof WindowEventMap'.
  Overload 2 of 3, '(type: string, listener: EventListenerOrEventListenerObject, options?: boolean | EventListenerOptions | undefined): void', gave the following error.
    Argument of type '(event: CustomEvent) => void' is not assignable to parameter of type 'EventListenerOrEventListenerObject'.
      Type '(event: CustomEvent) => void' is not assignable to type 'EventListener'.
        Types of parameters 'event' and 'evt' are incompatible.
          Type 'Event' is missing the following properties from type 'CustomEvent<any>': detail, initCustomEvent
  Overload 3 of 3, '(type: keyof DedicatedWorkerGlobalScopeEventMap, listener: (this: DedicatedWorkerGlobalScope, ev: Event | MessageEvent<any> | ErrorEvent | PromiseRejectionEvent | RTCTransformEvent) => any, options?: boolean | ... 1 more ... | undefined): void', gave the following error.
    Argument of type '"qualitychange"' is not assignable to parameter of type 'keyof DedicatedWorkerGlobalScopeEventMap'.
src/dojopool/static/js/processors/frame-processor.ts(252,41): error TS2341: Property 'getUniforms' is private and only accessible within class 'ShaderManager'.
src/dojopool/static/js/pwa.ts(3,7): error TS2300: Duplicate identifier 'NotificationHandler'.
src/dojopool/static/js/pwa.ts(7,7): error TS2300: Duplicate identifier 'PWAManager'.
src/dojopool/static/js/pwa.ts(17,7): error TS2300: Duplicate identifier 'NotificationHandler'.
src/dojopool/static/js/pwa.ts(18,15): error TS7006: Parameter 'userId' implicitly has an 'any' type.
src/dojopool/static/js/pwa.ts(18,23): error TS7006: Parameter 'token' implicitly has an 'any' type.
src/dojopool/static/js/pwa.ts(19,10): error TS2339: Property 'userId' does not exist on type 'NotificationHandler'.
src/dojopool/static/js/pwa.ts(20,10): error TS2339: Property 'token' does not exist on type 'NotificationHandler'.
src/dojopool/static/js/pwa.ts(21,10): error TS2339: Property 'socket' does not exist on type 'NotificationHandler'.
src/dojopool/static/js/pwa.ts(22,10): error TS2551: Property 'connected' does not exist on type 'NotificationHandler'. Did you mean 'connect'?
src/dojopool/static/js/pwa.ts(23,10): error TS2339: Property 'reconnectAttempts' does not exist on type 'NotificationHandler'.
src/dojopool/static/js/pwa.ts(24,10): error TS2339: Property 'maxReconnectAttempts' does not exist on type 'NotificationHandler'.
src/dojopool/static/js/pwa.ts(25,10): error TS2339: Property 'reconnectDelay' does not exist on type 'NotificationHandler'.
src/dojopool/static/js/pwa.ts(26,10): error TS2339: Property 'unreadCount' does not exist on type 'NotificationHandler'.
src/dojopool/static/js/pwa.ts(27,10): error TS2551: Property 'notifications' does not exist on type 'NotificationHandler'. Did you mean 'showNotification'?
src/dojopool/static/js/pwa.ts(32,12): error TS2339: Property 'socket' does not exist on type 'NotificationHandler'.
src/dojopool/static/js/pwa.ts(32,21): error TS2304: Cannot find name 'io'.
src/dojopool/static/js/pwa.ts(34,25): error TS2339: Property 'userId' does not exist on type 'NotificationHandler'.
src/dojopool/static/js/pwa.ts(35,23): error TS2339: Property 'token' does not exist on type 'NotificationHandler'.
src/dojopool/static/js/pwa.ts(39,36): error TS2339: Property 'maxReconnectAttempts' does not exist on type 'NotificationHandler'.
src/dojopool/static/js/pwa.ts(40,33): error TS2339: Property 'reconnectDelay' does not exist on type 'NotificationHandler'.
src/dojopool/static/js/pwa.ts(43,12): error TS2339: Property 'socket' does not exist on type 'NotificationHandler'.
src/dojopool/static/js/pwa.ts(44,14): error TS2551: Property 'connected' does not exist on type 'NotificationHandler'. Did you mean 'connect'?
src/dojopool/static/js/pwa.ts(45,14): error TS2339: Property 'reconnectAttempts' does not exist on type 'NotificationHandler'.
src/dojopool/static/js/pwa.ts(49,12): error TS2339: Property 'socket' does not exist on type 'NotificationHandler'.
src/dojopool/static/js/pwa.ts(49,34): error TS7006: Parameter 'data' implicitly has an 'any' type.
src/dojopool/static/js/pwa.ts(53,12): error TS2339: Property 'socket' does not exist on type 'NotificationHandler'.
src/dojopool/static/js/pwa.ts(54,14): error TS2551: Property 'connected' does not exist on type 'NotificationHandler'. Did you mean 'connect'?
src/dojopool/static/js/pwa.ts(58,12): error TS2339: Property 'socket' does not exist on type 'NotificationHandler'.
src/dojopool/static/js/pwa.ts(58,32): error TS7006: Parameter 'error' implicitly has an 'any' type.
src/dojopool/static/js/pwa.ts(60,14): error TS2551: Property 'connected' does not exist on type 'NotificationHandler'. Did you mean 'connect'?
src/dojopool/static/js/pwa.ts(68,17): error TS7006: Parameter 'data' implicitly has an 'any' type.
src/dojopool/static/js/pwa.ts(71,14): error TS2551: Property 'notifications' does not exist on type 'NotificationHandler'. Did you mean 'showNotification'?
src/dojopool/static/js/pwa.ts(72,14): error TS2339: Property 'unreadCount' does not exist on type 'NotificationHandler'.
src/dojopool/static/js/pwa.ts(82,15): error TS2551: Property 'connected' does not exist on type 'NotificationHandler'. Did you mean 'connect'?
src/dojopool/static/js/pwa.ts(82,33): error TS2339: Property 'reconnectAttempts' does not exist on type 'NotificationHandler'.
src/dojopool/static/js/pwa.ts(82,58): error TS2339: Property 'maxReconnectAttempts' does not exist on type 'NotificationHandler'.
src/dojopool/static/js/pwa.ts(83,12): error TS2339: Property 'reconnectAttempts' does not exist on type 'NotificationHandler'.
src/dojopool/static/js/pwa.ts(86,15): error TS2339: Property 'reconnectDelay' does not exist on type 'NotificationHandler'.
src/dojopool/static/js/pwa.ts(86,37): error TS2339: Property 'reconnectAttempts' does not exist on type 'NotificationHandler'.
src/dojopool/static/js/pwa.ts(94,32): error TS2339: Property 'unreadCount' does not exist on type 'NotificationHandler'.
src/dojopool/static/js/pwa.ts(95,34): error TS2339: Property 'unreadCount' does not exist on type 'NotificationHandler'.
src/dojopool/static/js/pwa.ts(101,29): error TS2551: Property 'notifications' does not exist on type 'NotificationHandler'. Did you mean 'showNotification'?
src/dojopool/static/js/pwa.ts(103,12): error TS7006: Parameter 'notification' implicitly has an 'any' type.
src/dojopool/static/js/pwa.ts(117,33): error TS2551: Property 'connected' does not exist on type 'NotificationHandler'. Did you mean 'connect'?
src/dojopool/static/js/pwa.ts(118,31): error TS2551: Property 'connected' does not exist on type 'NotificationHandler'. Did you mean 'connect'?
src/dojopool/static/js/pwa.ts(124,26): error TS7006: Parameter 'notification' implicitly has an 'any' type.
src/dojopool/static/js/pwa.ts(142,14): error TS7006: Parameter 'notificationId' implicitly has an 'any' type.
src/dojopool/static/js/pwa.ts(143,29): error TS2551: Property 'notifications' does not exist on type 'NotificationHandler'. Did you mean 'showNotification'?
src/dojopool/static/js/pwa.ts(144,8): error TS7006: Parameter 'n' implicitly has an 'any' type.
src/dojopool/static/js/pwa.ts(147,12): error TS2551: Property 'notifications' does not exist on type 'NotificationHandler'. Did you mean 'showNotification'?
src/dojopool/static/js/pwa.ts(148,12): error TS2339: Property 'unreadCount' does not exist on type 'NotificationHandler'.
src/dojopool/static/js/pwa.ts(148,43): error TS2339: Property 'unreadCount' does not exist on type 'NotificationHandler'.
src/dojopool/static/js/pwa.ts(154,10): error TS2551: Property 'notifications' does not exist on type 'NotificationHandler'. Did you mean 'showNotification'?
src/dojopool/static/js/pwa.ts(154,33): error TS7006: Parameter 'notification' implicitly has an 'any' type.
src/dojopool/static/js/pwa.ts(157,10): error TS2339: Property 'unreadCount' does not exist on type 'NotificationHandler'.
src/dojopool/static/js/pwa.ts(162,10): error TS2551: Property 'notifications' does not exist on type 'NotificationHandler'. Did you mean 'showNotification'?
src/dojopool/static/js/pwa.ts(163,10): error TS2339: Property 'unreadCount' does not exist on type 'NotificationHandler'.
src/dojopool/static/js/pwa.ts(168,7): error TS2300: Duplicate identifier 'PWAManager'.
src/dojopool/static/js/pwa.ts(170,10): error TS2339: Property 'swRegistration' does not exist on type 'PWAManager'.
src/dojopool/static/js/pwa.ts(171,10): error TS2339: Property 'isSubscribed' does not exist on type 'PWAManager'.
src/dojopool/static/js/pwa.ts(172,10): error TS2339: Property 'notificationHandler' does not exist on type 'PWAManager'.
src/dojopool/static/js/pwa.ts(177,10): error TS2339: Property 'subscribeUser' does not exist on type 'PWAManager'.
src/dojopool/static/js/pwa.ts(177,31): error TS2339: Property 'subscribeUser' does not exist on type 'PWAManager'.
src/dojopool/static/js/pwa.ts(178,10): error TS2339: Property 'updateSubscriptionOnServer' does not exist on type 'PWAManager'.
src/dojopool/static/js/pwa.ts(179,12): error TS2339: Property 'updateSubscriptionOnServer' does not exist on type 'PWAManager'.
src/dojopool/static/js/pwa.ts(195,14): error TS2339: Property 'notificationHandler' does not exist on type 'PWAManager'.
src/dojopool/static/js/pwa.ts(268,18): error TS2304: Cannot find name 'gtag'.
src/dojopool/static/js/pwa.ts(269,9): error TS2304: Cannot find name 'gtag'.
src/dojopool/static/js/pwa.ts(282,13): error TS2304: Cannot find name 'deferredPrompt'.
src/dojopool/static/js/pwa.ts(283,11): error TS2304: Cannot find name 'deferredPrompt'.
src/dojopool/static/js/pwa.ts(284,37): error TS2304: Cannot find name 'deferredPrompt'.
src/dojopool/static/js/pwa.ts(286,11): error TS2304: Cannot find name 'deferredPrompt'.
src/dojopool/static/js/pwa.ts(317,18): error TS2304: Cannot find name 'gtag'.
src/dojopool/static/js/pwa.ts(318,9): error TS2304: Cannot find name 'gtag'.
src/dojopool/static/js/pwa.ts(333,23): error TS7006: Parameter 'registration' implicitly has an 'any' type.
src/dojopool/static/js/pwa.ts(335,11): error TS18047: 'e.target' is possibly 'null'.
src/dojopool/static/js/pwa.ts(335,20): error TS2339: Property 'dataset' does not exist on type 'EventTarget'.
src/dojopool/static/js/pwa.ts(340,48): error TS2345: Argument of type 'EventTarget | null' is not assignable to parameter of type 'HTMLFormElement | undefined'.
  Type 'null' is not assignable to type 'HTMLFormElement | undefined'.
src/dojopool/static/js/pwa.ts(344,20): error TS18047: 'e.target' is possibly 'null'.
src/dojopool/static/js/pwa.ts(344,29): error TS2339: Property 'action' does not exist on type 'EventTarget'.
src/dojopool/static/js/pwa.ts(361,17): error TS7006: Parameter 'data' implicitly has an 'any' type.
src/dojopool/static/js/pwa.ts(370,43): error TS2794: Expected 1 arguments, but got 0. Did you forget to include 'void' in your type argument to 'Promise'?
src/dojopool/static/js/pwa.ts(373,34): error TS7006: Parameter 'e' implicitly has an 'any' type.
src/dojopool/static/js/pwa.ts(385,15): error TS7006: Parameter 'message' implicitly has an 'any' type.
src/dojopool/static/js/pwa.ts(399,25): error TS7006: Parameter 'base64String' implicitly has an 'any' type.
src/dojopool/static/js/pwa.ts(419,65): error TS2339: Property 'value' does not exist on type 'HTMLElement'.
src/dojopool/static/js/pwa.ts(420,67): error TS2339: Property 'value' does not exist on type 'HTMLElement'.
src/dojopool/static/js/pwa.ts(423,16): error TS2339: Property 'notificationHandler' does not exist on type 'PWAManager'.
src/dojopool/static/js/pwa.ts(424,22): error TS2339: Property 'notificationHandler' does not exist on type 'PWAManager'.
src/dojopool/static/js/pwa.ts(432,7): error TS2451: Cannot redeclare block-scoped variable 'pwa'.
src/dojopool/static/js/responsive.ts(3,7): error TS2300: Duplicate identifier 'ResponsiveManager'.
src/dojopool/static/js/responsive.ts(9,7): error TS2300: Duplicate identifier 'ResponsiveManager'.
src/dojopool/static/js/responsive.ts(11,10): error TS2339: Property 'breakpoints' does not exist on type 'ResponsiveManager'.
src/dojopool/static/js/responsive.ts(16,10): error TS2551: Property 'currentBreakpoint' does not exist on type 'ResponsiveManager'. Did you mean 'getCurrentBreakpoint'?
src/dojopool/static/js/responsive.ts(23,23): error TS2339: Property 'breakpoints' does not exist on type 'ResponsiveManager'.
src/dojopool/static/js/responsive.ts(24,23): error TS2339: Property 'breakpoints' does not exist on type 'ResponsiveManager'.
src/dojopool/static/js/responsive.ts(25,23): error TS2339: Property 'breakpoints' does not exist on type 'ResponsiveManager'.
src/dojopool/static/js/responsive.ts(31,9): error TS7034: Variable 'resizeTimeout' implicitly has type 'any' in some locations where its type cannot be determined.
src/dojopool/static/js/responsive.ts(33,20): error TS7005: Variable 'resizeTimeout' implicitly has an 'any' type.
src/dojopool/static/js/responsive.ts(36,36): error TS2551: Property 'currentBreakpoint' does not exist on type 'ResponsiveManager'. Did you mean 'getCurrentBreakpoint'?
src/dojopool/static/js/responsive.ts(37,16): error TS2551: Property 'currentBreakpoint' does not exist on type 'ResponsiveManager'. Did you mean 'getCurrentBreakpoint'?
src/dojopool/static/js/responsive.ts(92,21): error TS7006: Parameter 'table' implicitly has an 'any' type.
src/dojopool/static/js/responsive.ts(102,21): error TS7006: Parameter 'img' implicitly has an 'any' type.
src/dojopool/static/js/responsive.ts(119,24): error TS7006: Parameter 'dropdown' implicitly has an 'any' type.
src/dojopool/static/js/responsive.ts(122,49): error TS7006: Parameter 'e' implicitly has an 'any' type.
src/dojopool/static/js/responsive.ts(124,30): error TS7006: Parameter 'd' implicitly has an 'any' type.
src/dojopool/static/js/responsive.ts(135,26): error TS7006: Parameter 'breakpoint' implicitly has an 'any' type.
src/dojopool/static/js/responsive.ts(172,21): error TS7006: Parameter 'breakpoint' implicitly has an 'any' type.
src/dojopool/static/js/responsive.ts(174,20): error TS7006: Parameter 'grid' implicitly has an 'any' type.
src/dojopool/static/js/responsive.ts(195,42): error TS2339: Property 'dataset' does not exist on type 'Element'.
src/dojopool/static/js/responsive.ts(197,42): error TS2339: Property 'dataset' does not exist on type 'Element'.
src/dojopool/static/js/responsive.ts(202,17): error TS7006: Parameter 'img' implicitly has an 'any' type.
src/dojopool/static/js/responsive.ts(217,7): error TS2451: Cannot redeclare block-scoped variable 'responsiveManager'.
src/dojopool/static/js/service-worker.ts(3,15): error TS2451: Cannot redeclare block-scoped variable 'self'.
src/dojopool/static/js/service-worker.ts(15,7): error TS2451: Cannot redeclare block-scoped variable 'CACHE_NAME'.
src/dojopool/static/js/service-worker.ts(16,7): error TS2451: Cannot redeclare block-scoped variable 'STATIC_ASSETS'.
src/dojopool/static/js/service-worker.ts(22,7): error TS2451: Cannot redeclare block-scoped variable 'API_ROUTES'.
src/dojopool/static/js/service-worker.ts(24,16): error TS2393: Duplicate function implementation.
src/dojopool/static/js/service-worker.ts(27,6): error TS2339: Property 'transaction' does not exist on type 'DB'.
src/dojopool/static/js/service-worker.ts(36,16): error TS2393: Duplicate function implementation.
src/dojopool/static/js/service-worker.ts(39,6): error TS2339: Property 'transaction' does not exist on type 'DB'.
src/dojopool/static/js/service-worker.ts(48,6): error TS2769: No overload matches this call.
  Overload 1 of 3, '(type: keyof WindowEventMap, listener: (this: Window, ev: Event | MessageEvent<any> | KeyboardEvent | UIEvent | ErrorEvent | ... 24 more ... | StorageEvent) => any, options?: boolean | ... 1 more ... | undefined): void', gave the following error.
    Argument of type '"install"' is not assignable to parameter of type 'keyof WindowEventMap'.
  Overload 2 of 3, '(type: string, listener: EventListenerOrEventListenerObject, options?: boolean | AddEventListenerOptions | undefined): void', gave the following error.
    Argument of type '(event: ExtendableEvent) => void' is not assignable to parameter of type 'EventListenerOrEventListenerObject'.
      Type '(event: ExtendableEvent) => void' is not assignable to type 'EventListener'.
        Types of parameters 'event' and 'evt' are incompatible.
          Property 'waitUntil' is missing in type 'Event' but required in type 'ExtendableEvent'.
  Overload 3 of 3, '(type: keyof DedicatedWorkerGlobalScopeEventMap, listener: (this: DedicatedWorkerGlobalScope, ev: Event | MessageEvent<any> | ErrorEvent | PromiseRejectionEvent | RTCTransformEvent) => any, options?: boolean | ... 1 more ... | undefined): void', gave the following error.
    Argument of type '"install"' is not assignable to parameter of type 'keyof DedicatedWorkerGlobalScopeEventMap'.
src/dojopool/static/js/service-worker.ts(54,6): error TS2769: No overload matches this call.
  Overload 1 of 3, '(type: keyof WindowEventMap, listener: (this: Window, ev: Event | MessageEvent<any> | KeyboardEvent | UIEvent | ErrorEvent | ... 24 more ... | StorageEvent) => any, options?: boolean | ... 1 more ... | undefined): void', gave the following error.
    Argument of type '"activate"' is not assignable to parameter of type 'keyof WindowEventMap'.
  Overload 2 of 3, '(type: string, listener: EventListenerOrEventListenerObject, options?: boolean | AddEventListenerOptions | undefined): void', gave the following error.
    Argument of type '(event: ExtendableEvent) => void' is not assignable to parameter of type 'EventListenerOrEventListenerObject'.
      Type '(event: ExtendableEvent) => void' is not assignable to type 'EventListener'.
        Types of parameters 'event' and 'evt' are incompatible.
          Property 'waitUntil' is missing in type 'Event' but required in type 'ExtendableEvent'.
  Overload 3 of 3, '(type: keyof DedicatedWorkerGlobalScopeEventMap, listener: (this: DedicatedWorkerGlobalScope, ev: Event | MessageEvent<any> | ErrorEvent | PromiseRejectionEvent | RTCTransformEvent) => any, options?: boolean | ... 1 more ... | undefined): void', gave the following error.
    Argument of type '"activate"' is not assignable to parameter of type 'keyof DedicatedWorkerGlobalScopeEventMap'.
src/dojopool/static/js/service-worker.ts(68,6): error TS2769: No overload matches this call.
  Overload 1 of 3, '(type: keyof WindowEventMap, listener: (this: Window, ev: Event | MessageEvent<any> | KeyboardEvent | UIEvent | ErrorEvent | ... 24 more ... | StorageEvent) => any, options?: boolean | ... 1 more ... | undefined): void', gave the following error.
    Argument of type '"fetch"' is not assignable to parameter of type 'keyof WindowEventMap'.
  Overload 2 of 3, '(type: string, listener: EventListenerOrEventListenerObject, options?: boolean | AddEventListenerOptions | undefined): void', gave the following error.
    Argument of type '(event: FetchEvent) => void' is not assignable to parameter of type 'EventListenerOrEventListenerObject'.
      Type '(event: FetchEvent) => void' is not assignable to type 'EventListener'.
        Types of parameters 'event' and 'evt' are incompatible.
          Type 'Event' is missing the following properties from type 'FetchEvent': clientId, handled, preloadResponse, request, and 3 more.
  Overload 3 of 3, '(type: keyof DedicatedWorkerGlobalScopeEventMap, listener: (this: DedicatedWorkerGlobalScope, ev: Event | MessageEvent<any> | ErrorEvent | PromiseRejectionEvent | RTCTransformEvent) => any, options?: boolean | ... 1 more ... | undefined): void', gave the following error.
    Argument of type '"fetch"' is not assignable to parameter of type 'keyof DedicatedWorkerGlobalScopeEventMap'.
src/dojopool/static/js/service-worker.ts(91,39): error TS2304: Cannot find name 'SyncEvent'.
src/dojopool/static/js/service-worker.ts(97,6): error TS2769: No overload matches this call.
  Overload 1 of 3, '(type: keyof WindowEventMap, listener: (this: Window, ev: Event | MessageEvent<any> | KeyboardEvent | UIEvent | ErrorEvent | ... 24 more ... | StorageEvent) => any, options?: boolean | ... 1 more ... | undefined): void', gave the following error.
    Argument of type '"push"' is not assignable to parameter of type 'keyof WindowEventMap'.
  Overload 2 of 3, '(type: string, listener: EventListenerOrEventListenerObject, options?: boolean | AddEventListenerOptions | undefined): void', gave the following error.
    Argument of type '(event: PushEvent) => void' is not assignable to parameter of type 'EventListenerOrEventListenerObject'.
      Type '(event: PushEvent) => void' is not assignable to type 'EventListener'.
        Types of parameters 'event' and 'evt' are incompatible.
          Type 'Event' is missing the following properties from type 'PushEvent': data, waitUntil
  Overload 3 of 3, '(type: keyof DedicatedWorkerGlobalScopeEventMap, listener: (this: DedicatedWorkerGlobalScope, ev: Event | MessageEvent<any> | ErrorEvent | PromiseRejectionEvent | RTCTransformEvent) => any, options?: boolean | ... 1 more ... | undefined): void', gave the following error.
    Argument of type '"push"' is not assignable to parameter of type 'keyof DedicatedWorkerGlobalScopeEventMap'.
src/dojopool/static/js/service-worker.ts(107,24): error TS2339: Property 'registration' does not exist on type 'Window & typeof globalThis'.
src/dojopool/static/js/service-worker.ts(110,6): error TS2769: No overload matches this call.
  Overload 1 of 3, '(type: keyof WindowEventMap, listener: (this: Window, ev: Event | MessageEvent<any> | KeyboardEvent | UIEvent | ErrorEvent | ... 24 more ... | StorageEvent) => any, options?: boolean | ... 1 more ... | undefined): void', gave the following error.
    Argument of type '"notificationclick"' is not assignable to parameter of type 'keyof WindowEventMap'.
  Overload 2 of 3, '(type: string, listener: EventListenerOrEventListenerObject, options?: boolean | AddEventListenerOptions | undefined): void', gave the following error.
    Argument of type '(event: NotificationEvent) => void' is not assignable to parameter of type 'EventListenerOrEventListenerObject'.
      Type '(event: NotificationEvent) => void' is not assignable to type 'EventListener'.
        Types of parameters 'event' and 'evt' are incompatible.
          Type 'Event' is missing the following properties from type 'NotificationEvent': action, notification, waitUntil
  Overload 3 of 3, '(type: keyof DedicatedWorkerGlobalScopeEventMap, listener: (this: DedicatedWorkerGlobalScope, ev: Event | MessageEvent<any> | ErrorEvent | PromiseRejectionEvent | RTCTransformEvent) => any, options?: boolean | ... 1 more ... | undefined): void', gave the following error.
    Argument of type '"notificationclick"' is not assignable to parameter of type 'keyof DedicatedWorkerGlobalScopeEventMap'.
src/dojopool/static/js/service-worker.ts(113,24): error TS2551: Property 'clients' does not exist on type 'Window & typeof globalThis'. Did you mean 'Clients'?
src/dojopool/static/js/service-worker.ts(148,39): error TS2345: Argument of type 'IDBDatabase' is not assignable to parameter of type 'DB | PromiseLike<DB>'.
src/dojopool/static/js/shot-predictor.ts(3,10): error TS2614: Module '"./shot-analytics"' has no exported member 'ShotData'. Did you mean to use 'import ShotData from "./shot-analytics"' instead?
src/dojopool/static/js/shot-predictor.ts(164,9): error TS2322: Type 'number | Tensor<Rank>' is not assignable to type 'number'.
  Type 'Tensor<Rank>' is not assignable to type 'number'.
src/dojopool/static/js/shot-predictor.ts(165,9): error TS2322: Type 'number | Tensor<Rank>' is not assignable to type 'number'.
  Type 'Tensor<Rank>' is not assignable to type 'number'.
src/dojopool/static/js/shot-predictor.ts(268,19): error TS7053: Element implicitly has an 'any' type because expression of type '0' can't be used to index type 'Promise<Uint8Array<ArrayBufferLike> | Float32Array<ArrayBufferLike> | Int32Array<ArrayBufferLike>>'.
  Property '0' does not exist on type 'Promise<Uint8Array<ArrayBufferLike> | Float32Array<ArrayBufferLike> | Int32Array<ArrayBufferLike>>'.
src/dojopool/static/js/shot-predictor.ts(269,23): error TS7053: Element implicitly has an 'any' type because expression of type '0' can't be used to index type 'Promise<Uint8Array<ArrayBufferLike> | Float32Array<ArrayBufferLike> | Int32Array<ArrayBufferLike>>'.
  Property '0' does not exist on type 'Promise<Uint8Array<ArrayBufferLike> | Float32Array<ArrayBufferLike> | Int32Array<ArrayBufferLike>>'.
src/dojopool/static/js/socket-pool.ts(1,18): error TS2307: Cannot find module 'pako' or its corresponding type declarations.
src/dojopool/static/js/socket-pool.ts(128,9): error TS2322: Type 'void' is not assignable to type 'boolean'.
src/dojopool/static/js/socket-pool.ts(135,7): error TS2322: Type 'void' is not assignable to type 'boolean'.
src/dojopool/static/js/socket_manager.ts(61,11): error TS2353: Object literal may only specify known properties, and 'reconnection' does not exist in type 'Partial<ManagerOptions>'.
src/dojopool/static/js/socket_manager.ts(109,30): error TS7006: Parameter 'error' implicitly has an 'any' type.
src/dojopool/static/js/sync-manager.ts(35,20): error TS2339: Property 'sync' does not exist on type 'ServiceWorkerRegistration'.
src/dojopool/static/js/theme.ts(19,30): error TS7006: Parameter 'theme' implicitly has an 'any' type.
src/dojopool/static/js/theme.ts(22,26): error TS7006: Parameter 'theme' implicitly has an 'any' type.
src/dojopool/static/js/theme.ts(51,27): error TS7006: Parameter 'e' implicitly has an 'any' type.
src/dojopool/static/js/tournament_bracket.ts(3,7): error TS2300: Duplicate identifier 'TournamentBracket'.
src/dojopool/static/js/tournament_bracket.ts(9,7): error TS2300: Duplicate identifier 'TournamentBracket'.
src/dojopool/static/js/tournament_bracket.ts(10,15): error TS7006: Parameter 'containerId' implicitly has an 'any' type.
src/dojopool/static/js/tournament_bracket.ts(10,28): error TS7006: Parameter 'tournamentId' implicitly has an 'any' type.
src/dojopool/static/js/tournament_bracket.ts(11,10): error TS2339: Property 'container' does not exist on type 'TournamentBracket'.
src/dojopool/static/js/tournament_bracket.ts(12,10): error TS2339: Property 'tournamentId' does not exist on type 'TournamentBracket'.
src/dojopool/static/js/tournament_bracket.ts(13,10): error TS2339: Property 'matches' does not exist on type 'TournamentBracket'.
src/dojopool/static/js/tournament_bracket.ts(14,10): error TS2339: Property 'rounds' does not exist on type 'TournamentBracket'.
src/dojopool/static/js/tournament_bracket.ts(30,35): error TS2339: Property 'tournamentId' does not exist on type 'TournamentBracket'.
src/dojopool/static/js/tournament_bracket.ts(36,10): error TS2339: Property 'format' does not exist on type 'TournamentBracket'.
src/dojopool/static/js/tournament_bracket.ts(37,10): error TS2339: Property 'rounds' does not exist on type 'TournamentBracket'.
src/dojopool/static/js/tournament_bracket.ts(43,10): error TS2339: Property 'container' does not exist on type 'TournamentBracket'.
src/dojopool/static/js/tournament_bracket.ts(49,10): error TS2339: Property 'rounds' does not exist on type 'TournamentBracket'.
src/dojopool/static/js/tournament_bracket.ts(49,27): error TS7031: Binding element 'roundNum' implicitly has an 'any' type.
src/dojopool/static/js/tournament_bracket.ts(49,37): error TS7031: Binding element 'matches' implicitly has an 'any' type.
src/dojopool/static/js/tournament_bracket.ts(49,47): error TS7006: Parameter 'roundIndex' implicitly has an 'any' type.
src/dojopool/static/js/tournament_bracket.ts(61,24): error TS7006: Parameter 'match' implicitly has an 'any' type.
src/dojopool/static/js/tournament_bracket.ts(69,10): error TS2339: Property 'container' does not exist on type 'TournamentBracket'.
src/dojopool/static/js/tournament_bracket.ts(73,22): error TS7006: Parameter 'match' implicitly has an 'any' type.
src/dojopool/static/js/tournament_bracket.ts(130,30): error TS2339: Property 'container' does not exist on type 'TournamentBracket'.
src/dojopool/static/js/tournament_bracket.ts(133,21): error TS7006: Parameter 'round' implicitly has an 'any' type.
src/dojopool/static/js/tournament_bracket.ts(133,28): error TS7006: Parameter 'index' implicitly has an 'any' type.
src/dojopool/static/js/tournament_bracket.ts(138,26): error TS7006: Parameter 'match' implicitly has an 'any' type.
src/dojopool/static/js/tournament_bracket.ts(138,33): error TS7006: Parameter 'matchIndex' implicitly has an 'any' type.
src/dojopool/static/js/tournament_bracket.ts(147,16): error TS7006: Parameter 'roundNum' implicitly has an 'any' type.
src/dojopool/static/js/tournament_bracket.ts(147,26): error TS7006: Parameter 'roundIndex' implicitly has an 'any' type.
src/dojopool/static/js/tournament_bracket.ts(148,35): error TS2339: Property 'rounds' does not exist on type 'TournamentBracket'.
src/dojopool/static/js/tournament_bracket.ts(165,18): error TS7006: Parameter 'status' implicitly has an 'any' type.
src/dojopool/static/js/tournament_bracket.ts(180,20): error TS7006: Parameter 'match' implicitly has an 'any' type.
src/dojopool/static/js/tournament_bracket.ts(184,38): error TS2304: Cannot find name 'bootstrap'.
src/dojopool/static/js/tournament_bracket.ts(194,49): error TS2339: Property 'tournamentId' does not exist on type 'TournamentBracket'.
src/dojopool/static/js/tournament_bracket.ts(201,10): error TS2339: Property 'container' does not exist on type 'TournamentBracket'.
src/dojopool/static/js/tournaments.ts(10,23): error TS7006: Parameter 'input' implicitly has an 'any' type.
src/dojopool/static/js/tournaments.ts(22,63): error TS7006: Parameter 'e' implicitly has an 'any' type.
src/dojopool/static/js/tournaments.ts(26,9): error TS2531: Object is possibly 'null'.
src/dojopool/static/js/tournaments.ts(26,46): error TS2339: Property 'value' does not exist on type 'HTMLElement'.
src/dojopool/static/js/tournaments.ts(28,37): error TS2531: Object is possibly 'null'.
src/dojopool/static/js/tournaments.ts(28,72): error TS2339: Property 'value' does not exist on type 'HTMLElement'.
src/dojopool/static/js/tournaments.ts(30,9): error TS2531: Object is possibly 'null'.
src/dojopool/static/js/tournaments.ts(30,57): error TS2339: Property 'value' does not exist on type 'HTMLElement'.
src/dojopool/static/js/tournaments.ts(43,7): error TS2683: 'this' implicitly has type 'any' because it does not have a type annotation.
src/dojopool/static/js/tournaments.ts(50,66): error TS7006: Parameter 'event' implicitly has an 'any' type.
src/dojopool/static/js/tournaments.ts(59,25): error TS2683: 'this' implicitly has type 'any' because it does not have a type annotation.
src/dojopool/static/js/tournaments.ts(67,7): error TS2683: 'this' implicitly has type 'any' because it does not have a type annotation.
src/dojopool/static/js/tournaments.ts(68,7): error TS2683: 'this' implicitly has type 'any' because it does not have a type annotation.
src/dojopool/static/js/tournaments.ts(69,7): error TS2683: 'this' implicitly has type 'any' because it does not have a type annotation.
src/dojopool/static/js/tournaments.ts(70,7): error TS2683: 'this' implicitly has type 'any' because it does not have a type annotation.
src/dojopool/static/js/tournaments.ts(77,58): error TS7006: Parameter 'e' implicitly has an 'any' type.
src/dojopool/static/js/tournaments.ts(81,9): error TS2531: Object is possibly 'null'.
src/dojopool/static/js/tournaments.ts(81,49): error TS2339: Property 'value' does not exist on type 'HTMLElement'.
src/dojopool/static/js/tournaments.ts(84,9): error TS2531: Object is possibly 'null'.
src/dojopool/static/js/tournaments.ts(84,49): error TS2339: Property 'value' does not exist on type 'HTMLElement'.
src/dojopool/static/js/tournaments.ts(86,28): error TS2531: Object is possibly 'null'.
src/dojopool/static/js/tournaments.ts(86,67): error TS2339: Property 'checked' does not exist on type 'HTMLElement'.
src/dojopool/static/js/tournaments.ts(93,7): error TS2683: 'this' implicitly has type 'any' because it does not have a type annotation.
src/dojopool/static/js/tournaments.ts(101,26): error TS7006: Parameter 'form' implicitly has an 'any' type.
src/dojopool/static/js/tournaments.ts(102,47): error TS7006: Parameter 'e' implicitly has an 'any' type.
src/dojopool/static/js/tournaments.ts(106,9): error TS2683: 'this' implicitly has type 'any' because it does not have a type annotation.
src/dojopool/static/js/tournaments.ts(125,30): error TS2304: Cannot find name 'bootstrap'.
src/dojopool/static/js/trendVisualization.ts(38,20): error TS2339: Property 'global' does not exist on type 'Defaults'.
src/dojopool/static/js/trendVisualization.ts(40,20): error TS2339: Property 'global' does not exist on type 'Defaults'.
src/dojopool/static/js/trendVisualization.ts(216,13): error TS2322: Type '{ display: true; scaleLabel: { display: true; labelString: string; }; }[]' is not assignable to type '_DeepPartialObject<{ type: "time"; } & Omit<CartesianScaleOptions, "max" | "min"> & { min: string | number; max: string | number; suggestedMin: string | number; ... 5 more ...; ticks: TimeScaleTickOptions; }> | ... 5 more ... | undefined'.
  Type '{ display: true; scaleLabel: { display: true; labelString: string; }; }[]' is not assignable to type '_DeepPartialObject<{ type: "radialLinear"; } & CoreScaleOptions & { animate: boolean; startAngle: number; angleLines: { display: boolean; color: Scriptable<Color, ScriptableScaleContext>; lineWidth: Scriptable<...>; borderDash: Scriptable<...>; borderDashOffset: Scriptable<...>; }; ... 7 more ...; ticks: RadialTickO...'.
    Types of property 'reverse' are incompatible.
      Type '() => { display: true; scaleLabel: { display: true; labelString: string; }; }[]' is not assignable to type 'boolean | undefined'.
src/dojopool/static/js/trendVisualization.ts(225,13): error TS2322: Type '{ display: true; scaleLabel: { display: true; labelString: string; }; }[]' is not assignable to type '_DeepPartialObject<{ type: "time"; } & Omit<CartesianScaleOptions, "max" | "min"> & { min: string | number; max: string | number; suggestedMin: string | number; ... 5 more ...; ticks: TimeScaleTickOptions; }> | ... 5 more ... | undefined'.
  Type '{ display: true; scaleLabel: { display: true; labelString: string; }; }[]' is not assignable to type '_DeepPartialObject<{ type: "radialLinear"; } & CoreScaleOptions & { animate: boolean; startAngle: number; angleLines: { display: boolean; color: Scriptable<Color, ScriptableScaleContext>; lineWidth: Scriptable<...>; borderDash: Scriptable<...>; borderDashOffset: Scriptable<...>; }; ... 7 more ...; ticks: RadialTickO...'.
    Types of property 'reverse' are incompatible.
      Type '() => { display: true; scaleLabel: { display: true; labelString: string; }; }[]' is not assignable to type 'boolean | undefined'.
src/dojopool/static/js/umpire.new.ts(150,7): error TS2451: Cannot redeclare block-scoped variable 'MAX_RECONNECT_ATTEMPTS'.
src/dojopool/static/js/umpire.new.ts(205,5): error TS2451: Cannot redeclare block-scoped variable 'lastFrameTime'.
src/dojopool/static/js/umpire.new.ts(206,5): error TS2451: Cannot redeclare block-scoped variable 'frameProcessingId'.
src/dojopool/static/js/umpire.new.ts(207,5): error TS2451: Cannot redeclare block-scoped variable 'statusAnimationId'.
src/dojopool/static/js/umpire.new.ts(209,5): error TS2451: Cannot redeclare block-scoped variable 'isProcessingFrame'.
src/dojopool/static/js/umpire.new.ts(210,5): error TS2451: Cannot redeclare block-scoped variable 'reconnectAttempts'.
src/dojopool/static/js/umpire.new.ts(211,5): error TS2451: Cannot redeclare block-scoped variable 'socket'.
src/dojopool/static/js/umpire.new.ts(211,13): error TS2304: Cannot find name 'Socket'.
src/dojopool/static/js/umpire.new.ts(244,7): error TS2451: Cannot redeclare block-scoped variable 'umpireState'.
src/dojopool/static/js/umpire.new.ts(279,7): error TS2720: Class 'GenericMemoryPool<T>' incorrectly implements class 'MemoryPool<T>'. Did you mean to extend 'MemoryPool<T>' and inherit its members as a subclass?
  Type 'GenericMemoryPool<T>' is missing the following properties from type 'MemoryPool<T>': uint32Buffers, float64Buffers, poolSize, initialize, and 3 more.
src/dojopool/static/js/umpire.new.ts(512,37): error TS2345: Argument of type 'GenericMemoryPool<any>' is not assignable to parameter of type 'MemoryPool<any>'.
  Type 'GenericMemoryPool<any>' is missing the following properties from type 'MemoryPool<any>': uint32Buffers, float64Buffers, poolSize, initialize, and 3 more.
src/dojopool/static/js/umpire.new.ts(513,38): error TS2345: Argument of type 'GenericMemoryPool<any>' is not assignable to parameter of type 'MemoryPool<any>'.
  Type 'GenericMemoryPool<any>' is missing the following properties from type 'MemoryPool<any>': uint32Buffers, float64Buffers, poolSize, initialize, and 3 more.
src/dojopool/static/js/umpire/index.ts(60,33): error TS7006: Parameter 'error' implicitly has an 'any' type.
src/dojopool/static/js/umpire/index.ts(63,30): error TS7006: Parameter 'reason' implicitly has an 'any' type.
src/dojopool/static/js/umpire/index.ts(66,25): error TS7006: Parameter 'error' implicitly has an 'any' type.
src/dojopool/static/js/umpire/ui.ts(1,23): error TS2307: Cannot find module 'bootstrap' or its corresponding type declarations.
src/dojopool/static/js/venues.ts(27,10): error TS2393: Duplicate function implementation.
src/dojopool/static/js/venues.ts(45,10): error TS2393: Duplicate function implementation.
src/dojopool/static/js/venues.ts(51,7): error TS2300: Duplicate identifier 'VenueManager'.
src/dojopool/static/js/venues.ts(130,30): error TS2339: Property 'error' does not exist on type 'PaginatedResponse<Venue>'.
src/dojopool/static/js/venues.ts(263,7): error TS2300: Duplicate identifier 'VenueDetailsManager'.
src/dojopool/static/js/venues.ts(330,9): error TS2669: Augmentations for the global scope can only be directly nested in external modules or ambient module declarations.
src/dojopool/static/js/venues.ts(342,12): error TS2339: Property 'venueManager' does not exist on type 'Window & typeof globalThis'.
src/dojopool/static/js/venues.ts(350,14): error TS2339: Property 'venueDetailsManager' does not exist on type 'Window & typeof globalThis'.
src/dojopool/static/js/wasm-processor.ts(54,33): error TS2307: Cannot find module '../../../frame-processor/pkg' or its corresponding type declarations.
src/dojopool/static/js/wasm-processor.ts(77,50): error TS2345: Argument of type 'Uint8ClampedArray<ArrayBufferLike>' is not assignable to parameter of type 'Uint8Array<ArrayBufferLike>'.
  The types of 'filter(...).findLast' are incompatible between these types.
    Type '{ <S extends number>(predicate: (value: number, index: number, array: Uint8ClampedArray<ArrayBuffer>) => value is S, thisArg?: any): S | undefined; (predicate: (value: number, index: number, array: Uint8ClampedArray<...>) => unknown, thisArg?: any): number | undefined; }' is not assignable to type '{ <S extends number>(predicate: (value: number, index: number, array: Uint8Array<ArrayBuffer>) => value is S, thisArg?: any): S | undefined; (predicate: (value: number, index: number, array: Uint8Array<...>) => unknown, thisArg?: any): number | undefined; }'.
      Types of parameters 'predicate' and 'predicate' are incompatible.
        Type '(value: number, index: number, array: Uint8Array<ArrayBuffer>) => unknown' is not assignable to type '(value: number, index: number, array: Uint8ClampedArray<ArrayBuffer>) => value is any'.
          Signature '(value: number, index: number, array: Uint8Array<ArrayBuffer>): unknown' must be a type predicate.
src/dojopool/static/js/workers/memory-reporter.ts(91,13): error TS2540: Cannot assign to 'heapUsed' because it is a read-only property.
src/dojopool/static/js/workers/memory-reporter.ts(92,13): error TS2540: Cannot assign to 'heapTotal' because it is a read-only property.
src/dojopool/static/js/workers/memory-reporter.ts(93,13): error TS2540: Cannot assign to 'externalMemory' because it is a read-only property.
src/dojopool/static/js/workers/memory-reporter.ts(110,18): error TS2540: Cannot assign to 'length' because it is a read-only property.
src/dojopool/static/js/workers/shot-detection-worker.ts(126,14): error TS2341: Property 'memoryReporter' is private and only accessible within class 'ShotDetectionWorker'.
src/dojopool/static/js/workers/shot-detection.worker.ts(53,19): error TS2304: Cannot find name 'MemoryStats'.
src/dojopool/static/js/workers/shot-detection.worker.ts(201,24): error TS2352: Conversion of type '{ processingTime: number; detected: boolean; confidence: number; detectionTime: number; type: "shotDetected"; }' to type 'ShotDetectionResponse' may be a mistake because neither type sufficiently overlaps with the other. If this was intentional, convert the expression to 'unknown' first.
  Property 'shotDetectionTime' is missing in type '{ processingTime: number; detected: boolean; confidence: number; detectionTime: number; type: "shotDetected"; }' but required in type 'ShotDetectionResponse'.
src/dojopool/static/js/workers/shot-detection.worker.ts(285,46): error TS2769: No overload matches this call.
  Overload 1 of 2, '(bytes: BufferSource): Promise<Module>', gave the following error.
    Argument of type 'string' is not assignable to parameter of type 'BufferSource'.
  Overload 2 of 2, '(bytes: BufferSource): Promise<Module>', gave the following error.
    Argument of type 'string' is not assignable to parameter of type 'BufferSource'.
src/dojopool/static/js/workers/shot-detection.worker.ts(383,21): error TS2339: Property 'recordAggregatedMetrics' does not exist on type 'PerformanceProfiler'.
src/dojopool/tests/performance/automated_suite.tsx(2,28): error TS2307: Cannot find module '../../components/DebugPanel' or its corresponding type declarations.
src/dojopool/types/training.ts(2,1): error TS2304: Cannot find name 'Training'.
src/dojopool/types/training.ts(3,1): error TS2304: Cannot find name 'Types'.
src/features/game/GameAnalysis.tsx(6,3): error TS2305: Module '"@chakra-ui/react"' has no exported member 'CircularProgress'.
src/features/game/GameAnalysis.tsx(7,3): error TS2305: Module '"@chakra-ui/react"' has no exported member 'useTheme'.
src/features/game/GameAnalysis.tsx(8,3): error TS2305: Module '"@chakra-ui/react"' has no exported member 'useColorModeValue'.
src/features/game/GameAnalysis.tsx(19,3): error TS2305: Module '"@chakra-ui/react"' has no exported member 'StatNumber'.
src/features/game/GameAnalysis.tsx(21,3): error TS2305: Module '"@chakra-ui/react"' has no exported member 'StatArrow'.
src/features/game/GameAnalysis.tsx(22,3): error TS2305: Module '"@chakra-ui/react"' has no exported member 'Divider'.
src/features/game/GameAnalysis.tsx(24,3): error TS2724: '"@chakra-ui/react"' has no exported member named 'TabList'. Did you mean 'TabsList'?
src/features/game/GameAnalysis.tsx(25,3): error TS2305: Module '"@chakra-ui/react"' has no exported member 'TabPanels'.
src/features/game/GameAnalysis.tsx(26,3): error TS2724: '"@chakra-ui/react"' has no exported member named 'Tab'. Did you mean 'Tabs'?
src/features/game/GameAnalysis.tsx(27,3): error TS2305: Module '"@chakra-ui/react"' has no exported member 'TabPanel'.
src/features/game/GameAnalysis.tsx(418,8): error TS2604: JSX element type 'Tabs' does not have any construct or call signatures.
src/features/game/GameAnalysis.tsx(418,8): error TS2786: 'Tabs' cannot be used as a JSX component.
  Its type 'typeof import("C:/Users/Lenovo ThinkCentre/OneDrive/Documents/GitHub/dojopool/node_modules/@chakra-ui/react/dist/types/components/tabs/namespace")' is not a valid JSX element type.
src/features/game/GameAnalysis.tsx(432,16): error TS2604: JSX element type 'Card' does not have any construct or call signatures.
src/features/game/GameAnalysis.tsx(432,16): error TS2786: 'Card' cannot be used as a JSX component.
  Its type 'typeof import("C:/Users/Lenovo ThinkCentre/OneDrive/Documents/GitHub/dojopool/node_modules/@chakra-ui/react/dist/types/components/card/namespace")' is not a valid JSX element type.
src/features/game/GameAnalysis.tsx(440,43): error TS2322: Type '{ children: Element[]; columns: number; spacing: number; }' is not assignable to type 'IntrinsicAttributes & SimpleGridProps & RefAttributes<HTMLDivElement>'.
  Property 'spacing' does not exist on type 'IntrinsicAttributes & SimpleGridProps & RefAttributes<HTMLDivElement>'.
src/features/game/GameAnalysis.tsx(441,22): error TS2604: JSX element type 'Stat' does not have any construct or call signatures.
src/features/game/GameAnalysis.tsx(441,22): error TS2786: 'Stat' cannot be used as a JSX component.
  Its type 'typeof import("C:/Users/Lenovo ThinkCentre/OneDrive/Documents/GitHub/dojopool/node_modules/@chakra-ui/react/dist/types/components/stat/namespace")' is not a valid JSX element type.
src/features/game/GameAnalysis.tsx(450,22): error TS2604: JSX element type 'Stat' does not have any construct or call signatures.
src/features/game/GameAnalysis.tsx(450,22): error TS2786: 'Stat' cannot be used as a JSX component.
  Its type 'typeof import("C:/Users/Lenovo ThinkCentre/OneDrive/Documents/GitHub/dojopool/node_modules/@chakra-ui/react/dist/types/components/stat/namespace")' is not a valid JSX element type.
src/features/game/GameAnalysis.tsx(457,22): error TS2604: JSX element type 'Stat' does not have any construct or call signatures.
src/features/game/GameAnalysis.tsx(457,22): error TS2786: 'Stat' cannot be used as a JSX component.
  Its type 'typeof import("C:/Users/Lenovo ThinkCentre/OneDrive/Documents/GitHub/dojopool/node_modules/@chakra-ui/react/dist/types/components/stat/namespace")' is not a valid JSX element type.
src/features/game/GameAnalysis.tsx(463,22): error TS2604: JSX element type 'Stat' does not have any construct or call signatures.
src/features/game/GameAnalysis.tsx(463,22): error TS2786: 'Stat' cannot be used as a JSX component.
  Its type 'typeof import("C:/Users/Lenovo ThinkCentre/OneDrive/Documents/GitHub/dojopool/node_modules/@chakra-ui/react/dist/types/components/stat/namespace")' is not a valid JSX element type.
src/features/game/GameAnalysis.tsx(475,16): error TS2604: JSX element type 'Card' does not have any construct or call signatures.
src/features/game/GameAnalysis.tsx(475,16): error TS2786: 'Card' cannot be used as a JSX component.
  Its type 'typeof import("C:/Users/Lenovo ThinkCentre/OneDrive/Documents/GitHub/dojopool/node_modules/@chakra-ui/react/dist/types/components/card/namespace")' is not a valid JSX element type.
src/features/game/GameAnalysis.tsx(483,43): error TS2322: Type '{ children: Element[]; columns: number; spacing: number; }' is not assignable to type 'IntrinsicAttributes & SimpleGridProps & RefAttributes<HTMLDivElement>'.
  Property 'spacing' does not exist on type 'IntrinsicAttributes & SimpleGridProps & RefAttributes<HTMLDivElement>'.
src/features/game/GameAnalysis.tsx(484,22): error TS2604: JSX element type 'Stat' does not have any construct or call signatures.
src/features/game/GameAnalysis.tsx(484,22): error TS2786: 'Stat' cannot be used as a JSX component.
  Its type 'typeof import("C:/Users/Lenovo ThinkCentre/OneDrive/Documents/GitHub/dojopool/node_modules/@chakra-ui/react/dist/types/components/stat/namespace")' is not a valid JSX element type.
src/features/game/GameAnalysis.tsx(493,22): error TS2604: JSX element type 'Stat' does not have any construct or call signatures.
src/features/game/GameAnalysis.tsx(493,22): error TS2786: 'Stat' cannot be used as a JSX component.
  Its type 'typeof import("C:/Users/Lenovo ThinkCentre/OneDrive/Documents/GitHub/dojopool/node_modules/@chakra-ui/react/dist/types/components/stat/namespace")' is not a valid JSX element type.
src/features/game/GameAnalysis.tsx(500,22): error TS2604: JSX element type 'Stat' does not have any construct or call signatures.
src/features/game/GameAnalysis.tsx(500,22): error TS2786: 'Stat' cannot be used as a JSX component.
  Its type 'typeof import("C:/Users/Lenovo ThinkCentre/OneDrive/Documents/GitHub/dojopool/node_modules/@chakra-ui/react/dist/types/components/stat/namespace")' is not a valid JSX element type.
src/features/game/GameAnalysis.tsx(506,22): error TS2604: JSX element type 'Stat' does not have any construct or call signatures.
src/features/game/GameAnalysis.tsx(506,22): error TS2786: 'Stat' cannot be used as a JSX component.
  Its type 'typeof import("C:/Users/Lenovo ThinkCentre/OneDrive/Documents/GitHub/dojopool/node_modules/@chakra-ui/react/dist/types/components/stat/namespace")' is not a valid JSX element type.
src/features/game/GameAnalysis.tsx(518,16): error TS2604: JSX element type 'Card' does not have any construct or call signatures.
src/features/game/GameAnalysis.tsx(518,16): error TS2786: 'Card' cannot be used as a JSX component.
  Its type 'typeof import("C:/Users/Lenovo ThinkCentre/OneDrive/Documents/GitHub/dojopool/node_modules/@chakra-ui/react/dist/types/components/card/namespace")' is not a valid JSX element type.
src/features/game/GameAnalysis.tsx(577,16): error TS2604: JSX element type 'Card' does not have any construct or call signatures.
src/features/game/GameAnalysis.tsx(577,16): error TS2786: 'Card' cannot be used as a JSX component.
  Its type 'typeof import("C:/Users/Lenovo ThinkCentre/OneDrive/Documents/GitHub/dojopool/node_modules/@chakra-ui/react/dist/types/components/card/namespace")' is not a valid JSX element type.
src/features/game/GameAnalysis.tsx(598,16): error TS2604: JSX element type 'Card' does not have any construct or call signatures.
src/features/game/GameAnalysis.tsx(598,16): error TS2786: 'Card' cannot be used as a JSX component.
  Its type 'typeof import("C:/Users/Lenovo ThinkCentre/OneDrive/Documents/GitHub/dojopool/node_modules/@chakra-ui/react/dist/types/components/card/namespace")' is not a valid JSX element type.
src/features/game/GameAnalysis.tsx(631,16): error TS2604: JSX element type 'Card' does not have any construct or call signatures.
src/features/game/GameAnalysis.tsx(631,16): error TS2786: 'Card' cannot be used as a JSX component.
  Its type 'typeof import("C:/Users/Lenovo ThinkCentre/OneDrive/Documents/GitHub/dojopool/node_modules/@chakra-ui/react/dist/types/components/card/namespace")' is not a valid JSX element type.
src/features/game/GameAnalysis.tsx(679,16): error TS2604: JSX element type 'Card' does not have any construct or call signatures.
src/features/game/GameAnalysis.tsx(679,16): error TS2786: 'Card' cannot be used as a JSX component.
  Its type 'typeof import("C:/Users/Lenovo ThinkCentre/OneDrive/Documents/GitHub/dojopool/node_modules/@chakra-ui/react/dist/types/components/card/namespace")' is not a valid JSX element type.
src/features/game/GameAnalysis.tsx(709,16): error TS2604: JSX element type 'Card' does not have any construct or call signatures.
src/features/game/GameAnalysis.tsx(709,16): error TS2786: 'Card' cannot be used as a JSX component.
  Its type 'typeof import("C:/Users/Lenovo ThinkCentre/OneDrive/Documents/GitHub/dojopool/node_modules/@chakra-ui/react/dist/types/components/card/namespace")' is not a valid JSX element type.
src/features/game/GameAnalysis.tsx(734,16): error TS2604: JSX element type 'Card' does not have any construct or call signatures.
src/features/game/GameAnalysis.tsx(734,16): error TS2786: 'Card' cannot be used as a JSX component.
  Its type 'typeof import("C:/Users/Lenovo ThinkCentre/OneDrive/Documents/GitHub/dojopool/node_modules/@chakra-ui/react/dist/types/components/card/namespace")' is not a valid JSX element type.
src/features/game/GameAnalysis.tsx(790,16): error TS2604: JSX element type 'Card' does not have any construct or call signatures.
src/features/game/GameAnalysis.tsx(790,16): error TS2786: 'Card' cannot be used as a JSX component.
  Its type 'typeof import("C:/Users/Lenovo ThinkCentre/OneDrive/Documents/GitHub/dojopool/node_modules/@chakra-ui/react/dist/types/components/card/namespace")' is not a valid JSX element type.
src/features/game/GameAnalysis.tsx(799,60): error TS2322: Type '{ children: Element[]; columns: { base: number; md: number; }; spacing: number; }' is not assignable to type 'IntrinsicAttributes & SimpleGridProps & RefAttributes<HTMLDivElement>'.
  Property 'spacing' does not exist on type 'IntrinsicAttributes & SimpleGridProps & RefAttributes<HTMLDivElement>'.
src/features/game/GameAnalysis.tsx(804,47): error TS2322: Type '{ children: Element[]; align: "stretch"; spacing: number; }' is not assignable to type 'IntrinsicAttributes & StackProps & RefAttributes<HTMLDivElement>'.
  Property 'spacing' does not exist on type 'IntrinsicAttributes & StackProps & RefAttributes<HTMLDivElement>'.
src/features/game/GameAnalysis.tsx(805,26): error TS2604: JSX element type 'Progress' does not have any construct or call signatures.
src/features/game/GameAnalysis.tsx(805,26): error TS2786: 'Progress' cannot be used as a JSX component.
  Its type 'typeof import("C:/Users/Lenovo ThinkCentre/OneDrive/Documents/GitHub/dojopool/node_modules/@chakra-ui/react/dist/types/components/progress/namespace")' is not a valid JSX element type.
src/features/game/GameAnalysis.tsx(815,26): error TS2604: JSX element type 'Progress' does not have any construct or call signatures.
src/features/game/GameAnalysis.tsx(815,26): error TS2786: 'Progress' cannot be used as a JSX component.
  Its type 'typeof import("C:/Users/Lenovo ThinkCentre/OneDrive/Documents/GitHub/dojopool/node_modules/@chakra-ui/react/dist/types/components/progress/namespace")' is not a valid JSX element type.
src/features/game/GameAnalysis.tsx(825,26): error TS2604: JSX element type 'Progress' does not have any construct or call signatures.
src/features/game/GameAnalysis.tsx(825,26): error TS2786: 'Progress' cannot be used as a JSX component.
  Its type 'typeof import("C:/Users/Lenovo ThinkCentre/OneDrive/Documents/GitHub/dojopool/node_modules/@chakra-ui/react/dist/types/components/progress/namespace")' is not a valid JSX element type.
src/features/game/GameAnalysis.tsx(841,47): error TS2322: Type '{ children: Element[]; align: "stretch"; spacing: number; }' is not assignable to type 'IntrinsicAttributes & StackProps & RefAttributes<HTMLDivElement>'.
  Property 'spacing' does not exist on type 'IntrinsicAttributes & StackProps & RefAttributes<HTMLDivElement>'.
src/features/game/GameAnalysis.tsx(842,26): error TS2604: JSX element type 'Progress' does not have any construct or call signatures.
src/features/game/GameAnalysis.tsx(842,26): error TS2786: 'Progress' cannot be used as a JSX component.
  Its type 'typeof import("C:/Users/Lenovo ThinkCentre/OneDrive/Documents/GitHub/dojopool/node_modules/@chakra-ui/react/dist/types/components/progress/namespace")' is not a valid JSX element type.
src/features/game/GameAnalysis.tsx(852,26): error TS2604: JSX element type 'Progress' does not have any construct or call signatures.
src/features/game/GameAnalysis.tsx(852,26): error TS2786: 'Progress' cannot be used as a JSX component.
  Its type 'typeof import("C:/Users/Lenovo ThinkCentre/OneDrive/Documents/GitHub/dojopool/node_modules/@chakra-ui/react/dist/types/components/progress/namespace")' is not a valid JSX element type.
src/features/game/GameAnalysis.tsx(862,26): error TS2604: JSX element type 'Progress' does not have any construct or call signatures.
src/features/game/GameAnalysis.tsx(862,26): error TS2786: 'Progress' cannot be used as a JSX component.
  Its type 'typeof import("C:/Users/Lenovo ThinkCentre/OneDrive/Documents/GitHub/dojopool/node_modules/@chakra-ui/react/dist/types/components/progress/namespace")' is not a valid JSX element type.
src/features/game/GameAnalysis.tsx(879,16): error TS2604: JSX element type 'Card' does not have any construct or call signatures.
src/features/game/GameAnalysis.tsx(879,16): error TS2786: 'Card' cannot be used as a JSX component.
  Its type 'typeof import("C:/Users/Lenovo ThinkCentre/OneDrive/Documents/GitHub/dojopool/node_modules/@chakra-ui/react/dist/types/components/card/namespace")' is not a valid JSX element type.
src/features/game/GameAnalysis.tsx(888,60): error TS2322: Type '{ children: Element[]; columns: { base: number; md: number; }; spacing: number; }' is not assignable to type 'IntrinsicAttributes & SimpleGridProps & RefAttributes<HTMLDivElement>'.
  Property 'spacing' does not exist on type 'IntrinsicAttributes & SimpleGridProps & RefAttributes<HTMLDivElement>'.
src/features/game/GameAnalysis.tsx(893,47): error TS2322: Type '{ children: Element[]; align: "stretch"; spacing: number; }' is not assignable to type 'IntrinsicAttributes & StackProps & RefAttributes<HTMLDivElement>'.
  Property 'spacing' does not exist on type 'IntrinsicAttributes & StackProps & RefAttributes<HTMLDivElement>'.
src/features/game/GameAnalysis.tsx(894,26): error TS2604: JSX element type 'Stat' does not have any construct or call signatures.
src/features/game/GameAnalysis.tsx(894,26): error TS2786: 'Stat' cannot be used as a JSX component.
  Its type 'typeof import("C:/Users/Lenovo ThinkCentre/OneDrive/Documents/GitHub/dojopool/node_modules/@chakra-ui/react/dist/types/components/stat/namespace")' is not a valid JSX element type.
src/features/game/GameAnalysis.tsx(901,26): error TS2604: JSX element type 'Stat' does not have any construct or call signatures.
src/features/game/GameAnalysis.tsx(901,26): error TS2786: 'Stat' cannot be used as a JSX component.
  Its type 'typeof import("C:/Users/Lenovo ThinkCentre/OneDrive/Documents/GitHub/dojopool/node_modules/@chakra-ui/react/dist/types/components/stat/namespace")' is not a valid JSX element type.
src/features/game/GameAnalysis.tsx(908,26): error TS2604: JSX element type 'Stat' does not have any construct or call signatures.
src/features/game/GameAnalysis.tsx(908,26): error TS2786: 'Stat' cannot be used as a JSX component.
  Its type 'typeof import("C:/Users/Lenovo ThinkCentre/OneDrive/Documents/GitHub/dojopool/node_modules/@chakra-ui/react/dist/types/components/stat/namespace")' is not a valid JSX element type.
src/features/game/GameAnalysis.tsx(921,47): error TS2322: Type '{ children: Element[]; align: "stretch"; spacing: number; }' is not assignable to type 'IntrinsicAttributes & StackProps & RefAttributes<HTMLDivElement>'.
  Property 'spacing' does not exist on type 'IntrinsicAttributes & StackProps & RefAttributes<HTMLDivElement>'.
src/features/game/GameAnalysis.tsx(922,26): error TS2604: JSX element type 'Stat' does not have any construct or call signatures.
src/features/game/GameAnalysis.tsx(922,26): error TS2786: 'Stat' cannot be used as a JSX component.
  Its type 'typeof import("C:/Users/Lenovo ThinkCentre/OneDrive/Documents/GitHub/dojopool/node_modules/@chakra-ui/react/dist/types/components/stat/namespace")' is not a valid JSX element type.
src/features/game/GameAnalysis.tsx(929,26): error TS2604: JSX element type 'Stat' does not have any construct or call signatures.
src/features/game/GameAnalysis.tsx(929,26): error TS2786: 'Stat' cannot be used as a JSX component.
  Its type 'typeof import("C:/Users/Lenovo ThinkCentre/OneDrive/Documents/GitHub/dojopool/node_modules/@chakra-ui/react/dist/types/components/stat/namespace")' is not a valid JSX element type.
src/features/game/GameAnalysis.tsx(936,26): error TS2604: JSX element type 'Stat' does not have any construct or call signatures.
src/features/game/GameAnalysis.tsx(936,26): error TS2786: 'Stat' cannot be used as a JSX component.
  Its type 'typeof import("C:/Users/Lenovo ThinkCentre/OneDrive/Documents/GitHub/dojopool/node_modules/@chakra-ui/react/dist/types/components/stat/namespace")' is not a valid JSX element type.
src/features/game/GameAnalysis.tsx(957,16): error TS2604: JSX element type 'Card' does not have any construct or call signatures.
src/features/game/GameAnalysis.tsx(957,16): error TS2786: 'Card' cannot be used as a JSX component.
  Its type 'typeof import("C:/Users/Lenovo ThinkCentre/OneDrive/Documents/GitHub/dojopool/node_modules/@chakra-ui/react/dist/types/components/card/namespace")' is not a valid JSX element type.
src/features/game/GameAnalysis.tsx(1005,16): error TS2604: JSX element type 'Card' does not have any construct or call signatures.
src/features/game/GameAnalysis.tsx(1005,16): error TS2786: 'Card' cannot be used as a JSX component.
  Its type 'typeof import("C:/Users/Lenovo ThinkCentre/OneDrive/Documents/GitHub/dojopool/node_modules/@chakra-ui/react/dist/types/components/card/namespace")' is not a valid JSX element type.
src/features/game/GameAnalysis.tsx(1058,16): error TS2604: JSX element type 'Card' does not have any construct or call signatures.
src/features/game/GameAnalysis.tsx(1058,16): error TS2786: 'Card' cannot be used as a JSX component.
  Its type 'typeof import("C:/Users/Lenovo ThinkCentre/OneDrive/Documents/GitHub/dojopool/node_modules/@chakra-ui/react/dist/types/components/card/namespace")' is not a valid JSX element type.
src/features/game/GameAnalysis.tsx(1112,16): error TS2604: JSX element type 'Card' does not have any construct or call signatures.
src/features/game/GameAnalysis.tsx(1112,16): error TS2786: 'Card' cannot be used as a JSX component.
  Its type 'typeof import("C:/Users/Lenovo ThinkCentre/OneDrive/Documents/GitHub/dojopool/node_modules/@chakra-ui/react/dist/types/components/card/namespace")' is not a valid JSX element type.
src/features/game/GameAnalysis.tsx(1137,16): error TS2604: JSX element type 'Card' does not have any construct or call signatures.
src/features/game/GameAnalysis.tsx(1137,16): error TS2786: 'Card' cannot be used as a JSX component.
  Its type 'typeof import("C:/Users/Lenovo ThinkCentre/OneDrive/Documents/GitHub/dojopool/node_modules/@chakra-ui/react/dist/types/components/card/namespace")' is not a valid JSX element type.
src/features/game/GameTracker.tsx(3,26): error TS2307: Cannot find module 'react-use-websocket' or its corresponding type declarations.
src/features/rewards/RewardsDashboard.tsx(60,31): error TS2339: Property 'id' does not exist on type 'User'.
src/features/rewards/RewardsDashboard.tsx(67,44): error TS2339: Property 'id' does not exist on type 'User'.
src/features/venues/services/monitoringService.ts(1,43): error TS2307: Cannot find module 'prom-client' or its corresponding type declarations.
src/features/vision/ShotAnalyzer.ts(62,5): error TS7053: Element implicitly has an 'any' type because expression of type '0' can't be used to index type 'number | number[] | number[][] | number[][][] | number[][][][] | number[][][][][] | number[][][][][][]'.
  Property '0' does not exist on type 'number | number[] | number[][] | number[][][] | number[][][][] | number[][][][][] | number[][][][][][]'.
src/features/vision/ShotAnalyzer.ts(62,23): error TS7006: Parameter 'box' implicitly has an 'any' type.
src/features/vision/ShotAnalyzer.ts(62,28): error TS7006: Parameter 'idx' implicitly has an 'any' type.
src/features/vision/ShotAnalyzer.ts(63,11): error TS7053: Element implicitly has an 'any' type because expression of type '0' can't be used to index type 'number | number[] | number[][] | number[][][] | number[][][][] | number[][][][][] | number[][][][][][]'.
  Property '0' does not exist on type 'number | number[] | number[][] | number[][][] | number[][][][] | number[][][][][] | number[][][][][][]'.
src/features/vision/ShotAnalyzer.ts(65,26): error TS7053: Element implicitly has an 'any' type because expression of type '0' can't be used to index type 'number | number[] | number[][] | number[][][] | number[][][][] | number[][][][][] | number[][][][][][]'.
  Property '0' does not exist on type 'number | number[] | number[][] | number[][][] | number[][][][] | number[][][][][] | number[][][][][][]'.
src/features/vision/ShotAnalyzer.ts(68,23): error TS7053: Element implicitly has an 'any' type because expression of type '0' can't be used to index type 'number | number[] | number[][] | number[][][] | number[][][][] | number[][][][][] | number[][][][][][]'.
  Property '0' does not exist on type 'number | number[] | number[][] | number[][][] | number[][][][] | number[][][][][] | number[][][][][][]'.
src/firebase/admin.ts(1,24): error TS2307: Cannot find module 'firebase-admin' or its corresponding type declarations.
src/firebase/auth.ts(17,22): error TS2307: Cannot find module './config' or its corresponding type declarations.
src/firebase/auth.ts(28,20): error TS2307: Cannot find module './config' or its corresponding type declarations.
src/firebase/email.ts(2,21): error TS2307: Cannot find module './config' or its corresponding type declarations.
src/firebase/firestore.ts(21,20): error TS2307: Cannot find module './config' or its corresponding type declarations.
src/firebase/functions/email.ts(1,28): error TS2307: Cannot find module 'firebase-functions' or its corresponding type declarations.
src/firebase/functions/email.ts(2,29): error TS7016: Could not find a declaration file for module 'nodemailer'. 'C:/Users/Lenovo ThinkCentre/OneDrive/Documents/GitHub/dojopool/node_modules/nodemailer/lib/nodemailer.js' implicitly has an 'any' type.
  Try `npm i --save-dev @types/nodemailer` if it exists or add a new declaration (.d.ts) file containing `declare module 'nodemailer';`
src/firebase/storage.ts(9,25): error TS2307: Cannot find module './config' or its corresponding type declarations.
src/frontend/components/admin/StatCard.tsx(24,59): error TS2769: No overload matches this call.
  The last overload gave the following error.
    Object literal may only specify known properties, and 'sx' does not exist in type 'Partial<unknown> & Attributes'.
src/frontend/components/admin/WebSocketMonitor.tsx(22,3): error TS2305: Module '"@mui/icons-material"' has no exported member 'ErrorIcon'.
src/frontend/components/CheckInVerifier.tsx(19,29): error TS2307: Cannot find module '../hooks/useLocation' or its corresponding type declarations.
src/frontend/components/CheckInVerifier.tsx(49,45): error TS2339: Property 'location' does not exist on type 'Tournament'.
src/frontend/components/CheckInVerifier.tsx(131,33): error TS2322: Type 'Error' is not assignable to type 'ReactNode'.
src/frontend/components/CheckInVerifier.tsx(151,32): error TS2339: Property 'venue' does not exist on type 'Tournament'.
src/frontend/components/Dashboard/TournamentDetail.tsx(56,42): error TS2551: Property 'getTournament' does not exist on type 'typeof import("C:/Users/Lenovo ThinkCentre/OneDrive/Documents/GitHub/dojopool/src/frontend/api/tournamentApi")'. Did you mean 'getTournaments'?
src/frontend/components/Dashboard/TournamentDetail.tsx(88,42): error TS2551: Property 'getTournament' does not exist on type 'typeof import("C:/Users/Lenovo ThinkCentre/OneDrive/Documents/GitHub/dojopool/src/frontend/api/tournamentApi")'. Did you mean 'getTournaments'?
src/frontend/components/Dashboard/TournamentDetail.tsx(124,42): error TS2345: Argument of type 'number' is not assignable to parameter of type 'string'.
src/frontend/components/Dashboard/TournamentDetail.tsx(127,40): error TS2551: Property 'getTournament' does not exist on type 'typeof import("C:/Users/Lenovo ThinkCentre/OneDrive/Documents/GitHub/dojopool/src/frontend/api/tournamentApi")'. Did you mean 'getTournaments'?
src/frontend/components/Dashboard/TournamentList.tsx(72,42): error TS2345: Argument of type 'number' is not assignable to parameter of type 'string'.
src/frontend/components/Game/LiveGameDisplay.tsx(7,10): error TS2459: Module '"../../contexts/SocketContext"' declares 'BackendGameDetails' locally, but it is not exported.
src/frontend/components/QRCodeGenerator.tsx(2,27): error TS2307: Cannot find module 'qrcode.react' or its corresponding type declarations.
src/frontend/components/QRCodeGenerator.tsx(22,32): error TS2451: Cannot redeclare block-scoped variable 'error'.
src/frontend/components/QRCodeGenerator.tsx(26,10): error TS2451: Cannot redeclare block-scoped variable 'error'.
src/frontend/components/QRCodeGenerator.tsx(75,33): error TS2322: Type 'Error' is not assignable to type 'ReactNode'.
src/frontend/components/rewards/RewardsDisplayPanel.test.tsx(26,5): error TS2820: Type '"NFT"' is not assignable to type '"achievement" | "nft" | "boost" | "dojo_coins"'. Did you mean '"nft"'?
src/frontend/components/rewards/RewardsDisplayPanel.test.tsx(34,5): error TS2322: Type '"Badge"' is not assignable to type '"achievement" | "nft" | "boost" | "dojo_coins"'.
src/frontend/components/rewards/RewardsDisplayPanel.tsx(26,15): error TS2339: Property 'id' does not exist on type 'User'.
src/frontend/components/rewards/RewardsDisplayPanel.tsx(27,25): error TS2339: Property 'id' does not exist on type 'User'.
src/frontend/components/rewards/RewardsDisplayPanel.tsx(74,28): error TS2339: Property 'id' does not exist on type 'User'.
src/frontend/components/StatsPanel.tsx(3,30): error TS2307: Cannot find module '../../hooks/useUserStats' or its corresponding type declarations.
src/frontend/components/StatsPanel.tsx(64,68): error TS18046: 'progress' is of type 'unknown'.
src/frontend/components/TournamentAnalytics.tsx(35,3): error TS2724: '"@mui/icons-material"' has no exported member named 'SportsPool'. Did you mean 'SportsGolf'?
src/frontend/components/TournamentAnalytics.tsx(38,3): error TS2724: '"@mui/icons-material"' has no exported member named 'LineChart'. Did you mean 'PieChart'?
src/frontend/components/TournamentAnalytics.tsx(69,33): error TS2322: Type 'string | Error | null' is not assignable to type 'ReactNode'.
  Type 'Error' is not assignable to type 'ReactNode'.
src/frontend/components/TournamentAnalytics.tsx(195,16): error TS2739: Type '{}' is missing the following properties from type 'TooltipProps': children, title
src/frontend/components/TournamentAnalytics.tsx(216,16): error TS2739: Type '{}' is missing the following properties from type 'TooltipProps': children, title
src/frontend/components/TournamentAnalytics.tsx(227,16): error TS2739: Type '{}' is missing the following properties from type 'TooltipProps': children, title
src/frontend/components/TournamentChat.tsx(33,3): error TS2724: '"@mui/icons-material"' has no exported member named 'SportsPool'. Did you mean 'SportsGolf'?
src/frontend/components/TournamentChat.tsx(105,33): error TS2322: Type 'string | Error | null' is not assignable to type 'ReactNode'.
  Type 'Error' is not assignable to type 'ReactNode'.
src/frontend/components/TournamentChat.tsx(360,25): error TS2339: Property 'teams' does not exist on type 'Tournament'.
src/frontend/components/TournamentChat.tsx(360,36): error TS7006: Parameter 'team' implicitly has an 'any' type.
src/frontend/components/TournamentChat.tsx(411,16): error TS2304: Cannot find name 'Switch'.
src/frontend/components/TournamentChat.tsx(420,16): error TS2304: Cannot find name 'Switch'.
src/frontend/components/TournamentNotifications.tsx(28,3): error TS2305: Module '"@mui/icons-material"' has no exported member 'Bell'.
src/frontend/components/TournamentNotifications.tsx(29,3): error TS2305: Module '"@mui/icons-material"' has no exported member 'BellOff'.
src/frontend/components/TournamentNotifications.tsx(86,33): error TS2322: Type 'string | Error | null' is not assignable to type 'ReactNode'.
  Type 'Error' is not assignable to type 'ReactNode'.
src/frontend/components/TournamentRewards.tsx(22,3): error TS2305: Module '"@mui/icons-material"' has no exported member 'Trophy'.
src/frontend/components/TournamentRewards.tsx(23,3): error TS2305: Module '"@mui/icons-material"' has no exported member 'Medal'.
src/frontend/components/TournamentRewards.tsx(28,3): error TS2724: '"@mui/icons-material"' has no exported member named 'SportsPool'. Did you mean 'SportsGolf'?
src/frontend/components/TournamentRewards.tsx(31,3): error TS2724: '"@mui/icons-material"' has no exported member named 'LineChart'. Did you mean 'PieChart'?
src/frontend/components/TournamentRewards.tsx(73,33): error TS2322: Type 'string | Error | null' is not assignable to type 'ReactNode'.
  Type 'Error' is not assignable to type 'ReactNode'.
src/frontend/components/TournamentRewards.tsx(295,47): error TS2769: No overload matches this call.
  Overload 1 of 4, '(value: string | number | Date): Date', gave the following error.
    Argument of type 'string | undefined' is not assignable to parameter of type 'string | number | Date'.
      Type 'undefined' is not assignable to type 'string | number | Date'.
  Overload 2 of 4, '(value: string | number): Date', gave the following error.
    Argument of type 'string | undefined' is not assignable to parameter of type 'string | number'.
      Type 'undefined' is not assignable to type 'string | number'.
src/frontend/components/VideoHighlights.tsx(123,33): error TS2322: Type 'string | Error | null' is not assignable to type 'ReactNode'.
  Type 'Error' is not assignable to type 'ReactNode'.
src/frontend/components/wallet/WalletBalanceView.tsx(17,15): error TS2339: Property 'id' does not exist on type 'User'.
src/frontend/components/wallet/WalletBalanceView.tsx(18,28): error TS2339: Property 'id' does not exist on type 'User'.
src/frontend/components/wallet/WalletBalanceView.tsx(51,28): error TS2339: Property 'id' does not exist on type 'User'.
src/frontend/hooks/useMediaDevices.ts(32,20): error TS2304: Cannot find name 'getDevices'.
src/frontend/hooks/useRankingWebSocket.ts(4,18): error TS2307: Cannot find module 'pako' or its corresponding type declarations.
src/frontend/hooks/useRankingWebSocket.ts(38,31): error TS2554: Expected 1 arguments, but got 0.
src/frontend/hooks/useRankingWebSocket.ts(39,32): error TS2554: Expected 1 arguments, but got 0.
src/frontend/hooks/useRankingWebSocket.ts(40,29): error TS2554: Expected 1 arguments, but got 0.
src/frontend/hooks/useRankingWebSocket.ts(41,23): error TS2554: Expected 1 arguments, but got 0.
src/frontend/hooks/useRankingWebSocket.ts(85,37): error TS2339: Property 'messages' does not exist on type 'RankingUpdate'.
src/frontend/hooks/useRankingWebSocket.ts(86,21): error TS2339: Property 'messages' does not exist on type 'RankingUpdate'.
src/frontend/hooks/useRankingWebSocket.ts(86,39): error TS7006: Parameter 'msg' implicitly has an 'any' type.
src/frontend/hooks/useRewards.ts(2,41): error TS2307: Cannot find module '../api/rewards' or its corresponding type declarations.
src/frontend/hooks/useTournament.ts(32,23): error TS2345: Argument of type 'Tournament' is not assignable to parameter of type 'SetStateAction<Tournament | null>'.
  Type 'Tournament' is missing the following properties from type 'Tournament': type, registrationDeadline, divisions
src/frontend/hooks/useTournamentRewards.ts(58,10): error TS7006: Parameter 'sum' implicitly has an 'any' type.
src/frontend/hooks/useTournamentRewards.ts(58,15): error TS7006: Parameter 'reward' implicitly has an 'any' type.
src/frontend/hooks/useTournamentRewards.ts(63,56): error TS7006: Parameter 'a' implicitly has an 'any' type.
src/frontend/hooks/useTournamentRewards.ts(63,59): error TS7006: Parameter 'b' implicitly has an 'any' type.
src/frontend/hooks/useTournamentRewards.ts(72,10): error TS7006: Parameter 'player' implicitly has an 'any' type.
src/frontend/hooks/useUserStats.ts(2,30): error TS2307: Cannot find module '../api/user' or its corresponding type declarations.
src/frontend/hooks/useVideoHighlights.ts(102,60): error TS7006: Parameter 'highlight' implicitly has an 'any' type.
src/frontend/hooks/useVideoHighlights.ts(124,62): error TS7006: Parameter 'highlight' implicitly has an 'any' type.
src/frontend/hooks/useWallet.ts(2,43): error TS2307: Cannot find module '../api/wallet' or its corresponding type declarations.
src/frontend/pages/avatar.tsx(11,8): error TS2739: Type '{}' is missing the following properties from type 'AvatarEditorProps': onSave, initialAvatarUrl, disabled
src/hooks/useAuth.ts(3,22): error TS2307: Cannot find module '../firebase/config' or its corresponding type declarations.
src/hooks/useAuth.ts(26,20): error TS2307: Cannot find module '../firebase/config' or its corresponding type declarations.
src/hooks/useGameState.ts(3,21): error TS2305: Module '"../types/game"' has no exported member 'Shot'.
src/hooks/useGameState.ts(3,27): error TS2305: Module '"../types/game"' has no exported member 'Foul'.
src/hooks/useGameState.ts(3,33): error TS2724: '"../types/game"' has no exported member named 'GameStatus'. Did you mean 'GameState'?
src/hooks/useGameState.ts(176,26): error TS2339: Property 'currentPlayer' does not exist on type 'GameState'.
src/hooks/useGameState.ts(177,29): error TS2339: Property 'gameStatus' does not exist on type 'GameState'.
src/hooks/useGameState.ts(177,76): error TS2339: Property 'currentPlayer' does not exist on type 'GameState'.
src/hooks/useInterval.ts(4,25): error TS2554: Expected 1 arguments, but got 0.
src/hooks/useKeyboardNavigation.ts(38,22): error TS2554: Expected 1 arguments, but got 0.
src/hooks/useNotifications.ts(2,10): error TS2724: '"@chakra-ui/react"' has no exported member named 'useToast'. Did you mean 'useTabs'?
src/hooks/useNotifications.ts(36,21): error TS2352: Conversion of type 'NotificationMessage' to type 'NotificationCounts' may be a mistake because neither type sufficiently overlaps with the other. If this was intentional, convert the expression to 'unknown' first.
  Type 'NotificationMessage' is missing the following properties from type 'NotificationCounts': unread_messages, pending_requests
src/hooks/useProfile.ts(2,28): error TS2307: Cannot find module 'next-auth/react' or its corresponding type declarations.
src/hooks/useWebSocketWithReconnect.ts(3,3): error TS2724: '"../services/WebSocketService"' has no exported member named 'WebSocketService'. Did you mean 'SocketIOService'?
src/hooks/useWebSocketWithReconnect.ts(4,3): error TS2305: Module '"../services/WebSocketService"' has no exported member 'WebSocketMessageType'.
src/middleware/csrfProtection.ts(2,28): error TS2307: Cannot find module 'csrf-csrf' or its corresponding type declarations.
src/middleware/security.ts(114,20): error TS2339: Property 'validateRequest' does not exist on type '(req: Request<ParamsDictionary, any, any, ParsedQs, Record<string, any>>, res: Response<any, Record<string, any>>, next: NextFunction) => void | Response<...>'.
src/middleware/security.ts(127,32): error TS2339: Property 'generateToken' does not exist on type '(req: Request<ParamsDictionary, any, any, ParsedQs, Record<string, any>>, res: Response<any, Record<string, any>>, next: NextFunction) => void | Response<...>'.
src/middleware/session.ts(2,32): error TS2307: Cannot find module '../dojopool/services/auth/session' or its corresponding type declarations.
src/middleware/session.ts(3,32): error TS2307: Cannot find module '../dojopool/utils/auth' or its corresponding type declarations.
src/models/AlertHistory.ts(1,41): error TS2307: Cannot find module 'mongoose' or its corresponding type declarations.
src/monitoring/alerts/AlertManager.ts(141,24): error TS2352: Conversion of type '{ heartbeatInterval: number; maxTermGap: number; maxPendingOperations: number; operationLatency: AlertThreshold; errorRate: AlertThreshold; minThroughput: number; resourceUsage: { cpu: AlertThreshold; memory: AlertThreshold; network: AlertThreshold; disk: AlertThreshold; }; ... 4 more ...; maxSyncDelay: number; }' to type 'Record<string, AlertThreshold>' may be a mistake because neither type sufficiently overlaps with the other. If this was intentional, convert the expression to 'unknown' first.
  Property 'heartbeatInterval' is incompatible with index signature.
    Type 'number' is not comparable to type 'AlertThreshold'.
src/monitoring/dashboard/components/__tests__/NetworkMetricsPanel.test.tsx(34,5): error TS2353: Object literal may only specify known properties, and 'rtt' does not exist in type 'PerformanceThresholds'.
src/monitoring/dashboard/components/__tests__/NetworkMetricsPanel.test.tsx(60,11): error TS2322: Type '{ metrics: NetworkMetricsData; config: MonitoringConfig; history: NetworkMetricsData[]; timeRange: number; }' is not assignable to type 'IntrinsicAttributes & NetworkMetricsPanelProps'.
  Property 'config' does not exist on type 'IntrinsicAttributes & NetworkMetricsPanelProps'.
src/monitoring/dashboard/components/__tests__/NetworkMetricsPanel.test.tsx(77,21): error TS2345: Argument of type 'Element' is not assignable to parameter of type 'HTMLElement'.
  Type 'Element' is missing the following properties from type 'HTMLElement': accessKey, accessKeyLabel, autocapitalize, dir, and 126 more.
src/monitoring/dashboard/components/__tests__/NetworkMetricsPanel.test.tsx(83,21): error TS2345: Argument of type 'Element' is not assignable to parameter of type 'HTMLElement'.
  Type 'Element' is missing the following properties from type 'HTMLElement': accessKey, accessKeyLabel, autocapitalize, dir, and 126 more.
src/monitoring/dashboard/components/__tests__/NetworkMetricsPanel.test.tsx(89,21): error TS2345: Argument of type 'Element' is not assignable to parameter of type 'HTMLElement'.
  Type 'Element' is missing the following properties from type 'HTMLElement': accessKey, accessKeyLabel, autocapitalize, dir, and 126 more.
src/monitoring/dashboard/components/__tests__/NetworkMetricsPanel.test.tsx(97,21): error TS2345: Argument of type 'Element' is not assignable to parameter of type 'HTMLElement'.
  Type 'Element' is missing the following properties from type 'HTMLElement': accessKey, accessKeyLabel, autocapitalize, dir, and 126 more.
src/monitoring/dashboard/components/__tests__/NetworkMetricsPanel.test.tsx(103,21): error TS2345: Argument of type 'Element' is not assignable to parameter of type 'HTMLElement'.
  Type 'Element' is missing the following properties from type 'HTMLElement': accessKey, accessKeyLabel, autocapitalize, dir, and 126 more.
src/monitoring/dashboard/components/__tests__/NetworkMetricsPanel.test.tsx(113,21): error TS2345: Argument of type 'Element' is not assignable to parameter of type 'HTMLElement'.
  Type 'Element' is missing the following properties from type 'HTMLElement': accessKey, accessKeyLabel, autocapitalize, dir, and 126 more.
src/monitoring/dashboard/components/__tests__/NetworkMetricsPanel.test.tsx(127,13): error TS2322: Type '{ metrics: NetworkMetricsData; config: MonitoringConfig; history: NetworkMetricsData[]; timeRange: number; }' is not assignable to type 'IntrinsicAttributes & NetworkMetricsPanelProps'.
  Property 'config' does not exist on type 'IntrinsicAttributes & NetworkMetricsPanelProps'.
src/monitoring/dashboard/components/__tests__/NetworkMetricsPanel.test.tsx(152,13): error TS2322: Type '{ metrics: NetworkMetricsData; config: MonitoringConfig; history: NetworkMetricsData[]; timeRange: number; }' is not assignable to type 'IntrinsicAttributes & NetworkMetricsPanelProps'.
  Property 'config' does not exist on type 'IntrinsicAttributes & NetworkMetricsPanelProps'.
src/monitoring/dashboard/components/__tests__/NetworkMetricsPanel.test.tsx(173,21): error TS2345: Argument of type 'Element' is not assignable to parameter of type 'HTMLElement'.
  Type 'Element' is missing the following properties from type 'HTMLElement': accessKey, accessKeyLabel, autocapitalize, dir, and 126 more.
src/monitoring/dashboard/components/__tests__/NetworkMetricsPanel.test.tsx(174,21): error TS2345: Argument of type 'Element' is not assignable to parameter of type 'HTMLElement'.
  Type 'Element' is missing the following properties from type 'HTMLElement': accessKey, accessKeyLabel, autocapitalize, dir, and 126 more.
src/monitoring/dashboard/components/__tests__/NetworkMetricsPanel.test.tsx(182,21): error TS2345: Argument of type 'Element' is not assignable to parameter of type 'HTMLElement'.
  Type 'Element' is missing the following properties from type 'HTMLElement': accessKey, accessKeyLabel, autocapitalize, dir, and 126 more.
src/monitoring/dashboard/components/__tests__/NetworkMetricsPanel.test.tsx(188,21): error TS2345: Argument of type 'Element' is not assignable to parameter of type 'HTMLElement'.
  Type 'Element' is missing the following properties from type 'HTMLElement': accessKey, accessKeyLabel, autocapitalize, dir, and 126 more.
src/monitoring/dashboard/components/__tests__/NetworkMetricsPanel.test.tsx(203,13): error TS2322: Type '{ metrics: { messageLatency: number; queueSize: number; messagesSent: number; messagesReceived: number; bytesTransferred: number; activeConnections: number; errors: number; p95Latency: number; ... 7 more ...; timestamp: number; }; config: MonitoringConfig; history: NetworkMetricsData[]; timeRange: number; }' is not assignable to type 'IntrinsicAttributes & NetworkMetricsPanelProps'.
  Property 'config' does not exist on type 'IntrinsicAttributes & NetworkMetricsPanelProps'.
src/monitoring/dashboard/components/__tests__/NetworkMetricsPanel.test.tsx(229,13): error TS2322: Type '{ metrics: { messageLatency: number; queueSize: number; messagesSent: number; messagesReceived: number; bytesTransferred: number; activeConnections: number; errors: number; p95Latency: number; ... 7 more ...; timestamp: number; }; config: MonitoringConfig; history: NetworkMetricsData[]; timeRange: number; }' is not assignable to type 'IntrinsicAttributes & NetworkMetricsPanelProps'.
  Property 'config' does not exist on type 'IntrinsicAttributes & NetworkMetricsPanelProps'.
src/monitoring/dashboard/components/NetworkMetricsPanel.tsx(196,17): error TS2322: Type '{ data: { timestamp: number; value: number; p95: number; }[]; timeRange: number; yAxisLabel: string; series: { key: string; name: string; }[]; }' is not assignable to type 'IntrinsicAttributes & MetricsChartProps'.
  Property 'timeRange' does not exist on type 'IntrinsicAttributes & MetricsChartProps'.
src/monitoring/dashboard/components/NetworkMetricsPanel.tsx(215,17): error TS2322: Type '{ data: { timestamp: number; value: number; }[]; timeRange: number; yAxisLabel: string; series: { key: string; name: string; }[]; }' is not assignable to type 'IntrinsicAttributes & MetricsChartProps'.
  Property 'timeRange' does not exist on type 'IntrinsicAttributes & MetricsChartProps'.
src/monitoring/dashboard/components/NetworkMetricsPanel.tsx(231,17): error TS2322: Type '{ data: { timestamp: number; value: number; }[]; timeRange: number; yAxisLabel: string; series: { key: string; name: string; }[]; }' is not assignable to type 'IntrinsicAttributes & MetricsChartProps'.
  Property 'timeRange' does not exist on type 'IntrinsicAttributes & MetricsChartProps'.
src/monitoring/dashboard/MonitoringDashboard.tsx(95,17): error TS2322: Type 'ConsistencyThresholds' is not assignable to type 'Record<string, AlertThreshold>'.
  Index signature for type 'string' is missing in type 'ConsistencyThresholds'.
src/monitoring/dashboard/MonitoringDashboard.tsx(106,17): error TS2322: Type 'PerformanceThresholds' is not assignable to type 'Record<string, AlertThreshold>'.
  Index signature for type 'string' is missing in type 'PerformanceThresholds'.
src/monitoring/dashboard/MonitoringDashboard.tsx(117,17): error TS2322: Type 'NodeThresholds' is not assignable to type 'Record<string, AlertThreshold>'.
  Index signature for type 'string' is missing in type 'NodeThresholds'.
src/monitoring/dashboard/MonitoringDashboard.tsx(127,17): error TS2322: Type 'MetricsHistory[]' is not assignable to type 'MetricDataPoint[]'.
  Property 'value' is missing in type 'MetricsHistory' but required in type 'MetricDataPoint'.
src/monitoring/dashboard/MonitoringDashboard.tsx(144,17): error TS2322: Type 'MetricsHistory[]' is not assignable to type 'MetricDataPoint[]'.
  Property 'value' is missing in type 'MetricsHistory' but required in type 'MetricDataPoint'.
src/monitoring/dashboard/MonitoringDashboard.tsx(162,17): error TS2322: Type 'MetricsHistory[]' is not assignable to type 'MetricDataPoint[]'.
  Property 'value' is missing in type 'MetricsHistory' but required in type 'MetricDataPoint'.
src/monitoring/tracing.ts(1,47): error TS2307: Cannot find module '@opentelemetry/api' or its corresponding type declarations.
src/monitoring/tracing.ts(30,38): error TS2339: Property 'level' does not exist on type 'ConsistencyMetrics'.
src/pages/alerts/analytics.tsx(3,38): error TS2307: Cannot find module '@mui/x-date-pickers' or its corresponding type declarations.
src/pages/alerts/analytics.tsx(4,32): error TS2307: Cannot find module '@mui/x-date-pickers/AdapterDateFns' or its corresponding type declarations.
src/pages/api/achievements/index.ts(2,36): error TS2307: Cannot find module '../../../../dojopool/services/achievement/service' or its corresponding type declarations.
src/pages/api/achievements/index.ts(3,32): error TS2307: Cannot find module '../../../../dojopool/services/auth/session' or its corresponding type declarations.
src/pages/api/achievements/leaderboard.ts(2,36): error TS2307: Cannot find module '../../../../dojopool/services/achievement/service' or its corresponding type declarations.
src/pages/api/achievements/leaderboard.ts(3,32): error TS2307: Cannot find module '../../../../dojopool/services/auth/session' or its corresponding type declarations.
src/pages/api/achievements/progress.ts(2,36): error TS2307: Cannot find module '../../../../dojopool/services/achievement/service' or its corresponding type declarations.
src/pages/api/achievements/progress.ts(3,32): error TS2307: Cannot find module '../../../../dojopool/services/auth/session' or its corresponding type declarations.
src/pages/api/achievements/user.ts(2,36): error TS2307: Cannot find module '../../../../dojopool/services/achievement/service' or its corresponding type declarations.
src/pages/api/achievements/user.ts(3,32): error TS2307: Cannot find module '../../../../dojopool/services/auth/session' or its corresponding type declarations.
src/pages/api/analytics/index.ts(2,34): error TS2307: Cannot find module '../../../../dojopool/services/analytics/service' or its corresponding type declarations.
src/pages/api/analytics/index.ts(3,32): error TS2307: Cannot find module '../../../../dojopool/services/auth/session' or its corresponding type declarations.
src/pages/api/auth/2fa/enable.ts(2,34): error TS2307: Cannot find module '../../../../dojopool/services/auth/two_factor' or its corresponding type declarations.
src/pages/api/auth/2fa/enable.ts(3,32): error TS2307: Cannot find module '../../../../dojopool/utils/auth' or its corresponding type declarations.
src/pages/api/auth/2fa/enable.ts(20,28): error TS2339: Property 'session' does not exist on type 'NextApiRequest'.
src/pages/api/auth/2fa/enable.ts(32,16): error TS2339: Property 'session' does not exist on type 'NextApiRequest'.
src/pages/api/auth/2fa/setup.ts(2,34): error TS2307: Cannot find module '../../../../dojopool/services/auth/two_factor' or its corresponding type declarations.
src/pages/api/auth/2fa/setup.ts(3,32): error TS2307: Cannot find module '../../../../dojopool/utils/auth' or its corresponding type declarations.
src/pages/api/auth/2fa/setup.ts(25,9): error TS2339: Property 'session' does not exist on type 'NextApiRequest'.
src/pages/api/auth/2fa/verify.ts(2,34): error TS2307: Cannot find module '../../../../dojopool/services/auth/two_factor' or its corresponding type declarations.
src/pages/api/auth/2fa/verify.ts(3,32): error TS2307: Cannot find module '../../../../dojopool/utils/auth' or its corresponding type declarations.
src/pages/api/auth/2fa/verify.ts(25,28): error TS2339: Property 'session' does not exist on type 'NextApiRequest'.
src/pages/api/auth/[...nextauth].ts(1,22): error TS2307: Cannot find module 'next-auth' or its corresponding type declarations.
src/pages/api/auth/forgot-password.ts(2,41): error TS2307: Cannot find module '../../../../dojopool/services/auth/password_recovery' or its corresponding type declarations.
src/pages/api/auth/forgot-password.ts(3,22): error TS2307: Cannot find module 'flask-mail' or its corresponding type declarations.
src/pages/api/auth/forgot-password.ts(4,27): error TS2307: Cannot find module '../../../../middleware/rateLimit' or its corresponding type declarations.
src/pages/api/auth/login.ts(31,65): error TS2339: Property 'password' does not exist on type 'never'.
src/pages/api/auth/login.ts(42,18): error TS2339: Property 'id' does not exist on type 'never'.
src/pages/api/auth/login.ts(43,21): error TS2339: Property 'email' does not exist on type 'never'.
src/pages/api/auth/login.ts(44,20): error TS2339: Property 'role' does not exist on type 'never'.
src/pages/api/auth/reset-password.ts(2,41): error TS2307: Cannot find module '../../../../dojopool/services/auth/password_recovery' or its corresponding type declarations.
src/pages/api/auth/reset-password.ts(3,22): error TS2307: Cannot find module 'flask-mail' or its corresponding type declarations.
src/pages/api/auth/reset-password.ts(4,27): error TS2307: Cannot find module '../../../../middleware/rateLimit' or its corresponding type declarations.
src/pages/api/auth/validate-reset-token.ts(2,41): error TS2307: Cannot find module '../../../../dojopool/services/auth/password_recovery' or its corresponding type declarations.
src/pages/api/auth/validate-reset-token.ts(3,22): error TS2307: Cannot find module 'flask-mail' or its corresponding type declarations.
src/pages/api/cdn/__tests__/cost.node.test.ts(130,55): error TS2769: No overload matches this call.
  Overload 1 of 3, '(object: typeof CDNCostOptimizer, method: never): SpyInstance<never, never, any>', gave the following error.
    Argument of type '"constructor"' is not assignable to parameter of type 'never'.
  Overload 2 of 3, '(object: typeof CDNCostOptimizer, method: never): SpyInstance<never, never, any>', gave the following error.
    Argument of type '"constructor"' is not assignable to parameter of type 'never'.
src/pages/api/cdn/analytics.ts(2,30): error TS2307: Cannot find module '../../../../dojopool/services/cdn/analytics' or its corresponding type declarations.
src/pages/api/cdn/analytics.ts(3,32): error TS2307: Cannot find module '../../../../dojopool/services/auth/session' or its corresponding type declarations.
src/pages/api/cdn/cache.ts(2,35): error TS2307: Cannot find module '../../../../dojopool/services/cdn/cache_optimizer' or its corresponding type declarations.
src/pages/api/cdn/cache.ts(3,32): error TS2307: Cannot find module '../../../../dojopool/services/auth/session' or its corresponding type declarations.
src/pages/api/cdn/health.ts(2,34): error TS2307: Cannot find module '../../../../dojopool/services/cdn/health_monitor' or its corresponding type declarations.
src/pages/api/cdn/health.ts(3,32): error TS2307: Cannot find module '../../../../dojopool/services/auth/session' or its corresponding type declarations.
src/pages/api/games/[id].ts(4,53): error TS2307: Cannot find module 'firebase-admin/firestore' or its corresponding type declarations.
src/pages/api/leaderboard/get.ts(2,36): error TS2307: Cannot find module '../../../../dojopool/services/leaderboard/service' or its corresponding type declarations.
src/pages/api/leaderboard/get.ts(3,32): error TS2307: Cannot find module '../../../../dojopool/services/auth/session' or its corresponding type declarations.
src/pages/api/leaderboard/user-stats.ts(2,36): error TS2307: Cannot find module '../../../../dojopool/services/leaderboard/service' or its corresponding type declarations.
src/pages/api/leaderboard/user-stats.ts(3,32): error TS2307: Cannot find module '../../../../dojopool/services/auth/session' or its corresponding type declarations.
src/pages/api/monitoring/performance.ts(2,46): error TS2307: Cannot find module '../../../../dojopool/services/monitoring/performance' or its corresponding type declarations.
src/pages/api/monitoring/performance.ts(3,32): error TS2307: Cannot find module '../../../../dojopool/services/auth/session' or its corresponding type declarations.
src/pages/api/optimization/api.ts(2,40): error TS2307: Cannot find module '../../../../dojopool/services/optimization/api' or its corresponding type declarations.
src/pages/api/optimization/api.ts(3,32): error TS2307: Cannot find module '../../../../dojopool/services/auth/session' or its corresponding type declarations.
src/pages/api/optimization/bundle.ts(2,43): error TS2307: Cannot find module '../../../../dojopool/services/optimization/bundle' or its corresponding type declarations.
src/pages/api/optimization/bundle.ts(3,32): error TS2307: Cannot find module '../../../../dojopool/services/auth/session' or its corresponding type declarations.
src/pages/api/optimization/image.ts(2,42): error TS2307: Cannot find module '../../../../dojopool/services/optimization/image' or its corresponding type declarations.
src/pages/api/optimization/image.ts(3,32): error TS2307: Cannot find module '../../../../dojopool/services/auth/session' or its corresponding type declarations.
src/pages/api/optimization/query.ts(2,42): error TS2307: Cannot find module '../../../../dojopool/services/optimization/query' or its corresponding type declarations.
src/pages/api/optimization/query.ts(3,32): error TS2307: Cannot find module '../../../../dojopool/services/auth/session' or its corresponding type declarations.
src/pages/api/profile/avatar.ts(2,34): error TS2307: Cannot find module 'next-auth/next' or its corresponding type declarations.
src/pages/api/profile/index.ts(2,34): error TS2307: Cannot find module 'next-auth/next' or its corresponding type declarations.
src/pages/api/profile/index.ts(5,10): error TS2305: Module '"../../../middleware/security"' has no exported member 'applySecurity'.
src/pages/api/profile/index.ts(33,5): error TS7029: Fallthrough case in switch.
src/pages/api/profile/index.ts(36,50): error TS2345: Argument of type 'NextApiRequest' is not assignable to parameter of type 'Request<ParamsDictionary, any, any, ParsedQs, Record<string, any>>'.
  Type 'NextApiRequest' is missing the following properties from type 'Request<ParamsDictionary, any, any, ParsedQs, Record<string, any>>': get, header, accepts, acceptsCharsets, and 23 more.
src/pages/api/security/audit.ts(2,38): error TS2307: Cannot find module '../../../../dojopool/services/security/audit' or its corresponding type declarations.
src/pages/api/security/audit.ts(3,32): error TS2307: Cannot find module '../../../../dojopool/utils/auth' or its corresponding type declarations.
src/pages/api/security/audit.ts(4,32): error TS2307: Cannot find module '../../../../middleware/session' or its corresponding type declarations.
src/pages/api/settings/index.ts(2,34): error TS2307: Cannot find module 'next-auth/next' or its corresponding type declarations.
src/pages/api/settings/index.ts(5,10): error TS2305: Module '"../../../middleware/security"' has no exported member 'applySecurity'.
src/pages/api/settings/index.ts(50,52): error TS2339: Property 'getSettings' does not exist on type 'typeof UserSettingsService'.
src/pages/api/settings/index.ts(59,5): error TS7029: Fallthrough case in switch.
src/pages/api/settings/index.ts(62,51): error TS2345: Argument of type 'NextApiRequest' is not assignable to parameter of type 'Request<ParamsDictionary, any, any, ParsedQs, Record<string, any>>'.
  Type 'NextApiRequest' is missing the following properties from type 'Request<ParamsDictionary, any, any, ParsedQs, Record<string, any>>': get, header, accepts, acceptsCharsets, and 23 more.
src/pages/api/settings/index.ts(63,54): error TS2339: Property 'updateSettings' does not exist on type 'typeof UserSettingsService'.
src/pages/api/social/feed.ts(2,33): error TS2307: Cannot find module '../../../../dojopool/services/social/activity' or its corresponding type declarations.
src/pages/api/social/feed.ts(3,32): error TS2307: Cannot find module '../../../../dojopool/services/auth/session' or its corresponding type declarations.
src/pages/api/social/friend-request.ts(2,31): error TS2307: Cannot find module '../../../../dojopool/services/social/friend' or its corresponding type declarations.
src/pages/api/social/friend-request.ts(3,32): error TS2307: Cannot find module '../../../../dojopool/services/auth/session' or its corresponding type declarations.
src/pages/api/social/friend-response.ts(2,31): error TS2307: Cannot find module '../../../../dojopool/services/social/friend' or its corresponding type declarations.
src/pages/api/social/friend-response.ts(3,32): error TS2307: Cannot find module '../../../../dojopool/services/auth/session' or its corresponding type declarations.
src/pages/api/social/friends.ts(2,31): error TS2307: Cannot find module '../../../../dojopool/services/social/friend' or its corresponding type declarations.
src/pages/api/social/friends.ts(3,32): error TS2307: Cannot find module '../../../../dojopool/services/auth/session' or its corresponding type declarations.
src/pages/api/social/share.ts(2,30): error TS2307: Cannot find module '../../../../dojopool/services/social/share' or its corresponding type declarations.
src/pages/api/social/share.ts(3,32): error TS2307: Cannot find module '../../../../dojopool/services/auth/session' or its corresponding type declarations.
src/pages/api/social/shared-content.ts(2,30): error TS2307: Cannot find module '../../../../dojopool/services/social/share' or its corresponding type declarations.
src/pages/api/social/shared-content.ts(3,32): error TS2307: Cannot find module '../../../../dojopool/services/auth/session' or its corresponding type declarations.
src/pages/api/social/user-activities.ts(2,33): error TS2307: Cannot find module '../../../../dojopool/services/social/activity' or its corresponding type declarations.
src/pages/api/social/user-activities.ts(3,32): error TS2307: Cannot find module '../../../../dojopool/services/auth/session' or its corresponding type declarations.
src/pages/api/storage/[...operations].ts(11,24): error TS2307: Cannot find module 'formidable' or its corresponding type declarations.
src/pages/api/storage/[...operations].ts(12,22): error TS2307: Cannot find module 'formidable' or its corresponding type declarations.
src/pages/api/storage/[...operations].ts(25,22): error TS7006: Parameter 'err' implicitly has an 'any' type.
src/pages/api/storage/[...operations].ts(25,27): error TS7006: Parameter 'fields' implicitly has an 'any' type.
src/pages/api/storage/[...operations].ts(25,35): error TS7006: Parameter 'files' implicitly has an 'any' type.
src/pages/api/tournaments/create.ts(2,35): error TS2307: Cannot find module '../../../../dojopool/services/tournament/service' or its corresponding type declarations.
src/pages/api/tournaments/create.ts(3,32): error TS2307: Cannot find module '../../../../dojopool/services/auth/session' or its corresponding type declarations.
src/pages/api/tournaments/generate-bracket.ts(2,35): error TS2307: Cannot find module '../../../../dojopool/services/tournament/service' or its corresponding type declarations.
src/pages/api/tournaments/generate-bracket.ts(3,32): error TS2307: Cannot find module '../../../../dojopool/services/auth/session' or its corresponding type declarations.
src/pages/api/tournaments/generate-bracket.ts(38,29): error TS7006: Parameter 'match' implicitly has an 'any' type.
src/pages/api/tournaments/register.ts(2,35): error TS2307: Cannot find module '../../../../dojopool/services/tournament/service' or its corresponding type declarations.
src/pages/api/tournaments/register.ts(3,32): error TS2307: Cannot find module '../../../../dojopool/services/auth/session' or its corresponding type declarations.
src/pages/api/tournaments/status.ts(2,35): error TS2307: Cannot find module '../../../../dojopool/services/tournament/service' or its corresponding type declarations.
src/pages/api/tournaments/status.ts(3,32): error TS2307: Cannot find module '../../../../dojopool/services/auth/session' or its corresponding type declarations.
src/pages/api/tournaments/update-match.ts(2,35): error TS2307: Cannot find module '../../../../dojopool/services/tournament/service' or its corresponding type declarations.
src/pages/api/tournaments/update-match.ts(3,32): error TS2307: Cannot find module '../../../../dojopool/services/auth/session' or its corresponding type declarations.
src/pages/auth/__tests__/ResetPassword.test.tsx(7,34): error TS2307: Cannot find module 'test-utils' or its corresponding type declarations.
src/pages/auth/__tests__/ResetPassword.test.tsx(8,10): error TS2724: '"@chakra-ui/react"' has no exported member named 'useToast'. Did you mean 'useTabs'?
src/pages/auth/forgot-password.tsx(6,3): error TS2305: Module '"@chakra-ui/react"' has no exported member 'FormControl'.
src/pages/auth/forgot-password.tsx(7,3): error TS2305: Module '"@chakra-ui/react"' has no exported member 'FormLabel'.
src/pages/auth/forgot-password.tsx(11,3): error TS2724: '"@chakra-ui/react"' has no exported member named 'useToast'. Did you mean 'useTabs'?
src/pages/auth/forgot-password.tsx(14,3): error TS2305: Module '"@chakra-ui/react"' has no exported member 'AlertIcon'.
src/pages/auth/forgot-password.tsx(85,15): error TS2322: Type '{ children: Element[]; spacing: number; align: "stretch"; }' is not assignable to type 'IntrinsicAttributes & StackProps & RefAttributes<HTMLDivElement>'.
  Property 'spacing' does not exist on type 'IntrinsicAttributes & StackProps & RefAttributes<HTMLDivElement>'.
src/pages/auth/forgot-password.tsx(96,10): error TS2604: JSX element type 'Alert' does not have any construct or call signatures.
src/pages/auth/forgot-password.tsx(96,10): error TS2786: 'Alert' cannot be used as a JSX component.
  Its type 'typeof import("C:/Users/Lenovo ThinkCentre/OneDrive/Documents/GitHub/dojopool/node_modules/@chakra-ui/react/dist/types/components/alert/namespace")' is not a valid JSX element type.
src/pages/auth/forgot-password.tsx(105,19): error TS2322: Type '{ children: Element[]; spacing: number; }' is not assignable to type 'IntrinsicAttributes & StackProps & RefAttributes<HTMLDivElement>'.
  Property 'spacing' does not exist on type 'IntrinsicAttributes & StackProps & RefAttributes<HTMLDivElement>'.
src/pages/auth/forgot-password.tsx(124,15): error TS2322: Type '{ children: string; type: "submit"; colorScheme: "blue"; size: "lg"; width: "full"; isLoading: boolean; }' is not assignable to type 'IntrinsicAttributes & ButtonProps & RefAttributes<HTMLButtonElement>'.
  Property 'isLoading' does not exist on type 'IntrinsicAttributes & ButtonProps & RefAttributes<HTMLButtonElement>'. Did you mean 'loading'?
src/pages/auth/forgot-password.tsx(130,23): error TS2322: Type '"link"' is not assignable to type 'ConditionalValue<"outline" | "solid" | "ghost" | "subtle" | "surface" | "plain" | undefined>'.
src/pages/auth/reset-password.tsx(6,3): error TS2305: Module '"@chakra-ui/react"' has no exported member 'FormControl'.
src/pages/auth/reset-password.tsx(7,3): error TS2305: Module '"@chakra-ui/react"' has no exported member 'FormLabel'.
src/pages/auth/reset-password.tsx(11,3): error TS2724: '"@chakra-ui/react"' has no exported member named 'useToast'. Did you mean 'useTabs'?
src/pages/auth/reset-password.tsx(14,3): error TS2305: Module '"@chakra-ui/react"' has no exported member 'AlertIcon'.
src/pages/auth/reset-password.tsx(131,10): error TS2604: JSX element type 'Alert' does not have any construct or call signatures.
src/pages/auth/reset-password.tsx(131,10): error TS2786: 'Alert' cannot be used as a JSX component.
  Its type 'typeof import("C:/Users/Lenovo ThinkCentre/OneDrive/Documents/GitHub/dojopool/node_modules/@chakra-ui/react/dist/types/components/alert/namespace")' is not a valid JSX element type.
src/pages/auth/reset-password.tsx(151,15): error TS2322: Type '{ children: Element[]; spacing: number; align: "stretch"; }' is not assignable to type 'IntrinsicAttributes & StackProps & RefAttributes<HTMLDivElement>'.
  Property 'spacing' does not exist on type 'IntrinsicAttributes & StackProps & RefAttributes<HTMLDivElement>'.
src/pages/auth/reset-password.tsx(160,19): error TS2322: Type '{ children: Element[]; spacing: number; }' is not assignable to type 'IntrinsicAttributes & StackProps & RefAttributes<HTMLDivElement>'.
  Property 'spacing' does not exist on type 'IntrinsicAttributes & StackProps & RefAttributes<HTMLDivElement>'.
src/pages/auth/reset-password.tsx(192,15): error TS2322: Type '{ children: string; type: "submit"; colorScheme: "blue"; size: "lg"; width: "full"; isLoading: boolean; }' is not assignable to type 'IntrinsicAttributes & ButtonProps & RefAttributes<HTMLButtonElement>'.
  Property 'isLoading' does not exist on type 'IntrinsicAttributes & ButtonProps & RefAttributes<HTMLButtonElement>'. Did you mean 'loading'?
src/pages/auth/update-password.tsx(9,3): error TS2724: '"@chakra-ui/react"' has no exported member named 'useToast'. Did you mean 'useTabs'?
src/pages/auth/update-password.tsx(10,3): error TS2305: Module '"@chakra-ui/react"' has no exported member 'FormControl'.
src/pages/auth/update-password.tsx(11,3): error TS2305: Module '"@chakra-ui/react"' has no exported member 'FormLabel'.
src/pages/auth/update-password.tsx(12,3): error TS2305: Module '"@chakra-ui/react"' has no exported member 'FormErrorMessage'.
src/pages/auth/update-password.tsx(19,22): error TS2307: Cannot find module '../../firebase/config' or its corresponding type declarations.
src/pages/auth/update-password.tsx(115,17): error TS2322: Type '{ children: Element[]; spacing: number; }' is not assignable to type 'IntrinsicAttributes & StackProps & RefAttributes<HTMLDivElement>'.
  Property 'spacing' does not exist on type 'IntrinsicAttributes & StackProps & RefAttributes<HTMLDivElement>'.
src/pages/auth/update-password.tsx(140,15): error TS2322: Type '{ children: Element[]; spacing: number; align: "stretch"; }' is not assignable to type 'IntrinsicAttributes & StackProps & RefAttributes<HTMLDivElement>'.
  Property 'spacing' does not exist on type 'IntrinsicAttributes & StackProps & RefAttributes<HTMLDivElement>'.
src/pages/auth/update-password.tsx(146,19): error TS2322: Type '{ children: Element[]; spacing: number; }' is not assignable to type 'IntrinsicAttributes & StackProps & RefAttributes<HTMLDivElement>'.
  Property 'spacing' does not exist on type 'IntrinsicAttributes & StackProps & RefAttributes<HTMLDivElement>'.
src/pages/auth/update-password.tsx(174,15): error TS2322: Type '{ children: string; type: "submit"; colorScheme: "blue"; width: "100%"; isLoading: boolean; }' is not assignable to type 'IntrinsicAttributes & ButtonProps & RefAttributes<HTMLButtonElement>'.
  Property 'isLoading' does not exist on type 'IntrinsicAttributes & ButtonProps & RefAttributes<HTMLButtonElement>'. Did you mean 'loading'?
src/pages/auth/verify-email.tsx(8,3): error TS2724: '"@chakra-ui/react"' has no exported member named 'useToast'. Did you mean 'useTabs'?
src/pages/auth/verify-email.tsx(78,15): error TS2322: Type '{ children: (false | Element)[]; spacing: number; align: "center"; }' is not assignable to type 'IntrinsicAttributes & StackProps & RefAttributes<HTMLDivElement>'.
  Property 'spacing' does not exist on type 'IntrinsicAttributes & StackProps & RefAttributes<HTMLDivElement>'.
src/pages/auth/verify-email.tsx(99,13): error TS2322: Type '{ children: string; colorScheme: "blue"; leftIcon: Element; onClick: () => Promise<void>; isLoading: false; }' is not assignable to type 'IntrinsicAttributes & ButtonProps & RefAttributes<HTMLButtonElement>'.
  Property 'leftIcon' does not exist on type 'IntrinsicAttributes & ButtonProps & RefAttributes<HTMLButtonElement>'.
src/pages/dashboard/index.tsx(9,3): error TS2305: Module '"@chakra-ui/react"' has no exported member 'StatNumber'.
src/pages/dashboard/index.tsx(12,10): error TS2614: Module '"../../components/auth/ProtectedRoute"' has no exported member 'ProtectedRoute'. Did you mean to use 'import ProtectedRoute from "../../components/auth/ProtectedRoute"' instead?
src/pages/dashboard/index.tsx(14,21): error TS2307: Cannot find module '../../components/MapView' or its corresponding type declarations.
src/pages/dashboard/index.tsx(25,52): error TS2322: Type '{ children: Element[]; columns: { base: number; md: number; }; spacing: number; }' is not assignable to type 'IntrinsicAttributes & SimpleGridProps & RefAttributes<HTMLDivElement>'.
  Property 'spacing' does not exist on type 'IntrinsicAttributes & SimpleGridProps & RefAttributes<HTMLDivElement>'.
src/pages/dashboard/index.tsx(26,14): error TS2604: JSX element type 'Stat' does not have any construct or call signatures.
src/pages/dashboard/index.tsx(26,14): error TS2786: 'Stat' cannot be used as a JSX component.
  Its type 'typeof import("C:/Users/Lenovo ThinkCentre/OneDrive/Documents/GitHub/dojopool/node_modules/@chakra-ui/react/dist/types/components/stat/namespace")' is not a valid JSX element type.
src/pages/dashboard/index.tsx(39,14): error TS2604: JSX element type 'Stat' does not have any construct or call signatures.
src/pages/dashboard/index.tsx(39,14): error TS2786: 'Stat' cannot be used as a JSX component.
  Its type 'typeof import("C:/Users/Lenovo ThinkCentre/OneDrive/Documents/GitHub/dojopool/node_modules/@chakra-ui/react/dist/types/components/stat/namespace")' is not a valid JSX element type.
src/pages/dashboard/index.tsx(52,14): error TS2604: JSX element type 'Stat' does not have any construct or call signatures.
src/pages/dashboard/index.tsx(52,14): error TS2786: 'Stat' cannot be used as a JSX component.
  Its type 'typeof import("C:/Users/Lenovo ThinkCentre/OneDrive/Documents/GitHub/dojopool/node_modules/@chakra-ui/react/dist/types/components/stat/namespace")' is not a valid JSX element type.
src/pages/game/[id].tsx(7,3): error TS2724: '"@chakra-ui/react"' has no exported member named 'TabList'. Did you mean 'TabsList'?
src/pages/game/[id].tsx(8,3): error TS2305: Module '"@chakra-ui/react"' has no exported member 'TabPanels'.
src/pages/game/[id].tsx(9,3): error TS2724: '"@chakra-ui/react"' has no exported member named 'Tab'. Did you mean 'Tabs'?
src/pages/game/[id].tsx(10,3): error TS2305: Module '"@chakra-ui/react"' has no exported member 'TabPanel'.
src/pages/game/[id].tsx(11,3): error TS2305: Module '"@chakra-ui/react"' has no exported member 'useColorModeValue'.
src/pages/game/[id].tsx(15,3): error TS2305: Module '"@chakra-ui/react"' has no exported member 'AlertIcon'.
src/pages/game/[id].tsx(23,3): error TS2724: '"@chakra-ui/react"' has no exported member named 'useToast'. Did you mean 'useTabs'?
src/pages/game/[id].tsx(24,3): error TS2305: Module '"@chakra-ui/react"' has no exported member 'Divider'.
src/pages/game/[id].tsx(30,3): error TS2305: Module '"@chakra-ui/react"' has no exported member 'StatNumber'.
src/pages/game/[id].tsx(32,3): error TS2305: Module '"@chakra-ui/react"' has no exported member 'StatArrow'.
src/pages/game/[id].tsx(38,3): error TS2305: Module '"@chakra-ui/react"' has no exported member 'MenuButton'.
src/pages/game/[id].tsx(39,3): error TS2305: Module '"@chakra-ui/react"' has no exported member 'MenuList'.
src/pages/game/[id].tsx(41,3): error TS2305: Module '"@chakra-ui/react"' has no exported member 'MenuDivider'.
src/pages/game/[id].tsx(43,3): error TS2305: Module '"@chakra-ui/react"' has no exported member 'Modal'.
src/pages/game/[id].tsx(44,3): error TS2305: Module '"@chakra-ui/react"' has no exported member 'ModalOverlay'.
src/pages/game/[id].tsx(45,3): error TS2305: Module '"@chakra-ui/react"' has no exported member 'ModalContent'.
src/pages/game/[id].tsx(46,3): error TS2305: Module '"@chakra-ui/react"' has no exported member 'ModalHeader'.
src/pages/game/[id].tsx(47,3): error TS2305: Module '"@chakra-ui/react"' has no exported member 'ModalBody'.
src/pages/game/[id].tsx(48,3): error TS2305: Module '"@chakra-ui/react"' has no exported member 'ModalFooter'.
src/pages/game/[id].tsx(49,3): error TS2724: '"@chakra-ui/react"' has no exported member named 'ModalCloseButton'. Did you mean 'CloseButton'?
src/pages/game/[id].tsx(50,3): error TS2305: Module '"@chakra-ui/react"' has no exported member 'FormControl'.
src/pages/game/[id].tsx(51,3): error TS2305: Module '"@chakra-ui/react"' has no exported member 'FormLabel'.
src/pages/game/[id].tsx(58,3): error TS2305: Module '"@chakra-ui/react"' has no exported member 'AccordionButton'.
src/pages/game/[id].tsx(59,3): error TS2305: Module '"@chakra-ui/react"' has no exported member 'AccordionPanel'.
src/pages/game/[id].tsx(60,3): error TS2724: '"@chakra-ui/react"' has no exported member named 'AccordionIcon'. Did you mean 'Accordion'?
src/pages/game/[id].tsx(63,3): error TS2305: Module '"@chakra-ui/react"' has no exported member 'ListIcon'.
src/pages/game/[id].tsx(131,11): error TS2339: Property 'isOpen' does not exist on type '{ open: boolean; onOpen: () => void; onClose: () => void; onToggle: () => void; setOpen: Dispatch<SetStateAction<boolean>>; }'.
src/pages/game/[id].tsx(214,13): error TS2304: Cannot find name 'db'.
src/pages/game/[id].tsx(250,13): error TS18004: No value exists in scope for the shorthand property 'player1Stats'. Either declare one or provide an initializer.
src/pages/game/[id].tsx(251,13): error TS18004: No value exists in scope for the shorthand property 'player2Stats'. Either declare one or provide an initializer.
src/pages/game/[id].tsx(302,17): error TS2322: Type '{ children: Element[]; spacing: number; }' is not assignable to type 'IntrinsicAttributes & StackProps & RefAttributes<HTMLDivElement>'.
  Property 'spacing' does not exist on type 'IntrinsicAttributes & StackProps & RefAttributes<HTMLDivElement>'.
src/pages/game/[id].tsx(313,10): error TS2604: JSX element type 'Alert' does not have any construct or call signatures.
src/pages/game/[id].tsx(313,10): error TS2786: 'Alert' cannot be used as a JSX component.
  Its type 'typeof import("C:/Users/Lenovo ThinkCentre/OneDrive/Documents/GitHub/dojopool/node_modules/@chakra-ui/react/dist/types/components/alert/namespace")' is not a valid JSX element type.
src/pages/game/[id].tsx(335,15): error TS2322: Type '{ children: Element[]; spacing: number; align: "stretch"; }' is not assignable to type 'IntrinsicAttributes & StackProps & RefAttributes<HTMLDivElement>'.
  Property 'spacing' does not exist on type 'IntrinsicAttributes & StackProps & RefAttributes<HTMLDivElement>'.
src/pages/game/[id].tsx(337,10): error TS2604: JSX element type 'Card' does not have any construct or call signatures.
src/pages/game/[id].tsx(337,10): error TS2786: 'Card' cannot be used as a JSX component.
  Its type 'typeof import("C:/Users/Lenovo ThinkCentre/OneDrive/Documents/GitHub/dojopool/node_modules/@chakra-ui/react/dist/types/components/card/namespace")' is not a valid JSX element type.
src/pages/game/[id].tsx(339,21): error TS2322: Type '{ children: Element[]; spacing: number; align: "stretch"; }' is not assignable to type 'IntrinsicAttributes & StackProps & RefAttributes<HTMLDivElement>'.
  Property 'spacing' does not exist on type 'IntrinsicAttributes & StackProps & RefAttributes<HTMLDivElement>'.
src/pages/game/[id].tsx(344,18): error TS2604: JSX element type 'Menu' does not have any construct or call signatures.
src/pages/game/[id].tsx(344,18): error TS2786: 'Menu' cannot be used as a JSX component.
  Its type 'typeof import("C:/Users/Lenovo ThinkCentre/OneDrive/Documents/GitHub/dojopool/node_modules/@chakra-ui/react/dist/types/components/menu/namespace")' is not a valid JSX element type.
src/pages/game/[id].tsx(352,22): error TS2322: Type '{ children: string; icon: Element; onClick: () => Promise<void>; }' is not assignable to type 'IntrinsicAttributes & MenuItemProps & RefAttributes<HTMLDivElement>'.
  Property 'children' does not exist on type 'IntrinsicAttributes & MenuItemProps & RefAttributes<HTMLDivElement>'.
src/pages/game/[id].tsx(355,22): error TS2322: Type '{ children: string; icon: Element; onClick: () => Promise<void>; }' is not assignable to type 'IntrinsicAttributes & MenuItemProps & RefAttributes<HTMLDivElement>'.
  Property 'children' does not exist on type 'IntrinsicAttributes & MenuItemProps & RefAttributes<HTMLDivElement>'.
src/pages/game/[id].tsx(358,22): error TS2322: Type '{ children: string; icon: Element; onClick: () => void; }' is not assignable to type 'IntrinsicAttributes & MenuItemProps & RefAttributes<HTMLDivElement>'.
  Property 'children' does not exist on type 'IntrinsicAttributes & MenuItemProps & RefAttributes<HTMLDivElement>'.
src/pages/game/[id].tsx(362,22): error TS2322: Type '{ children: string; icon: Element; onClick: () => void; }' is not assignable to type 'IntrinsicAttributes & MenuItemProps & RefAttributes<HTMLDivElement>'.
  Property 'children' does not exist on type 'IntrinsicAttributes & MenuItemProps & RefAttributes<HTMLDivElement>'.
src/pages/game/[id].tsx(368,22): error TS2322: Type '{ children: string; icon: Element; onClick: () => void; }' is not assignable to type 'IntrinsicAttributes & MenuItemProps & RefAttributes<HTMLDivElement>'.
  Property 'children' does not exist on type 'IntrinsicAttributes & MenuItemProps & RefAttributes<HTMLDivElement>'.
src/pages/game/[id].tsx(378,56): error TS2322: Type '{ children: Element[]; columns: { base: number; md: number; }; spacing: number; }' is not assignable to type 'IntrinsicAttributes & SimpleGridProps & RefAttributes<HTMLDivElement>'.
  Property 'spacing' does not exist on type 'IntrinsicAttributes & SimpleGridProps & RefAttributes<HTMLDivElement>'.
src/pages/game/[id].tsx(379,18): error TS2604: JSX element type 'Stat' does not have any construct or call signatures.
src/pages/game/[id].tsx(379,18): error TS2786: 'Stat' cannot be used as a JSX component.
  Its type 'typeof import("C:/Users/Lenovo ThinkCentre/OneDrive/Documents/GitHub/dojopool/node_modules/@chakra-ui/react/dist/types/components/stat/namespace")' is not a valid JSX element type.
src/pages/game/[id].tsx(388,18): error TS2604: JSX element type 'Stat' does not have any construct or call signatures.
src/pages/game/[id].tsx(388,18): error TS2786: 'Stat' cannot be used as a JSX component.
  Its type 'typeof import("C:/Users/Lenovo ThinkCentre/OneDrive/Documents/GitHub/dojopool/node_modules/@chakra-ui/react/dist/types/components/stat/namespace")' is not a valid JSX element type.
src/pages/game/[id].tsx(405,18): error TS2604: JSX element type 'Stat' does not have any construct or call signatures.
src/pages/game/[id].tsx(405,18): error TS2786: 'Stat' cannot be used as a JSX component.
  Its type 'typeof import("C:/Users/Lenovo ThinkCentre/OneDrive/Documents/GitHub/dojopool/node_modules/@chakra-ui/react/dist/types/components/stat/namespace")' is not a valid JSX element type.
src/pages/game/[id].tsx(420,56): error TS2322: Type '{ children: Element[]; columns: { base: number; md: number; }; spacing: number; }' is not assignable to type 'IntrinsicAttributes & SimpleGridProps & RefAttributes<HTMLDivElement>'.
  Property 'spacing' does not exist on type 'IntrinsicAttributes & SimpleGridProps & RefAttributes<HTMLDivElement>'.
src/pages/game/[id].tsx(421,18): error TS2604: JSX element type 'Card' does not have any construct or call signatures.
src/pages/game/[id].tsx(421,18): error TS2786: 'Card' cannot be used as a JSX component.
  Its type 'typeof import("C:/Users/Lenovo ThinkCentre/OneDrive/Documents/GitHub/dojopool/node_modules/@chakra-ui/react/dist/types/components/card/namespace")' is not a valid JSX element type.
src/pages/game/[id].tsx(426,45): error TS2322: Type '{ children: Element[]; align: "stretch"; spacing: number; }' is not assignable to type 'IntrinsicAttributes & StackProps & RefAttributes<HTMLDivElement>'.
  Property 'spacing' does not exist on type 'IntrinsicAttributes & StackProps & RefAttributes<HTMLDivElement>'.
src/pages/game/[id].tsx(431,24): error TS2604: JSX element type 'Stat' does not have any construct or call signatures.
src/pages/game/[id].tsx(431,24): error TS2786: 'Stat' cannot be used as a JSX component.
  Its type 'typeof import("C:/Users/Lenovo ThinkCentre/OneDrive/Documents/GitHub/dojopool/node_modules/@chakra-ui/react/dist/types/components/stat/namespace")' is not a valid JSX element type.
src/pages/game/[id].tsx(442,24): error TS2604: JSX element type 'Progress' does not have any construct or call signatures.
src/pages/game/[id].tsx(442,24): error TS2786: 'Progress' cannot be used as a JSX component.
  Its type 'typeof import("C:/Users/Lenovo ThinkCentre/OneDrive/Documents/GitHub/dojopool/node_modules/@chakra-ui/react/dist/types/components/progress/namespace")' is not a valid JSX element type.
src/pages/game/[id].tsx(453,18): error TS2604: JSX element type 'Card' does not have any construct or call signatures.
src/pages/game/[id].tsx(453,18): error TS2786: 'Card' cannot be used as a JSX component.
  Its type 'typeof import("C:/Users/Lenovo ThinkCentre/OneDrive/Documents/GitHub/dojopool/node_modules/@chakra-ui/react/dist/types/components/card/namespace")' is not a valid JSX element type.
src/pages/game/[id].tsx(458,45): error TS2322: Type '{ children: Element[]; align: "stretch"; spacing: number; }' is not assignable to type 'IntrinsicAttributes & StackProps & RefAttributes<HTMLDivElement>'.
  Property 'spacing' does not exist on type 'IntrinsicAttributes & StackProps & RefAttributes<HTMLDivElement>'.
src/pages/game/[id].tsx(463,24): error TS2604: JSX element type 'Stat' does not have any construct or call signatures.
src/pages/game/[id].tsx(463,24): error TS2786: 'Stat' cannot be used as a JSX component.
  Its type 'typeof import("C:/Users/Lenovo ThinkCentre/OneDrive/Documents/GitHub/dojopool/node_modules/@chakra-ui/react/dist/types/components/stat/namespace")' is not a valid JSX element type.
src/pages/game/[id].tsx(474,24): error TS2604: JSX element type 'Progress' does not have any construct or call signatures.
src/pages/game/[id].tsx(474,24): error TS2786: 'Progress' cannot be used as a JSX component.
  Its type 'typeof import("C:/Users/Lenovo ThinkCentre/OneDrive/Documents/GitHub/dojopool/node_modules/@chakra-ui/react/dist/types/components/progress/namespace")' is not a valid JSX element type.
src/pages/game/[id].tsx(486,16): error TS2604: JSX element type 'Accordion' does not have any construct or call signatures.
src/pages/game/[id].tsx(486,16): error TS2786: 'Accordion' cannot be used as a JSX component.
  Its type 'typeof import("C:/Users/Lenovo ThinkCentre/OneDrive/Documents/GitHub/dojopool/node_modules/@chakra-ui/react/dist/types/components/accordion/namespace")' is not a valid JSX element type.
src/pages/game/[id].tsx(500,22): error TS2604: JSX element type 'List' does not have any construct or call signatures.
src/pages/game/[id].tsx(500,22): error TS2786: 'List' cannot be used as a JSX component.
  Its type 'typeof import("C:/Users/Lenovo ThinkCentre/OneDrive/Documents/GitHub/dojopool/node_modules/@chakra-ui/react/dist/types/components/list/namespace")' is not a valid JSX element type.
src/pages/game/[id].tsx(531,10): error TS2604: JSX element type 'Tabs' does not have any construct or call signatures.
src/pages/game/[id].tsx(531,10): error TS2786: 'Tabs' cannot be used as a JSX component.
  Its type 'typeof import("C:/Users/Lenovo ThinkCentre/OneDrive/Documents/GitHub/dojopool/node_modules/@chakra-ui/react/dist/types/components/tabs/namespace")' is not a valid JSX element type.
src/pages/game/[id].tsx(569,23): error TS2322: Type '{ children: Element[]; spacing: number; align: "stretch"; }' is not assignable to type 'IntrinsicAttributes & StackProps & RefAttributes<HTMLDivElement>'.
  Property 'spacing' does not exist on type 'IntrinsicAttributes & StackProps & RefAttributes<HTMLDivElement>'.
src/pages/game/[id].tsx(570,18): error TS2604: JSX element type 'Card' does not have any construct or call signatures.
src/pages/game/[id].tsx(570,18): error TS2786: 'Card' cannot be used as a JSX component.
  Its type 'typeof import("C:/Users/Lenovo ThinkCentre/OneDrive/Documents/GitHub/dojopool/node_modules/@chakra-ui/react/dist/types/components/card/namespace")' is not a valid JSX element type.
src/pages/game/[id].tsx(572,29): error TS2322: Type '{ children: (false | Element)[]; spacing: number; align: "stretch"; }' is not assignable to type 'IntrinsicAttributes & StackProps & RefAttributes<HTMLDivElement>'.
  Property 'spacing' does not exist on type 'IntrinsicAttributes & StackProps & RefAttributes<HTMLDivElement>'.
src/pages/game/[id].tsx(582,27): error TS2322: Type '{ children: string; colorScheme: "blue"; onClick: () => Promise<void>; isDisabled: boolean; }' is not assignable to type 'IntrinsicAttributes & ButtonProps & RefAttributes<HTMLButtonElement>'.
  Property 'isDisabled' does not exist on type 'IntrinsicAttributes & ButtonProps & RefAttributes<HTMLButtonElement>'. Did you mean 'disabled'?
src/pages/game/[id].tsx(588,26): error TS2604: JSX element type 'Alert' does not have any construct or call signatures.
src/pages/game/[id].tsx(588,26): error TS2786: 'Alert' cannot be used as a JSX component.
  Its type 'typeof import("C:/Users/Lenovo ThinkCentre/OneDrive/Documents/GitHub/dojopool/node_modules/@chakra-ui/react/dist/types/components/alert/namespace")' is not a valid JSX element type.
src/pages/game/[id].tsx(597,25): error TS2322: Type '{ children: Element[]; spacing: number; align: "stretch"; }' is not assignable to type 'IntrinsicAttributes & StackProps & RefAttributes<HTMLDivElement>'.
  Property 'spacing' does not exist on type 'IntrinsicAttributes & StackProps & RefAttributes<HTMLDivElement>'.
src/pages/game/[id].tsx(599,22): error TS2604: JSX element type 'Card' does not have any construct or call signatures.
src/pages/game/[id].tsx(599,22): error TS2786: 'Card' cannot be used as a JSX component.
  Its type 'typeof import("C:/Users/Lenovo ThinkCentre/OneDrive/Documents/GitHub/dojopool/node_modules/@chakra-ui/react/dist/types/components/card/namespace")' is not a valid JSX element type.
src/pages/game/[id].tsx(605,49): error TS2322: Type '{ children: Element[]; align: "stretch"; spacing: number; }' is not assignable to type 'IntrinsicAttributes & StackProps & RefAttributes<HTMLDivElement>'.
  Property 'spacing' does not exist on type 'IntrinsicAttributes & StackProps & RefAttributes<HTMLDivElement>'.
src/pages/game/[id].tsx(631,21): error TS2322: Type '{ children: Element[]; spacing: number; }' is not assignable to type 'IntrinsicAttributes & StackProps & RefAttributes<HTMLDivElement>'.
  Property 'spacing' does not exist on type 'IntrinsicAttributes & StackProps & RefAttributes<HTMLDivElement>'.
src/pages/game/[id].tsx(634,18): error TS2604: JSX element type 'Switch' does not have any construct or call signatures.
src/pages/game/[id].tsx(634,18): error TS2786: 'Switch' cannot be used as a JSX component.
  Its type 'typeof import("C:/Users/Lenovo ThinkCentre/OneDrive/Documents/GitHub/dojopool/node_modules/@chakra-ui/react/dist/types/components/switch/namespace")' is not a valid JSX element type.
src/pages/game/[id].tsx(636,30): error TS7006: Parameter 'e' implicitly has an 'any' type.
src/pages/game/[id].tsx(646,18): error TS2604: JSX element type 'Switch' does not have any construct or call signatures.
src/pages/game/[id].tsx(646,18): error TS2786: 'Switch' cannot be used as a JSX component.
  Its type 'typeof import("C:/Users/Lenovo ThinkCentre/OneDrive/Documents/GitHub/dojopool/node_modules/@chakra-ui/react/dist/types/components/switch/namespace")' is not a valid JSX element type.
src/pages/game/[id].tsx(648,30): error TS7006: Parameter 'e' implicitly has an 'any' type.
src/pages/game/[id].tsx(658,18): error TS2604: JSX element type 'Switch' does not have any construct or call signatures.
src/pages/game/[id].tsx(658,18): error TS2786: 'Switch' cannot be used as a JSX component.
  Its type 'typeof import("C:/Users/Lenovo ThinkCentre/OneDrive/Documents/GitHub/dojopool/node_modules/@chakra-ui/react/dist/types/components/switch/namespace")' is not a valid JSX element type.
src/pages/game/[id].tsx(660,30): error TS7006: Parameter 'e' implicitly has an 'any' type.
src/pages/game/[id].tsx(669,53): error TS2322: Type '{ value: string; isReadOnly: true; }' is not assignable to type 'IntrinsicAttributes & InputProps & RefAttributes<HTMLInputElement>'.
  Property 'isReadOnly' does not exist on type 'IntrinsicAttributes & InputProps & RefAttributes<HTMLInputElement>'. Did you mean 'readOnly'?
src/pages/game/[id].tsx(672,19): error TS2322: Type '{ "aria-label": string; icon: Element; onClick: any; colorScheme: "blue" | "green"; }' is not assignable to type 'IntrinsicAttributes & IconButtonProps & RefAttributes<HTMLButtonElement>'.
  Property 'icon' does not exist on type 'IntrinsicAttributes & IconButtonProps & RefAttributes<HTMLButtonElement>'. Did you mean '_icon'?
src/pages/game/[id].tsx(698,21): error TS2322: Type '{ children: Element[]; spacing: number; }' is not assignable to type 'IntrinsicAttributes & StackProps & RefAttributes<HTMLDivElement>'.
  Property 'spacing' does not exist on type 'IntrinsicAttributes & StackProps & RefAttributes<HTMLDivElement>'.
src/pages/game/[id].tsx(702,23): error TS2322: Type '{ children: Element[]; spacing: number; }' is not assignable to type 'IntrinsicAttributes & StackProps & RefAttributes<HTMLDivElement>'.
  Property 'spacing' does not exist on type 'IntrinsicAttributes & StackProps & RefAttributes<HTMLDivElement>'.
src/pages/game/[id].tsx(704,19): error TS2322: Type '{ children: string; leftIcon: Element; onClick: () => void; }' is not assignable to type 'IntrinsicAttributes & ButtonProps & RefAttributes<HTMLButtonElement>'.
  Property 'leftIcon' does not exist on type 'IntrinsicAttributes & ButtonProps & RefAttributes<HTMLButtonElement>'.
src/pages/game/[id].tsx(704,48): error TS2304: Cannot find name 'FiPause'.
src/pages/game/[id].tsx(704,62): error TS2304: Cannot find name 'FiPlay'.
src/pages/game/[id].tsx(709,18): error TS2604: JSX element type 'Select' does not have any construct or call signatures.
src/pages/game/[id].tsx(709,18): error TS2786: 'Select' cannot be used as a JSX component.
  Its type 'typeof import("C:/Users/Lenovo ThinkCentre/OneDrive/Documents/GitHub/dojopool/node_modules/@chakra-ui/react/dist/types/components/select/namespace")' is not a valid JSX element type.
src/pages/game/[id].tsx(711,30): error TS7006: Parameter 'e' implicitly has an 'any' type.
src/pages/game/[id].tsx(742,21): error TS2322: Type '{ children: Element[]; spacing: number; }' is not assignable to type 'IntrinsicAttributes & StackProps & RefAttributes<HTMLDivElement>'.
  Property 'spacing' does not exist on type 'IntrinsicAttributes & StackProps & RefAttributes<HTMLDivElement>'.
src/pages/game/[id].tsx(744,18): error TS2604: JSX element type 'Card' does not have any construct or call signatures.
src/pages/game/[id].tsx(744,18): error TS2786: 'Card' cannot be used as a JSX component.
  Its type 'typeof import("C:/Users/Lenovo ThinkCentre/OneDrive/Documents/GitHub/dojopool/node_modules/@chakra-ui/react/dist/types/components/card/namespace")' is not a valid JSX element type.
src/pages/game/[id].tsx(750,29): error TS2322: Type '{ children: Element[]; spacing: number; }' is not assignable to type 'IntrinsicAttributes & StackProps & RefAttributes<HTMLDivElement>'.
  Property 'spacing' does not exist on type 'IntrinsicAttributes & StackProps & RefAttributes<HTMLDivElement>'.
src/pages/game/[id].tsx(751,24): error TS2304: Cannot find name 'Icon'.
src/pages/game/[id].tsx(752,62): error TS2304: Cannot find name 'FiLock'.
src/pages/game/[id].tsx(756,45): error TS2322: Type '{ children: (false | 0 | Element | undefined)[]; align: "start"; spacing: number; }' is not assignable to type 'IntrinsicAttributes & StackProps & RefAttributes<HTMLDivElement>'.
  Property 'spacing' does not exist on type 'IntrinsicAttributes & StackProps & RefAttributes<HTMLDivElement>'.
src/pages/game/[id]/results.tsx(6,25): error TS2307: Cannot find module '../../../contexts/AuthContext' or its corresponding type declarations.
src/pages/profile/edit.tsx(7,3): error TS2724: '"@chakra-ui/react"' has no exported member named 'useToast'. Did you mean 'useTabs'?
src/pages/profile/edit.tsx(8,3): error TS2305: Module '"@chakra-ui/react"' has no exported member 'FormControl'.
src/pages/profile/edit.tsx(9,3): error TS2305: Module '"@chakra-ui/react"' has no exported member 'FormLabel'.
src/pages/profile/edit.tsx(10,3): error TS2305: Module '"@chakra-ui/react"' has no exported member 'FormErrorMessage'.
src/pages/profile/edit.tsx(13,3): error TS2305: Module '"@chakra-ui/react"' has no exported member 'useColorModeValue'.
src/pages/profile/edit.tsx(14,3): error TS2305: Module '"@chakra-ui/react"' has no exported member 'Divider'.
src/pages/profile/edit.tsx(170,17): error TS2322: Type '{ children: Element[]; spacing: number; align: "stretch"; }' is not assignable to type 'IntrinsicAttributes & StackProps & RefAttributes<HTMLDivElement>'.
  Property 'spacing' does not exist on type 'IntrinsicAttributes & StackProps & RefAttributes<HTMLDivElement>'.
src/pages/profile/edit.tsx(174,21): error TS2322: Type '{ children: Element[]; spacing: number; }' is not assignable to type 'IntrinsicAttributes & StackProps & RefAttributes<HTMLDivElement>'.
  Property 'spacing' does not exist on type 'IntrinsicAttributes & StackProps & RefAttributes<HTMLDivElement>'.
src/pages/profile/edit.tsx(188,18): error TS2604: JSX element type 'Select' does not have any construct or call signatures.
src/pages/profile/edit.tsx(188,18): error TS2786: 'Select' cannot be used as a JSX component.
  Its type 'typeof import("C:/Users/Lenovo ThinkCentre/OneDrive/Documents/GitHub/dojopool/node_modules/@chakra-ui/react/dist/types/components/select/namespace")' is not a valid JSX element type.
src/pages/profile/edit.tsx(204,18): error TS2604: JSX element type 'Select' does not have any construct or call signatures.
src/pages/profile/edit.tsx(204,18): error TS2786: 'Select' cannot be used as a JSX component.
  Its type 'typeof import("C:/Users/Lenovo ThinkCentre/OneDrive/Documents/GitHub/dojopool/node_modules/@chakra-ui/react/dist/types/components/select/namespace")' is not a valid JSX element type.
src/pages/profile/edit.tsx(233,17): error TS2322: Type '{ children: string; type: "submit"; colorScheme: "blue"; width: "100%"; isLoading: boolean; }' is not assignable to type 'IntrinsicAttributes & ButtonProps & RefAttributes<HTMLButtonElement>'.
  Property 'isLoading' does not exist on type 'IntrinsicAttributes & ButtonProps & RefAttributes<HTMLButtonElement>'. Did you mean 'loading'?
src/pages/profile/index.tsx(8,3): error TS2724: '"@chakra-ui/react"' has no exported member named 'useToast'. Did you mean 'useTabs'?
src/pages/profile/index.tsx(13,3): error TS2305: Module '"@chakra-ui/react"' has no exported member 'StatNumber'.
src/pages/profile/index.tsx(15,3): error TS2305: Module '"@chakra-ui/react"' has no exported member 'Divider'.
src/pages/profile/index.tsx(16,3): error TS2305: Module '"@chakra-ui/react"' has no exported member 'useColorModeValue'.
src/pages/profile/index.tsx(94,17): error TS2322: Type '{ children: Element[]; spacing: number; align: "stretch"; }' is not assignable to type 'IntrinsicAttributes & StackProps & RefAttributes<HTMLDivElement>'.
  Property 'spacing' does not exist on type 'IntrinsicAttributes & StackProps & RefAttributes<HTMLDivElement>'.
src/pages/profile/index.tsx(104,15): error TS2322: Type '{ src: string; alt: string; borderRadius: "full"; boxSize: "150px"; objectFit: "cover"; fallbackSrc: string; }' is not assignable to type 'IntrinsicAttributes & ImageProps & RefAttributes<HTMLImageElement>'.
  Property 'fallbackSrc' does not exist on type 'IntrinsicAttributes & ImageProps & RefAttributes<HTMLImageElement>'.
src/pages/profile/index.tsx(110,16): error TS2604: JSX element type 'Stat' does not have any construct or call signatures.
src/pages/profile/index.tsx(110,16): error TS2786: 'Stat' cannot be used as a JSX component.
  Its type 'typeof import("C:/Users/Lenovo ThinkCentre/OneDrive/Documents/GitHub/dojopool/node_modules/@chakra-ui/react/dist/types/components/stat/namespace")' is not a valid JSX element type.
src/pages/profile/index.tsx(120,16): error TS2604: JSX element type 'Stat' does not have any construct or call signatures.
src/pages/profile/index.tsx(120,16): error TS2786: 'Stat' cannot be used as a JSX component.
  Its type 'typeof import("C:/Users/Lenovo ThinkCentre/OneDrive/Documents/GitHub/dojopool/node_modules/@chakra-ui/react/dist/types/components/stat/namespace")' is not a valid JSX element type.
src/pages/profile/index.tsx(128,16): error TS2604: JSX element type 'Stat' does not have any construct or call signatures.
src/pages/profile/index.tsx(128,16): error TS2786: 'Stat' cannot be used as a JSX component.
  Its type 'typeof import("C:/Users/Lenovo ThinkCentre/OneDrive/Documents/GitHub/dojopool/node_modules/@chakra-ui/react/dist/types/components/stat/namespace")' is not a valid JSX element type.
src/pages/profile/index.tsx(138,16): error TS2604: JSX element type 'Stat' does not have any construct or call signatures.
src/pages/profile/index.tsx(138,16): error TS2786: 'Stat' cannot be used as a JSX component.
  Its type 'typeof import("C:/Users/Lenovo ThinkCentre/OneDrive/Documents/GitHub/dojopool/node_modules/@chakra-ui/react/dist/types/components/stat/namespace")' is not a valid JSX element type.
src/pages/profile/index.tsx(148,19): error TS2322: Type '{ children: Element[]; spacing: number; align: "stretch"; }' is not assignable to type 'IntrinsicAttributes & StackProps & RefAttributes<HTMLDivElement>'.
  Property 'spacing' does not exist on type 'IntrinsicAttributes & StackProps & RefAttributes<HTMLDivElement>'.
src/pages/profile/index.tsx(151,14): error TS2604: JSX element type 'Stat' does not have any construct or call signatures.
src/pages/profile/index.tsx(151,14): error TS2786: 'Stat' cannot be used as a JSX component.
  Its type 'typeof import("C:/Users/Lenovo ThinkCentre/OneDrive/Documents/GitHub/dojopool/node_modules/@chakra-ui/react/dist/types/components/stat/namespace")' is not a valid JSX element type.
src/pages/profile/index.tsx(159,14): error TS2604: JSX element type 'Stat' does not have any construct or call signatures.
src/pages/profile/index.tsx(159,14): error TS2786: 'Stat' cannot be used as a JSX component.
  Its type 'typeof import("C:/Users/Lenovo ThinkCentre/OneDrive/Documents/GitHub/dojopool/node_modules/@chakra-ui/react/dist/types/components/stat/namespace")' is not a valid JSX element type.
src/pages/settings/index.tsx(7,3): error TS2724: '"@chakra-ui/react"' has no exported member named 'useToast'. Did you mean 'useTabs'?
src/pages/settings/index.tsx(8,3): error TS2305: Module '"@chakra-ui/react"' has no exported member 'FormControl'.
src/pages/settings/index.tsx(9,3): error TS2305: Module '"@chakra-ui/react"' has no exported member 'FormLabel'.
src/pages/settings/index.tsx(10,3): error TS2305: Module '"@chakra-ui/react"' has no exported member 'FormErrorMessage'.
src/pages/settings/index.tsx(12,3): error TS2305: Module '"@chakra-ui/react"' has no exported member 'useColorModeValue'.
src/pages/settings/index.tsx(13,3): error TS2305: Module '"@chakra-ui/react"' has no exported member 'Divider'.
src/pages/settings/index.tsx(17,3): error TS2305: Module '"@chakra-ui/react"' has no exported member 'AlertIcon'.
src/pages/settings/index.tsx(22,3): error TS2305: Module '"@chakra-ui/react"' has no exported member 'Modal'.
src/pages/settings/index.tsx(23,3): error TS2305: Module '"@chakra-ui/react"' has no exported member 'ModalOverlay'.
src/pages/settings/index.tsx(24,3): error TS2305: Module '"@chakra-ui/react"' has no exported member 'ModalContent'.
src/pages/settings/index.tsx(25,3): error TS2305: Module '"@chakra-ui/react"' has no exported member 'ModalHeader'.
src/pages/settings/index.tsx(26,3): error TS2305: Module '"@chakra-ui/react"' has no exported member 'ModalBody'.
src/pages/settings/index.tsx(27,3): error TS2305: Module '"@chakra-ui/react"' has no exported member 'ModalFooter'.
src/pages/settings/index.tsx(36,3): error TS2305: Module '"@chakra-ui/react"' has no exported member 'useColorMode'.
src/pages/settings/index.tsx(97,11): error TS2339: Property 'isOpen' does not exist on type '{ open: boolean; onOpen: () => void; onClose: () => void; onToggle: () => void; setOpen: Dispatch<SetStateAction<boolean>>; }'.
src/pages/settings/index.tsx(417,12): error TS2604: JSX element type 'Tooltip' does not have any construct or call signatures.
src/pages/settings/index.tsx(417,12): error TS2786: 'Tooltip' cannot be used as a JSX component.
  Its type 'typeof import("C:/Users/Lenovo ThinkCentre/OneDrive/Documents/GitHub/dojopool/node_modules/@chakra-ui/react/dist/types/components/tooltip/namespace")' is not a valid JSX element type.
src/pages/settings/index.tsx(422,15): error TS2322: Type '{ "aria-label": string; icon: Element; onClick: any; variant: "ghost"; size: "lg"; }' is not assignable to type 'IntrinsicAttributes & IconButtonProps & RefAttributes<HTMLButtonElement>'.
  Property 'icon' does not exist on type 'IntrinsicAttributes & IconButtonProps & RefAttributes<HTMLButtonElement>'. Did you mean '_icon'?
src/pages/settings/index.tsx(431,12): error TS2604: JSX element type 'Card' does not have any construct or call signatures.
src/pages/settings/index.tsx(431,12): error TS2786: 'Card' cannot be used as a JSX component.
  Its type 'typeof import("C:/Users/Lenovo ThinkCentre/OneDrive/Documents/GitHub/dojopool/node_modules/@chakra-ui/react/dist/types/components/card/namespace")' is not a valid JSX element type.
src/pages/settings/index.tsx(440,23): error TS2322: Type '"link"' is not assignable to type 'ConditionalValue<"outline" | "solid" | "ghost" | "subtle" | "surface" | "plain" | undefined>'.
src/pages/settings/index.tsx(454,50): error TS2322: Type '{ children: Element[]; columns: { base: number; md: number; }; spacing: number; }' is not assignable to type 'IntrinsicAttributes & SimpleGridProps & RefAttributes<HTMLDivElement>'.
  Property 'spacing' does not exist on type 'IntrinsicAttributes & SimpleGridProps & RefAttributes<HTMLDivElement>'.
src/pages/settings/index.tsx(456,12): error TS2604: JSX element type 'Card' does not have any construct or call signatures.
src/pages/settings/index.tsx(456,12): error TS2786: 'Card' cannot be used as a JSX component.
  Its type 'typeof import("C:/Users/Lenovo ThinkCentre/OneDrive/Documents/GitHub/dojopool/node_modules/@chakra-ui/react/dist/types/components/card/namespace")' is not a valid JSX element type.
src/pages/settings/index.tsx(465,25): error TS2322: Type '{ children: Element[]; spacing: number; }' is not assignable to type 'IntrinsicAttributes & StackProps & RefAttributes<HTMLDivElement>'.
  Property 'spacing' does not exist on type 'IntrinsicAttributes & StackProps & RefAttributes<HTMLDivElement>'.
src/pages/settings/index.tsx(495,21): error TS2322: Type '{ children: string; type: "submit"; colorScheme: "blue"; width: "100%"; isLoading: boolean; leftIcon: Element; }' is not assignable to type 'IntrinsicAttributes & ButtonProps & RefAttributes<HTMLButtonElement>'.
  Property 'isLoading' does not exist on type 'IntrinsicAttributes & ButtonProps & RefAttributes<HTMLButtonElement>'. Did you mean 'loading'?
src/pages/settings/index.tsx(506,12): error TS2604: JSX element type 'Card' does not have any construct or call signatures.
src/pages/settings/index.tsx(506,12): error TS2786: 'Card' cannot be used as a JSX component.
  Its type 'typeof import("C:/Users/Lenovo ThinkCentre/OneDrive/Documents/GitHub/dojopool/node_modules/@chakra-ui/react/dist/types/components/card/namespace")' is not a valid JSX element type.
src/pages/settings/index.tsx(514,23): error TS2322: Type '{ children: Element[]; spacing: number; align: "stretch"; }' is not assignable to type 'IntrinsicAttributes & StackProps & RefAttributes<HTMLDivElement>'.
  Property 'spacing' does not exist on type 'IntrinsicAttributes & StackProps & RefAttributes<HTMLDivElement>'.
src/pages/settings/index.tsx(558,12): error TS2604: JSX element type 'Card' does not have any construct or call signatures.
src/pages/settings/index.tsx(558,12): error TS2786: 'Card' cannot be used as a JSX component.
  Its type 'typeof import("C:/Users/Lenovo ThinkCentre/OneDrive/Documents/GitHub/dojopool/node_modules/@chakra-ui/react/dist/types/components/card/namespace")' is not a valid JSX element type.
src/pages/settings/index.tsx(566,23): error TS2322: Type '{ children: Element[]; spacing: number; align: "stretch"; }' is not assignable to type 'IntrinsicAttributes & StackProps & RefAttributes<HTMLDivElement>'.
  Property 'spacing' does not exist on type 'IntrinsicAttributes & StackProps & RefAttributes<HTMLDivElement>'.
src/pages/settings/index.tsx(569,20): error TS2604: JSX element type 'Switch' does not have any construct or call signatures.
src/pages/settings/index.tsx(569,20): error TS2786: 'Switch' cannot be used as a JSX component.
  Its type 'typeof import("C:/Users/Lenovo ThinkCentre/OneDrive/Documents/GitHub/dojopool/node_modules/@chakra-ui/react/dist/types/components/switch/namespace")' is not a valid JSX element type.
src/pages/settings/index.tsx(579,20): error TS2604: JSX element type 'Switch' does not have any construct or call signatures.
src/pages/settings/index.tsx(579,20): error TS2786: 'Switch' cannot be used as a JSX component.
  Its type 'typeof import("C:/Users/Lenovo ThinkCentre/OneDrive/Documents/GitHub/dojopool/node_modules/@chakra-ui/react/dist/types/components/switch/namespace")' is not a valid JSX element type.
src/pages/settings/index.tsx(591,12): error TS2604: JSX element type 'Card' does not have any construct or call signatures.
src/pages/settings/index.tsx(591,12): error TS2786: 'Card' cannot be used as a JSX component.
  Its type 'typeof import("C:/Users/Lenovo ThinkCentre/OneDrive/Documents/GitHub/dojopool/node_modules/@chakra-ui/react/dist/types/components/card/namespace")' is not a valid JSX element type.
src/pages/settings/index.tsx(599,23): error TS2322: Type '{ children: (false | Element)[]; spacing: number; align: "stretch"; }' is not assignable to type 'IntrinsicAttributes & StackProps & RefAttributes<HTMLDivElement>'.
  Property 'spacing' does not exist on type 'IntrinsicAttributes & StackProps & RefAttributes<HTMLDivElement>'.
src/pages/settings/index.tsx(601,20): error TS2604: JSX element type 'Card' does not have any construct or call signatures.
src/pages/settings/index.tsx(601,20): error TS2786: 'Card' cannot be used as a JSX component.
  Its type 'typeof import("C:/Users/Lenovo ThinkCentre/OneDrive/Documents/GitHub/dojopool/node_modules/@chakra-ui/react/dist/types/components/card/namespace")' is not a valid JSX element type.
src/pages/settings/index.tsx(603,47): error TS2322: Type '{ children: Element[]; align: "stretch"; spacing: number; }' is not assignable to type 'IntrinsicAttributes & StackProps & RefAttributes<HTMLDivElement>'.
  Property 'spacing' does not exist on type 'IntrinsicAttributes & StackProps & RefAttributes<HTMLDivElement>'.
src/pages/settings/index.tsx(621,26): error TS2604: JSX element type 'Progress' does not have any construct or call signatures.
src/pages/settings/index.tsx(621,26): error TS2786: 'Progress' cannot be used as a JSX component.
  Its type 'typeof import("C:/Users/Lenovo ThinkCentre/OneDrive/Documents/GitHub/dojopool/node_modules/@chakra-ui/react/dist/types/components/progress/namespace")' is not a valid JSX element type.
src/pages/settings/index.tsx(629,27): error TS2322: Type '{ children: string; colorScheme: "red"; variant: "outline"; onClick: () => Promise<void>; isLoading: boolean; leftIcon: Element; }' is not assignable to type 'IntrinsicAttributes & ButtonProps & RefAttributes<HTMLButtonElement>'.
  Property 'isLoading' does not exist on type 'IntrinsicAttributes & ButtonProps & RefAttributes<HTMLButtonElement>'. Did you mean 'loading'?
src/pages/settings/index.tsx(645,23): error TS2322: Type '{ children: string; colorScheme: "blue"; variant: "outline"; onClick: () => Promise<void>; isLoading: boolean; leftIcon: Element; }' is not assignable to type 'IntrinsicAttributes & ButtonProps & RefAttributes<HTMLButtonElement>'.
  Property 'isLoading' does not exist on type 'IntrinsicAttributes & ButtonProps & RefAttributes<HTMLButtonElement>'. Did you mean 'loading'?
src/pages/settings/index.tsx(654,23): error TS2322: Type '{ children: string; colorScheme: "red"; variant: "outline"; onClick: () => void; isLoading: boolean; leftIcon: Element; }' is not assignable to type 'IntrinsicAttributes & ButtonProps & RefAttributes<HTMLButtonElement>'.
  Property 'isLoading' does not exist on type 'IntrinsicAttributes & ButtonProps & RefAttributes<HTMLButtonElement>'. Did you mean 'loading'?
src/pages/settings/index.tsx(672,23): error TS2322: Type '{ children: Element[]; spacing: number; align: "stretch"; }' is not assignable to type 'IntrinsicAttributes & StackProps & RefAttributes<HTMLDivElement>'.
  Property 'spacing' does not exist on type 'IntrinsicAttributes & StackProps & RefAttributes<HTMLDivElement>'.
src/pages/settings/index.tsx(673,18): error TS2604: JSX element type 'Alert' does not have any construct or call signatures.
src/pages/settings/index.tsx(673,18): error TS2786: 'Alert' cannot be used as a JSX component.
  Its type 'typeof import("C:/Users/Lenovo ThinkCentre/OneDrive/Documents/GitHub/dojopool/node_modules/@chakra-ui/react/dist/types/components/alert/namespace")' is not a valid JSX element type.
src/pages/settings/index.tsx(706,17): error TS2322: Type '{ children: string; colorScheme: "red"; onClick: () => Promise<void>; isLoading: boolean; leftIcon: Element; }' is not assignable to type 'IntrinsicAttributes & ButtonProps & RefAttributes<HTMLButtonElement>'.
  Property 'isLoading' does not exist on type 'IntrinsicAttributes & ButtonProps & RefAttributes<HTMLButtonElement>'. Did you mean 'loading'?
src/pages/Social.tsx(5,3): error TS2724: '"@chakra-ui/react"' has no exported member named 'TabList'. Did you mean 'TabsList'?
src/pages/Social.tsx(6,3): error TS2724: '"@chakra-ui/react"' has no exported member named 'Tab'. Did you mean 'Tabs'?
src/pages/Social.tsx(7,3): error TS2305: Module '"@chakra-ui/react"' has no exported member 'TabPanels'.
src/pages/Social.tsx(8,3): error TS2305: Module '"@chakra-ui/react"' has no exported member 'TabPanel'.
src/pages/Social.tsx(21,8): error TS2604: JSX element type 'Tabs' does not have any construct or call signatures.
src/pages/Social.tsx(21,8): error TS2786: 'Tabs' cannot be used as a JSX component.
  Its type 'typeof import("C:/Users/Lenovo ThinkCentre/OneDrive/Documents/GitHub/dojopool/node_modules/@chakra-ui/react/dist/types/components/tabs/namespace")' is not a valid JSX element type.
src/pages/TournamentDetailPage.tsx(4,23): error TS2307: Cannot find module '../components/MatchList' or its corresponding type declarations.
src/pages/TournamentDetailPage.tsx(5,31): error TS2307: Cannot find module '../components/TournamentBracket' or its corresponding type declarations.
src/pages/TournamentsPage.tsx(2,28): error TS2307: Cannot find module '../components/TournamentList' or its corresponding type declarations.
src/performance/setup.ts(1,36): error TS2307: Cannot find module '../__tests__/utils/testUtils' or its corresponding type declarations.
src/security/monitoring.ts(124,9): error TS2783: 'message' is specified more than once, so this usage will be overwritten.
src/security/monitoring.ts(129,25): error TS2345: Argument of type '{ type: SecurityEventType; severity: SecurityEventSeverity; message: string; metadata: Record<string, any>; timestamp: Date; level: string; }' is not assignable to parameter of type 'string'.
src/security/monitoring.ts(131,9): error TS2783: 'message' is specified more than once, so this usage will be overwritten.
src/services/ai/SkyT1Service.ts(1,24): error TS2307: Cannot find module 'openai' or its corresponding type declarations.
src/services/ai/SkyT1Service.ts(2,24): error TS2307: Cannot find module '../../config' or its corresponding type declarations.
src/services/AlertHistoryService.ts(1,24): error TS2724: '"../models/AlertHistory"' has no exported member named 'IAlertHistory'. Did you mean 'AlertHistory'?
src/services/AlertHistoryService.ts(3,23): error TS2307: Cannot find module 'mongoose' or its corresponding type declarations.
src/services/AlertHistoryService.ts(65,46): error TS7006: Parameter 'a' implicitly has an 'any' type.
src/services/AlertHistoryService.ts(169,23): error TS7031: Binding element '_id' implicitly has an 'any' type.
src/services/AlertHistoryService.ts(169,28): error TS7031: Binding element 'count' implicitly has an 'any' type.
src/services/AlertHistoryService.ts(246,8): error TS7006: Parameter 'acc' implicitly has an 'any' type.
src/services/AlertHistoryService.ts(246,15): error TS7031: Binding element '_id' implicitly has an 'any' type.
src/services/AlertHistoryService.ts(246,20): error TS7031: Binding element 'count' implicitly has an 'any' type.
src/services/backup/BackupService.ts(14,24): error TS2307: Cannot find module '../../lib/prisma' or its corresponding type declarations.
src/services/backup/BackupService.ts(124,34): error TS7016: Could not find a declaration file for module 'tar'. 'C:/Users/Lenovo ThinkCentre/OneDrive/Documents/GitHub/dojopool/node_modules/tar/index.js' implicitly has an 'any' type.
  Try `npm i --save-dev @types/tar` if it exists or add a new declaration (.d.ts) file containing `declare module 'tar';`
src/services/backup/BackupService.ts(140,34): error TS7016: Could not find a declaration file for module 'tar'. 'C:/Users/Lenovo ThinkCentre/OneDrive/Documents/GitHub/dojopool/node_modules/tar/index.js' implicitly has an 'any' type.
  Try `npm i --save-dev @types/tar` if it exists or add a new declaration (.d.ts) file containing `declare module 'tar';`
src/services/backup/BackupService.ts(214,32): error TS2362: The left-hand side of an arithmetic operation must be of type 'any', 'number', 'bigint' or an enum type.
src/services/backup/BackupService.ts(214,41): error TS2363: The right-hand side of an arithmetic operation must be of type 'any', 'number', 'bigint' or an enum type.
src/services/database/__tests__/MatchService.test.ts(60,43): error TS2554: Expected 0 arguments, but got 1.
src/services/database/__tests__/ProfileService.test.ts(23,5): error TS2353: Object literal may only specify known properties, and 'firstName' does not exist in type 'Profile'.
src/services/database/__tests__/UserSettingsService.test.ts(28,5): error TS2739: Type '{}' is missing the following properties from type '{ profileVisibility: "public" | "friends" | "private"; activityVisibility: "public" | "friends" | "private"; allowFriendRequests: boolean; allowMessages: boolean; }': profileVisibility, activityVisibility, allowFriendRequests, allowMessages
src/services/database/__tests__/UserSettingsService.test.ts(29,5): error TS2739: Type '{}' is missing the following properties from type '{ gameInvites: boolean; friendRequests: boolean; achievements: boolean; tournamentUpdates: boolean; marketingEmails: boolean; }': gameInvites, friendRequests, achievements, tournamentUpdates, marketingEmails
src/services/database/__tests__/VenueService.test.ts(42,37): error TS2554: Expected 0 arguments, but got 1.
src/services/database/__tests__/VenueService.test.ts(49,41): error TS2576: Property 'createVenue' does not exist on type 'VenueService'. Did you mean to access the static member 'VenueService.createVenue' instead?
src/services/database/__tests__/VenueService.test.ts(83,41): error TS2576: Property 'getVenue' does not exist on type 'VenueService'. Did you mean to access the static member 'VenueService.getVenue' instead?
src/services/database/__tests__/VenueService.test.ts(94,41): error TS2576: Property 'getVenue' does not exist on type 'VenueService'. Did you mean to access the static member 'VenueService.getVenue' instead?
src/services/database/__tests__/VenueService.test.ts(105,41): error TS2576: Property 'updateVenue' does not exist on type 'VenueService'. Did you mean to access the static member 'VenueService.updateVenue' instead?
src/services/database/__tests__/VenueService.test.ts(122,41): error TS2576: Property 'updateVenueStatus' does not exist on type 'VenueService'. Did you mean to access the static member 'VenueService.updateVenueStatus' instead?
src/services/database/__tests__/VenueService.test.ts(139,41): error TS2576: Property 'getVenuesByOwner' does not exist on type 'VenueService'. Did you mean to access the static member 'VenueService.getVenuesByOwner' instead?
src/services/database/__tests__/VenueService.test.ts(152,41): error TS2576: Property 'getActiveVenues' does not exist on type 'VenueService'. Did you mean to access the static member 'VenueService.getActiveVenues' instead?
src/services/database/__tests__/VenueService.test.ts(165,41): error TS2576: Property 'searchVenues' does not exist on type 'VenueService'. Did you mean to access the static member 'VenueService.searchVenues' instead?
src/services/database/__tests__/VenueService.test.ts(182,41): error TS2576: Property 'searchVenues' does not exist on type 'VenueService'. Did you mean to access the static member 'VenueService.searchVenues' instead?
src/services/notifications/PerformanceNotificationService.ts(1,24): error TS7016: Could not find a declaration file for module 'nodemailer'. 'C:/Users/Lenovo ThinkCentre/OneDrive/Documents/GitHub/dojopool/node_modules/nodemailer/lib/nodemailer.js' implicitly has an 'any' type.
  Try `npm i --save-dev @types/nodemailer` if it exists or add a new declaration (.d.ts) file containing `declare module 'nodemailer';`
src/services/PerformanceMonitor.ts(2,50): error TS2307: Cannot find module 'perf-hooks' or its corresponding type declarations.
src/services/PerformanceMonitor.ts(8,13): error TS2310: Type 'Performance' recursively references itself as a base type.
src/services/PerformanceMonitor.ts(39,11): error TS2430: Interface 'ExtendedPerformance' incorrectly extends interface 'Performance'.
  Types of property 'memory' are incompatible.
    Type '{ usedJSHeapSize: number; jsHeapSizeLimit: number; } | undefined' is not assignable to type '{ jsHeapSizeLimit: number; totalJSHeapSize: number; usedJSHeapSize: number; } | undefined'.
      Property 'totalJSHeapSize' is missing in type '{ usedJSHeapSize: number; jsHeapSizeLimit: number; }' but required in type '{ jsHeapSizeLimit: number; totalJSHeapSize: number; usedJSHeapSize: number; }'.
src/services/tournament/tournament.ts(1,28): error TS2307: Cannot find module '../types/tournament' or its corresponding type declarations.
src/services/tournament/TournamentService.ts(154,8): error TS7006: Parameter 'id' implicitly has an 'any' type.
src/services/wallet/WalletService.ts(46,14): error TS2739: Type '{}' is missing the following properties from type 'WalletStats': total_transactions, total_volume, total_incoming, total_outgoing
src/testing/chaos/ChaosTestRunner.ts(180,5): error TS2739: Type '{ tables: never[]; players: never[]; currentTurn: string; gamePhase: string; timestamp: { [x: string]: number; }; }' is missing the following properties from type 'GameState': score, time, possession
src/tests/a11y/config.ts(1,10): error TS2305: Module '"axe-core"' has no exported member 'AxeConfiguration'.
src/tests/benchmarks/NetworkRegressionTest.ts(185,41): error TS2339: Property 'runBenchmark' does not exist on type 'NetworkBenchmark'.
src/tests/consensus/ConsensusProtocol.test.ts(16,39): error TS2345: Argument of type '{ nodeId: string; port: number; }' is not assignable to parameter of type 'NetworkTransportConfig'.
  Property 'peers' is missing in type '{ nodeId: string; port: number; }' but required in type 'NetworkTransportConfig'.
src/tests/consensus/ConsensusProtocol.test.ts(24,15): error TS2322: Type 'string' is not assignable to type 'NodeAddress'.
src/tests/consensus/ConsensusProtocol.test.ts(30,15): error TS2322: Type 'string' is not assignable to type 'NodeAddress'.
src/tests/consensus/ConsensusProtocol.test.ts(30,38): error TS2322: Type 'string' is not assignable to type 'NodeAddress'.
src/tests/consistency/VectorClock.test.ts(9,13): error TS2554: Expected 1 arguments, but got 0.
src/tests/consistency/VectorClock.test.ts(10,18): error TS2554: Expected 1 arguments, but got 0.
src/tests/consistency/VectorClock.test.ts(20,37): error TS2345: Argument of type 'VectorTimestamp' is not assignable to parameter of type 'string'.
src/tests/consistency/VectorClock.test.ts(27,23): error TS2554: Expected 0 arguments, but got 1.
src/tests/consistency/VectorClock.test.ts(32,23): error TS2554: Expected 0 arguments, but got 1.
src/tests/consistency/VectorClock.test.ts(33,23): error TS2554: Expected 0 arguments, but got 1.
src/tests/consistency/VectorClock.test.ts(40,23): error TS2554: Expected 0 arguments, but got 1.
src/tests/consistency/VectorClock.test.ts(41,23): error TS2554: Expected 0 arguments, but got 1.
src/tests/consistency/VectorClock.test.ts(43,28): error TS2554: Expected 0 arguments, but got 1.
src/tests/consistency/VectorClock.test.ts(44,28): error TS2554: Expected 0 arguments, but got 1.
src/tests/consistency/VectorClock.test.ts(45,28): error TS2554: Expected 0 arguments, but got 1.
src/tests/consistency/VectorClock.test.ts(56,23): error TS2554: Expected 0 arguments, but got 1.
src/tests/consistency/VectorClock.test.ts(57,26): error TS2554: Expected 1 arguments, but got 0.
src/tests/consistency/VectorClock.test.ts(65,23): error TS2554: Expected 0 arguments, but got 1.
src/tests/consistency/VectorClock.test.ts(67,28): error TS2554: Expected 0 arguments, but got 1.
src/tests/consistency/VectorClock.test.ts(68,28): error TS2554: Expected 0 arguments, but got 1.
src/tests/consistency/VectorClock.test.ts(74,23): error TS2554: Expected 0 arguments, but got 1.
src/tests/consistency/VectorClock.test.ts(75,23): error TS2554: Expected 0 arguments, but got 1.
src/tests/consistency/VectorClock.test.ts(77,28): error TS2554: Expected 0 arguments, but got 1.
src/tests/consistency/VectorClock.test.ts(83,23): error TS2554: Expected 0 arguments, but got 1.
src/tests/consistency/VectorClock.test.ts(84,28): error TS2554: Expected 0 arguments, but got 1.
src/tests/consistency/VectorClock.test.ts(92,23): error TS2554: Expected 0 arguments, but got 1.
src/tests/consistency/VectorClock.test.ts(93,28): error TS2554: Expected 0 arguments, but got 1.
src/tests/consistency/VectorClock.test.ts(99,23): error TS2554: Expected 0 arguments, but got 1.
src/tests/consistency/VectorClock.test.ts(101,28): error TS2554: Expected 0 arguments, but got 1.
src/tests/consistency/VectorClock.test.ts(102,28): error TS2554: Expected 0 arguments, but got 1.
src/tests/consistency/VectorClock.test.ts(110,23): error TS2554: Expected 0 arguments, but got 1.
src/tests/consistency/VectorClock.test.ts(111,23): error TS2554: Expected 0 arguments, but got 1.
src/tests/consistency/VectorClock.test.ts(114,24): error TS2554: Expected 1 arguments, but got 0.
src/tests/consistency/VectorClock.test.ts(123,23): error TS2554: Expected 0 arguments, but got 1.
src/tests/consistency/VectorClock.test.ts(129,23): error TS2554: Expected 0 arguments, but got 1.
src/tests/consistency/VectorClock.test.ts(130,23): error TS2554: Expected 0 arguments, but got 1.
src/tests/consistency/VectorClock.test.ts(136,23): error TS2554: Expected 0 arguments, but got 1.
src/tests/consistency/VectorClock.test.ts(144,23): error TS2554: Expected 0 arguments, but got 1.
src/tests/consistency/VectorClock.test.ts(145,28): error TS2554: Expected 0 arguments, but got 1.
src/tests/consistency/VectorClock.test.ts(150,23): error TS2554: Expected 0 arguments, but got 1.
src/tests/consistency/VectorClock.test.ts(151,28): error TS2554: Expected 0 arguments, but got 1.
src/tests/helpers/auth.ts(1,24): error TS2307: Cannot find module '../../lib/prisma' or its corresponding type declarations.
src/tests/helpers/auth.ts(3,22): error TS7016: Could not find a declaration file for module 'bcrypt'. 'C:/Users/Lenovo ThinkCentre/OneDrive/Documents/GitHub/dojopool/node_modules/bcrypt/bcrypt.js' implicitly has an 'any' type.
  Try `npm i --save-dev @types/bcrypt` if it exists or add a new declaration (.d.ts) file containing `declare module 'bcrypt';`
src/tests/helpers/auth.ts(27,10): error TS2769: No overload matches this call.
  Overload 1 of 5, '(payload: string | object | Buffer<ArrayBufferLike>, secretOrPrivateKey: null, options?: (SignOptions & { algorithm: "none"; }) | undefined): string', gave the following error.
    Argument of type 'string' is not assignable to parameter of type 'null'.
  Overload 2 of 5, '(payload: string | object | Buffer<ArrayBufferLike>, secretOrPrivateKey: Buffer<ArrayBufferLike> | Secret | JsonWebKeyInput | PrivateKeyInput, options?: SignOptions | undefined): string', gave the following error.
    Type 'string' is not assignable to type 'number | StringValue | undefined'.
  Overload 3 of 5, '(payload: string | object | Buffer<ArrayBufferLike>, secretOrPrivateKey: Buffer<ArrayBufferLike> | Secret | JsonWebKeyInput | PrivateKeyInput, callback: SignCallback): void', gave the following error.
    Object literal may only specify known properties, and 'expiresIn' does not exist in type 'SignCallback'.
src/tests/network/NetworkTransport.test.ts(17,7): error TS2353: Object literal may only specify known properties, and 'reconnectInterval' does not exist in type 'NetworkTransportConfig'.
src/tests/network/NetworkTransport.test.ts(24,15): error TS2352: Conversion of type 'string' to type 'NodeAddress' may be a mistake because neither type sufficiently overlaps with the other. If this was intentional, convert the expression to 'unknown' first.
src/tests/network/NetworkTransport.test.ts(27,7): error TS2353: Object literal may only specify known properties, and 'reconnectInterval' does not exist in type 'NetworkTransportConfig'.
src/tests/network/NetworkTransport.test.ts(44,18): error TS2339: Property 'connectedPeers' does not exist on type 'NetworkTransport'.
src/tests/network/NetworkTransport.test.ts(54,45): error TS2339: Property 'connectedPeers' does not exist on type 'NetworkTransport'.
src/tests/network/NetworkTransport.test.ts(91,11): error TS2554: Expected 2 arguments, but got 1.
src/tests/network/NetworkTransport.test.ts(102,22): error TS2339: Property 'address' does not exist on type 'NetworkError'.
src/tests/network/NetworkTransport.test.ts(115,27): error TS2345: Argument of type '(address: NodeAddress) => void' is not assignable to parameter of type '(nodeId: string) => void'.
  Types of parameters 'address' and 'nodeId' are incompatible.
    Type 'string' is not assignable to type 'NodeAddress'.
src/tests/network/NetworkTransport.test.ts(116,13): error TS2367: This comparison appears to be unintentional because the types 'NodeAddress' and 'string' have no overlap.
src/tests/network/NetworkTransport.test.ts(145,11): error TS2554: Expected 2 arguments, but got 1.
src/tests/network/WebSocketTransport.test.ts(75,13): error TS2741: Property 'id' is missing in type '{ type: NetworkMessageType.STATE_SYNC; target: string; payload: string; }' but required in type 'Omit<NetworkMessage<string>, "source" | "timestamp">'.
src/tests/network/WebSocketTransport.test.ts(98,13): error TS2741: Property 'id' is missing in type '{ type: NetworkMessageType.STATE_SYNC; target: string; payload: string; }' but required in type 'Omit<NetworkMessage<string>, "source" | "timestamp">'.
src/tests/network/WebSocketTransport.test.ts(126,13): error TS2741: Property 'id' is missing in type '{ type: NetworkMessageType.STATE_SYNC; payload: string; }' but required in type 'Omit<NetworkMessage<string>, "source" | "target" | "timestamp">'.
src/tests/network/WebSocketTransport.test.ts(161,13): error TS2741: Property 'id' is missing in type '{ type: NetworkMessageType.STATE_SYNC; source: string; target: string; payload: string; timestamp: number; }' but required in type 'NetworkMessage<string>'.
src/tests/scalability/runner.ts(9,21): error TS2307: Cannot find module 'k6' or its corresponding type declarations.
src/tests/scalability/runner.ts(10,23): error TS2307: Cannot find module 'k6' or its corresponding type declarations.
src/tests/scalability/runner.ts(273,9): error TS18046: 'thresholds' is of type 'unknown'.
src/tests/security/network.test.ts(200,9): error TS2769: No overload matches this call.
  Overload 1 of 2, '(predicate: (value: Response, index: number, array: Response[]) => value is Response, thisArg?: any): Response[]', gave the following error.
    Argument of type '(r: Response) => boolean' is not assignable to parameter of type '(value: Response, index: number, array: Response[]) => value is Response'.
      Types of parameters 'r' and 'value' are incompatible.
        Type 'Response' is missing the following properties from type 'Response': bytes, formData
  Overload 2 of 2, '(predicate: (value: Response, index: number, array: Response[]) => unknown, thisArg?: any): Response[]', gave the following error.
    Argument of type '(r: Response) => boolean' is not assignable to parameter of type '(value: Response, index: number, array: Response[]) => unknown'.
      Types of parameters 'r' and 'value' are incompatible.
        Type 'Response' is missing the following properties from type 'Response': bytes, formData
src/tests/test-utils.ts(21,38): error TS2345: Argument of type 'MockResponse<T>' is not assignable to parameter of type 'never'.
src/utils/monitoring.ts(5,12): error TS2339: Property 'gtag' does not exist on type 'Window & typeof globalThis'.
src/utils/monitoring.ts(20,12): error TS2339: Property 'gtag' does not exist on type 'Window & typeof globalThis'.
src/utils/monitoring.ts(37,12): error TS2339: Property 'gtag' does not exist on type 'Window & typeof globalThis'.
src/utils/monitoring.ts(53,12): error TS2339: Property 'gtag' does not exist on type 'Window & typeof globalThis'.
src/utils/sanitization.ts(1,24): error TS7016: Could not find a declaration file for module 'html-escaper'. 'C:/Users/Lenovo ThinkCentre/OneDrive/Documents/GitHub/dojopool/node_modules/html-escaper/cjs/index.js' implicitly has an 'any' type.
  Try `npm i --save-dev @types/html-escaper` if it exists or add a new declaration (.d.ts) file containing `declare module 'html-escaper';`
src/utils/sanitization.ts(2,23): error TS7016: Could not find a declaration file for module 'validator'. 'C:/Users/Lenovo ThinkCentre/OneDrive/Documents/GitHub/dojopool/node_modules/validator/index.js' implicitly has an 'any' type.
  Try `npm i --save-dev @types/validator` if it exists or add a new declaration (.d.ts) file containing `declare module 'validator';`
tests/integration/firebase/FirebaseTest.tsx(15,20): error TS2307: Cannot find module '../firebase/config' or its corresponding type declarations.
tests/integration/Home.test.tsx(2,18): error TS2307: Cannot find module '../pages/index' or its corresponding type declarations.
tests/integration/WebGLManagers.test.tsx(4,42): error TS2307: Cannot find module '../../src/dojopool/static/js/managers/performance-budget-manager' or its corresponding type declarations.
tests/integration/WebGLManagers.test.tsx(5,38): error TS2307: Cannot find module '../../src/dojopool/static/js/managers/error-recovery-manager' or its corresponding type declarations.
tests/integration/WebGLManagers.test.tsx(23,22): error TS2674: Constructor of class 'WebGLContextManager' is protected and only accessible within the class declaration.
tests/integration/WebGLManagers.test.tsx(25,25): error TS2554: Expected 2 arguments, but got 1.
tests/integration/WebGLManagers.test.tsx(35,30): error TS2341: Property 'handleContextLost' is private and only accessible within class 'WebGLContextManager'.
tests/integration/WebGLManagers.test.tsx(35,30): error TS2554: Expected 1 arguments, but got 0.
tests/integration/WebGLManagers.test.tsx(162,44): error TS2554: Expected 1 arguments, but got 2.
tests/integration/WebGLManagers.test.tsx(167,42): error TS2339: Property 'getProgress' does not exist on type 'TransitionManager'.
tests/integration/WebGLManagers.test.tsx(174,32): error TS2339: Property 'getProgress' does not exist on type 'TransitionManager'.
tests/setupTests.ts(6,5): error TS2717: Subsequent property declarations must have the same type.  Property 'ResizeObserver' must be of type 'any', but here has type 'Mock<any, any, any>'.
tests/unit/components/GameBoard.perf.test.tsx(3,27): error TS2307: Cannot find module '../game/GameBoard' or its corresponding type declarations.
tests/unit/components/GameBoard.test.tsx(4,33): error TS2307: Cannot find module '../game/GameBoard' or its corresponding type declarations.
tests/unit/components/GameBoard.test.tsx(17,8): error TS2741: Property 'value' is missing in type '{ children: Element; }' but required in type 'ChakraProviderProps'.
tests/unit/components/GameBoard.test.tsx(26,8): error TS2741: Property 'value' is missing in type '{ children: Element; }' but required in type 'ChakraProviderProps'.
tests/unit/components/GameBoard.test.tsx(46,8): error TS2741: Property 'value' is missing in type '{ children: Element; }' but required in type 'ChakraProviderProps'.
tests/unit/components/TimelineChart.test.tsx(3,27): error TS2307: Cannot find module '../analysis/TimelineChart' or its corresponding type declarations.
tests/unit/hooks/useAuth.test.ts(2,25): error TS2307: Cannot find module '../useAuth' or its corresponding type declarations.
tests/unit/hooks/useFirestore.test.ts(2,30): error TS2307: Cannot find module '../useFirestore' or its corresponding type declarations.
tests/unit/hooks/useStorage.test.ts(2,28): error TS2307: Cannot find module '../useStorage' or its corresponding type declarations.
tests/unit/services/DependencyPerformanceMonitor.test.ts(1,46): error TS2307: Cannot find module '../DependencyPerformanceMonitor' or its corresponding type declarations.
tests/unit/services/ErrorLogger.test.ts(2,45): error TS2307: Cannot find module '../ErrorLogger' or its corresponding type declarations.
tests/unit/services/SecurityService.test.ts(2,42): error TS2307: Cannot find module '../SecurityService' or its corresponding type declarations.
tests/unit/utils/physics.test.ts(1,41): error TS2307: Cannot find module '../physics' or its corresponding type declarations.
