src/dojopool/frontend/components/venues/[VENUE]CheckInSystem.tsx(18,3): error TS2305: Module '"antd"' has no exported member 'Box'.
src/dojopool/frontend/components/venues/[VENUE]CheckInSystem.tsx(19,3): error TS2305: Module '"antd"' has no exported member 'CircularProgress'.
src/dojopool/frontend/components/venues/[VENUE]CheckInSystem.tsx(31,22): error TS2307: Cannot find module '@ant-design/charts' or its corresponding type declarations.
src/dojopool/frontend/components/venues/[VENUE]CheckInSystem.tsx(32,27): error TS2307: Cannot find module '../../../../frontend/components/QRCodeScanner' or its corresponding type declarations.
src/dojopool/frontend/components/venues/[VENUE]CheckInSystem.tsx(197,16): error TS7006: Parameter '_' implicitly has an 'any' type.
src/dojopool/frontend/components/venues/[VENUE]EventManagement.tsx(37,3): error TS2305: Module '"../../api/venues"' has no exported member 'updateEvent'.
src/dojopool/frontend/components/venues/[VENUE]EventManagement.tsx(39,3): error TS2305: Module '"../../api/venues"' has no exported member 'getEventParticipants'.
src/dojopool/frontend/components/venues/[VENUE]EventManagement.tsx(40,3): error TS2305: Module '"../../api/venues"' has no exported member 'checkInParticipant'.
src/dojopool/frontend/components/venues/[VENUE]EventManagement.tsx(106,34): error TS2554: Expected 1 arguments, but got 2.
src/dojopool/frontend/components/venues/[VENUE]EventManagement.tsx(450,56): error TS2552: Cannot find name 'UserOutlined'. Did you mean 'PlusOutlined'?
src/dojopool/frontend/components/venues/[VENUE]LeaderboardList.tsx(50,38): error TS2345: Argument of type 'string' is not assignable to parameter of type 'number'.
src/dojopool/frontend/components/venues/[VENUE]VenueDetail.tsx(15,27): error TS2307: Cannot find module './CheckInSystem' or its corresponding type declarations.
src/dojopool/frontend/components/venues/[VENUE]VenueDetail.tsx(16,29): error TS2307: Cannot find module './LeaderboardList' or its corresponding type declarations.
src/dojopool/frontend/components/venues/[VENUE]VenueDetail.tsx(17,23): error TS2307: Cannot find module '../events/EventList' or its corresponding type declarations.
src/dojopool/frontend/components/venues/[VENUE]VenueDetail.tsx(18,28): error TS2307: Cannot find module '../common/LoadingSpinner' or its corresponding type declarations.
src/dojopool/frontend/components/venues/[VENUE]VenueDetail.tsx(34,44): error TS2345: Argument of type 'string | undefined' is not assignable to parameter of type 'string'.
  Type 'undefined' is not assignable to type 'string'.
src/dojopool/frontend/components/venues/[VENUE]VenueDetail.tsx(124,46): error TS2345: Argument of type 'string | undefined' is not assignable to parameter of type 'string'.
  Type 'undefined' is not assignable to type 'string'.
src/dojopool/frontend/components/venues/[VENUE]VenueDetail.tsx(134,48): error TS2345: Argument of type 'string | undefined' is not assignable to parameter of type 'string'.
  Type 'undefined' is not assignable to type 'string'.
src/dojopool/frontend/components/venues/[VENUE]VenueDetail.tsx(144,42): error TS2345: Argument of type 'string | undefined' is not assignable to parameter of type 'string'.
  Type 'undefined' is not assignable to type 'string'.
src/dojopool/frontend/components/venues/[VENUE]VenueList.tsx(101,27): error TS2339: Property 'image_url' does not exist on type 'Venue'.
src/dojopool/frontend/components/venues/[VENUE]VenueList.tsx(104,36): error TS2339: Property 'image_url' does not exist on type 'Venue'.
src/dojopool/frontend/components/venues/[VENUE]VenueList.tsx(115,30): error TS2322: Type '{ street: string; city: string; state: string; country: string; postalCode: string; coordinates?: { latitude: number; longitude: number; } | undefined; }' is not assignable to type 'ReactNode'.
src/dojopool/frontend/components/venues/[VENUE]VenueList.tsx(117,34): error TS2339: Property 'city' does not exist on type 'Venue'.
src/dojopool/frontend/components/venues/[VENUE]VenueList.tsx(117,48): error TS2551: Property 'state' does not exist on type 'Venue'. Did you mean 'stats'?
src/dojopool/frontend/components/venues/[VENUE]VenueList.tsx(121,34): error TS2551: Property 'is_verified' does not exist on type 'Venue'. Did you mean 'isVerified'?
src/dojopool/frontend/contexts/__mocks__/AuthContext.tsx(2,24): error TS2304: Cannot find name 'jest'.
src/dojopool/frontend/hooks/[TEST]useABTest.ts(2,25): error TS2307: Cannot find module '../contexts/AuthContext' or its corresponding type declarations.
src/dojopool/frontend/hooks/[TEST]useABTest.ts(12,42): error TS2339: Property 'getVariantForUser' does not exist on type '{ getTestResults(testId: string): { testName: string; variants: { A: { users: number; conversions: number; }; B: { users: number; conversions: number; }; }; }; }'.
src/dojopool/frontend/hooks/[TEST]useABTest.ts(26,22): error TS2339: Property 'trackMetric' does not exist on type '{ getTestResults(testId: string): { testName: string; variants: { A: { users: number; conversions: number; }; B: { users: number; conversions: number; }; }; }; }'.
src/dojopool/frontend/hooks/[UTIL]useLocation.ts(25,18): error TS2345: Argument of type '() => void' is not assignable to parameter of type 'SetStateAction<number | null>'.
  Type '() => void' is not assignable to type '(prevState: number | null) => number | null'.
    Type 'void' is not assignable to type 'number | null'.
src/dojopool/frontend/performance_monitor.ts(49,7): error TS2322: Type 'Date' is not assignable to type 'number'.
src/dojopool/frontend/performance_monitor.ts(67,19): error TS2365: Operator '>=' cannot be applied to types 'number' and 'Date'.
src/dojopool/frontend/performance_monitor.ts(67,52): error TS2365: Operator '<=' cannot be applied to types 'number' and 'Date'.
src/dojopool/frontend/performance_monitor.ts(72,53): error TS2339: Property 'getTime' does not exist on type 'number'.
src/dojopool/frontend/performance_monitor.ts(79,7): error TS2739: Type 'PerformanceMetrics' is missing the following properties from type 'MetricsCurrent': updateTimes, latency
src/dojopool/frontend/performance_monitor.ts(106,48): error TS2551: Property 'toISOString' does not exist on type 'number'. Did you mean 'toString'?
src/dojopool/frontend/performance_monitor.ts(108,7): error TS2322: Type 'MetricData[]' is not assignable to type 'number'.
src/dojopool/frontend/routes/[ROUTE]TournamentRoutes.tsx(4,28): error TS2307: Cannot find module '../components/tournaments/TournamentList' or its corresponding type declarations.
src/dojopool/frontend/routes/[ROUTE]TournamentRoutes.tsx(7,30): error TS2307: Cannot find module './PrivateRoute' or its corresponding type declarations.
src/dojopool/frontend/routes/[ROUTE]VenueRoutes.tsx(4,23): error TS2307: Cannot find module '../components/venues/VenueList' or its corresponding type declarations.
src/dojopool/frontend/routes/[ROUTE]VenueRoutes.tsx(5,25): error TS2307: Cannot find module '../components/venues/VenueDetail' or its corresponding type declarations.
src/dojopool/frontend/routes/[ROUTE]VenueRoutes.tsx(6,26): error TS2307: Cannot find module './PrivateRoute' or its corresponding type declarations.
src/dojopool/frontend/services/ABTestingService.ts(132,22): error TS2551: Property 'trackUserEvent' does not exist on type 'AnalyticsService'. Did you mean 'trackEvent'?
src/dojopool/frontend/services/ABTestingService.ts(172,22): error TS2551: Property 'trackUserEvent' does not exist on type 'AnalyticsService'. Did you mean 'trackEvent'?
src/dojopool/frontend/services/ABTestingService.ts(208,22): error TS2551: Property 'trackUserEvent' does not exist on type 'AnalyticsService'. Did you mean 'trackEvent'?
src/dojopool/frontend/services/ABTestingService.ts(277,22): error TS2551: Property 'trackUserEvent' does not exist on type 'AnalyticsService'. Did you mean 'trackEvent'?
src/dojopool/frontend/services/AIService.ts(53,46): error TS2339: Property 'skillLevel' does not exist on type 'UserProfile'.
src/dojopool/frontend/services/AIService.ts(54,49): error TS2339: Property 'achievements' does not exist on type 'UserProfile'.
src/dojopool/frontend/services/AIService.ts(55,10): error TS7006: Parameter 'a' implicitly has an 'any' type.
src/dojopool/frontend/services/analytics.ts(1,27): error TS2307: Cannot find module '../config/[FB]firebase' or its corresponding type declarations.
src/dojopool/frontend/services/AnalyticsService.ts(1,8): error TS1192: Module '"C:/Users/RescueAdmin/OneDrive/Documents/GitHub/dojopool/src/dojopool/frontend/services/api/index"' has no default export.
src/dojopool/frontend/services/api/auth.ts(5,8): error TS2307: Cannot find module '@/types/auth' or its corresponding type declarations.
src/dojopool/frontend/services/api/game.ts(1,15): error TS2305: Module '"@/types/game"' has no exported member 'Game'.
src/dojopool/frontend/services/api/profile.ts(1,27): error TS2307: Cannot find module '@/types/auth' or its corresponding type declarations.
src/dojopool/frontend/services/CacheService.ts(1,8): error TS2613: Module '"C:/Users/RescueAdmin/OneDrive/Documents/GitHub/dojopool/src/dojopool/frontend/services/analytics"' has no default export. Did you mean to use 'import { analyticsService } from "C:/Users/RescueAdmin/OneDrive/Documents/GitHub/dojopool/src/dojopool/frontend/services/analytics"' instead?
src/dojopool/frontend/services/CacheService.ts(258,11): error TS2564: Property 'maintenanceInterval' has no initializer and is not definitely assigned in the constructor.
src/dojopool/frontend/services/DialogService.ts(1,26): error TS2307: Cannot find module './state' or its corresponding type declarations.
src/dojopool/frontend/services/DialogService.ts(2,8): error TS2613: Module '"C:/Users/RescueAdmin/OneDrive/Documents/GitHub/dojopool/src/dojopool/frontend/services/analytics"' has no default export. Did you mean to use 'import { analyticsService } from "C:/Users/RescueAdmin/OneDrive/Documents/GitHub/dojopool/src/dojopool/frontend/services/analytics"' instead?
src/dojopool/frontend/services/FormService.ts(1,26): error TS2307: Cannot find module './state' or its corresponding type declarations.
src/dojopool/frontend/services/FormService.ts(2,31): error TS2307: Cannot find module './validation' or its corresponding type declarations.
src/dojopool/frontend/services/FormService.ts(3,8): error TS2613: Module '"C:/Users/RescueAdmin/OneDrive/Documents/GitHub/dojopool/src/dojopool/frontend/services/analytics"' has no default export. Did you mean to use 'import { analyticsService } from "C:/Users/RescueAdmin/OneDrive/Documents/GitHub/dojopool/src/dojopool/frontend/services/analytics"' instead?
src/dojopool/frontend/services/FormService.ts(46,8): error TS7006: Parameter 'state' implicitly has an 'any' type.
src/dojopool/frontend/services/FormService.ts(47,8): error TS7006: Parameter 'errors' implicitly has an 'any' type.
src/dojopool/frontend/services/FormService.ts(51,36): error TS2345: Argument of type 'unknown' is not assignable to parameter of type 'Record<string, string[]>'.
src/dojopool/frontend/services/KeyboardService.ts(1,26): error TS2307: Cannot find module './state' or its corresponding type declarations.
src/dojopool/frontend/services/KeyboardService.ts(2,8): error TS2613: Module '"C:/Users/RescueAdmin/OneDrive/Documents/GitHub/dojopool/src/dojopool/frontend/services/analytics"' has no default export. Did you mean to use 'import { analyticsService } from "C:/Users/RescueAdmin/OneDrive/Documents/GitHub/dojopool/src/dojopool/frontend/services/analytics"' instead?
src/dojopool/frontend/services/LeaderboardService.ts(1,8): error TS1192: Module '"C:/Users/RescueAdmin/OneDrive/Documents/GitHub/dojopool/src/dojopool/frontend/services/api/index"' has no default export.
src/dojopool/frontend/services/LeaderboardService.ts(5,27): error TS2344: Type '"id" | "username"' does not satisfy the constraint 'keyof UserProfile'.
  Type '"username"' is not assignable to type 'keyof UserProfile'.
src/dojopool/frontend/services/LeaderboardService.ts(89,29): error TS2344: Type '"id" | "username"' does not satisfy the constraint 'keyof UserProfile'.
  Type '"username"' is not assignable to type 'keyof UserProfile'.
src/dojopool/frontend/services/LoadingService.ts(1,26): error TS2307: Cannot find module './state' or its corresponding type declarations.
src/dojopool/frontend/services/LoadingService.ts(2,8): error TS2613: Module '"C:/Users/RescueAdmin/OneDrive/Documents/GitHub/dojopool/src/dojopool/frontend/services/analytics"' has no default export. Did you mean to use 'import { analyticsService } from "C:/Users/RescueAdmin/OneDrive/Documents/GitHub/dojopool/src/dojopool/frontend/services/analytics"' instead?
src/dojopool/frontend/services/LoadingService.ts(29,8): error TS7006: Parameter 'state' implicitly has an 'any' type.
src/dojopool/frontend/services/LoadingService.ts(30,8): error TS7006: Parameter 'loadingStates' implicitly has an 'any' type.
src/dojopool/frontend/services/LoadingService.ts(75,33): error TS7006: Parameter 'state' implicitly has an 'any' type.
src/dojopool/frontend/services/LoadingService.ts(77,35): error TS7006: Parameter 'state' implicitly has an 'any' type.
src/dojopool/frontend/services/LoadingService.ts(131,33): error TS7006: Parameter 'state' implicitly has an 'any' type.
src/dojopool/frontend/services/LoadingService.ts(133,35): error TS7006: Parameter 'state' implicitly has an 'any' type.
src/dojopool/frontend/services/LoadingService.ts(222,33): error TS7006: Parameter 'state' implicitly has an 'any' type.
src/dojopool/frontend/services/match-updates.ts(47,15): error TS2484: Export declaration conflicts with exported declaration of 'LiveMatch'.
src/dojopool/frontend/services/MatchUpdateService.ts(1,23): error TS2307: Cannot find module './websocket' or its corresponding type declarations.
src/dojopool/frontend/services/MatchUpdateService.ts(6,8): error TS2307: Cannot find module '../../types/match' or its corresponding type declarations.
src/dojopool/frontend/services/MatchUpdateService.ts(23,42): error TS7006: Parameter 'message' implicitly has an 'any' type.
src/dojopool/frontend/services/MatchUpdateService.ts(28,41): error TS7006: Parameter 'message' implicitly has an 'any' type.
src/dojopool/frontend/services/MatchUpdateService.ts(33,46): error TS7006: Parameter 'message' implicitly has an 'any' type.
src/dojopool/frontend/services/MediaService.ts(1,26): error TS2307: Cannot find module './state' or its corresponding type declarations.
src/dojopool/frontend/services/MediaService.ts(2,8): error TS2613: Module '"C:/Users/RescueAdmin/OneDrive/Documents/GitHub/dojopool/src/dojopool/frontend/services/analytics"' has no default export. Did you mean to use 'import { analyticsService } from "C:/Users/RescueAdmin/OneDrive/Documents/GitHub/dojopool/src/dojopool/frontend/services/analytics"' instead?
src/dojopool/frontend/services/MediaService.ts(3,8): error TS1192: Module '"C:/Users/RescueAdmin/OneDrive/Documents/GitHub/dojopool/src/dojopool/frontend/services/api/index"' has no default export.
src/dojopool/frontend/services/MediaService.ts(4,28): error TS2307: Cannot find module './storage' or its corresponding type declarations.
src/dojopool/frontend/services/MediaService.ts(116,28): error TS7006: Parameter 'progressEvent' implicitly has an 'any' type.
src/dojopool/frontend/services/MediaService.ts(154,18): error TS18046: 'error' is of type 'unknown'.
src/dojopool/frontend/services/MediaService.ts(160,29): error TS2345: Argument of type 'unknown' is not assignable to parameter of type 'Error'.
src/dojopool/frontend/services/MediaService.ts(285,46): error TS18046: 'data' is of type 'unknown'.
src/dojopool/frontend/services/MediaService.ts(285,57): error TS18046: 'data' is of type 'unknown'.
src/dojopool/frontend/services/MediaService.ts(286,51): error TS18046: 'data' is of type 'unknown'.
src/dojopool/frontend/services/MediaService.ts(308,20): error TS18046: 'error' is of type 'unknown'.
src/dojopool/frontend/services/ModalService.ts(1,26): error TS2307: Cannot find module './state' or its corresponding type declarations.
src/dojopool/frontend/services/ModalService.ts(2,8): error TS2613: Module '"C:/Users/RescueAdmin/OneDrive/Documents/GitHub/dojopool/src/dojopool/frontend/services/analytics"' has no default export. Did you mean to use 'import { analyticsService } from "C:/Users/RescueAdmin/OneDrive/Documents/GitHub/dojopool/src/dojopool/frontend/services/analytics"' instead?
src/dojopool/frontend/services/ModalService.ts(36,11): error TS2564: Property 'escapeListener' has no initializer and is not definitely assigned in the constructor.
src/dojopool/frontend/services/ModalService.ts(90,33): error TS7006: Parameter 'state' implicitly has an 'any' type.
src/dojopool/frontend/services/ModalService.ts(135,33): error TS7006: Parameter 'state' implicitly has an 'any' type.
src/dojopool/frontend/services/NetworkNotificationService.ts(199,3): error TS2416: Property 'addListener' in type 'NotificationService' is not assignable to the same property in base type 'EventEmitter<DefaultEventMap>'.
  Type '(callback: (state: { notifications: Notification[]; unreadCount: number; preferences: NotificationPreferences; }) => void) => () => void' is not assignable to type '<K>(eventName: string | symbol, listener: (...args: any[]) => void) => this'.
    Types of parameters 'callback' and 'eventName' are incompatible.
      Type 'string | symbol' is not assignable to type '(state: { notifications: Notification[]; unreadCount: number; preferences: NotificationPreferences; }) => void'.
        Type 'string' is not assignable to type '(state: { notifications: Notification[]; unreadCount: number; preferences: NotificationPreferences; }) => void'.
src/dojopool/frontend/services/NotificationService.ts(1,26): error TS2307: Cannot find module './state' or its corresponding type declarations.
src/dojopool/frontend/services/NotificationService.ts(2,8): error TS2613: Module '"C:/Users/RescueAdmin/OneDrive/Documents/GitHub/dojopool/src/dojopool/frontend/services/analytics"' has no default export. Did you mean to use 'import { analyticsService } from "C:/Users/RescueAdmin/OneDrive/Documents/GitHub/dojopool/src/dojopool/frontend/services/analytics"' instead?
src/dojopool/frontend/services/NotificationService.ts(3,28): error TS2307: Cannot find module './storage' or its corresponding type declarations.
src/dojopool/frontend/services/NotificationService.ts(4,30): error TS2307: Cannot find module './websocket' or its corresponding type declarations.
src/dojopool/frontend/services/NotificationService.ts(70,31): error TS1064: The return type of an async function or method must be the global Promise<T> type. Did you mean to write 'Promise<void>'?
src/dojopool/frontend/services/NotificationService.ts(380,50): error TS7006: Parameter 'data' implicitly has an 'any' type.
src/dojopool/frontend/services/NotificationsService.ts(1,8): error TS1192: Module '"C:/Users/RescueAdmin/OneDrive/Documents/GitHub/dojopool/src/dojopool/frontend/services/api/index"' has no default export.
src/dojopool/frontend/services/NotificationsService.ts(2,15): error TS2614: Module '"../../types/user"' has no exported member 'NotificationPreferences'. Did you mean to use 'import NotificationPreferences from "../../types/user"' instead?
src/dojopool/frontend/services/PerformanceService.ts(1,8): error TS2613: Module '"C:/Users/RescueAdmin/OneDrive/Documents/GitHub/dojopool/src/dojopool/frontend/services/analytics"' has no default export. Did you mean to use 'import { analyticsService } from "C:/Users/RescueAdmin/OneDrive/Documents/GitHub/dojopool/src/dojopool/frontend/services/analytics"' instead?
src/dojopool/frontend/services/RealtimeTrainingService.ts(1,23): error TS2307: Cannot find module './websocket' or its corresponding type declarations.
src/dojopool/frontend/services/RealtimeTrainingService.ts(4,8): error TS2614: Module '"../../types/training"' has no exported member 'TrainingProgress'. Did you mean to use 'import TrainingProgress from "../../types/training"' instead?
src/dojopool/frontend/services/RealtimeTrainingService.ts(5,8): error TS2614: Module '"../../types/training"' has no exported member 'TrainingMetrics'. Did you mean to use 'import TrainingMetrics from "../../types/training"' instead?
src/dojopool/frontend/services/RealtimeTrainingService.ts(40,65): error TS7006: Parameter 'message' implicitly has an 'any' type.
src/dojopool/frontend/services/RealtimeTrainingService.ts(134,59): error TS7006: Parameter 'message' implicitly has an 'any' type.
src/dojopool/frontend/services/RealtimeTrainingService.ts(162,53): error TS7006: Parameter 'wsMessage' implicitly has an 'any' type.
src/dojopool/frontend/services/RouterService.ts(1,26): error TS2307: Cannot find module './state' or its corresponding type declarations.
src/dojopool/frontend/services/RouterService.ts(2,8): error TS2613: Module '"C:/Users/RescueAdmin/OneDrive/Documents/GitHub/dojopool/src/dojopool/frontend/services/analytics"' has no default export. Did you mean to use 'import { analyticsService } from "C:/Users/RescueAdmin/OneDrive/Documents/GitHub/dojopool/src/dojopool/frontend/services/analytics"' instead?
src/dojopool/frontend/services/RouterService.ts(242,18): error TS18046: 'error' is of type 'unknown'.
src/dojopool/frontend/services/StateService.ts(3,28): error TS2307: Cannot find module './storage' or its corresponding type declarations.
src/dojopool/frontend/services/StateService.ts(4,8): error TS2613: Module '"C:/Users/RescueAdmin/OneDrive/Documents/GitHub/dojopool/src/dojopool/frontend/services/analytics"' has no default export. Did you mean to use 'import { analyticsService } from "C:/Users/RescueAdmin/OneDrive/Documents/GitHub/dojopool/src/dojopool/frontend/services/analytics"' instead?
src/dojopool/frontend/services/SyncService.ts(1,8): error TS1192: Module '"C:/Users/RescueAdmin/OneDrive/Documents/GitHub/dojopool/src/dojopool/frontend/services/api/index"' has no default export.
src/dojopool/frontend/services/SyncService.ts(2,28): error TS2307: Cannot find module './storage' or its corresponding type declarations.
src/dojopool/frontend/services/SyncService.ts(3,8): error TS2613: Module '"C:/Users/RescueAdmin/OneDrive/Documents/GitHub/dojopool/src/dojopool/frontend/services/analytics"' has no default export. Did you mean to use 'import { analyticsService } from "C:/Users/RescueAdmin/OneDrive/Documents/GitHub/dojopool/src/dojopool/frontend/services/analytics"' instead?
src/dojopool/frontend/services/SyncService.ts(4,10): error TS2305: Module '"../utils/errorHandling"' has no exported member 'isNetworkError'.
src/dojopool/frontend/services/ThemeService.ts(1,26): error TS2307: Cannot find module './state' or its corresponding type declarations.
src/dojopool/frontend/services/ThemeService.ts(2,28): error TS2307: Cannot find module './storage' or its corresponding type declarations.
src/dojopool/frontend/services/ThemeService.ts(3,8): error TS2613: Module '"C:/Users/RescueAdmin/OneDrive/Documents/GitHub/dojopool/src/dojopool/frontend/services/analytics"' has no default export. Did you mean to use 'import { analyticsService } from "C:/Users/RescueAdmin/OneDrive/Documents/GitHub/dojopool/src/dojopool/frontend/services/analytics"' instead?
src/dojopool/frontend/services/ToastService.ts(1,26): error TS2307: Cannot find module './state' or its corresponding type declarations.
src/dojopool/frontend/services/ToastService.ts(2,8): error TS2613: Module '"C:/Users/RescueAdmin/OneDrive/Documents/GitHub/dojopool/src/dojopool/frontend/services/analytics"' has no default export. Did you mean to use 'import { analyticsService } from "C:/Users/RescueAdmin/OneDrive/Documents/GitHub/dojopool/src/dojopool/frontend/services/analytics"' instead?
src/dojopool/frontend/services/ToastService.ts(50,8): error TS7006: Parameter 'state' implicitly has an 'any' type.
src/dojopool/frontend/services/ToastService.ts(51,8): error TS7006: Parameter 'notifications' implicitly has an 'any' type.
src/dojopool/frontend/services/ToastService.ts(52,32): error TS7006: Parameter 'notification' implicitly has an 'any' type.
src/dojopool/frontend/services/ToastService.ts(70,11): error TS2322: Type '{ id: string; type?: "error" | "info" | "success" | "warning" | undefined; title?: string; message?: string | undefined; duration?: number; position?: "top-right" | "top-left" | "bottom-right" | "bottom-left" | "top-center" | "bottom-center"; ... 4 more ...; onClose?: () => void; }' is not assignable to type 'ToastConfig'.
  Types of property 'type' are incompatible.
    Type '"error" | "info" | "success" | "warning" | undefined' is not assignable to type '"error" | "info" | "success" | "warning"'.
      Type 'undefined' is not assignable to type '"error" | "info" | "success" | "warning"'.
src/dojopool/frontend/services/TrainingService.ts(1,8): error TS1192: Module '"C:/Users/RescueAdmin/OneDrive/Documents/GitHub/dojopool/src/dojopool/frontend/services/api/index"' has no default export.
src/dojopool/frontend/services/TrainingService.ts(4,8): error TS2614: Module '"../../types/training"' has no exported member 'Technique'. Did you mean to use 'import Technique from "../../types/training"' instead?
src/dojopool/frontend/services/TrainingService.ts(5,8): error TS2614: Module '"../../types/training"' has no exported member 'TrainingFeedback'. Did you mean to use 'import TrainingFeedback from "../../types/training"' instead?
src/dojopool/frontend/services/UserService.ts(1,8): error TS1192: Module '"C:/Users/RescueAdmin/OneDrive/Documents/GitHub/dojopool/src/dojopool/frontend/services/api/index"' has no default export.
src/dojopool/frontend/services/UserService.ts(4,8): error TS2614: Module '"../../types/user"' has no exported member 'UserPreferences'. Did you mean to use 'import UserPreferences from "../../types/user"' instead?
src/dojopool/frontend/services/UserService.ts(5,8): error TS2614: Module '"../../types/user"' has no exported member 'Achievement'. Did you mean to use 'import Achievement from "../../types/user"' instead?
src/dojopool/frontend/services/ValidationService.ts(1,8): error TS2613: Module '"C:/Users/RescueAdmin/OneDrive/Documents/GitHub/dojopool/src/dojopool/frontend/services/analytics"' has no default export. Did you mean to use 'import { analyticsService } from "C:/Users/RescueAdmin/OneDrive/Documents/GitHub/dojopool/src/dojopool/frontend/services/analytics"' instead?
src/dojopool/frontend/services/ValidationService.ts(311,18): error TS18046: 'error' is of type 'unknown'.
src/dojopool/frontend/services/ValidationService.ts(410,18): error TS18046: 'error' is of type 'unknown'.
src/dojopool/frontend/services/websocket/gameSocket.ts(10,10): error TS2305: Module '"@/constants"' has no exported member 'WEBSOCKET_URL'.
src/dojopool/frontend/services/websocket/gameSocket.ts(33,25): error TS2339: Property 'registerHealthCheck' does not exist on type 'GameMetricsMonitor'.
src/dojopool/frontend/services/websocket/gameSocket.ts(37,25): error TS2339: Property 'registerHealthCheck' does not exist on type 'GameMetricsMonitor'.
src/dojopool/frontend/services/websocket/gameSocket.ts(40,43): error TS2322: Type 'number' is not assignable to type 'Location'.
src/dojopool/frontend/services/websocket/gameSocket.ts(40,56): error TS2322: Type 'number' is not assignable to type 'Location'.
src/dojopool/frontend/services/websocket/gameSocket.ts(48,25): error TS2551: Property 'startMonitoring' does not exist on type 'GameMetricsMonitor'. Did you mean 'startDiskMonitoring'?
src/dojopool/frontend/services/websocket/gameSocket.ts(74,29): error TS2339: Property 'token' does not exist on type '{ [key: string]: any; } | ((cb: (data: object) => void) => void)'.
  Property 'token' does not exist on type '(cb: (data: object) => void) => void'.
src/dojopool/frontend/services/websocket/gameSocket.ts(75,63): error TS2339: Property 'token' does not exist on type '{ [key: string]: any; } | ((cb: (data: object) => void) => void)'.
  Property 'token' does not exist on type '(cb: (data: object) => void) => void'.
src/dojopool/frontend/services/websocket/gameSocket.ts(92,26): error TS2339: Property 'recordLatency' does not exist on type 'GameMetricsMonitor'.
src/dojopool/frontend/services/websocket/gameSocket.ts(93,26): error TS2339: Property 'recordSuccess' does not exist on type 'GameMetricsMonitor'.
src/dojopool/frontend/services/websocket/gameSocket.ts(106,26): error TS2339: Property 'recordSuccess' does not exist on type 'GameMetricsMonitor'.
src/dojopool/frontend/services/websocket/gameSocket.ts(111,26): error TS2339: Property 'recordSuccess' does not exist on type 'GameMetricsMonitor'.
src/dojopool/frontend/services/websocket/gameSocket.ts(119,27): error TS2339: Property 'recordLocation' does not exist on type 'GameMetricsMonitor'.
src/dojopool/frontend/services/websocket/gameSocket.ts(150,30): error TS2339: Property 'recordUpdateTime' does not exist on type 'GameMetricsMonitor'.
src/dojopool/frontend/services/websocket/gameSocket.ts(151,30): error TS2339: Property 'recordSuccess' does not exist on type 'GameMetricsMonitor'.
src/dojopool/frontend/services/websocket/gameSocket.ts(152,27): error TS2339: Property 'recordLocation' does not exist on type 'GameMetricsMonitor'.
src/dojopool/frontend/services/websocket/gameSocket.ts(154,30): error TS2339: Property 'recordSuccess' does not exist on type 'GameMetricsMonitor'.
src/dojopool/frontend/services/websocket/gameSocket.ts(159,7): error TS2554: Expected 2 arguments, but got 3.
src/dojopool/frontend/services/websocket/gameSocket.ts(166,50): error TS2554: Expected 2 arguments, but got 1.
src/dojopool/frontend/services/websocket/gameSocket.ts(167,29): error TS2339: Property 'isValid' does not exist on type 'boolean'.
src/dojopool/frontend/services/websocket/gameSocket.ts(168,60): error TS2339: Property 'reason' does not exist on type 'boolean'.
src/dojopool/frontend/services/websocket/gameSocket.ts(173,45): error TS2339: Property 'token' does not exist on type '{ [key: string]: any; } | ((cb: (data: object) => void) => void)'.
  Property 'token' does not exist on type '(cb: (data: object) => void) => void'.
src/dojopool/frontend/services/websocket/gameSocket.ts(174,54): error TS2339: Property 'validateMovement' does not exist on type 'LocationValidator'.
src/dojopool/frontend/services/websocket/gameSocket.ts(175,28): error TS2339: Property 'token' does not exist on type '{ [key: string]: any; } | ((cb: (data: object) => void) => void)'.
  Property 'token' does not exist on type '(cb: (data: object) => void) => void'.
src/dojopool/frontend/services/websocket/gameSocket.ts(195,25): error TS2339: Property 'recordPlayerSpeed' does not exist on type 'GameMetricsMonitor'.
src/dojopool/frontend/services/websocket/gameSocket.ts(196,28): error TS2339: Property 'token' does not exist on type '{ [key: string]: any; } | ((cb: (data: object) => void) => void)'.
  Property 'token' does not exist on type '(cb: (data: object) => void) => void'.
src/dojopool/frontend/services/websocket/gameSocket.ts(212,28): error TS2339: Property 'recordUpdateTime' does not exist on type 'GameMetricsMonitor'.
src/dojopool/frontend/services/websocket/gameSocket.ts(213,28): error TS2339: Property 'recordSuccess' does not exist on type 'GameMetricsMonitor'.
src/dojopool/frontend/services/websocket/gameSocket.ts(215,28): error TS2339: Property 'recordSuccess' does not exist on type 'GameMetricsMonitor'.
src/dojopool/frontend/services/websocket/gameSocket.ts(241,28): error TS2339: Property 'recordUpdateTime' does not exist on type 'GameMetricsMonitor'.
src/dojopool/frontend/services/websocket/gameSocket.ts(242,28): error TS2339: Property 'recordSuccess' does not exist on type 'GameMetricsMonitor'.
src/dojopool/frontend/services/websocket/gameSocket.ts(244,28): error TS2339: Property 'recordSuccess' does not exist on type 'GameMetricsMonitor'.
src/dojopool/frontend/services/websocket/gameSocket.ts(257,39): error TS2339: Property 'getAverages' does not exist on type 'GameMetricsMonitor'.
src/dojopool/frontend/services/websocket/gameSocket.ts(258,35): error TS2339: Property 'getStatus' does not exist on type 'GameMetricsMonitor'.
src/dojopool/frontend/services/websocket/gameSocket.ts(260,20): error TS2769: No overload matches this call.
  Overload 1 of 4, '(iterable: Iterable<Location> | ArrayLike<Location>): Location[]', gave the following error.
    Argument of type 'Record<string, Location>' is not assignable to parameter of type 'Iterable<Location> | ArrayLike<Location>'.
      Property 'length' is missing in type 'Record<string, Location>' but required in type 'ArrayLike<Location>'.
  Overload 2 of 4, '(arrayLike: ArrayLike<Location>): Location[]', gave the following error.
    Argument of type 'Record<string, Location>' is not assignable to parameter of type 'ArrayLike<Location>'.
      Property 'length' is missing in type 'Record<string, Location>' but required in type 'ArrayLike<Location>'.
src/dojopool/frontend/services/websocket/gameSocket.ts(261,12): error TS2488: Type 'Location' must have a '[Symbol.iterator]()' method that returns an iterator.
src/dojopool/frontend/services/websocket/gameSocket.ts(261,54): error TS2339: Property 'getPlayerSpeed' does not exist on type 'GameMetricsMonitor'.
src/dojopool/frontend/types/monitoring.ts(78,3): error TS2687: All declarations of 'forecast' must have identical modifiers.
src/dojopool/frontend/types/monitoring.ts(79,3): error TS2687: All declarations of 'anomalies' must have identical modifiers.
src/dojopool/frontend/types/monitoring.ts(108,3): error TS2687: All declarations of 'forecast' must have identical modifiers.
src/dojopool/frontend/types/monitoring.ts(108,3): error TS2717: Subsequent property declarations must have the same type.  Property 'forecast' must be of type '{ timestamp: number; value: number; confidence: number; }[]', but here has type 'number[] | undefined'.
src/dojopool/frontend/types/monitoring.ts(109,3): error TS2687: All declarations of 'anomalies' must have identical modifiers.
src/dojopool/frontend/types/monitoring.ts(109,3): error TS2717: Subsequent property declarations must have the same type.  Property 'anomalies' must be of type '{ timestamp: number; value: number; severity: "warning" | "critical"; }[]', but here has type 'number[] | undefined'.
src/dojopool/frontend/types/tournament.ts(105,3): error TS2717: Subsequent property declarations must have the same type.  Property 'status' must be of type '"COMPLETED" | "IN_PROGRESS" | "CANCELLED" | "PENDING"', but here has type '"completed" | "COMPLETED" | "in_progress" | "IN_PROGRESS" | "CANCELLED" | "PENDING" | "scheduled"'.
src/dojopool/frontend/types/tournament.ts(114,3): error TS2717: Subsequent property declarations must have the same type.  Property 'startTime' must be of type 'Date | undefined', but here has type 'string | Date | undefined'.
src/dojopool/frontend/types/tournament.ts(115,3): error TS2717: Subsequent property declarations must have the same type.  Property 'endTime' must be of type 'Date | undefined', but here has type 'string | Date | undefined'.
src/dojopool/frontend/utils/[API]apiMiddleware.ts(2,10): error TS2459: Module '"./[ERR]errorTracker"' declares 'AuditLogger' locally, but it is not exported.
src/dojopool/frontend/utils/[CACHE]cache.ts(1,30): error TS2307: Cannot find module '../../constants/index' or its corresponding type declarations.
src/dojopool/frontend/utils/[ERR]errorTracker.ts(1,10): error TS2305: Module '"./[ERR]errorHandling"' has no exported member 'AuditLogger'.
src/dojopool/frontend/utils/[ERR]errorTracker.ts(79,42): error TS2339: Property 'getInstance' does not exist on type 'typeof RetryMechanism'.
src/dojopool/frontend/utils/[ERR]errorTracker.ts(198,40): error TS2339: Property 'executeWithRetry' does not exist on type 'RetryMechanism'.
src/dojopool/frontend/utils/[MON]monitoring.ts(1,35): error TS2307: Cannot find module '../../constants/index' or its corresponding type declarations.
src/dojopool/frontend/utils/[UTIL]dataCompression.ts(59,7): error TS2322: Type 'number' is not assignable to type '0 | 1 | 2 | 5 | 3 | 8 | 6 | 7 | 4 | 9 | -1 | undefined'.
src/dojopool/frontend/utils/[UTIL]format_detection.ts(44,7): error TS2322: Type 'string' is not assignable to type '"avif" | "webp" | "jpg"'.
src/dojopool/frontend/utils/[UTIL]rateLimiter.ts(126,40): error TS2345: Argument of type 'number | undefined' is not assignable to parameter of type 'number'.
  Type 'undefined' is not assignable to type 'number'.
src/dojopool/frontend/utils/[UTIL]retryMechanism.ts(103,7): error TS2322: Type 'T' is not assignable to type 'ReturnType<T>'.
  Type '(...args: any[]) => Promise<any>' is not assignable to type 'ReturnType<T>'.
src/dojopool/frontend/utils/[VAL]validation.ts(1,38): error TS2307: Cannot find module '../../constants/index' or its corresponding type declarations.
src/dojopool/frontend/utils/gameAnalyzer.ts(119,18): error TS7006: Parameter 'line' implicitly has an 'any' type.
src/dojopool/frontend/utils/gameAnalyzer.ts(120,15): error TS7006: Parameter 'line' implicitly has an 'any' type.
src/dojopool/frontend/utils/gameAnalyzer.ts(152,11): error TS7053: Element implicitly has an 'any' type because expression of type 'string' can't be used to index type 'ShotAnalysis'.
  No index signature with a parameter of type 'string' was found on type 'ShotAnalysis'.
src/dojopool/frontend/utils/gameML.ts(258,9): error TS7053: Element implicitly has an 'any' type because expression of type 'string' can't be used to index type 'PlayerSkillData'.
  No index signature with a parameter of type 'string' was found on type 'PlayerSkillData'.
src/dojopool/frontend/utils/mlInfrastructure.ts(107,49): error TS2339: Property 'getFpsData' does not exist on type 'GameMetricsMonitor'.
src/dojopool/frontend/utils/mlInfrastructure.ts(108,58): error TS2339: Property 'getInputLatencyData' does not exist on type 'GameMetricsMonitor'.
src/dojopool/frontend/utils/mlInfrastructure.ts(112,56): error TS2339: Property 'getRenderTimeData' does not exist on type 'GameMetricsMonitor'.
src/dojopool/frontend/utils/mlInfrastructure.ts(113,57): error TS2339: Property 'getPhysicsTimeData' does not exist on type 'GameMetricsMonitor'.
src/dojopool/frontend/utils/monitoring.ts(135,20): error TS2304: Cannot find name 'ErrorStats'.
src/dojopool/frontend/utils/monitoring.ts(167,39): error TS2304: Cannot find name 'ErrorTrends'.
src/dojopool/frontend/utils/monitoring.ts(176,16): error TS18046: 'count' is of type 'unknown'.
src/dojopool/frontend/utils/monitoring.ts(182,31): error TS18046: 'b' is of type 'unknown'.
src/dojopool/frontend/utils/monitoring.ts(182,35): error TS18046: 'a' is of type 'unknown'.
src/dojopool/frontend/utils/monitoring.ts(188,31): error TS18046: 'b' is of type 'unknown'.
src/dojopool/frontend/utils/monitoring.ts(188,35): error TS18046: 'a' is of type 'unknown'.
src/dojopool/frontend/utils/monitoring.ts(918,9): error TS2353: Object literal may only specify known properties, and 'updateTimes' does not exist in type '{ cpuUsage: number; memoryUsage: number; diskUsage: number; networkSent: number; networkReceived: number; memoryAvailable: number; processCount: number; threadCount: number; }'.
src/dojopool/frontend/utils/monitoring.ts(934,7): error TS2322: Type 'number' is not assignable to type 'number[]'.
src/dojopool/frontend/utils/monitoring.ts(938,7): error TS1117: An object literal cannot have multiple properties with the same name.
src/dojopool/frontend/utils/monitoring.ts(1169,9): error TS2322: Type '"critical"' is not assignable to type '"error" | "info" | "warning"'.
src/dojopool/frontend/utils/monitoring.ts(1241,7): error TS2322: Type '"critical" | "medium" | "high" | "low"' is not assignable to type '"error" | "info" | "warning"'.
  Type '"critical"' is not assignable to type '"error" | "info" | "warning"'.
src/dojopool/frontend/utils/pdfExport.ts(1,24): error TS7016: Could not find a declaration file for module 'dom-to-image'. 'C:/Users/RescueAdmin/OneDrive/Documents/GitHub/dojopool/node_modules/dom-to-image/src/dom-to-image.js' implicitly has an 'any' type.
  Try `npm i --save-dev @types/dom-to-image` if it exists or add a new declaration (.d.ts) file containing `declare module 'dom-to-image';`
src/frontend/hooks/useEnhancedTournamentAPI.ts(255,25): error TS18047: 'baseAPI.currentTournament' is possibly 'null'.
src/frontend/hooks/useLiveCommentary.ts(4,8): error TS2307: Cannot find module '@/services/services/network/WebSocketService' or its corresponding type declarations.
src/frontend/hooks/useLiveCommentary.ts(92,12): error TS7006: Parameter 'commentary' implicitly has an 'any' type.
src/hooks/useAuth.ts(1,43): error TS2459: Module '"@/services/api/auth"' declares 'User' locally, but it is not exported.
src/hooks/useChatSocket.ts(24,19): error TS2339: Property 'connected' does not exist on type '{ socket: WebSocketService | null; isConnected: boolean; }'.
src/hooks/useChatSocket.ts(65,12): error TS2339: Property 'on' does not exist on type 'WebSocketService'.
src/hooks/useChatSocket.ts(66,12): error TS2339: Property 'on' does not exist on type 'WebSocketService'.
src/hooks/useChatSocket.ts(67,12): error TS2339: Property 'on' does not exist on type 'WebSocketService'.
src/hooks/useChatSocket.ts(68,12): error TS2339: Property 'on' does not exist on type 'WebSocketService'.
src/hooks/useChatSocket.ts(71,14): error TS2339: Property 'off' does not exist on type 'WebSocketService'.
src/hooks/useChatSocket.ts(72,14): error TS2339: Property 'off' does not exist on type 'WebSocketService'.
src/hooks/useChatSocket.ts(73,14): error TS2339: Property 'off' does not exist on type 'WebSocketService'.
src/hooks/useChatSocket.ts(74,14): error TS2339: Property 'off' does not exist on type 'WebSocketService'.
src/hooks/useGameSocket.ts(28,19): error TS2339: Property 'connected' does not exist on type '{ socket: WebSocketService | null; isConnected: boolean; }'.
src/hooks/useGameSocket.ts(83,12): error TS2339: Property 'on' does not exist on type 'WebSocketService'.
src/hooks/useGameSocket.ts(84,12): error TS2339: Property 'on' does not exist on type 'WebSocketService'.
src/hooks/useGameSocket.ts(85,12): error TS2339: Property 'on' does not exist on type 'WebSocketService'.
src/hooks/useGameSocket.ts(86,12): error TS2339: Property 'on' does not exist on type 'WebSocketService'.
src/hooks/useGameSocket.ts(89,14): error TS2339: Property 'off' does not exist on type 'WebSocketService'.
src/hooks/useGameSocket.ts(90,14): error TS2339: Property 'off' does not exist on type 'WebSocketService'.
src/hooks/useGameSocket.ts(91,14): error TS2339: Property 'off' does not exist on type 'WebSocketService'.
src/hooks/useGameSocket.ts(92,14): error TS2339: Property 'off' does not exist on type 'WebSocketService'.
src/hooks/useGameState.ts(7,19): error TS2339: Property 'connected' does not exist on type '{ socket: WebSocketService | null; isConnected: boolean; }'.
src/hooks/useGameState.ts(13,14): error TS2339: Property 'on' does not exist on type 'WebSocketService'.
src/hooks/useGameState.ts(22,16): error TS2339: Property 'off' does not exist on type 'WebSocketService'.
src/pages/[TEST]ExperimentPage.tsx(2,37): error TS2307: Cannot find module '../components/ExperimentDashboard' or its corresponding type declarations.
src/pages/advanced-analytics/index.tsx(1,24): error TS2307: Cannot find module '@/components/Layout/[UI]Layout' or its corresponding type declarations.
src/pages/clan-test.tsx(47,5): error TS2322: Type '"LEADER"' is not assignable to type 'ClanRole'.
src/pages/clan-wars.tsx(36,9): error TS7034: Variable 'activeClanWars' implicitly has type 'any[]' in some locations where its type cannot be determined.
src/pages/clan-wars.tsx(263,18): error TS7005: Variable 'activeClanWars' implicitly has an 'any[]' type.
src/pages/clans/[clanId].tsx(181,17): error TS2769: No overload matches this call.
  Overload 1 of 2, '(props: { component: ElementType<any>; } & ChipOwnProps & CommonProps & Omit<any, "label" | "style" | "children" | "className" | "tabIndex" | ... 11 more ... | "skipFocusWhenDisabled">): any', gave the following error.
    Type '"large"' is not assignable to type 'OverridableStringUnion<"small" | "medium", ChipPropsSizeOverrides> | undefined'.
  Overload 2 of 2, '(props: DefaultComponentProps<ChipTypeMap<{}, "div">>): any', gave the following error.
    Type '"large"' is not assignable to type 'OverridableStringUnion<"small" | "medium", ChipPropsSizeOverrides> | undefined'.
src/pages/game-strategy/index.tsx(2,24): error TS2307: Cannot find module '../../components/Layout/[UI]Layout' or its corresponding type declarations.
src/pages/ledger.tsx(22,24): error TS2307: Cannot find module '../components/Layout/[UI]Layout' or its corresponding type declarations.
src/pages/login.tsx(2,10): error TS2614: Module '"@/components/Auth/[AUTH]Login"' has no exported member 'Login'. Did you mean to use 'import Login from "@/components/Auth/[AUTH]Login"' instead?
src/pages/map-Meex.tsx(11,24): error TS2307: Cannot find module '../components/Layout/[UI]Layout' or its corresponding type declarations.
src/pages/map.tsx(3,24): error TS2307: Cannot find module '../components/Layout/[UI]Layout' or its corresponding type declarations.
src/pages/match-demo.tsx(14,10): error TS2614: Module '"../components/Tournament/MatchResultDialog"' has no exported member 'MatchResultDialog'. Did you mean to use 'import MatchResultDialog from "../components/Tournament/MatchResultDialog"' instead?
src/pages/match-result.tsx(121,39): error TS2339: Property 'avatarUrl' does not exist on type '{ id: string; username: string; }'.
src/pages/match-result.tsx(159,39): error TS2339: Property 'avatarUrl' does not exist on type '{ id: string; username: string; }'.
src/pages/onboarding/choose-dojo.tsx(166,7): error TS2322: Type '{ latitude: number; longitude: number; city: string; }' is not assignable to type 'null'.
src/pages/tournaments.tsx(18,24): error TS2307: Cannot find module '../components/Layout/[UI]Layout' or its corresponding type declarations.
src/pages/venue-leaderboard.tsx(14,24): error TS2307: Cannot find module '../components/Layout/[UI]Layout' or its corresponding type declarations.
src/pages/world-map.tsx(11,24): error TS2307: Cannot find module '../components/Layout/[UI]Layout' or its corresponding type declarations.
src/services/websocket/gameSocket.ts(1,10): error TS2305: Module '"@/constants"' has no exported member 'WEBSOCKET_URL'.
src/utils/[CACHE]cache.ts(1,30): error TS2307: Cannot find module '../../constants/index' or its corresponding type declarations.
src/utils/gameML.ts(258,9): error TS7053: Element implicitly has an 'any' type because expression of type 'string' can't be used to index type 'PlayerSkillData'.
  No index signature with a parameter of type 'string' was found on type 'PlayerSkillData'.
src/utils/pdfExport.ts(1,24): error TS7016: Could not find a declaration file for module 'dom-to-image'. 'C:/Users/RescueAdmin/OneDrive/Documents/GitHub/dojopool/node_modules/dom-to-image/src/dom-to-image.js' implicitly has an 'any' type.
  Try `npm i --save-dev @types/dom-to-image` if it exists or add a new declaration (.d.ts) file containing `declare module 'dom-to-image';`
